[    0.000000] microcode: microcode updated early to revision 0xb000040, date = 2021-05-19
[    0.000000] Linux version 5.4.189kernel-module-force-unload (root@axdimm.ittc.ku.edu) (gcc version 9.3.0 (Ubuntu 9.3.0-10ubuntu2)) #2 SMP Sat Jun 18 03:10:44 CDT 2022 (Ubuntu 5.4.0-48.52-generic 5.4.60)
[    0.000000] Command line: BOOT_IMAGE=/vmlinuz-5.4.189kernel-module-force-unload root=UUID=97bb639d-d0e3-415b-bcde-fdf9da1fdb83 ro quiet splash nokaslr memmap=32G!4G vt.handoff=7
[    0.000000] KERNEL supported cpus:
[    0.000000]   Intel GenuineIntel
[    0.000000]   AMD AuthenticAMD
[    0.000000]   Hygon HygonGenuine
[    0.000000]   Centaur CentaurHauls
[    0.000000]   zhaoxin   Shanghai  
[    0.000000] x86/fpu: Supporting XSAVE feature 0x001: 'x87 floating point registers'
[    0.000000] x86/fpu: Supporting XSAVE feature 0x002: 'SSE registers'
[    0.000000] x86/fpu: Supporting XSAVE feature 0x004: 'AVX registers'
[    0.000000] x86/fpu: xstate_offset[2]:  576, xstate_sizes[2]:  256
[    0.000000] x86/fpu: Enabled xstate features 0x7, context size is 832 bytes, using 'standard' format.
[    0.000000] BIOS-provided physical RAM map:
[    0.000000] BIOS-e820: [mem 0x0000000000000000-0x0000000000099bff] usable
[    0.000000] BIOS-e820: [mem 0x0000000000099c00-0x000000000009ffff] reserved
[    0.000000] BIOS-e820: [mem 0x00000000000e0000-0x00000000000fffff] reserved
[    0.000000] BIOS-e820: [mem 0x0000000000100000-0x000000007902ffff] usable
[    0.000000] BIOS-e820: [mem 0x0000000079030000-0x00000000798bcfff] reserved
[    0.000000] BIOS-e820: [mem 0x00000000798bd000-0x0000000079de3fff] ACPI NVS
[    0.000000] BIOS-e820: [mem 0x0000000079de4000-0x000000008fffffff] reserved
[    0.000000] BIOS-e820: [mem 0x00000000fed1c000-0x00000000fed44fff] reserved
[    0.000000] BIOS-e820: [mem 0x00000000ff000000-0x00000000ffffffff] reserved
[    0.000000] BIOS-e820: [mem 0x0000000900000000-0x000000107fffffff] usable
[    0.000000] NX (Execute Disable) protection: active
[    0.000000] user-defined physical RAM map:
[    0.000000] user: [mem 0x0000000000000000-0x0000000000099bff] usable
[    0.000000] user: [mem 0x0000000000099c00-0x000000000009ffff] reserved
[    0.000000] user: [mem 0x00000000000e0000-0x00000000000fffff] reserved
[    0.000000] user: [mem 0x0000000000100000-0x000000007902ffff] usable
[    0.000000] user: [mem 0x0000000079030000-0x00000000798bcfff] reserved
[    0.000000] user: [mem 0x00000000798bd000-0x0000000079de3fff] ACPI NVS
[    0.000000] user: [mem 0x0000000079de4000-0x000000008fffffff] reserved
[    0.000000] user: [mem 0x00000000fed1c000-0x00000000fed44fff] reserved
[    0.000000] user: [mem 0x00000000ff000000-0x00000000ffffffff] reserved
[    0.000000] user: [mem 0x0000000100000000-0x00000008ffffffff] persistent (type 12)
[    0.000000] user: [mem 0x0000000900000000-0x000000107fffffff] usable
[    0.000000] SMBIOS 3.0 present.
[    0.000000] DMI: Default string Default string/Default string, BIOS 5.11 01/21/2022
[    0.000000] tsc: Fast TSC calibration using PIT
[    0.000000] tsc: Detected 2194.724 MHz processor
[    0.001172] e820: update [mem 0x00000000-0x00000fff] usable ==> reserved
[    0.001174] e820: remove [mem 0x000a0000-0x000fffff] usable
[    0.001179] last_pfn = 0x1080000 max_arch_pfn = 0x400000000
[    0.001184] MTRR default type: write-back
[    0.001185] MTRR fixed ranges enabled:
[    0.001186]   00000-9FFFF write-back
[    0.001187]   A0000-BFFFF uncachable
[    0.001188]   C0000-FFFFF write-protect
[    0.001189] MTRR variable ranges enabled:
[    0.001191]   0 base 000080000000 mask 3FFF80000000 uncachable
[    0.001192]   1 base 380000000000 mask 3FC000000000 uncachable
[    0.001193]   2 base 0000FA000000 mask 3FFFFF000000 write-through
[    0.001194]   3 base 383FFA000000 mask 3FFFFE000000 write-through
[    0.001195]   4 base 383FFC000000 mask 3FFFFE000000 write-through
[    0.001195]   5 base 383FFE000000 mask 3FFFFF000000 write-through
[    0.001196]   6 disabled
[    0.001197]   7 disabled
[    0.001197]   8 disabled
[    0.001197]   9 disabled
[    0.001906] x86/PAT: Configuration [0-7]: WB  WC  UC- UC  WB  WP  UC- WT  
[    0.002173] last_pfn = 0x79030 max_arch_pfn = 0x400000000
[    0.010964] found SMP MP-table at [mem 0x000fce20-0x000fce2f]
[    0.011043] check: Scanning 1 areas for low memory corruption
[    0.011048] Using GB pages for direct mapping
[    0.011318] RAMDISK: [mem 0x2d663000-0x32b28fff]
[    0.011325] ACPI: Early table checksum verification disabled
[    0.011330] ACPI: RSDP 0x00000000000F05B0 000024 (v02 ALASKA)
[    0.011334] ACPI: XSDT 0x00000000799250A0 0000BC (v01 ALASKA A M I    01072009 AMI  00010013)
[    0.011341] ACPI: FACP 0x00000000799586E0 00010C (v05 ALASKA A M I    01072009 AMI  00010013)
[    0.011347] ACPI: DSDT 0x00000000799251F0 0334EC (v02 ALASKA A M I    01072009 INTL 20091013)
[    0.011351] ACPI: FACS 0x0000000079DE2F80 000040
[    0.011353] ACPI: APIC 0x00000000799587F0 000288 (v03 ALASKA A M I    01072009 AMI  00010013)
[    0.011356] ACPI: FPDT 0x0000000079958A78 000044 (v01 ALASKA A M I    01072009 AMI  00010013)
[    0.011359] ACPI: FIDT 0x0000000079958AC0 00009C (v01 ALASKA A M I    01072009 AMI  00010013)
[    0.011362] ACPI: SPMI 0x0000000079958B60 000041 (v05 ALASKA A M I    00000000 AMI. 00000000)
[    0.011365] ACPI: MCFG 0x0000000079958BA8 00003C (v01 ALASKA A M I    01072009 MSFT 00000097)
[    0.011368] ACPI: UEFI 0x0000000079958BE8 000042 (v01 ALASKA A M I    01072009      00000000)
[    0.011371] ACPI: HPET 0x0000000079958C30 000038 (v01 ALASKA A M I    00000001 INTL 20091013)
[    0.011373] ACPI: MSCT 0x0000000079958C68 000090 (v01 ALASKA A M I    00000001 INTL 20091013)
[    0.011376] ACPI: SLIT 0x0000000079958CF8 00002D (v01 ALASKA A M I    00000001 INTL 20091013)
[    0.011379] ACPI: SRAT 0x0000000079958D28 001158 (v03 ALASKA A M I    00000001 INTL 20091013)
[    0.011382] ACPI: WDDT 0x0000000079959E80 000040 (v01 ALASKA A M I    00000000 INTL 20091013)
[    0.011385] ACPI: SSDT 0x0000000079959EC0 01700F (v02 ALASKA PmMgt    00000001 INTL 20120913)
[    0.011388] ACPI: NITR 0x0000000079970ED0 000071 (v02 ALASKA A M I    00000001 INTL 20091013)
[    0.011391] ACPI: SPCR 0x0000000079970F48 000050 (v01 A M I  APTIO V  01072009 AMI. 0005000B)
[    0.011394] ACPI: SSDT 0x0000000079970F98 002652 (v02 ALASKA SpsNm    00000002 INTL 20120913)
[    0.011397] ACPI: SSDT 0x00000000799735F0 000064 (v02 ALASKA SpsNvs   00000002 INTL 20120913)
[    0.011399] ACPI: PRAD 0x0000000079973658 000102 (v02 ALASKA A M I    00000002 INTL 20120913)
[    0.011402] ACPI: DMAR 0x0000000079973760 0000BC (v01 ALASKA A M I    00000001 INTL 20091013)
[    0.011406] ACPI: Reserving FACP table memory at [mem 0x799586e0-0x799587eb]
[    0.011406] ACPI: Reserving DSDT table memory at [mem 0x799251f0-0x799586db]
[    0.011407] ACPI: Reserving FACS table memory at [mem 0x79de2f80-0x79de2fbf]
[    0.011408] ACPI: Reserving APIC table memory at [mem 0x799587f0-0x79958a77]
[    0.011409] ACPI: Reserving FPDT table memory at [mem 0x79958a78-0x79958abb]
[    0.011410] ACPI: Reserving FIDT table memory at [mem 0x79958ac0-0x79958b5b]
[    0.011410] ACPI: Reserving SPMI table memory at [mem 0x79958b60-0x79958ba0]
[    0.011411] ACPI: Reserving MCFG table memory at [mem 0x79958ba8-0x79958be3]
[    0.011412] ACPI: Reserving UEFI table memory at [mem 0x79958be8-0x79958c29]
[    0.011413] ACPI: Reserving HPET table memory at [mem 0x79958c30-0x79958c67]
[    0.011414] ACPI: Reserving MSCT table memory at [mem 0x79958c68-0x79958cf7]
[    0.011414] ACPI: Reserving SLIT table memory at [mem 0x79958cf8-0x79958d24]
[    0.011415] ACPI: Reserving SRAT table memory at [mem 0x79958d28-0x79959e7f]
[    0.011416] ACPI: Reserving WDDT table memory at [mem 0x79959e80-0x79959ebf]
[    0.011417] ACPI: Reserving SSDT table memory at [mem 0x79959ec0-0x79970ece]
[    0.011418] ACPI: Reserving NITR table memory at [mem 0x79970ed0-0x79970f40]
[    0.011418] ACPI: Reserving SPCR table memory at [mem 0x79970f48-0x79970f97]
[    0.011419] ACPI: Reserving SSDT table memory at [mem 0x79970f98-0x799735e9]
[    0.011420] ACPI: Reserving SSDT table memory at [mem 0x799735f0-0x79973653]
[    0.011421] ACPI: Reserving PRAD table memory at [mem 0x79973658-0x79973759]
[    0.011422] ACPI: Reserving DMAR table memory at [mem 0x79973760-0x7997381b]
[    0.011433] ACPI: Local APIC address 0xfee00000
[    0.011466] SRAT: PXM 0 -> APIC 0x00 -> Node 0
[    0.011467] SRAT: PXM 0 -> APIC 0x02 -> Node 0
[    0.011467] SRAT: PXM 0 -> APIC 0x04 -> Node 0
[    0.011468] SRAT: PXM 0 -> APIC 0x06 -> Node 0
[    0.011469] SRAT: PXM 0 -> APIC 0x08 -> Node 0
[    0.011469] SRAT: PXM 0 -> APIC 0x10 -> Node 0
[    0.011470] SRAT: PXM 0 -> APIC 0x12 -> Node 0
[    0.011470] SRAT: PXM 0 -> APIC 0x14 -> Node 0
[    0.011471] SRAT: PXM 0 -> APIC 0x16 -> Node 0
[    0.011471] SRAT: PXM 0 -> APIC 0x18 -> Node 0
[    0.011472] SRAT: PXM 0 -> APIC 0x20 -> Node 0
[    0.011473] SRAT: PXM 0 -> APIC 0x22 -> Node 0
[    0.011473] SRAT: PXM 0 -> APIC 0x24 -> Node 0
[    0.011474] SRAT: PXM 0 -> APIC 0x26 -> Node 0
[    0.011474] SRAT: PXM 0 -> APIC 0x28 -> Node 0
[    0.011475] SRAT: PXM 0 -> APIC 0x30 -> Node 0
[    0.011475] SRAT: PXM 0 -> APIC 0x32 -> Node 0
[    0.011476] SRAT: PXM 0 -> APIC 0x34 -> Node 0
[    0.011477] SRAT: PXM 0 -> APIC 0x36 -> Node 0
[    0.011477] SRAT: PXM 0 -> APIC 0x38 -> Node 0
[    0.011478] SRAT: PXM 0 -> APIC 0x01 -> Node 0
[    0.011478] SRAT: PXM 0 -> APIC 0x03 -> Node 0
[    0.011479] SRAT: PXM 0 -> APIC 0x05 -> Node 0
[    0.011479] SRAT: PXM 0 -> APIC 0x07 -> Node 0
[    0.011480] SRAT: PXM 0 -> APIC 0x09 -> Node 0
[    0.011481] SRAT: PXM 0 -> APIC 0x11 -> Node 0
[    0.011481] SRAT: PXM 0 -> APIC 0x13 -> Node 0
[    0.011482] SRAT: PXM 0 -> APIC 0x15 -> Node 0
[    0.011482] SRAT: PXM 0 -> APIC 0x17 -> Node 0
[    0.011483] SRAT: PXM 0 -> APIC 0x19 -> Node 0
[    0.011483] SRAT: PXM 0 -> APIC 0x21 -> Node 0
[    0.011484] SRAT: PXM 0 -> APIC 0x23 -> Node 0
[    0.011484] SRAT: PXM 0 -> APIC 0x25 -> Node 0
[    0.011485] SRAT: PXM 0 -> APIC 0x27 -> Node 0
[    0.011486] SRAT: PXM 0 -> APIC 0x29 -> Node 0
[    0.011486] SRAT: PXM 0 -> APIC 0x31 -> Node 0
[    0.011487] SRAT: PXM 0 -> APIC 0x33 -> Node 0
[    0.011487] SRAT: PXM 0 -> APIC 0x35 -> Node 0
[    0.011488] SRAT: PXM 0 -> APIC 0x37 -> Node 0
[    0.011488] SRAT: PXM 0 -> APIC 0x39 -> Node 0
[    0.011496] ACPI: SRAT: Node 0 PXM 0 [mem 0x00000000-0x7fffffff]
[    0.011497] ACPI: SRAT: Node 0 PXM 0 [mem 0x100000000-0x107fffffff]
[    0.011504] NUMA: Initialized distance table, cnt=1
[    0.011507] NUMA: Node 0 [mem 0x00000000-0x7fffffff] + [mem 0x100000000-0x107fffffff] -> [mem 0x00000000-0x107fffffff]
[    0.011517] NODE_DATA(0) allocated [mem 0x107ffd2000-0x107fffcfff]
[    0.011782] Zone ranges:
[    0.011783]   DMA      [mem 0x0000000000001000-0x0000000000ffffff]
[    0.011785]   DMA32    [mem 0x0000000001000000-0x00000000ffffffff]
[    0.011786]   Normal   [mem 0x0000000100000000-0x000000107fffffff]
[    0.011787]   Device   empty
[    0.011787] Movable zone start for each node
[    0.011791] Early memory node ranges
[    0.011792]   node   0: [mem 0x0000000000001000-0x0000000000098fff]
[    0.011794]   node   0: [mem 0x0000000000100000-0x000000007902ffff]
[    0.011795]   node   0: [mem 0x0000000900000000-0x000000107fffffff]
[    0.012304] Zeroed struct page in unavailable ranges: 28728 pages
[    0.012305] Initmem setup node 0 [mem 0x0000000000001000-0x000000107fffffff]
[    0.012307] On node 0 totalpages: 8359880
[    0.012308]   DMA zone: 64 pages used for memmap
[    0.012309]   DMA zone: 21 pages reserved
[    0.012310]   DMA zone: 3992 pages, LIFO batch:0
[    0.012382]   DMA32 zone: 7681 pages used for memmap
[    0.012383]   DMA32 zone: 491568 pages, LIFO batch:63
[    0.023395]   Normal zone: 122880 pages used for memmap
[    0.023395]   Normal zone: 7864320 pages, LIFO batch:63
[    0.269936] ACPI: PM-Timer IO Port: 0x408
[    0.269940] ACPI: Local APIC address 0xfee00000
[    0.269954] ACPI: LAPIC_NMI (acpi_id[0x00] high edge lint[0x1])
[    0.269955] ACPI: LAPIC_NMI (acpi_id[0x02] high edge lint[0x1])
[    0.269956] ACPI: LAPIC_NMI (acpi_id[0x04] high edge lint[0x1])
[    0.269956] ACPI: LAPIC_NMI (acpi_id[0x06] high edge lint[0x1])
[    0.269957] ACPI: LAPIC_NMI (acpi_id[0x08] high edge lint[0x1])
[    0.269958] ACPI: LAPIC_NMI (acpi_id[0x10] high edge lint[0x1])
[    0.269958] ACPI: LAPIC_NMI (acpi_id[0x12] high edge lint[0x1])
[    0.269959] ACPI: LAPIC_NMI (acpi_id[0x14] high edge lint[0x1])
[    0.269959] ACPI: LAPIC_NMI (acpi_id[0x16] high edge lint[0x1])
[    0.269960] ACPI: LAPIC_NMI (acpi_id[0x18] high edge lint[0x1])
[    0.269961] ACPI: LAPIC_NMI (acpi_id[0x20] high edge lint[0x1])
[    0.269961] ACPI: LAPIC_NMI (acpi_id[0x22] high edge lint[0x1])
[    0.269962] ACPI: LAPIC_NMI (acpi_id[0x24] high edge lint[0x1])
[    0.269962] ACPI: LAPIC_NMI (acpi_id[0x26] high edge lint[0x1])
[    0.269963] ACPI: LAPIC_NMI (acpi_id[0x28] high edge lint[0x1])
[    0.269964] ACPI: LAPIC_NMI (acpi_id[0x30] high edge lint[0x1])
[    0.269964] ACPI: LAPIC_NMI (acpi_id[0x32] high edge lint[0x1])
[    0.269965] ACPI: LAPIC_NMI (acpi_id[0x34] high edge lint[0x1])
[    0.269965] ACPI: LAPIC_NMI (acpi_id[0x36] high edge lint[0x1])
[    0.269966] ACPI: LAPIC_NMI (acpi_id[0x38] high edge lint[0x1])
[    0.269966] ACPI: LAPIC_NMI (acpi_id[0x01] high edge lint[0x1])
[    0.269967] ACPI: LAPIC_NMI (acpi_id[0x03] high edge lint[0x1])
[    0.269968] ACPI: LAPIC_NMI (acpi_id[0x05] high edge lint[0x1])
[    0.269968] ACPI: LAPIC_NMI (acpi_id[0x07] high edge lint[0x1])
[    0.269969] ACPI: LAPIC_NMI (acpi_id[0x09] high edge lint[0x1])
[    0.269969] ACPI: LAPIC_NMI (acpi_id[0x11] high edge lint[0x1])
[    0.269970] ACPI: LAPIC_NMI (acpi_id[0x13] high edge lint[0x1])
[    0.269971] ACPI: LAPIC_NMI (acpi_id[0x15] high edge lint[0x1])
[    0.269971] ACPI: LAPIC_NMI (acpi_id[0x17] high edge lint[0x1])
[    0.269972] ACPI: LAPIC_NMI (acpi_id[0x19] high edge lint[0x1])
[    0.269972] ACPI: LAPIC_NMI (acpi_id[0x21] high edge lint[0x1])
[    0.269973] ACPI: LAPIC_NMI (acpi_id[0x23] high edge lint[0x1])
[    0.269974] ACPI: LAPIC_NMI (acpi_id[0x25] high edge lint[0x1])
[    0.269974] ACPI: LAPIC_NMI (acpi_id[0x27] high edge lint[0x1])
[    0.269975] ACPI: LAPIC_NMI (acpi_id[0x29] high edge lint[0x1])
[    0.269975] ACPI: LAPIC_NMI (acpi_id[0x31] high edge lint[0x1])
[    0.269976] ACPI: LAPIC_NMI (acpi_id[0x33] high edge lint[0x1])
[    0.269976] ACPI: LAPIC_NMI (acpi_id[0x35] high edge lint[0x1])
[    0.269977] ACPI: LAPIC_NMI (acpi_id[0x37] high edge lint[0x1])
[    0.269978] ACPI: LAPIC_NMI (acpi_id[0x39] high edge lint[0x1])
[    0.269990] IOAPIC[0]: apic_id 1, version 32, address 0xfec00000, GSI 0-23
[    0.269994] IOAPIC[1]: apic_id 2, version 32, address 0xfec01000, GSI 24-47
[    0.269996] ACPI: INT_SRC_OVR (bus 0 bus_irq 0 global_irq 2 dfl dfl)
[    0.269998] ACPI: INT_SRC_OVR (bus 0 bus_irq 9 global_irq 9 high level)
[    0.270000] ACPI: IRQ0 used by override.
[    0.270001] ACPI: IRQ9 used by override.
[    0.270003] Using ACPI (MADT) for SMP configuration information
[    0.270005] ACPI: HPET id: 0x8086a701 base: 0xfed00000
[    0.270010] ACPI: SPCR: SPCR table version 1
[    0.270012] ACPI: SPCR: console: uart,io,0x3f8,115200
[    0.270014] TSC deadline timer available
[    0.270015] smpboot: Allowing 40 CPUs, 0 hotplug CPUs
[    0.270032] PM: Registered nosave memory: [mem 0x00000000-0x00000fff]
[    0.270034] PM: Registered nosave memory: [mem 0x00099000-0x00099fff]
[    0.270035] PM: Registered nosave memory: [mem 0x0009a000-0x0009ffff]
[    0.270035] PM: Registered nosave memory: [mem 0x000a0000-0x000dffff]
[    0.270036] PM: Registered nosave memory: [mem 0x000e0000-0x000fffff]
[    0.270037] PM: Registered nosave memory: [mem 0x79030000-0x798bcfff]
[    0.270038] PM: Registered nosave memory: [mem 0x798bd000-0x79de3fff]
[    0.270038] PM: Registered nosave memory: [mem 0x79de4000-0x8fffffff]
[    0.270039] PM: Registered nosave memory: [mem 0x90000000-0xfed1bfff]
[    0.270040] PM: Registered nosave memory: [mem 0xfed1c000-0xfed44fff]
[    0.270040] PM: Registered nosave memory: [mem 0xfed45000-0xfeffffff]
[    0.270041] PM: Registered nosave memory: [mem 0xff000000-0xffffffff]
[    0.270041] PM: Registered nosave memory: [mem 0x100000000-0x8ffffffff]
[    0.270044] [mem 0x90000000-0xfed1bfff] available for PCI devices
[    0.270045] Booting paravirtualized kernel on bare hardware
[    0.270050] clocksource: refined-jiffies: mask: 0xffffffff max_cycles: 0xffffffff, max_idle_ns: 7645519600211568 ns
[    0.270056] setup_percpu: NR_CPUS:8192 nr_cpumask_bits:40 nr_cpu_ids:40 nr_node_ids:1
[    0.273104] percpu: Embedded 60 pages/cpu s208896 r8192 d28672 u262144
[    0.273113] pcpu-alloc: s208896 r8192 d28672 u262144 alloc=1*2097152
[    0.273114] pcpu-alloc: [0] 00 01 02 03 04 05 06 07 [0] 08 09 10 11 12 13 14 15 
[    0.273119] pcpu-alloc: [0] 16 17 18 19 20 21 22 23 [0] 24 25 26 27 28 29 30 31 
[    0.273123] pcpu-alloc: [0] 32 33 34 35 36 37 38 39 
[    0.273161] Built 1 zonelists, mobility grouping on.  Total pages: 8229234
[    0.273162] Policy zone: Normal
[    0.273164] Kernel command line: BOOT_IMAGE=/vmlinuz-5.4.189kernel-module-force-unload root=UUID=97bb639d-d0e3-415b-bcde-fdf9da1fdb83 ro quiet splash nokaslr memmap=32G!4G vt.handoff=7
[    0.273309] printk: log_buf_len individual max cpu contribution: 4096 bytes
[    0.273309] printk: log_buf_len total cpu_extra contributions: 159744 bytes
[    0.273310] printk: log_buf_len min size: 262144 bytes
[    0.273521] printk: log_buf_len: 524288 bytes
[    0.273522] printk: early log buf free: 244172(93%)
[    0.280800] Dentry cache hash table entries: 4194304 (order: 13, 33554432 bytes, linear)
[    0.284501] Inode-cache hash table entries: 2097152 (order: 12, 16777216 bytes, linear)
[    0.284989] mem auto-init: stack:off, heap alloc:on, heap free:off
[    0.300140] Calgary: detecting Calgary via BIOS EBDA area
[    0.300143] Calgary: Unable to locate Rio Grande table in EBDA - bailing!
[    0.530669] Memory: 32670064K/33439520K available (14339K kernel code, 2401K rwdata, 5016K rodata, 2748K init, 4952K bss, 769456K reserved, 0K cma-reserved)
[    0.530681] random: get_random_u64 called from __kmem_cache_create+0x42/0x550 with crng_init=0
[    0.530980] SLUB: HWalign=64, Order=0-3, MinObjects=0, CPUs=40, Nodes=1
[    0.531004] Kernel/User page tables isolation: enabled
[    0.531042] ftrace: allocating 44247 entries in 173 pages
[    0.550968] rcu: Hierarchical RCU implementation.
[    0.550970] rcu: 	RCU restricting CPUs from NR_CPUS=8192 to nr_cpu_ids=40.
[    0.550971] 	Tasks RCU enabled.
[    0.550972] rcu: RCU calculated value of scheduler-enlistment delay is 25 jiffies.
[    0.550973] rcu: Adjusting geometry for rcu_fanout_leaf=16, nr_cpu_ids=40
[    0.554497] NR_IRQS: 524544, nr_irqs: 1152, preallocated irqs: 16
[    0.554777] random: crng done (trusting CPU's manufacturer)
[    0.554830] vt handoff: transparent VT on vt#7
[    0.554837] Console: colour dummy device 80x25
[    0.554848] printk: console [tty0] enabled
[    0.554885] ACPI: Core revision 20190816
[    0.555210] clocksource: hpet: mask: 0xffffffff max_cycles: 0xffffffff, max_idle_ns: 133484882848 ns
[    0.555221] APIC: Switch to symmetric I/O mode setup
[    0.555223] DMAR: Host address width 46
[    0.555224] DMAR: DRHD base: 0x000000fbffc000 flags: 0x1
[    0.555229] DMAR: dmar0: reg_base_addr fbffc000 ver 1:0 cap 8d2078c106f0466 ecap f020df
[    0.555230] DMAR: RMRR base: 0x0000007ba94000 end: 0x0000007baa3fff
[    0.555231] DMAR: ATSR flags: 0x0
[    0.555232] DMAR: RHSA base: 0x000000fbffc000 proximity domain: 0x0
[    0.555235] DMAR-IR: IOAPIC id 1 under DRHD base  0xfbffc000 IOMMU 0
[    0.555235] DMAR-IR: IOAPIC id 2 under DRHD base  0xfbffc000 IOMMU 0
[    0.555236] DMAR-IR: HPET id 0 under DRHD base 0xfbffc000
[    0.555237] DMAR-IR: x2apic is disabled because BIOS sets x2apic opt out bit.
[    0.555237] DMAR-IR: Use 'intremap=no_x2apic_optout' to override the BIOS setting.
[    0.555955] DMAR-IR: Enabled IRQ remapping in xapic mode
[    0.555956] x2apic: IRQ remapping doesn't support X2APIC mode
[    0.555960] Switched APIC routing to physical flat.
[    0.556455] ..TIMER: vector=0x30 apic1=0 pin1=2 apic2=-1 pin2=-1
[    0.575225] clocksource: tsc-early: mask: 0xffffffffffffffff max_cycles: 0x1fa2babcaec, max_idle_ns: 440795248821 ns
[    0.575229] Calibrating delay loop (skipped), value calculated using timer frequency.. 4389.44 BogoMIPS (lpj=8778896)
[    0.575231] pid_max: default: 40960 minimum: 320
[    0.575298] LSM: Security Framework initializing
[    0.575313] Yama: becoming mindful.
[    0.575629] AppArmor: AppArmor initialized
[    0.575881] Mount-cache hash table entries: 65536 (order: 7, 524288 bytes, linear)
[    0.576075] Mountpoint-cache hash table entries: 65536 (order: 7, 524288 bytes, linear)
[    0.576103] *** VALIDATE tmpfs ***
[    0.576339] *** VALIDATE proc ***
[    0.576450] *** VALIDATE cgroup1 ***
[    0.576451] *** VALIDATE cgroup2 ***
[    0.576546] mce: CPU0: Thermal monitoring enabled (TM1)
[    0.576610] process: using mwait in idle threads
[    0.576614] Last level iTLB entries: 4KB 64, 2MB 8, 4MB 8
[    0.576614] Last level dTLB entries: 4KB 64, 2MB 0, 4MB 0, 1GB 4
[    0.576617] Spectre V1 : Mitigation: usercopy/swapgs barriers and __user pointer sanitization
[    0.576619] Spectre V2 : Mitigation: Retpolines
[    0.576619] Spectre V2 : Spectre v2 / SpectreRSB mitigation: Filling RSB on context switch
[    0.576620] Spectre V2 : Enabling Restricted Speculation for firmware calls
[    0.576621] Spectre V2 : mitigation: Enabling conditional Indirect Branch Prediction Barrier
[    0.576622] Spectre V2 : User space: Mitigation: STIBP via seccomp and prctl
[    0.576624] Speculative Store Bypass: Mitigation: Speculative Store Bypass disabled via prctl and seccomp
[    0.576630] MDS: Mitigation: Clear CPU buffers
[    0.576630] TAA: Mitigation: Clear CPU buffers
[    0.576631] MMIO Stale Data: Mitigation: Clear CPU buffers
[    0.576930] Freeing SMP alternatives memory: 40K
[    0.579343] smpboot: CPU0: Intel(R) Xeon(R) CPU E5-2698 v4 @ 2.20GHz (family: 0x6, model: 0x4f, stepping: 0x1)
[    0.579474] Performance Events: PEBS fmt2+, Broadwell events, 16-deep LBR, full-width counters, Intel PMU driver.
[    0.579481] ... version:                3
[    0.579482] ... bit width:              48
[    0.579482] ... generic registers:      4
[    0.579483] ... value mask:             0000ffffffffffff
[    0.579484] ... max period:             00007fffffffffff
[    0.579484] ... fixed-purpose events:   3
[    0.579485] ... event mask:             000000070000000f
[    0.579542] rcu: Hierarchical SRCU implementation.
[    0.583304] NMI watchdog: Enabled. Permanently consumes one hw-PMU counter.
[    0.583696] smp: Bringing up secondary CPUs ...
[    0.583810] x86: Booting SMP configuration:
[    0.583811] .... node  #0, CPUs:        #1  #2  #3  #4  #5  #6  #7  #8  #9 #10 #11 #12 #13 #14 #15 #16 #17 #18 #19 #20
[    0.707387] MDS CPU bug present and SMT on, data leak possible. See https://www.kernel.org/doc/html/latest/admin-guide/hw-vuln/mds.html for more details.
[    0.707387] TAA CPU bug present and SMT on, data leak possible. See https://www.kernel.org/doc/html/latest/admin-guide/hw-vuln/tsx_async_abort.html for more details.
[    0.707387] MMIO Stale Data CPU bug present and SMT on, data leak possible. See https://www.kernel.org/doc/html/latest/admin-guide/hw-vuln/processor_mmio_stale_data.html for more details.
[    0.707422]  #21 #22 #23 #24 #25 #26 #27 #28 #29 #30 #31 #32 #33 #34 #35 #36 #37 #38 #39
[    0.751692] smp: Brought up 1 node, 40 CPUs
[    0.751692] smpboot: Max logical packages: 1
[    0.751692] smpboot: Total of 40 processors activated (175577.92 BogoMIPS)
[    0.755993] devtmpfs: initialized
[    0.755993] x86/mm: Memory block size: 2048MB
[    0.755993] PM: Registering ACPI NVS region [mem 0x798bd000-0x79de3fff] (5402624 bytes)
[    0.755993] clocksource: jiffies: mask: 0xffffffff max_cycles: 0xffffffff, max_idle_ns: 7645041785100000 ns
[    0.755993] futex hash table entries: 16384 (order: 8, 1048576 bytes, linear)
[    0.755993] pinctrl core: initialized pinctrl subsystem
[    0.755993] PM: RTC time: 18:29:29, date: 2022-07-06
[    0.755993] NET: Registered protocol family 16
[    0.755993] audit: initializing netlink subsys (disabled)
[    0.755993] audit: type=2000 audit(1657132169.200:1): state=initialized audit_enabled=0 res=1
[    0.755993] EISA bus registered
[    0.755993] cpuidle: using governor ladder
[    0.755993] cpuidle: using governor menu
[    0.755993] ACPI: bus type PCI registered
[    0.755993] acpiphp: ACPI Hot Plug PCI Controller Driver version: 0.5
[    0.755993] PCI: MMCONFIG for domain 0000 [bus 00-ff] at [mem 0x80000000-0x8fffffff] (base 0x80000000)
[    0.755993] PCI: MMCONFIG at [mem 0x80000000-0x8fffffff] reserved in E820
[    0.755993] PCI: Using configuration type 1 for base access
[    0.756504] ENERGY_PERF_BIAS: Set to 'normal', was 'performance'
[    0.760897] HugeTLB registered 1.00 GiB page size, pre-allocated 0 pages
[    0.760897] HugeTLB registered 2.00 MiB page size, pre-allocated 0 pages
[    0.760897] ACPI: Added _OSI(Module Device)
[    0.760897] ACPI: Added _OSI(Processor Device)
[    0.760897] ACPI: Added _OSI(3.0 _SCP Extensions)
[    0.760897] ACPI: Added _OSI(Processor Aggregator Device)
[    0.760897] ACPI: Added _OSI(Linux-Dell-Video)
[    0.760897] ACPI: Added _OSI(Linux-Lenovo-NV-HDMI-Audio)
[    0.760897] ACPI: Added _OSI(Linux-HPI-Hybrid-Graphics)
[    0.837668] ACPI: 4 ACPI AML tables successfully acquired and loaded
[    0.843442] ACPI: [Firmware Bug]: BIOS _OSI(Linux) query ignored
[    0.847456] ACPI: Dynamic OEM Table Load:
[    0.900522] ACPI: Interpreter enabled
[    0.900540] ACPI: (supports S0 S4 S5)
[    0.900541] ACPI: Using IOAPIC for interrupt routing
[    0.900576] PCI: Using host bridge windows from ACPI; if necessary, use "pci=nocrs" and report a bug
[    0.901724] ACPI: Enabled 5 GPEs in block 00 to 3F
[    0.955042] ACPI: PCI Root Bridge [UNC0] (domain 0000 [bus ff])
[    0.955048] acpi PNP0A03:03: _OSC: OS supports [ExtendedConfig ASPM ClockPM Segments MSI HPX-Type3]
[    0.958433] acpi PNP0A03:03: _OSC: platform does not support [SHPCHotplug LTR]
[    0.960049] acpi PNP0A03:03: _OSC: OS now controls [PCIeHotplug PME AER PCIeCapability]
[    0.960102] PCI host bridge to bus 0000:ff
[    0.960104] pci_bus 0000:ff: root bus resource [bus ff]
[    0.960117] pci 0000:ff:0b.0: [8086:6f81] type 00 class 0x088000
[    0.960211] pci 0000:ff:0b.1: [8086:6f36] type 00 class 0x110100
[    0.960289] pci 0000:ff:0b.2: [8086:6f37] type 00 class 0x110100
[    0.960364] pci 0000:ff:0b.3: [8086:6f76] type 00 class 0x088000
[    0.960441] pci 0000:ff:0c.0: [8086:6fe0] type 00 class 0x088000
[    0.960516] pci 0000:ff:0c.1: [8086:6fe1] type 00 class 0x088000
[    0.960597] pci 0000:ff:0c.2: [8086:6fe2] type 00 class 0x088000
[    0.960671] pci 0000:ff:0c.3: [8086:6fe3] type 00 class 0x088000
[    0.960749] pci 0000:ff:0c.4: [8086:6fe4] type 00 class 0x088000
[    0.960823] pci 0000:ff:0c.5: [8086:6fe5] type 00 class 0x088000
[    0.960897] pci 0000:ff:0c.6: [8086:6fe6] type 00 class 0x088000
[    0.960972] pci 0000:ff:0c.7: [8086:6fe7] type 00 class 0x088000
[    0.961046] pci 0000:ff:0d.0: [8086:6fe8] type 00 class 0x088000
[    0.961120] pci 0000:ff:0d.1: [8086:6fe9] type 00 class 0x088000
[    0.961194] pci 0000:ff:0d.2: [8086:6fea] type 00 class 0x088000
[    0.961269] pci 0000:ff:0d.3: [8086:6feb] type 00 class 0x088000
[    0.961347] pci 0000:ff:0d.4: [8086:6fec] type 00 class 0x088000
[    0.961421] pci 0000:ff:0d.5: [8086:6fed] type 00 class 0x088000
[    0.961495] pci 0000:ff:0d.6: [8086:6fee] type 00 class 0x088000
[    0.961570] pci 0000:ff:0d.7: [8086:6fef] type 00 class 0x088000
[    0.961644] pci 0000:ff:0e.0: [8086:6ff0] type 00 class 0x088000
[    0.961718] pci 0000:ff:0e.1: [8086:6ff1] type 00 class 0x088000
[    0.961792] pci 0000:ff:0e.2: [8086:6ff2] type 00 class 0xffffff
[    0.961868] pci 0000:ff:0e.3: [8086:6ff3] type 00 class 0xffffff
[    0.961948] pci 0000:ff:0f.0: [8086:6ff8] type 00 class 0x088000
[    0.962025] pci 0000:ff:0f.1: [8086:6ff9] type 00 class 0x088000
[    0.962099] pci 0000:ff:0f.2: [8086:6ffa] type 00 class 0x088000
[    0.962173] pci 0000:ff:0f.3: [8086:6ffb] type 00 class 0x088000
[    0.962249] pci 0000:ff:0f.4: [8086:6ffc] type 00 class 0x088000
[    0.962323] pci 0000:ff:0f.5: [8086:6ffd] type 00 class 0x088000
[    0.962398] pci 0000:ff:0f.6: [8086:6ffe] type 00 class 0x088000
[    0.962474] pci 0000:ff:10.0: [8086:6f1d] type 00 class 0x088000
[    0.962553] pci 0000:ff:10.1: [8086:6f34] type 00 class 0x110100
[    0.962630] pci 0000:ff:10.5: [8086:6f1e] type 00 class 0x088000
[    0.962704] pci 0000:ff:10.6: [8086:6f7d] type 00 class 0x110100
[    0.962777] pci 0000:ff:10.7: [8086:6f1f] type 00 class 0x088000
[    0.962853] pci 0000:ff:12.0: [8086:6fa0] type 00 class 0x088000
[    0.962889] pci 0000:ff:12.1: [8086:6f30] type 00 class 0x110100
[    0.962966] pci 0000:ff:12.4: [8086:6f60] type 00 class 0x088000
[    0.963000] pci 0000:ff:12.5: [8086:6f38] type 00 class 0x110100
[    0.963084] pci 0000:ff:13.0: [8086:6fa8] type 00 class 0x088000
[    0.963226] pci 0000:ff:13.1: [8086:6f71] type 00 class 0x088000
[    0.963326] pci 0000:ff:13.2: [8086:6faa] type 00 class 0x088000
[    0.963423] pci 0000:ff:13.3: [8086:6fab] type 00 class 0x088000
[    0.963520] pci 0000:ff:13.6: [8086:6fae] type 00 class 0x088000
[    0.963599] pci 0000:ff:13.7: [8086:6faf] type 00 class 0x088000
[    0.963680] pci 0000:ff:14.0: [8086:6fb0] type 00 class 0x088000
[    0.963779] pci 0000:ff:14.1: [8086:6fb1] type 00 class 0x088000
[    0.963879] pci 0000:ff:14.2: [8086:6fb2] type 00 class 0x088000
[    0.963976] pci 0000:ff:14.3: [8086:6fb3] type 00 class 0x088000
[    0.964070] pci 0000:ff:14.4: [8086:6fbc] type 00 class 0x088000
[    0.964150] pci 0000:ff:14.5: [8086:6fbd] type 00 class 0x088000
[    0.964230] pci 0000:ff:14.6: [8086:6fbe] type 00 class 0x088000
[    0.964310] pci 0000:ff:14.7: [8086:6fbf] type 00 class 0x088000
[    0.964396] pci 0000:ff:16.0: [8086:6f68] type 00 class 0x088000
[    0.964539] pci 0000:ff:16.1: [8086:6f79] type 00 class 0x088000
[    0.964642] pci 0000:ff:16.2: [8086:6f6a] type 00 class 0x088000
[    0.964739] pci 0000:ff:16.3: [8086:6f6b] type 00 class 0x088000
[    0.964836] pci 0000:ff:16.6: [8086:6f6e] type 00 class 0x088000
[    0.964917] pci 0000:ff:16.7: [8086:6f6f] type 00 class 0x088000
[    0.964998] pci 0000:ff:17.0: [8086:6fd0] type 00 class 0x088000
[    0.965141] pci 0000:ff:17.1: [8086:6fd1] type 00 class 0x088000
[    0.965239] pci 0000:ff:17.2: [8086:6fd2] type 00 class 0x088000
[    0.965337] pci 0000:ff:17.3: [8086:6fd3] type 00 class 0x088000
[    0.965436] pci 0000:ff:17.4: [8086:6fb8] type 00 class 0x088000
[    0.965518] pci 0000:ff:17.5: [8086:6fb9] type 00 class 0x088000
[    0.965599] pci 0000:ff:17.6: [8086:6fba] type 00 class 0x088000
[    0.965679] pci 0000:ff:17.7: [8086:6fbb] type 00 class 0x088000
[    0.965768] pci 0000:ff:1e.0: [8086:6f98] type 00 class 0x088000
[    0.965846] pci 0000:ff:1e.1: [8086:6f99] type 00 class 0x088000
[    0.965923] pci 0000:ff:1e.2: [8086:6f9a] type 00 class 0x088000
[    0.965999] pci 0000:ff:1e.3: [8086:6fc0] type 00 class 0x088000
[    0.966039] pci 0000:ff:1e.4: [8086:6f9c] type 00 class 0x088000
[    0.966121] pci 0000:ff:1f.0: [8086:6f88] type 00 class 0x088000
[    0.966202] pci 0000:ff:1f.2: [8086:6f8a] type 00 class 0x088000
[    0.985652] ACPI: PCI Root Bridge [PCI0] (domain 0000 [bus 00-fe])
[    0.985656] acpi PNP0A08:00: _OSC: OS supports [ExtendedConfig ASPM ClockPM Segments MSI HPX-Type3]
[    0.986168] acpi PNP0A08:00: _OSC: platform does not support [SHPCHotplug LTR]
[    0.986876] acpi PNP0A08:00: _OSC: OS now controls [PCIeHotplug PME AER PCIeCapability]
[    0.987314] PCI host bridge to bus 0000:00
[    0.987317] pci_bus 0000:00: root bus resource [io  0x0000-0x0cf7 window]
[    0.987318] pci_bus 0000:00: root bus resource [io  0x1000-0xffff window]
[    0.987319] pci_bus 0000:00: root bus resource [mem 0x000a0000-0x000bffff window]
[    0.987321] pci_bus 0000:00: root bus resource [mem 0x90000000-0xfbffbfff window]
[    0.987322] pci_bus 0000:00: root bus resource [mem 0x380000000000-0x383fffffffff window]
[    0.987323] pci_bus 0000:00: root bus resource [bus 00-fe]
[    0.987332] pci 0000:00:00.0: [8086:6f00] type 00 class 0x060000
[    0.987553] pci 0000:00:01.0: [8086:6f02] type 01 class 0x060400
[    0.987650] pci 0000:00:01.0: PME# supported from D0 D3hot D3cold
[    0.987848] pci 0000:00:02.0: [8086:6f04] type 01 class 0x060400
[    0.987943] pci 0000:00:02.0: PME# supported from D0 D3hot D3cold
[    0.988134] pci 0000:00:03.0: [8086:6f08] type 01 class 0x060400
[    0.988229] pci 0000:00:03.0: PME# supported from D0 D3hot D3cold
[    0.988417] pci 0000:00:05.0: [8086:6f28] type 00 class 0x088000
[    0.988606] pci 0000:00:05.1: [8086:6f29] type 00 class 0x088000
[    0.988818] pci 0000:00:05.2: [8086:6f2a] type 00 class 0x088000
[    0.989001] pci 0000:00:05.4: [8086:6f2c] type 00 class 0x080020
[    0.989022] pci 0000:00:05.4: reg 0x10: [mem 0xfbd04000-0xfbd04fff]
[    0.989234] pci 0000:00:11.0: [8086:8d7c] type 00 class 0xff0000
[    0.989542] pci 0000:00:14.0: [8086:8d31] type 00 class 0x0c0330
[    0.989578] pci 0000:00:14.0: reg 0x10: [mem 0x383ffff00000-0x383ffff0ffff 64bit]
[    0.989681] pci 0000:00:14.0: PME# supported from D3hot D3cold
[    0.989818] pci 0000:00:16.0: [8086:8d3a] type 00 class 0x078000
[    0.989854] pci 0000:00:16.0: reg 0x10: [mem 0x383ffff13000-0x383ffff1300f 64bit]
[    0.989958] pci 0000:00:16.0: PME# supported from D0 D3hot D3cold
[    0.990095] pci 0000:00:16.1: [8086:8d3b] type 00 class 0x078000
[    0.990132] pci 0000:00:16.1: reg 0x10: [mem 0x383ffff12000-0x383ffff1200f 64bit]
[    0.990235] pci 0000:00:16.1: PME# supported from D0 D3hot D3cold
[    0.990385] pci 0000:00:1a.0: [8086:8d2d] type 00 class 0x0c0320
[    0.990419] pci 0000:00:1a.0: reg 0x10: [mem 0xfbd02000-0xfbd023ff]
[    0.990549] pci 0000:00:1a.0: PME# supported from D0 D3hot D3cold
[    0.990695] pci 0000:00:1c.0: [8086:8d10] type 01 class 0x060400
[    0.990811] pci 0000:00:1c.0: PME# supported from D0 D3hot D3cold
[    0.990968] pci 0000:00:1c.3: [8086:8d16] type 01 class 0x060400
[    0.991085] pci 0000:00:1c.3: PME# supported from D0 D3hot D3cold
[    0.991247] pci 0000:00:1d.0: [8086:8d26] type 00 class 0x0c0320
[    0.991280] pci 0000:00:1d.0: reg 0x10: [mem 0xfbd01000-0xfbd013ff]
[    0.991411] pci 0000:00:1d.0: PME# supported from D0 D3hot D3cold
[    0.991559] pci 0000:00:1f.0: [8086:8d44] type 00 class 0x060100
[    0.991852] pci 0000:00:1f.2: [8086:8d02] type 00 class 0x010601
[    0.991881] pci 0000:00:1f.2: reg 0x10: [io  0xf050-0xf057]
[    0.991896] pci 0000:00:1f.2: reg 0x14: [io  0xf040-0xf043]
[    0.991911] pci 0000:00:1f.2: reg 0x18: [io  0xf030-0xf037]
[    0.991926] pci 0000:00:1f.2: reg 0x1c: [io  0xf020-0xf023]
[    0.991940] pci 0000:00:1f.2: reg 0x20: [io  0xf000-0xf01f]
[    0.991955] pci 0000:00:1f.2: reg 0x24: [mem 0xfbd00000-0xfbd007ff]
[    0.992002] pci 0000:00:1f.2: PME# supported from D3hot
[    0.992135] pci 0000:00:1f.3: [8086:8d22] type 00 class 0x0c0500
[    0.992168] pci 0000:00:1f.3: reg 0x10: [mem 0x383ffff11000-0x383ffff110ff 64bit]
[    0.992212] pci 0000:00:1f.3: reg 0x20: [io  0x0580-0x059f]
[    0.993006] pci 0000:01:00.0: [8086:1521] type 00 class 0x020000
[    0.993348] pci 0000:01:00.0: reg 0x10: [mem 0xfbc20000-0xfbc3ffff]
[    0.993644] pci 0000:01:00.0: reg 0x18: [io  0xe020-0xe03f]
[    0.993792] pci 0000:01:00.0: reg 0x1c: [mem 0xfbc44000-0xfbc47fff]
[    0.995291] pci 0000:01:00.0: PME# supported from D0 D3hot D3cold
[    0.995660] pci 0000:01:00.0: reg 0x184: [mem 0x00000000-0x00003fff 64bit pref]
[    0.995662] pci 0000:01:00.0: VF(n) BAR0 space: [mem 0x00000000-0x0001ffff 64bit pref] (contains BAR0 for 8 VFs)
[    0.995858] pci 0000:01:00.0: reg 0x190: [mem 0x00000000-0x00003fff 64bit pref]
[    0.995859] pci 0000:01:00.0: VF(n) BAR3 space: [mem 0x00000000-0x0001ffff 64bit pref] (contains BAR3 for 8 VFs)
[    0.996533] pci 0000:01:00.1: [8086:1521] type 00 class 0x020000
[    0.996874] pci 0000:01:00.1: reg 0x10: [mem 0xfbc00000-0xfbc1ffff]
[    0.997171] pci 0000:01:00.1: reg 0x18: [io  0xe000-0xe01f]
[    0.997319] pci 0000:01:00.1: reg 0x1c: [mem 0xfbc40000-0xfbc43fff]
[    0.998856] pci 0000:01:00.1: PME# supported from D0 D3hot D3cold
[    0.999181] pci 0000:01:00.1: reg 0x184: [mem 0x00000000-0x00003fff 64bit pref]
[    0.999182] pci 0000:01:00.1: VF(n) BAR0 space: [mem 0x00000000-0x0001ffff 64bit pref] (contains BAR0 for 8 VFs)
[    0.999400] pci 0000:01:00.1: reg 0x190: [mem 0x00000000-0x00003fff 64bit pref]
[    0.999401] pci 0000:01:00.1: VF(n) BAR3 space: [mem 0x00000000-0x0001ffff 64bit pref] (contains BAR3 for 8 VFs)
[    0.999890] pci 0000:00:01.0: ASPM: current common clock configuration is broken, reconfiguring
[    1.011379] pci 0000:00:01.0: PCI bridge to [bus 01]
[    1.011383] pci 0000:00:01.0:   bridge window [io  0xe000-0xefff]
[    1.011386] pci 0000:00:01.0:   bridge window [mem 0xfbc00000-0xfbcfffff]
[    1.011851] pci 0000:02:00.0: [15b3:a2d6] type 00 class 0x020000
[    1.012116] pci 0000:02:00.0: reg 0x10: [mem 0x383ffc000000-0x383ffdffffff 64bit pref]
[    1.012226] pci 0000:02:00.0: reg 0x18: [mem 0x383ffe800000-0x383ffeffffff 64bit pref]
[    1.012426] pci 0000:02:00.0: reg 0x30: [mem 0xfbb00000-0xfbbfffff pref]
[    1.012473] pci 0000:02:00.0: enabling Extended Tags
[    1.013283] pci 0000:02:00.0: PME# supported from D3cold
[    1.013565] pci 0000:02:00.0: reg 0x1a4: [mem 0x00000000-0x001fffff 64bit pref]
[    1.013567] pci 0000:02:00.0: VF(n) BAR0 space: [mem 0x00000000-0x01ffffff 64bit pref] (contains BAR0 for 16 VFs)
[    1.014630] pci 0000:02:00.0: 63.008 Gb/s available PCIe bandwidth, limited by 8.0 GT/s PCIe x8 link at 0000:00:02.0 (capable of 252.048 Gb/s with 16.0 GT/s PCIe x16 link)
[    1.014791] pci 0000:02:00.1: [15b3:a2d6] type 00 class 0x020000
[    1.015027] pci 0000:02:00.1: reg 0x10: [mem 0x383ffa000000-0x383ffbffffff 64bit pref]
[    1.015139] pci 0000:02:00.1: reg 0x18: [mem 0x383ffe000000-0x383ffe7fffff 64bit pref]
[    1.015343] pci 0000:02:00.1: reg 0x30: [mem 0xfba00000-0xfbafffff pref]
[    1.015390] pci 0000:02:00.1: enabling Extended Tags
[    1.016086] pci 0000:02:00.1: PME# supported from D3cold
[    1.016356] pci 0000:02:00.1: reg 0x1a4: [mem 0x00000000-0x001fffff 64bit pref]
[    1.016357] pci 0000:02:00.1: VF(n) BAR0 space: [mem 0x00000000-0x01ffffff 64bit pref] (contains BAR0 for 16 VFs)
[    1.017541] pci 0000:02:00.2: [15b3:c2d3] type 00 class 0x080100
[    1.017723] pci 0000:02:00.2: reg 0x10: [mem 0xfb900000-0xfb9fffff]
[    1.018169] pci 0000:02:00.2: enabling Extended Tags
[    1.018704] pci 0000:02:00.2: PME# supported from D3cold
[    1.019126] pci 0000:00:02.0: PCI bridge to [bus 02]
[    1.019129] pci 0000:00:02.0:   bridge window [mem 0xfb900000-0xfbbfffff]
[    1.019132] pci 0000:00:02.0:   bridge window [mem 0x383ffa000000-0x383ffeffffff 64bit pref]
[    1.019366] pci 0000:00:03.0: PCI bridge to [bus 03]
[    1.019414] pci 0000:00:1c.0: PCI bridge to [bus 04]
[    1.019488] pci 0000:05:00.0: [102b:0522] type 00 class 0x030000
[    1.019533] pci 0000:05:00.0: reg 0x10: [mem 0xfa000000-0xfaffffff pref]
[    1.019555] pci 0000:05:00.0: reg 0x14: [mem 0xfb810000-0xfb813fff]
[    1.019578] pci 0000:05:00.0: reg 0x18: [mem 0xfb000000-0xfb7fffff]
[    1.019663] pci 0000:05:00.0: reg 0x30: [mem 0xfb800000-0xfb80ffff pref]
[    1.019824] pci 0000:05:00.0: disabling ASPM on pre-1.1 PCIe device.  You can enable it with 'pcie_aspm=force'
[    1.019839] pci 0000:00:1c.3: PCI bridge to [bus 05]
[    1.019843] pci 0000:00:1c.3:   bridge window [mem 0xfb000000-0xfb8fffff]
[    1.019847] pci 0000:00:1c.3:   bridge window [mem 0xfa000000-0xfaffffff 64bit pref]
[    1.019898] pci_bus 0000:00: on NUMA node 0
[    1.021042] ACPI: PCI Interrupt Link [LNKA] (IRQs 3 4 5 6 7 10 *11 12 14 15)
[    1.021119] ACPI: PCI Interrupt Link [LNKB] (IRQs 3 4 5 6 7 *10 11 12 14 15)
[    1.021193] ACPI: PCI Interrupt Link [LNKC] (IRQs 3 4 5 6 10 *11 12 14 15)
[    1.021266] ACPI: PCI Interrupt Link [LNKD] (IRQs 3 4 *5 6 10 11 12 14 15)
[    1.021340] ACPI: PCI Interrupt Link [LNKE] (IRQs 3 4 5 6 7 10 11 12 14 15) *0, disabled.
[    1.021413] ACPI: PCI Interrupt Link [LNKF] (IRQs 3 4 5 6 7 10 11 12 14 15) *0, disabled.
[    1.021486] ACPI: PCI Interrupt Link [LNKG] (IRQs 3 4 5 6 7 10 11 12 14 15) *0, disabled.
[    1.021559] ACPI: PCI Interrupt Link [LNKH] (IRQs 3 4 5 6 7 10 11 12 14 15) *0, disabled.
[    1.021897] iommu: Default domain type: Translated 
[    1.021897] SCSI subsystem initialized
[    1.021897] libata version 3.00 loaded.
[    1.021897] pci 0000:05:00.0: vgaarb: setting as boot VGA device
[    1.021897] pci 0000:05:00.0: vgaarb: VGA device added: decodes=io+mem,owns=io+mem,locks=none
[    1.021897] pci 0000:05:00.0: vgaarb: bridge control possible
[    1.021897] vgaarb: loaded
[    1.021897] ACPI: bus type USB registered
[    1.021897] usbcore: registered new interface driver usbfs
[    1.021897] usbcore: registered new interface driver hub
[    1.021897] usbcore: registered new device driver usb
[    1.021897] pps_core: LinuxPPS API ver. 1 registered
[    1.021897] pps_core: Software ver. 5.3.6 - Copyright 2005-2007 Rodolfo Giometti <giometti@linux.it>
[    1.021897] PTP clock support registered
[    1.021897] EDAC MC: Ver: 3.0.0
[    1.021897] PCI: Using ACPI for IRQ routing
[    1.028713] PCI: pci_cache_line_size set to 64 bytes
[    1.028939] e820: reserve RAM buffer [mem 0x00099c00-0x0009ffff]
[    1.028940] e820: reserve RAM buffer [mem 0x79030000-0x7bffffff]
[    1.029063] NetLabel: Initializing
[    1.029063] NetLabel:  domain hash size = 128
[    1.029064] NetLabel:  protocols = UNLABELED CIPSOv4 CALIPSO
[    1.029079] NetLabel:  unlabeled traffic allowed by default
[    1.029096] hpet0: at MMIO 0xfed00000, IRQs 2, 8, 0, 0, 0, 0, 0, 0
[    1.029096] hpet0: 8 comparators, 64-bit 14.318180 MHz counter
[    1.032308] clocksource: Switched to clocksource tsc-early
[    1.046215] *** VALIDATE bpf ***
[    1.046299] VFS: Disk quotas dquot_6.6.0
[    1.046326] VFS: Dquot-cache hash table entries: 512 (order 0, 4096 bytes)
[    1.046343] *** VALIDATE ramfs ***
[    1.046349] *** VALIDATE hugetlbfs ***
[    1.046471] AppArmor: AppArmor Filesystem Enabled
[    1.046492] pnp: PnP ACPI init
[    1.046975] pnp 00:00: Plug and Play ACPI device, IDs PNP0b00 (active)
[    1.047104] system 00:01: [io  0x0500-0x057f] has been reserved
[    1.047105] system 00:01: [io  0x0400-0x047f] has been reserved
[    1.047107] system 00:01: [io  0x0580-0x059f] has been reserved
[    1.047108] system 00:01: [io  0x0600-0x061f] has been reserved
[    1.047109] system 00:01: [io  0x0880-0x0883] has been reserved
[    1.047110] system 00:01: [io  0x0800-0x081f] has been reserved
[    1.047112] system 00:01: [mem 0xfed1c000-0xfed3ffff] has been reserved
[    1.047114] system 00:01: [mem 0xfed45000-0xfed8bfff] has been reserved
[    1.047115] system 00:01: [mem 0xff000000-0xffffffff] has been reserved
[    1.047116] system 00:01: [mem 0xfee00000-0xfeefffff] has been reserved
[    1.047117] system 00:01: [mem 0xfed12000-0xfed1200f] has been reserved
[    1.047119] system 00:01: [mem 0xfed12010-0xfed1201f] has been reserved
[    1.047120] system 00:01: [mem 0xfed1b000-0xfed1bfff] has been reserved
[    1.047124] system 00:01: Plug and Play ACPI device, IDs PNP0c02 (active)
[    1.047313] pnp 00:02: [dma 0 disabled]
[    1.047359] pnp 00:02: Plug and Play ACPI device, IDs PNP0501 (active)
[    1.047530] pnp 00:03: [dma 0 disabled]
[    1.047572] pnp 00:03: Plug and Play ACPI device, IDs PNP0501 (active)
[    1.048294] pnp: PnP ACPI: found 4 devices
[    1.049717] thermal_sys: Registered thermal governor 'fair_share'
[    1.049718] thermal_sys: Registered thermal governor 'bang_bang'
[    1.049719] thermal_sys: Registered thermal governor 'step_wise'
[    1.049719] thermal_sys: Registered thermal governor 'user_space'
[    1.049720] thermal_sys: Registered thermal governor 'power_allocator'
[    1.054208] clocksource: acpi_pm: mask: 0xffffff max_cycles: 0xffffff, max_idle_ns: 2085701024 ns
[    1.054263] pci_bus 0000:00: max bus depth: 1 pci_try_num: 2
[    1.054274] pci 0000:00:01.0: BAR 15: assigned [mem 0x380000000000-0x3800000fffff 64bit pref]
[    1.054277] pci 0000:01:00.0: BAR 7: assigned [mem 0x380000000000-0x38000001ffff 64bit pref]
[    1.054320] pci 0000:01:00.0: BAR 10: assigned [mem 0x380000020000-0x38000003ffff 64bit pref]
[    1.054362] pci 0000:01:00.1: BAR 7: assigned [mem 0x380000040000-0x38000005ffff 64bit pref]
[    1.054384] pci 0000:01:00.1: BAR 10: assigned [mem 0x380000060000-0x38000007ffff 64bit pref]
[    1.054427] pci 0000:00:01.0: PCI bridge to [bus 01]
[    1.054429] pci 0000:00:01.0:   bridge window [io  0xe000-0xefff]
[    1.054438] pci 0000:00:01.0:   bridge window [mem 0xfbc00000-0xfbcfffff]
[    1.054444] pci 0000:00:01.0:   bridge window [mem 0x380000000000-0x3800000fffff 64bit pref]
[    1.054458] pci 0000:02:00.0: BAR 7: no space for [mem size 0x02000000 64bit pref]
[    1.054459] pci 0000:02:00.0: BAR 7: failed to assign [mem size 0x02000000 64bit pref]
[    1.054461] pci 0000:02:00.1: BAR 7: no space for [mem size 0x02000000 64bit pref]
[    1.054462] pci 0000:02:00.1: BAR 7: failed to assign [mem size 0x02000000 64bit pref]
[    1.054463] pci 0000:00:02.0: PCI bridge to [bus 02]
[    1.054472] pci 0000:00:02.0:   bridge window [mem 0xfb900000-0xfbbfffff]
[    1.054478] pci 0000:00:02.0:   bridge window [mem 0x383ffa000000-0x383ffeffffff 64bit pref]
[    1.054490] pci 0000:00:03.0: PCI bridge to [bus 03]
[    1.054514] pci 0000:00:1c.0: PCI bridge to [bus 04]
[    1.054541] pci 0000:00:1c.3: PCI bridge to [bus 05]
[    1.054551] pci 0000:00:1c.3:   bridge window [mem 0xfb000000-0xfb8fffff]
[    1.054558] pci 0000:00:1c.3:   bridge window [mem 0xfa000000-0xfaffffff 64bit pref]
[    1.054571] pci_bus 0000:00: No. 2 try to assign unassigned res
[    1.054572] release child resource [mem 0x383ffa000000-0x383ffbffffff 64bit pref]
[    1.054573] release child resource [mem 0x383ffc000000-0x383ffdffffff 64bit pref]
[    1.054573] release child resource [mem 0x383ffe000000-0x383ffe7fffff 64bit pref]
[    1.054574] release child resource [mem 0x383ffe800000-0x383ffeffffff 64bit pref]
[    1.054575] pci 0000:00:02.0: resource 15 [mem 0x383ffa000000-0x383ffeffffff 64bit pref] released
[    1.054576] pci 0000:00:02.0: PCI bridge to [bus 02]
[    1.054593] pci 0000:00:02.0: bridge window [mem 0x01000000-0x05ffffff 64bit pref] to [bus 02] add_size 4000000 add_align 1000000
[    1.054598] pci 0000:00:02.0: BAR 15: assigned [mem 0x380001000000-0x380009ffffff 64bit pref]
[    1.054600] pci 0000:00:01.0: PCI bridge to [bus 01]
[    1.054602] pci 0000:00:01.0:   bridge window [io  0xe000-0xefff]
[    1.054610] pci 0000:00:01.0:   bridge window [mem 0xfbc00000-0xfbcfffff]
[    1.054616] pci 0000:00:01.0:   bridge window [mem 0x380000000000-0x3800000fffff 64bit pref]
[    1.054629] pci 0000:02:00.0: BAR 0: assigned [mem 0x380002000000-0x380003ffffff 64bit pref]
[    1.054700] pci 0000:02:00.1: BAR 0: assigned [mem 0x380004000000-0x380005ffffff 64bit pref]
[    1.054768] pci 0000:02:00.0: BAR 2: assigned [mem 0x380001000000-0x3800017fffff 64bit pref]
[    1.054842] pci 0000:02:00.1: BAR 2: assigned [mem 0x380001800000-0x380001ffffff 64bit pref]
[    1.054918] pci 0000:02:00.0: BAR 7: assigned [mem 0x380006000000-0x380007ffffff 64bit pref]
[    1.054953] pci 0000:02:00.1: BAR 7: assigned [mem 0x380008000000-0x380009ffffff 64bit pref]
[    1.054986] pci 0000:00:02.0: PCI bridge to [bus 02]
[    1.054995] pci 0000:00:02.0:   bridge window [mem 0xfb900000-0xfbbfffff]
[    1.055001] pci 0000:00:02.0:   bridge window [mem 0x380001000000-0x380009ffffff 64bit pref]
[    1.055012] pci 0000:00:03.0: PCI bridge to [bus 03]
[    1.055037] pci 0000:00:1c.0: PCI bridge to [bus 04]
[    1.055064] pci 0000:00:1c.3: PCI bridge to [bus 05]
[    1.055074] pci 0000:00:1c.3:   bridge window [mem 0xfb000000-0xfb8fffff]
[    1.055080] pci 0000:00:1c.3:   bridge window [mem 0xfa000000-0xfaffffff 64bit pref]
[    1.055094] pci_bus 0000:00: resource 4 [io  0x0000-0x0cf7 window]
[    1.055095] pci_bus 0000:00: resource 5 [io  0x1000-0xffff window]
[    1.055096] pci_bus 0000:00: resource 6 [mem 0x000a0000-0x000bffff window]
[    1.055097] pci_bus 0000:00: resource 7 [mem 0x90000000-0xfbffbfff window]
[    1.055098] pci_bus 0000:00: resource 8 [mem 0x380000000000-0x383fffffffff window]
[    1.055099] pci_bus 0000:01: resource 0 [io  0xe000-0xefff]
[    1.055100] pci_bus 0000:01: resource 1 [mem 0xfbc00000-0xfbcfffff]
[    1.055101] pci_bus 0000:01: resource 2 [mem 0x380000000000-0x3800000fffff 64bit pref]
[    1.055103] pci_bus 0000:02: resource 1 [mem 0xfb900000-0xfbbfffff]
[    1.055104] pci_bus 0000:02: resource 2 [mem 0x380001000000-0x380009ffffff 64bit pref]
[    1.055105] pci_bus 0000:05: resource 1 [mem 0xfb000000-0xfb8fffff]
[    1.055106] pci_bus 0000:05: resource 2 [mem 0xfa000000-0xfaffffff 64bit pref]
[    1.055321] NET: Registered protocol family 2
[    1.055539] IP idents hash table entries: 262144 (order: 9, 2097152 bytes, linear)
[    1.057877] tcp_listen_portaddr_hash hash table entries: 16384 (order: 6, 262144 bytes, linear)
[    1.058108] TCP established hash table entries: 262144 (order: 9, 2097152 bytes, linear)
[    1.058452] TCP bind hash table entries: 65536 (order: 8, 1048576 bytes, linear)
[    1.058538] TCP: Hash tables configured (established 262144 bind 65536)
[    1.058657] UDP hash table entries: 16384 (order: 7, 524288 bytes, linear)
[    1.058765] UDP-Lite hash table entries: 16384 (order: 7, 524288 bytes, linear)
[    1.058890] NET: Registered protocol family 1
[    1.058895] NET: Registered protocol family 44
[    1.059011] pci 0000:00:05.0: disabled boot interrupts on device [8086:6f28]
[    1.083401] pci 0000:00:1a.0: quirk_usb_early_handoff+0x0/0x670 took 23551 usecs
[    1.107393] pci 0000:00:1d.0: quirk_usb_early_handoff+0x0/0x670 took 23410 usecs
[    1.107430] pci 0000:01:00.0: CLS mismatch (64 != 32), using 64 bytes
[    1.107455] pci 0000:05:00.0: Video device with shadowed ROM at [mem 0x000c0000-0x000dffff]
[    1.107519] Trying to unpack rootfs image as initramfs...
[    1.345634] Freeing initrd memory: 86808K
[    1.371269] PCI-DMA: Using software bounce buffering for IO (SWIOTLB)
[    1.371272] software IO TLB: mapped [mem 0x75030000-0x79030000] (64MB)
[    1.373033] check: Scanning for low memory corruption every 60 seconds
[    1.374388] Initialise system trusted keyrings
[    1.374401] Key type blacklist registered
[    1.374441] workingset: timestamp_bits=36 max_order=23 bucket_order=0
[    1.375916] zbud: loaded
[    1.376401] squashfs: version 4.0 (2009/01/31) Phillip Lougher
[    1.376579] fuse: init (API version 7.31)
[    1.376597] *** VALIDATE fuse ***
[    1.376599] *** VALIDATE fuse ***
[    1.376725] Platform Keyring initialized
[    1.381067] Key type asymmetric registered
[    1.381070] Asymmetric key parser 'x509' registered
[    1.381081] Block layer SCSI generic (bsg) driver version 0.4 loaded (major 244)
[    1.381134] io scheduler mq-deadline registered
[    1.381934] pcieport 0000:00:01.0: PME: Signaling with IRQ 25
[    1.381997] pcieport 0000:00:01.0: AER: enabled with IRQ 25
[    1.382303] pcieport 0000:00:02.0: PME: Signaling with IRQ 27
[    1.382361] pcieport 0000:00:02.0: AER: enabled with IRQ 27
[    1.382642] pcieport 0000:00:03.0: PME: Signaling with IRQ 29
[    1.382696] pcieport 0000:00:03.0: AER: enabled with IRQ 29
[    1.382922] pcieport 0000:00:1c.0: PME: Signaling with IRQ 30
[    1.383169] pcieport 0000:00:1c.3: PME: Signaling with IRQ 31
[    1.383296] shpchp: Standard Hot Plug PCI Controller Driver version: 0.4
[    1.383486] vesafb: mode is 1024x768x32, linelength=4096, pages=0
[    1.383487] vesafb: scrolling: redraw
[    1.383492] vesafb: Truecolor: size=8:8:8:8, shift=24:16:8:0
[    1.383581] pmd_set_huge: Cannot satisfy [mem 0xfa000000-0xfa200000] with a huge-page mapping due to MTRR override.
[    1.383599] vesafb: framebuffer at 0xfa000000, mapped to 0x00000000827e61eb, using 3072k, total 3072k
[    1.383656] fbcon: Deferring console take-over
[    1.383657] fb0: VESA VGA frame buffer device
[    1.383676] intel_idle: MWAIT substates: 0x2120
[    1.383677] intel_idle: v0.4.1 model 0x4F
[    1.385395] intel_idle: lapic_timer_reliable_states 0xffffffff
[    1.385953] input: Power Button as /devices/LNXSYSTM:00/LNXSYBUS:00/PNP0C0C:00/input/input0
[    1.385989] ACPI: Power Button [PWRB]
[    1.386029] input: Power Button as /devices/LNXSYSTM:00/LNXPWRBN:00/input/input1
[    1.386108] ACPI: Power Button [PWRF]
[    1.394168] Serial: 8250/16550 driver, 32 ports, IRQ sharing enabled
[    1.414724] 00:02: ttyS0 at I/O 0x3f8 (irq = 4, base_baud = 115200) is a 16550A
[    1.435353] 00:03: ttyS1 at I/O 0x2f8 (irq = 3, base_baud = 115200) is a 16550A
[    1.436991] Linux agpgart interface v0.103
[    1.575352] loop: module loaded
[    1.575776] tun: Universal TUN/TAP device driver, 1.6
[    1.575866] PPP generic driver version 2.4.2
[    1.575924] VFIO - User Level meta-driver version: 0.3
[    1.576061] ehci_hcd: USB 2.0 'Enhanced' Host Controller (EHCI) Driver
[    1.576064] ehci-pci: EHCI PCI platform driver
[    1.576327] ehci-pci 0000:00:1a.0: EHCI Host Controller
[    1.576335] ehci-pci 0000:00:1a.0: new USB bus registered, assigned bus number 1
[    1.576347] ehci-pci 0000:00:1a.0: debug port 2
[    1.580259] ehci-pci 0000:00:1a.0: cache line size of 64 is not supported
[    1.580273] ehci-pci 0000:00:1a.0: irq 18, io mem 0xfbd02000
[    1.595281] ehci-pci 0000:00:1a.0: USB 2.0 started, EHCI 1.00
[    1.595350] usb usb1: New USB device found, idVendor=1d6b, idProduct=0002, bcdDevice= 5.04
[    1.595352] usb usb1: New USB device strings: Mfr=3, Product=2, SerialNumber=1
[    1.595353] usb usb1: Product: EHCI Host Controller
[    1.595354] usb usb1: Manufacturer: Linux 5.4.189kernel-module-force-unload ehci_hcd
[    1.595355] usb usb1: SerialNumber: 0000:00:1a.0
[    1.595509] hub 1-0:1.0: USB hub found
[    1.595515] hub 1-0:1.0: 2 ports detected
[    1.595876] ehci-pci 0000:00:1d.0: EHCI Host Controller
[    1.595882] ehci-pci 0000:00:1d.0: new USB bus registered, assigned bus number 2
[    1.595892] ehci-pci 0000:00:1d.0: debug port 2
[    1.599791] ehci-pci 0000:00:1d.0: cache line size of 64 is not supported
[    1.599796] ehci-pci 0000:00:1d.0: irq 18, io mem 0xfbd01000
[    1.615277] ehci-pci 0000:00:1d.0: USB 2.0 started, EHCI 1.00
[    1.615319] usb usb2: New USB device found, idVendor=1d6b, idProduct=0002, bcdDevice= 5.04
[    1.615320] usb usb2: New USB device strings: Mfr=3, Product=2, SerialNumber=1
[    1.615321] usb usb2: Product: EHCI Host Controller
[    1.615322] usb usb2: Manufacturer: Linux 5.4.189kernel-module-force-unload ehci_hcd
[    1.615323] usb usb2: SerialNumber: 0000:00:1d.0
[    1.615472] hub 2-0:1.0: USB hub found
[    1.615476] hub 2-0:1.0: 2 ports detected
[    1.615700] ehci-platform: EHCI generic platform driver
[    1.615717] ohci_hcd: USB 1.1 'Open' Host Controller (OHCI) Driver
[    1.615722] ohci-pci: OHCI PCI platform driver
[    1.615746] ohci-platform: OHCI generic platform driver
[    1.615753] uhci_hcd: USB Universal Host Controller Interface driver
[    1.615974] xhci_hcd 0000:00:14.0: xHCI Host Controller
[    1.615981] xhci_hcd 0000:00:14.0: new USB bus registered, assigned bus number 3
[    1.617051] xhci_hcd 0000:00:14.0: hcc params 0x200077c1 hci version 0x100 quirks 0x0000000000009810
[    1.617057] xhci_hcd 0000:00:14.0: cache line size of 64 is not supported
[    1.617289] xhci_hcd 0000:00:14.0: xHCI Host Controller
[    1.617291] xhci_hcd 0000:00:14.0: new USB bus registered, assigned bus number 4
[    1.617295] xhci_hcd 0000:00:14.0: Host supports USB 3.0 SuperSpeed
[    1.617327] usb usb3: New USB device found, idVendor=1d6b, idProduct=0002, bcdDevice= 5.04
[    1.617328] usb usb3: New USB device strings: Mfr=3, Product=2, SerialNumber=1
[    1.617329] usb usb3: Product: xHCI Host Controller
[    1.617331] usb usb3: Manufacturer: Linux 5.4.189kernel-module-force-unload xhci-hcd
[    1.617331] usb usb3: SerialNumber: 0000:00:14.0
[    1.617467] hub 3-0:1.0: USB hub found
[    1.617485] hub 3-0:1.0: 15 ports detected
[    1.620584] usb usb4: New USB device found, idVendor=1d6b, idProduct=0003, bcdDevice= 5.04
[    1.620585] usb usb4: New USB device strings: Mfr=3, Product=2, SerialNumber=1
[    1.620586] usb usb4: Product: xHCI Host Controller
[    1.620587] usb usb4: Manufacturer: Linux 5.4.189kernel-module-force-unload xhci-hcd
[    1.620588] usb usb4: SerialNumber: 0000:00:14.0
[    1.620716] hub 4-0:1.0: USB hub found
[    1.620736] hub 4-0:1.0: 6 ports detected
[    1.622334] i8042: PNP: No PS/2 controller found.
[    1.622434] mousedev: PS/2 mouse device common for all mice
[    1.622552] rtc_cmos 00:00: RTC can wake from S4
[    1.622740] rtc_cmos 00:00: registered as rtc0
[    1.622757] rtc_cmos 00:00: alarms up to one month, y3k, 114 bytes nvram, hpet irqs
[    1.622763] i2c /dev entries driver
[    1.622809] device-mapper: uevent: version 1.0.3
[    1.622868] device-mapper: ioctl: 4.41.0-ioctl (2019-09-16) initialised: dm-devel@redhat.com
[    1.622890] platform eisa.0: Probing EISA bus 0
[    1.622892] platform eisa.0: EISA: Cannot allocate resource for mainboard
[    1.622894] platform eisa.0: Cannot allocate resource for EISA slot 1
[    1.622895] platform eisa.0: Cannot allocate resource for EISA slot 2
[    1.622896] platform eisa.0: Cannot allocate resource for EISA slot 3
[    1.622897] platform eisa.0: Cannot allocate resource for EISA slot 4
[    1.622898] platform eisa.0: Cannot allocate resource for EISA slot 5
[    1.622899] platform eisa.0: Cannot allocate resource for EISA slot 6
[    1.622900] platform eisa.0: Cannot allocate resource for EISA slot 7
[    1.622901] platform eisa.0: Cannot allocate resource for EISA slot 8
[    1.622902] platform eisa.0: EISA: Detected 0 cards
[    1.622913] intel_pstate: Intel P-state driver initializing
[    1.630284] ledtrig-cpu: registered to indicate activity on CPUs
[    1.630469] drop_monitor: Initializing network drop monitor service
[    1.630627] NET: Registered protocol family 10
[    1.637740] Segment Routing with IPv6
[    1.637761] NET: Registered protocol family 17
[    1.637831] Key type dns_resolver registered
[    1.642816] RAS: Correctable Errors collector initialized.
[    1.642893] microcode: sig=0x406f1, pf=0x1, revision=0xb000040
[    1.644594] microcode: Microcode Update Driver: v2.2.
[    1.646957] *** VALIDATE rdt ***
[    1.646961] resctrl: L3 allocation detected
[    1.646962] resctrl: L3DATA allocation detected
[    1.646962] resctrl: L3CODE allocation detected
[    1.646962] resctrl: L3 monitoring detected
[    1.646966] IPI shorthand broadcast: enabled
[    1.646972] sched_clock: Marking stable (1646445138, 499846)->(1906095168, -259150184)
[    1.647132] registered taskstats version 1
[    1.647142] Loading compiled-in X.509 certificates
[    1.647860] Loaded X.509 cert 'Build time autogenerated kernel key: a9993d45b65f0d146f444e483c70e48bd819de06'
[    1.648125] zswap: loaded using pool lzo/zbud
[    1.648260] Key type ._fscrypt registered
[    1.648261] Key type .fscrypt registered
[    1.654174] Key type big_key registered
[    1.657064] Key type encrypted registered
[    1.657067] AppArmor: AppArmor sha1 policy hashing enabled
[    1.657074] ima: No TPM chip found, activating TPM-bypass!
[    1.657094] ima: Allocated hash algorithm: sha1
[    1.657104] ima: No architecture policies found
[    1.657139] evm: Initialising EVM extended attributes:
[    1.657140] evm: security.selinux
[    1.657140] evm: security.SMACK64
[    1.657141] evm: security.SMACK64EXEC
[    1.657141] evm: security.SMACK64TRANSMUTE
[    1.657141] evm: security.SMACK64MMAP
[    1.657142] evm: security.apparmor
[    1.657142] evm: security.ima
[    1.657142] evm: security.capability
[    1.657143] evm: HMAC attrs: 0x1
[    1.657733] PM:   Magic number: 14:292:493
[    1.658042] rtc_cmos 00:00: setting system clock to 2022-07-06T18:29:30 UTC (1657132170)
[    1.660831] Freeing unused decrypted memory: 2040K
[    1.661698] Freeing unused kernel image memory: 2748K
[    1.707317] Write protecting the kernel read-only data: 22528k
[    1.708309] Freeing unused kernel image memory: 2008K
[    1.708747] Freeing unused kernel image memory: 1128K
[    1.715967] x86/mm: Checked W+X mappings: passed, no W+X pages found.
[    1.715968] x86/mm: Checking user space page tables
[    1.722853] x86/mm: Checked W+X mappings: passed, no W+X pages found.
[    1.722855] Run /init as init process
[    1.849920] mlx_compat: loading out-of-tree module taints kernel.
[    1.849945] mlx_compat: module verification failed: signature and/or required key missing - tainting kernel
[    1.850166] Compat-mlnx-ofed backport release: b1b2bdd
[    1.850167] Backport based on mlnx_ofed/mlnx-ofa_kernel-4.0.git b1b2bdd
[    1.850167] compat.git: mlnx_ofed/mlnx-ofa_kernel-4.0.git
[    1.851535] dca service started, version 1.12.1
[    1.853909] i801_smbus 0000:00:1f.3: SMBus using PCI interrupt
[    1.855249] usb 1-1: new high-speed USB device number 2 using ehci-pci
[    1.856987] igb: Intel(R) Gigabit Ethernet Network Driver - version 5.6.0-k
[    1.856988] igb: Copyright (c) 2007-2014 Intel Corporation.
[    1.859423] ahci 0000:00:1f.2: version 3.0
[    1.859592] ahci 0000:00:1f.2: AHCI 0001.0300 32 slots 6 ports 6 Gbps 0x10 impl SATA mode
[    1.859594] ahci 0000:00:1f.2: flags: 64bit ncq pm led clo pio slum part ems apst 
[    1.860052] scsi host0: ahci
[    1.861942] scsi host1: ahci
[    1.862110] scsi host2: ahci
[    1.862231] scsi host3: ahci
[    1.862926] scsi host4: ahci
[    1.863262] scsi host5: ahci
[    1.863333] ata1: DUMMY
[    1.863334] ata2: DUMMY
[    1.863335] ata3: DUMMY
[    1.863336] ata4: DUMMY
[    1.863338] ata5: SATA max UDMA/133 abar m2048@0xfbd00000 port 0xfbd00300 irq 42
[    1.863339] ata6: DUMMY
[    1.864702] cryptd: max_cpu_qlen set to 1000
[    1.873373] mlx5_core 0000:02:00.0: firmware version: 24.33.1048
[    1.873426] mlx5_core 0000:02:00.0: 63.008 Gb/s available PCIe bandwidth, limited by 8.0 GT/s PCIe x8 link at 0000:00:02.0 (capable of 252.048 Gb/s with 16.0 GT/s PCIe x16 link)
[    1.875401] usb 2-1: new high-speed USB device number 2 using ehci-pci
[    1.879249] usb 3-9: new high-speed USB device number 2 using xhci_hcd
[    1.913138] AVX2 version of gcm_enc/dec engaged.
[    1.913139] AES CTR mode by8 optimization enabled
[    1.927336] mlx5_core 0000:02:00.0: handle_hca_cap:704:(pid 7): log_max_qp value in current profile is 18, changing it to HCA capability limit (17)
[    1.950989] igb 0000:01:00.0: added PHC on eth0
[    1.950990] igb 0000:01:00.0: Intel(R) Gigabit Ethernet Network Connection
[    1.950992] igb 0000:01:00.0: eth0: (PCIe:5.0Gb/s:Width x4) a4:bf:01:6e:28:a6
[    1.951112] igb 0000:01:00.0: eth0: PBA No: 006100-000
[    1.951113] igb 0000:01:00.0: Using MSI-X interrupts. 8 rx queue(s), 8 tx queue(s)
[    2.011637] usb 1-1: New USB device found, idVendor=8087, idProduct=800a, bcdDevice= 0.05
[    2.011639] usb 1-1: New USB device strings: Mfr=0, Product=0, SerialNumber=0
[    2.011872] hub 1-1:1.0: USB hub found
[    2.011974] hub 1-1:1.0: 6 ports detected
[    2.014944] igb 0000:01:00.1: added PHC on eth1
[    2.014945] igb 0000:01:00.1: Intel(R) Gigabit Ethernet Network Connection
[    2.014946] igb 0000:01:00.1: eth1: (PCIe:5.0Gb/s:Width x4) a4:bf:01:6e:28:a7
[    2.015067] igb 0000:01:00.1: eth1: PBA No: 006100-000
[    2.015068] igb 0000:01:00.1: Using MSI-X interrupts. 8 rx queue(s), 8 tx queue(s)
[    2.031602] usb 2-1: New USB device found, idVendor=8087, idProduct=8002, bcdDevice= 0.05
[    2.031604] usb 2-1: New USB device strings: Mfr=0, Product=0, SerialNumber=0
[    2.031743] hub 2-1:1.0: USB hub found
[    2.031851] hub 2-1:1.0: 8 ports detected
[    2.047382] usb 3-9: New USB device found, idVendor=0409, idProduct=005a, bcdDevice= 1.00
[    2.047384] usb 3-9: New USB device strings: Mfr=0, Product=0, SerialNumber=0
[    2.047698] hub 3-9:1.0: USB hub found
[    2.047734] hub 3-9:1.0: 4 ports detected
[    2.170754] mlx5_core 0000:02:00.0: Rate limit: 127 rates are supported, range: 0Mbps to 97656Mbps
[    2.172175] mlx5_core 0000:02:00.0: E-Switch: total vports 50, per vport: max uc(128) max mc(2048)
[    2.175235] usb 3-14: new full-speed USB device number 3 using xhci_hcd
[    2.177317] mlx5_core 0000:02:00.0: Port module event: module 0, Cable plugged
[    2.177688] mlx5_core 0000:02:00.0: mlx5_pcie_event:299:(pid 473): Detected insufficient power on the PCIe slot (27W).
[    2.177952] igb 0000:01:00.0 ens11f0: renamed from eth0
[    2.178047] ata5: SATA link up 6.0 Gbps (SStatus 133 SControl 300)
[    2.178795] ata5.00: supports DRM functions and may not be fully accessible
[    2.178814] ata5.00: ATA-10: CT500MX500SSD1, M3CR033, max UDMA/133
[    2.178815] ata5.00: 976773168 sectors, multi 1: LBA48 NCQ (depth 32), AA
[    2.179378] ata5.00: supports DRM functions and may not be fully accessible
[    2.179862] ata5.00: configured for UDMA/133
[    2.180085] scsi 4:0:0:0: Direct-Access     ATA      CT500MX500SSD1   033  PQ: 0 ANSI: 5
[    2.180331] sd 4:0:0:0: Attached scsi generic sg0 type 0
[    2.180342] sd 4:0:0:0: [sda] 976773168 512-byte logical blocks: (500 GB/466 GiB)
[    2.180344] sd 4:0:0:0: [sda] 4096-byte physical blocks
[    2.180350] sd 4:0:0:0: [sda] Write Protect is off
[    2.180351] sd 4:0:0:0: [sda] Mode Sense: 00 3a 00 00
[    2.180359] sd 4:0:0:0: [sda] Write cache: enabled, read cache: enabled, doesn't support DPO or FUA
[    2.213169] mlx5_core 0000:02:00.1: firmware version: 24.33.1048
[    2.213204] mlx5_core 0000:02:00.1: 63.008 Gb/s available PCIe bandwidth, limited by 8.0 GT/s PCIe x8 link at 0000:00:02.0 (capable of 252.048 Gb/s with 16.0 GT/s PCIe x16 link)
[    2.215921]  sda: sda1 sda2 sda3
[    2.222803] mlx5_core 0000:02:00.1: handle_hca_cap:704:(pid 7): log_max_qp value in current profile is 18, changing it to HCA capability limit (17)
[    2.331480] sd 4:0:0:0: [sda] supports TCG Opal
[    2.331481] sd 4:0:0:0: [sda] Attached SCSI disk
[    2.332984] igb 0000:01:00.1 ens11f1: renamed from eth1
[    2.343800] usb 3-14: New USB device found, idVendor=046b, idProduct=ff10, bcdDevice= 1.00
[    2.343802] usb 3-14: New USB device strings: Mfr=1, Product=2, SerialNumber=3
[    2.343803] usb 3-14: Product: Virtual Keyboard and Mouse
[    2.343804] usb 3-14: Manufacturer: American Megatrends Inc.
[    2.343805] usb 3-14: SerialNumber: serial
[    2.344414] mgag200 0000:05:00.0: remove_conflicting_pci_framebuffers: bar 0: 0xfa000000 -> 0xfaffffff
[    2.344415] mgag200 0000:05:00.0: remove_conflicting_pci_framebuffers: bar 1: 0xfb810000 -> 0xfb813fff
[    2.344416] mgag200 0000:05:00.0: remove_conflicting_pci_framebuffers: bar 2: 0xfb000000 -> 0xfb7fffff
[    2.344419] checking generic (fa000000 300000) vs hw (fa000000 1000000)
[    2.344419] fb0: switching to mgag200drmfb from VESA VGA
[    2.344516] mgag200 0000:05:00.0: vgaarb: deactivate vga console
[    2.348280] hidraw: raw HID events driver (C) Jiri Kosina
[    2.350698] usbcore: registered new interface driver usbhid
[    2.350698] usbhid: USB HID core driver
[    2.352653] input: American Megatrends Inc. Virtual Keyboard and Mouse as /devices/pci0000:00/0000:00:14.0/usb3/3-14/3-14:1.0/0003:046B:FF10.0001/input/input2
[    2.352715] hid-generic 0003:046B:FF10.0001: input,hidraw0: USB HID v1.10 Keyboard [American Megatrends Inc. Virtual Keyboard and Mouse] on usb-0000:00:14.0-14/input0
[    2.352807] input: American Megatrends Inc. Virtual Keyboard and Mouse as /devices/pci0000:00/0000:00:14.0/usb3/3-14/3-14:1.1/0003:046B:FF10.0002/input/input3
[    2.352866] hid-generic 0003:046B:FF10.0002: input,hidraw1: USB HID v1.10 Mouse [American Megatrends Inc. Virtual Keyboard and Mouse] on usb-0000:00:14.0-14/input1
[    2.352945] [TTM] Zone  kernel: Available graphics memory: 16382418 KiB
[    2.352946] [TTM] Zone   dma32: Available graphics memory: 2097152 KiB
[    2.352946] [TTM] Initializing pool allocator
[    2.352949] [TTM] Initializing DMA pool allocator
[    2.375303] tsc: Refined TSC clocksource calibration: 2194.917 MHz
[    2.375314] clocksource: tsc: mask: 0xffffffffffffffff max_cycles: 0x1fa37107ca2, max_idle_ns: 440795258165 ns
[    2.375404] clocksource: Switched to clocksource tsc
[    2.403287] usb 3-9.4: new full-speed USB device number 4 using xhci_hcd
[    2.415440] fbcon: mgag200drmfb (fb0) is primary device
[    2.415441] fbcon: Deferring console take-over
[    2.415442] mgag200 0000:05:00.0: fb0: mgag200drmfb frame buffer device
[    2.453847] mlx5_core 0000:02:00.1: Rate limit: 127 rates are supported, range: 0Mbps to 97656Mbps
[    2.455358] mlx5_core 0000:02:00.1: E-Switch: total vports 50, per vport: max uc(128) max mc(2048)
[    2.459116] mlx5_core 0000:02:00.1: Port module event: module 1, Cable unplugged
[    2.459315] mlx5_core 0000:02:00.1: mlx5_pcie_event:299:(pid 8): Detected insufficient power on the PCIe slot (27W).
[    2.467286] [drm] Initialized mgag200 1.0.0 20110418 for 0000:05:00.0 on minor 0
[    2.492871] mlx5_core 0000:02:00.0: MLX5E: StrdRq(1) RqSz(8) StrdSz(2048) RxCqeCmprss(0)
[    2.503743] usb 3-9.4: New USB device found, idVendor=0557, idProduct=8021, bcdDevice= 1.00
[    2.503745] usb 3-9.4: New USB device strings: Mfr=0, Product=0, SerialNumber=0
[    2.506074] hub 3-9.4:1.0: USB hub found
[    2.506198] hub 3-9.4:1.0: 4 ports detected
[    2.731834] mlx5_core 0000:02:00.0: Supported tc offload range - chains: 1, prios: 16
[    2.731839] mlx5_core 0000:02:00.0: mlx5_post_action_init:41:(pid 447): firmware level support is missing
[    2.743068] mlx5_core 0000:02:00.1: MLX5E: StrdRq(1) RqSz(8) StrdSz(2048) RxCqeCmprss(0)
[    2.791291] usb 3-9.4.1: new low-speed USB device number 5 using xhci_hcd
[    2.916792] usb 3-9.4.1: New USB device found, idVendor=1c4f, idProduct=0002, bcdDevice= 3.30
[    2.916793] usb 3-9.4.1: New USB device strings: Mfr=1, Product=2, SerialNumber=0
[    2.916794] usb 3-9.4.1: Product: USB Keyboard
[    2.916795] usb 3-9.4.1: Manufacturer: SIGMACHIP
[    2.932488] input: SIGMACHIP USB Keyboard as /devices/pci0000:00/0000:00:14.0/usb3/3-9/3-9.4/3-9.4.1/3-9.4.1:1.0/0003:1C4F:0002.0003/input/input4
[    2.971604] mlx5_core 0000:02:00.1: Supported tc offload range - chains: 1, prios: 16
[    2.971609] mlx5_core 0000:02:00.1: mlx5_post_action_init:41:(pid 447): firmware level support is missing
[    2.984155] mlx5_core 0000:02:00.1 enp2s0f1np1: renamed from eth1
[    2.991423] hid-generic 0003:1C4F:0002.0003: input,hidraw2: USB HID v1.10 Keyboard [SIGMACHIP USB Keyboard] on usb-0000:00:14.0-9.4.1/input0
[    3.000893] input: SIGMACHIP USB Keyboard Consumer Control as /devices/pci0000:00/0000:00:14.0/usb3/3-9/3-9.4/3-9.4.1/3-9.4.1:1.1/0003:1C4F:0002.0004/input/input5
[    3.011981] mlx5_core 0000:02:00.0 enp2s0f0np0: renamed from eth0
[    3.059374] input: SIGMACHIP USB Keyboard System Control as /devices/pci0000:00/0000:00:14.0/usb3/3-9/3-9.4/3-9.4.1/3-9.4.1:1.1/0003:1C4F:0002.0004/input/input6
[    3.059423] hid-generic 0003:1C4F:0002.0004: input,hidraw3: USB HID v1.10 Device [SIGMACHIP USB Keyboard] on usb-0000:00:14.0-9.4.1/input1
[    3.068005] input: SIGMACHIP USB Keyboard as /devices/pci0000:00/0000:00:14.0/usb3/3-9/3-9.4/3-9.4.1/3-9.4.1:1.2/0003:1C4F:0002.0005/input/input7
[    3.068438] hid-generic 0003:1C4F:0002.0005: input,hidraw4: USB HID v1.10 Mouse [SIGMACHIP USB Keyboard] on usb-0000:00:14.0-9.4.1/input2
[    3.179231] raid6: avx2x4   gen() 30473 MB/s
[    3.227232] raid6: avx2x4   xor() 11172 MB/s
[    3.275230] raid6: avx2x2   gen() 26520 MB/s
[    3.323230] raid6: avx2x2   xor() 16018 MB/s
[    3.371232] raid6: avx2x1   gen() 22390 MB/s
[    3.419231] raid6: avx2x1   xor() 15107 MB/s
[    3.467231] raid6: sse2x4   gen() 16881 MB/s
[    3.515233] raid6: sse2x4   xor() 10073 MB/s
[    3.563234] raid6: sse2x2   gen() 13832 MB/s
[    3.611231] raid6: sse2x2   xor()  9045 MB/s
[    3.659232] raid6: sse2x1   gen() 12040 MB/s
[    3.707231] raid6: sse2x1   xor()  8286 MB/s
[    3.707232] raid6: using algorithm avx2x4 gen() 30473 MB/s
[    3.707232] raid6: .... xor() 11172 MB/s, rmw enabled
[    3.707233] raid6: using avx2x2 recovery algorithm
[    3.708127] xor: automatically using best checksumming function   avx       
[    3.709019] async_tx: api initialized (async)
[    3.799604] Btrfs loaded, crc32c=crc32c-intel
[    3.885523] EXT4-fs (sda3): mounted filesystem with ordered data mode. Opts: (null)
[    4.215611] systemd[1]: Inserted module 'autofs4'
[    4.233961] systemd[1]: systemd 245.4-4ubuntu3.17 running in system mode. (+PAM +AUDIT +SELINUX +IMA +APPARMOR +SMACK +SYSVINIT +UTMP +LIBCRYPTSETUP +GCRYPT +GNUTLS +ACL +XZ +LZ4 +SECCOMP +BLKID +ELFUTILS +KMOD +IDN2 -IDN +PCRE2 default-hierarchy=hybrid)
[    4.255394] systemd[1]: Detected architecture x86-64.
[    4.280726] systemd[1]: Set hostname to <axdimm.ittc.ku.edu>.
[    4.489858] systemd[1]: Created slice system-modprobe.slice.
[    4.490251] systemd[1]: Created slice system-postfix.slice.
[    4.490474] systemd[1]: Created slice system-systemd\x2dfsck.slice.
[    4.490713] systemd[1]: Created slice User and Session Slice.
[    4.490758] systemd[1]: Started Forward Password Requests to Wall Directory Watch.
[    4.490951] systemd[1]: Set up automount Arbitrary Executable File Formats File System Automount Point.
[    4.490992] systemd[1]: Reached target Slices.
[    4.491049] systemd[1]: Listening on Device-mapper event daemon FIFOs.
[    4.491115] systemd[1]: Listening on LVM2 poll daemon socket.
[    4.493995] systemd[1]: Listening on RPCbind Server Activation Socket.
[    4.494118] systemd[1]: Listening on Syslog Socket.
[    4.494191] systemd[1]: Listening on fsck to fsckd communication Socket.
[    4.494234] systemd[1]: Listening on initctl Compatibility Named Pipe.
[    4.494375] systemd[1]: Listening on Journal Audit Socket.
[    4.494438] systemd[1]: Listening on Journal Socket (/dev/log).
[    4.494519] systemd[1]: Listening on Journal Socket.
[    4.494604] systemd[1]: Listening on udev Control Socket.
[    4.494662] systemd[1]: Listening on udev Kernel Socket.
[    4.495487] systemd[1]: Mounting Huge Pages File System...
[    4.496227] systemd[1]: Mounting POSIX Message Queue File System...
[    4.497029] systemd[1]: Mounting RPC Pipe File System...
[    4.498060] systemd[1]: Mounting Kernel Debug File System...
[    4.499043] systemd[1]: Mounting Kernel Trace File System...
[    4.500543] systemd[1]: Starting Journal Service...
[    4.501538] systemd[1]: Starting Availability of block devices...
[    4.502614] systemd[1]: Starting Set the console keyboard layout...
[    4.503923] systemd[1]: Starting Create list of static device nodes for the current kernel...
[    4.505295] systemd[1]: Starting Monitoring of LVM2 mirrors, snapshots etc. using dmeventd or progress polling...
[    4.505361] systemd[1]: Condition check resulted in Load Kernel Module drm being skipped.
[    4.507561] systemd[1]: Condition check resulted in Set Up Additional Binary Formats being skipped.
[    4.507580] systemd[1]: Condition check resulted in File System Check on Root Device being skipped.
[    4.510219] systemd[1]: Starting Load Kernel Modules...
[    4.510998] systemd[1]: Starting Remount Root and Kernel File Systems...
[    4.512375] systemd[1]: Starting udev Coldplug all Devices...
[    4.513953] systemd[1]: Mounted Huge Pages File System.
[    4.514112] systemd[1]: Mounted POSIX Message Queue File System.
[    4.514259] systemd[1]: Mounted Kernel Debug File System.
[    4.514401] systemd[1]: Mounted Kernel Trace File System.
[    4.514834] systemd[1]: Finished Availability of block devices.
[    4.515403] systemd[1]: Finished Create list of static device nodes for the current kernel.
[    4.517753] RPC: Registered named UNIX socket transport module.
[    4.517753] RPC: Registered udp transport module.
[    4.517754] RPC: Registered tcp transport module.
[    4.517754] RPC: Registered tcp NFSv4.1 backchannel transport module.
[    4.518731] systemd[1]: Mounted RPC Pipe File System.
[    4.522933] EXT4-fs (sda3): re-mounted. Opts: errors=remount-ro
[    4.524116] systemd[1]: Finished Remount Root and Kernel File Systems.
[    4.524950] systemd[1]: Condition check resulted in Rebuild Hardware Database being skipped.
[    4.524977] systemd[1]: Condition check resulted in Platform Persistent Storage Archival being skipped.
[    4.525664] systemd[1]: Starting Load/Save Random Seed...
[    4.526524] systemd[1]: Starting Create System Users...
[    4.532550] lp: driver loaded but no devices found
[    4.536490] systemd[1]: Finished Load/Save Random Seed.
[    4.537994] ppdev: user-space parallel port driver
[    4.544176] systemd[1]: Finished Create System Users.
[    4.545090] systemd[1]: Starting Create Static Device Nodes in /dev...
[    4.549685] IPMI message handler: version 39.2
[    4.551274] ipmi device interface
[    4.553007] knem 1.1.4.90mlnx1: initialized
[    4.553867] systemd[1]: Finished Load Kernel Modules.
[    4.555072] systemd[1]: Mounting FUSE Control File System...
[    4.556176] systemd[1]: Mounting Kernel Configuration File System...
[    4.557198] systemd[1]: Starting Apply Kernel Variables...
[    4.558614] systemd[1]: Finished Create Static Device Nodes in /dev.
[    4.559356] systemd[1]: Mounted FUSE Control File System.
[    4.559486] systemd[1]: Mounted Kernel Configuration File System.
[    4.560480] systemd[1]: Starting udev Kernel Device Manager...
[    4.565838] systemd[1]: Finished Set the console keyboard layout.
[    4.570762] systemd[1]: Finished Apply Kernel Variables.
[    4.597001] systemd[1]: Started Journal Service.
[    4.602083] systemd-journald[726]: Received client request to flush runtime journal.
[    4.890112] ipmi_si: IPMI System Interface driver
[    4.890390] ipmi_si dmi-ipmi-si.0: ipmi_platform: probing via SMBIOS
[    4.890400] ipmi_platform: ipmi_si: SMBIOS: io 0xca2 regsize 1 spacing 1 irq 0
[    4.890405] ipmi_si: Adding SMBIOS-specified kcs state machine
[    4.891353] ipmi_si IPI0001:00: ipmi_platform: probing via ACPI
[    4.891846] ipmi_si IPI0001:00: ipmi_platform: [io  0x0ca2] regsize 1 spacing 1 irq 0
[    4.891848] ipmi_si dmi-ipmi-si.0: Removing SMBIOS-specified kcs state machine in favor of ACPI
[    4.891849] ipmi_si: Adding ACPI-specified kcs state machine
[    4.892228] ipmi_si: Trying ACPI-specified kcs state machine at i/o address 0xca2, slave address 0x20, irq 0
[    4.980317] power_meter ACPI000D:00: Found ACPI power meter.
[    4.980626] power_meter ACPI000D:00: Ignoring unsafe software power cap!
[    4.980818] power_meter ACPI000D:00: hwmon_device_register() is deprecated. Please convert the driver to use hwmon_device_register_with_info().
[    5.013976] mei_me 0000:00:16.0: Device doesn't have valid ME Interface
[    5.083658] nd_pmem namespace0.0: unable to guarantee persistence of writes
[    5.091900] RAPL PMU: API unit is 2^-32 Joules, 2 fixed counters, 655360 ms ovfl timer
[    5.091901] RAPL PMU: hw unit of domain package 2^-14 Joules
[    5.091901] RAPL PMU: hw unit of domain dram 2^-16 Joules
[    5.234209] mlx5_core 0000:02:00.1 enp2s0f1: renamed from enp2s0f1np1
[    5.265086] ipmi_si IPI0001:00: IPMI message handler: Found new BMC (man_id: 0x000157, prod_id: 0x0071, dev_id: 0x21)
[    5.320937] ipmi_si IPI0001:00: IPMI kcs interface initialized
[    5.324768] ipmi_ssif: IPMI SSIF Interface driver
[    5.363888] mlx5_core 0000:02:00.0 enp2s0f0: renamed from enp2s0f0np0
[    5.367549] Adding 524284k swap on /dev/sda2.  Priority:-2 extents:1 across:524284k SSFS
[    5.445587] EXT4-fs (sda1): mounted filesystem with ordered data mode. Opts: (null)
[    5.445612] ext4 filesystem being mounted at /boot supports timestamps until 2038 (0x7fffffff)
[    5.456592] EDAC sbridge: Seeking for: PCI ID 8086:6fa0
[    5.456755] EDAC sbridge: Seeking for: PCI ID 8086:6fa0
[    5.456915] EDAC sbridge: Seeking for: PCI ID 8086:6f60
[    5.456928] EDAC sbridge: Seeking for: PCI ID 8086:6f60
[    5.456939] EDAC sbridge: Seeking for: PCI ID 8086:6fa8
[    5.456959] EDAC sbridge: Seeking for: PCI ID 8086:6fa8
[    5.456965] EDAC sbridge: Seeking for: PCI ID 8086:6f71
[    5.456991] EDAC sbridge: Seeking for: PCI ID 8086:6f71
[    5.456997] EDAC sbridge: Seeking for: PCI ID 8086:6faa
[    5.457006] EDAC sbridge: Seeking for: PCI ID 8086:6faa
[    5.457012] EDAC sbridge: Seeking for: PCI ID 8086:6fab
[    5.457022] EDAC sbridge: Seeking for: PCI ID 8086:6fab
[    5.457035] EDAC sbridge: Seeking for: PCI ID 8086:6fac
[    5.457045] EDAC sbridge: Seeking for: PCI ID 8086:6fad
[    5.457056] EDAC sbridge: Seeking for: PCI ID 8086:6f68
[    5.457073] EDAC sbridge: Seeking for: PCI ID 8086:6f68
[    5.457078] EDAC sbridge: Seeking for: PCI ID 8086:6f79
[    5.457086] EDAC sbridge: Seeking for: PCI ID 8086:6f79
[    5.457090] EDAC sbridge: Seeking for: PCI ID 8086:6f6a
[    5.457104] EDAC sbridge: Seeking for: PCI ID 8086:6f6a
[    5.457110] EDAC sbridge: Seeking for: PCI ID 8086:6f6b
[    5.457120] EDAC sbridge: Seeking for: PCI ID 8086:6f6b
[    5.457125] EDAC sbridge: Seeking for: PCI ID 8086:6f6c
[    5.457133] EDAC sbridge: Seeking for: PCI ID 8086:6f6d
[    5.457142] EDAC sbridge: Seeking for: PCI ID 8086:6ffc
[    5.457147] EDAC sbridge: Seeking for: PCI ID 8086:6ffc
[    5.457158] EDAC sbridge: Seeking for: PCI ID 8086:6ffd
[    5.457170] EDAC sbridge: Seeking for: PCI ID 8086:6ffd
[    5.457181] EDAC sbridge: Seeking for: PCI ID 8086:6faf
[    5.457192] EDAC sbridge: Seeking for: PCI ID 8086:6faf
[    5.457404] EDAC sbridge: CPU SrcID #0, Ha #0, Channel #0 has DIMMs, but ECC is disabled
[    5.457424] EDAC sbridge: Couldn't find mci handler
[    5.457425] EDAC sbridge: Couldn't find mci handler
[    5.457427] EDAC sbridge: Failed to register device with error -19.
[    5.701624] EDAC sbridge: Seeking for: PCI ID 8086:6fa0
[    5.701734] EDAC sbridge: Seeking for: PCI ID 8086:6fa0
[    5.701855] EDAC sbridge: Seeking for: PCI ID 8086:6f60
[    5.701864] EDAC sbridge: Seeking for: PCI ID 8086:6f60
[    5.701869] EDAC sbridge: Seeking for: PCI ID 8086:6fa8
[    5.701875] EDAC sbridge: Seeking for: PCI ID 8086:6fa8
[    5.701880] EDAC sbridge: Seeking for: PCI ID 8086:6f71
[    5.701884] EDAC sbridge: Seeking for: PCI ID 8086:6f71
[    5.701893] EDAC sbridge: Seeking for: PCI ID 8086:6faa
[    5.701898] EDAC sbridge: Seeking for: PCI ID 8086:6faa
[    5.701902] EDAC sbridge: Seeking for: PCI ID 8086:6fab
[    5.701913] EDAC sbridge: Seeking for: PCI ID 8086:6fab
[    5.701918] EDAC sbridge: Seeking for: PCI ID 8086:6fac
[    5.701925] EDAC sbridge: Seeking for: PCI ID 8086:6fad
[    5.701933] EDAC sbridge: Seeking for: PCI ID 8086:6f68
[    5.701946] EDAC sbridge: Seeking for: PCI ID 8086:6f68
[    5.701950] EDAC sbridge: Seeking for: PCI ID 8086:6f79
[    5.701957] EDAC sbridge: Seeking for: PCI ID 8086:6f79
[    5.701960] EDAC sbridge: Seeking for: PCI ID 8086:6f6a
[    5.701982] EDAC sbridge: Seeking for: PCI ID 8086:6f6a
[    5.701986] EDAC sbridge: Seeking for: PCI ID 8086:6f6b
[    5.701993] EDAC sbridge: Seeking for: PCI ID 8086:6f6b
[    5.701996] EDAC sbridge: Seeking for: PCI ID 8086:6f6c
[    5.702004] EDAC sbridge: Seeking for: PCI ID 8086:6f6d
[    5.702012] EDAC sbridge: Seeking for: PCI ID 8086:6ffc
[    5.702016] EDAC sbridge: Seeking for: PCI ID 8086:6ffc
[    5.702022] EDAC sbridge: Seeking for: PCI ID 8086:6ffd
[    5.702026] EDAC sbridge: Seeking for: PCI ID 8086:6ffd
[    5.702032] EDAC sbridge: Seeking for: PCI ID 8086:6faf
[    5.702038] EDAC sbridge: Seeking for: PCI ID 8086:6faf
[    5.702142] EDAC sbridge: CPU SrcID #0, Ha #0, Channel #0 has DIMMs, but ECC is disabled
[    5.702151] EDAC sbridge: Couldn't find mci handler
[    5.702152] EDAC sbridge: Couldn't find mci handler
[    5.702153] EDAC sbridge: Failed to register device with error -19.
[    5.721397] intel_rapl_common: Found RAPL domain package
[    5.721435] intel_rapl_common: Found RAPL domain dram
[    5.721437] intel_rapl_common: DRAM domain energy unit 15300pj
[    5.794498] EDAC sbridge: Seeking for: PCI ID 8086:6fa0
[    5.794823] EDAC sbridge: Seeking for: PCI ID 8086:6fa0
[    5.795156] EDAC sbridge: Seeking for: PCI ID 8086:6f60
[    5.795165] EDAC sbridge: Seeking for: PCI ID 8086:6f60
[    5.795172] EDAC sbridge: Seeking for: PCI ID 8086:6fa8
[    5.795180] EDAC sbridge: Seeking for: PCI ID 8086:6fa8
[    5.795186] EDAC sbridge: Seeking for: PCI ID 8086:6f71
[    5.795199] EDAC sbridge: Seeking for: PCI ID 8086:6f71
[    5.795206] EDAC sbridge: Seeking for: PCI ID 8086:6faa
[    5.795214] EDAC sbridge: Seeking for: PCI ID 8086:6faa
[    5.795220] EDAC sbridge: Seeking for: PCI ID 8086:6fab
[    5.795627] EDAC sbridge: Seeking for: PCI ID 8086:6fab
[    5.795633] EDAC sbridge: Seeking for: PCI ID 8086:6fac
[    5.795642] EDAC sbridge: Seeking for: PCI ID 8086:6fad
[    5.795651] EDAC sbridge: Seeking for: PCI ID 8086:6f68
[    5.795666] EDAC sbridge: Seeking for: PCI ID 8086:6f68
[    5.795674] EDAC sbridge: Seeking for: PCI ID 8086:6f79
[    5.795685] EDAC sbridge: Seeking for: PCI ID 8086:6f79
[    5.795690] EDAC sbridge: Seeking for: PCI ID 8086:6f6a
[    5.795700] EDAC sbridge: Seeking for: PCI ID 8086:6f6a
[    5.795705] EDAC sbridge: Seeking for: PCI ID 8086:6f6b
[    5.795716] EDAC sbridge: Seeking for: PCI ID 8086:6f6b
[    5.795722] EDAC sbridge: Seeking for: PCI ID 8086:6f6c
[    5.795734] EDAC sbridge: Seeking for: PCI ID 8086:6f6d
[    5.795744] EDAC sbridge: Seeking for: PCI ID 8086:6ffc
[    5.795753] EDAC sbridge: Seeking for: PCI ID 8086:6ffc
[    5.795761] EDAC sbridge: Seeking for: PCI ID 8086:6ffd
[    5.795769] EDAC sbridge: Seeking for: PCI ID 8086:6ffd
[    5.795776] EDAC sbridge: Seeking for: PCI ID 8086:6faf
[    5.795783] EDAC sbridge: Seeking for: PCI ID 8086:6faf
[    5.796037] EDAC sbridge: CPU SrcID #0, Ha #0, Channel #0 has DIMMs, but ECC is disabled
[    5.796061] EDAC sbridge: Couldn't find mci handler
[    5.796062] EDAC sbridge: Couldn't find mci handler
[    5.796067] EDAC sbridge: Failed to register device with error -19.
[    6.034249] memmap_init_zone_device initialised 8388608 pages in 632ms
[    6.036183] pmem0: detected capacity change from 0 to 34359738368
[    6.052228] EDAC sbridge: Seeking for: PCI ID 8086:6fa0
[    6.052291] EDAC sbridge: Seeking for: PCI ID 8086:6fa0
[    6.052389] EDAC sbridge: Seeking for: PCI ID 8086:6f60
[    6.052395] EDAC sbridge: Seeking for: PCI ID 8086:6f60
[    6.052401] EDAC sbridge: Seeking for: PCI ID 8086:6fa8
[    6.052406] EDAC sbridge: Seeking for: PCI ID 8086:6fa8
[    6.052411] EDAC sbridge: Seeking for: PCI ID 8086:6f71
[    6.052416] EDAC sbridge: Seeking for: PCI ID 8086:6f71
[    6.052421] EDAC sbridge: Seeking for: PCI ID 8086:6faa
[    6.052427] EDAC sbridge: Seeking for: PCI ID 8086:6faa
[    6.052432] EDAC sbridge: Seeking for: PCI ID 8086:6fab
[    6.052437] EDAC sbridge: Seeking for: PCI ID 8086:6fab
[    6.052443] EDAC sbridge: Seeking for: PCI ID 8086:6fac
[    6.052451] EDAC sbridge: Seeking for: PCI ID 8086:6fad
[    6.052459] EDAC sbridge: Seeking for: PCI ID 8086:6f68
[    6.052466] EDAC sbridge: Seeking for: PCI ID 8086:6f68
[    6.052471] EDAC sbridge: Seeking for: PCI ID 8086:6f79
[    6.052477] EDAC sbridge: Seeking for: PCI ID 8086:6f79
[    6.052481] EDAC sbridge: Seeking for: PCI ID 8086:6f6a
[    6.052488] EDAC sbridge: Seeking for: PCI ID 8086:6f6a
[    6.052492] EDAC sbridge: Seeking for: PCI ID 8086:6f6b
[    6.052498] EDAC sbridge: Seeking for: PCI ID 8086:6f6b
[    6.052502] EDAC sbridge: Seeking for: PCI ID 8086:6f6c
[    6.052511] EDAC sbridge: Seeking for: PCI ID 8086:6f6d
[    6.052520] EDAC sbridge: Seeking for: PCI ID 8086:6ffc
[    6.052524] EDAC sbridge: Seeking for: PCI ID 8086:6ffc
[    6.052530] EDAC sbridge: Seeking for: PCI ID 8086:6ffd
[    6.052534] EDAC sbridge: Seeking for: PCI ID 8086:6ffd
[    6.052541] EDAC sbridge: Seeking for: PCI ID 8086:6faf
[    6.052546] EDAC sbridge: Seeking for: PCI ID 8086:6faf
[    6.052585] EDAC sbridge: CPU SrcID #0, Ha #0, Channel #0 has DIMMs, but ECC is disabled
[    6.052591] EDAC sbridge: Couldn't find mci handler
[    6.052592] EDAC sbridge: Couldn't find mci handler
[    6.052594] EDAC sbridge: Failed to register device with error -19.
[    6.148453] EDAC sbridge: Seeking for: PCI ID 8086:6fa0
[    6.148481] EDAC sbridge: Seeking for: PCI ID 8086:6fa0
[    6.148514] EDAC sbridge: Seeking for: PCI ID 8086:6f60
[    6.148519] EDAC sbridge: Seeking for: PCI ID 8086:6f60
[    6.148523] EDAC sbridge: Seeking for: PCI ID 8086:6fa8
[    6.148528] EDAC sbridge: Seeking for: PCI ID 8086:6fa8
[    6.148532] EDAC sbridge: Seeking for: PCI ID 8086:6f71
[    6.148537] EDAC sbridge: Seeking for: PCI ID 8086:6f71
[    6.148542] EDAC sbridge: Seeking for: PCI ID 8086:6faa
[    6.148547] EDAC sbridge: Seeking for: PCI ID 8086:6faa
[    6.148551] EDAC sbridge: Seeking for: PCI ID 8086:6fab
[    6.148559] EDAC sbridge: Seeking for: PCI ID 8086:6fab
[    6.148564] EDAC sbridge: Seeking for: PCI ID 8086:6fac
[    6.148571] EDAC sbridge: Seeking for: PCI ID 8086:6fad
[    6.148578] EDAC sbridge: Seeking for: PCI ID 8086:6f68
[    6.148584] EDAC sbridge: Seeking for: PCI ID 8086:6f68
[    6.148587] EDAC sbridge: Seeking for: PCI ID 8086:6f79
[    6.148593] EDAC sbridge: Seeking for: PCI ID 8086:6f79
[    6.148596] EDAC sbridge: Seeking for: PCI ID 8086:6f6a
[    6.148602] EDAC sbridge: Seeking for: PCI ID 8086:6f6a
[    6.148606] EDAC sbridge: Seeking for: PCI ID 8086:6f6b
[    6.148622] EDAC sbridge: Seeking for: PCI ID 8086:6f6b
[    6.148625] EDAC sbridge: Seeking for: PCI ID 8086:6f6c
[    6.148637] EDAC sbridge: Seeking for: PCI ID 8086:6f6d
[    6.148648] EDAC sbridge: Seeking for: PCI ID 8086:6ffc
[    6.148652] EDAC sbridge: Seeking for: PCI ID 8086:6ffc
[    6.148659] EDAC sbridge: Seeking for: PCI ID 8086:6ffd
[    6.148663] EDAC sbridge: Seeking for: PCI ID 8086:6ffd
[    6.148669] EDAC sbridge: Seeking for: PCI ID 8086:6faf
[    6.148674] EDAC sbridge: Seeking for: PCI ID 8086:6faf
[    6.148749] EDAC sbridge: CPU SrcID #0, Ha #0, Channel #0 has DIMMs, but ECC is disabled
[    6.148757] EDAC sbridge: Couldn't find mci handler
[    6.148757] EDAC sbridge: Couldn't find mci handler
[    6.148759] EDAC sbridge: Failed to register device with error -19.
[    6.191659] EDAC sbridge: Seeking for: PCI ID 8086:6fa0
[    6.191668] EDAC sbridge: Seeking for: PCI ID 8086:6fa0
[    6.191681] EDAC sbridge: Seeking for: PCI ID 8086:6f60
[    6.191685] EDAC sbridge: Seeking for: PCI ID 8086:6f60
[    6.191690] EDAC sbridge: Seeking for: PCI ID 8086:6fa8
[    6.191694] EDAC sbridge: Seeking for: PCI ID 8086:6fa8
[    6.191699] EDAC sbridge: Seeking for: PCI ID 8086:6f71
[    6.191703] EDAC sbridge: Seeking for: PCI ID 8086:6f71
[    6.191707] EDAC sbridge: Seeking for: PCI ID 8086:6faa
[    6.191711] EDAC sbridge: Seeking for: PCI ID 8086:6faa
[    6.191716] EDAC sbridge: Seeking for: PCI ID 8086:6fab
[    6.191720] EDAC sbridge: Seeking for: PCI ID 8086:6fab
[    6.191724] EDAC sbridge: Seeking for: PCI ID 8086:6fac
[    6.191732] EDAC sbridge: Seeking for: PCI ID 8086:6fad
[    6.191739] EDAC sbridge: Seeking for: PCI ID 8086:6f68
[    6.191744] EDAC sbridge: Seeking for: PCI ID 8086:6f68
[    6.191748] EDAC sbridge: Seeking for: PCI ID 8086:6f79
[    6.191752] EDAC sbridge: Seeking for: PCI ID 8086:6f79
[    6.191756] EDAC sbridge: Seeking for: PCI ID 8086:6f6a
[    6.191761] EDAC sbridge: Seeking for: PCI ID 8086:6f6a
[    6.191764] EDAC sbridge: Seeking for: PCI ID 8086:6f6b
[    6.191769] EDAC sbridge: Seeking for: PCI ID 8086:6f6b
[    6.191773] EDAC sbridge: Seeking for: PCI ID 8086:6f6c
[    6.191780] EDAC sbridge: Seeking for: PCI ID 8086:6f6d
[    6.191787] EDAC sbridge: Seeking for: PCI ID 8086:6ffc
[    6.191790] EDAC sbridge: Seeking for: PCI ID 8086:6ffc
[    6.191796] EDAC sbridge: Seeking for: PCI ID 8086:6ffd
[    6.191799] EDAC sbridge: Seeking for: PCI ID 8086:6ffd
[    6.191804] EDAC sbridge: Seeking for: PCI ID 8086:6faf
[    6.191808] EDAC sbridge: Seeking for: PCI ID 8086:6faf
[    6.191835] EDAC sbridge: CPU SrcID #0, Ha #0, Channel #0 has DIMMs, but ECC is disabled
[    6.191841] EDAC sbridge: Couldn't find mci handler
[    6.191842] EDAC sbridge: Couldn't find mci handler
[    6.191844] EDAC sbridge: Failed to register device with error -19.
[    6.255772] EDAC sbridge: Seeking for: PCI ID 8086:6fa0
[    6.255781] EDAC sbridge: Seeking for: PCI ID 8086:6fa0
[    6.255797] EDAC sbridge: Seeking for: PCI ID 8086:6f60
[    6.255801] EDAC sbridge: Seeking for: PCI ID 8086:6f60
[    6.255806] EDAC sbridge: Seeking for: PCI ID 8086:6fa8
[    6.255810] EDAC sbridge: Seeking for: PCI ID 8086:6fa8
[    6.255815] EDAC sbridge: Seeking for: PCI ID 8086:6f71
[    6.255819] EDAC sbridge: Seeking for: PCI ID 8086:6f71
[    6.255823] EDAC sbridge: Seeking for: PCI ID 8086:6faa
[    6.255827] EDAC sbridge: Seeking for: PCI ID 8086:6faa
[    6.255832] EDAC sbridge: Seeking for: PCI ID 8086:6fab
[    6.255836] EDAC sbridge: Seeking for: PCI ID 8086:6fab
[    6.255841] EDAC sbridge: Seeking for: PCI ID 8086:6fac
[    6.255848] EDAC sbridge: Seeking for: PCI ID 8086:6fad
[    6.255855] EDAC sbridge: Seeking for: PCI ID 8086:6f68
[    6.255861] EDAC sbridge: Seeking for: PCI ID 8086:6f68
[    6.255864] EDAC sbridge: Seeking for: PCI ID 8086:6f79
[    6.255869] EDAC sbridge: Seeking for: PCI ID 8086:6f79
[    6.255873] EDAC sbridge: Seeking for: PCI ID 8086:6f6a
[    6.255878] EDAC sbridge: Seeking for: PCI ID 8086:6f6a
[    6.255882] EDAC sbridge: Seeking for: PCI ID 8086:6f6b
[    6.255887] EDAC sbridge: Seeking for: PCI ID 8086:6f6b
[    6.255890] EDAC sbridge: Seeking for: PCI ID 8086:6f6c
[    6.255898] EDAC sbridge: Seeking for: PCI ID 8086:6f6d
[    6.255905] EDAC sbridge: Seeking for: PCI ID 8086:6ffc
[    6.255908] EDAC sbridge: Seeking for: PCI ID 8086:6ffc
[    6.255914] EDAC sbridge: Seeking for: PCI ID 8086:6ffd
[    6.255917] EDAC sbridge: Seeking for: PCI ID 8086:6ffd
[    6.255922] EDAC sbridge: Seeking for: PCI ID 8086:6faf
[    6.255927] EDAC sbridge: Seeking for: PCI ID 8086:6faf
[    6.255967] EDAC sbridge: CPU SrcID #0, Ha #0, Channel #0 has DIMMs, but ECC is disabled
[    6.255971] EDAC sbridge: Couldn't find mci handler
[    6.255972] EDAC sbridge: Couldn't find mci handler
[    6.255973] EDAC sbridge: Failed to register device with error -19.
[    6.315724] EDAC sbridge: Seeking for: PCI ID 8086:6fa0
[    6.315733] EDAC sbridge: Seeking for: PCI ID 8086:6fa0
[    6.315741] EDAC sbridge: Seeking for: PCI ID 8086:6f60
[    6.315745] EDAC sbridge: Seeking for: PCI ID 8086:6f60
[    6.315750] EDAC sbridge: Seeking for: PCI ID 8086:6fa8
[    6.315754] EDAC sbridge: Seeking for: PCI ID 8086:6fa8
[    6.315759] EDAC sbridge: Seeking for: PCI ID 8086:6f71
[    6.315763] EDAC sbridge: Seeking for: PCI ID 8086:6f71
[    6.315767] EDAC sbridge: Seeking for: PCI ID 8086:6faa
[    6.315771] EDAC sbridge: Seeking for: PCI ID 8086:6faa
[    6.315776] EDAC sbridge: Seeking for: PCI ID 8086:6fab
[    6.315780] EDAC sbridge: Seeking for: PCI ID 8086:6fab
[    6.315784] EDAC sbridge: Seeking for: PCI ID 8086:6fac
[    6.315792] EDAC sbridge: Seeking for: PCI ID 8086:6fad
[    6.315799] EDAC sbridge: Seeking for: PCI ID 8086:6f68
[    6.315804] EDAC sbridge: Seeking for: PCI ID 8086:6f68
[    6.315807] EDAC sbridge: Seeking for: PCI ID 8086:6f79
[    6.315812] EDAC sbridge: Seeking for: PCI ID 8086:6f79
[    6.315816] EDAC sbridge: Seeking for: PCI ID 8086:6f6a
[    6.315821] EDAC sbridge: Seeking for: PCI ID 8086:6f6a
[    6.315824] EDAC sbridge: Seeking for: PCI ID 8086:6f6b
[    6.315829] EDAC sbridge: Seeking for: PCI ID 8086:6f6b
[    6.315833] EDAC sbridge: Seeking for: PCI ID 8086:6f6c
[    6.315840] EDAC sbridge: Seeking for: PCI ID 8086:6f6d
[    6.315847] EDAC sbridge: Seeking for: PCI ID 8086:6ffc
[    6.315851] EDAC sbridge: Seeking for: PCI ID 8086:6ffc
[    6.315856] EDAC sbridge: Seeking for: PCI ID 8086:6ffd
[    6.315859] EDAC sbridge: Seeking for: PCI ID 8086:6ffd
[    6.315864] EDAC sbridge: Seeking for: PCI ID 8086:6faf
[    6.315869] EDAC sbridge: Seeking for: PCI ID 8086:6faf
[    6.315919] EDAC sbridge: CPU SrcID #0, Ha #0, Channel #0 has DIMMs, but ECC is disabled
[    6.315923] EDAC sbridge: Couldn't find mci handler
[    6.315924] EDAC sbridge: Couldn't find mci handler
[    6.315925] EDAC sbridge: Failed to register device with error -19.
[    6.412533] EDAC sbridge: Seeking for: PCI ID 8086:6fa0
[    6.412602] EDAC sbridge: Seeking for: PCI ID 8086:6fa0
[    6.412689] EDAC sbridge: Seeking for: PCI ID 8086:6f60
[    6.412695] EDAC sbridge: Seeking for: PCI ID 8086:6f60
[    6.412699] EDAC sbridge: Seeking for: PCI ID 8086:6fa8
[    6.412704] EDAC sbridge: Seeking for: PCI ID 8086:6fa8
[    6.412709] EDAC sbridge: Seeking for: PCI ID 8086:6f71
[    6.412715] EDAC sbridge: Seeking for: PCI ID 8086:6f71
[    6.412720] EDAC sbridge: Seeking for: PCI ID 8086:6faa
[    6.412725] EDAC sbridge: Seeking for: PCI ID 8086:6faa
[    6.412729] EDAC sbridge: Seeking for: PCI ID 8086:6fab
[    6.412734] EDAC sbridge: Seeking for: PCI ID 8086:6fab
[    6.412738] EDAC sbridge: Seeking for: PCI ID 8086:6fac
[    6.412745] EDAC sbridge: Seeking for: PCI ID 8086:6fad
[    6.412753] EDAC sbridge: Seeking for: PCI ID 8086:6f68
[    6.412758] EDAC sbridge: Seeking for: PCI ID 8086:6f68
[    6.412761] EDAC sbridge: Seeking for: PCI ID 8086:6f79
[    6.412766] EDAC sbridge: Seeking for: PCI ID 8086:6f79
[    6.412770] EDAC sbridge: Seeking for: PCI ID 8086:6f6a
[    6.412775] EDAC sbridge: Seeking for: PCI ID 8086:6f6a
[    6.412779] EDAC sbridge: Seeking for: PCI ID 8086:6f6b
[    6.412784] EDAC sbridge: Seeking for: PCI ID 8086:6f6b
[    6.412787] EDAC sbridge: Seeking for: PCI ID 8086:6f6c
[    6.412794] EDAC sbridge: Seeking for: PCI ID 8086:6f6d
[    6.412802] EDAC sbridge: Seeking for: PCI ID 8086:6ffc
[    6.412805] EDAC sbridge: Seeking for: PCI ID 8086:6ffc
[    6.412811] EDAC sbridge: Seeking for: PCI ID 8086:6ffd
[    6.412816] EDAC sbridge: Seeking for: PCI ID 8086:6ffd
[    6.412821] EDAC sbridge: Seeking for: PCI ID 8086:6faf
[    6.412827] EDAC sbridge: Seeking for: PCI ID 8086:6faf
[    6.412900] EDAC sbridge: CPU SrcID #0, Ha #0, Channel #0 has DIMMs, but ECC is disabled
[    6.412909] EDAC sbridge: Couldn't find mci handler
[    6.412909] EDAC sbridge: Couldn't find mci handler
[    6.412911] EDAC sbridge: Failed to register device with error -19.
[    6.429562] mlx5_core 0000:02:00.0 enp2s0f0: Link up
[    6.441623] IPv6: ADDRCONF(NETDEV_CHANGE): enp2s0f0: link becomes ready
[    6.467907] EDAC sbridge: Seeking for: PCI ID 8086:6fa0
[    6.467927] EDAC sbridge: Seeking for: PCI ID 8086:6fa0
[    6.467956] EDAC sbridge: Seeking for: PCI ID 8086:6f60
[    6.467960] EDAC sbridge: Seeking for: PCI ID 8086:6f60
[    6.467964] EDAC sbridge: Seeking for: PCI ID 8086:6fa8
[    6.467969] EDAC sbridge: Seeking for: PCI ID 8086:6fa8
[    6.467973] EDAC sbridge: Seeking for: PCI ID 8086:6f71
[    6.467977] EDAC sbridge: Seeking for: PCI ID 8086:6f71
[    6.467982] EDAC sbridge: Seeking for: PCI ID 8086:6faa
[    6.467986] EDAC sbridge: Seeking for: PCI ID 8086:6faa
[    6.467990] EDAC sbridge: Seeking for: PCI ID 8086:6fab
[    6.467994] EDAC sbridge: Seeking for: PCI ID 8086:6fab
