[    0.000000] microcode: microcode updated early to revision 0xb000040, date = 2021-05-19
[    0.000000] Linux version 5.4.189kernel-module-force-unload (root@axdimm.ittc.ku.edu) (gcc version 9.3.0 (Ubuntu 9.3.0-10ubuntu2)) #2 SMP Sat Jun 18 03:10:44 CDT 2022 (Ubuntu 5.4.0-48.52-generic 5.4.60)
[    0.000000] Command line: BOOT_IMAGE=/vmlinuz-5.4.189kernel-module-force-unload root=UUID=97bb639d-d0e3-415b-bcde-fdf9da1fdb83 ro quiet splash nokaslr vt.handoff=7
[    0.000000] KERNEL supported cpus:
[    0.000000]   Intel GenuineIntel
[    0.000000]   AMD AuthenticAMD
[    0.000000]   Hygon HygonGenuine
[    0.000000]   Centaur CentaurHauls
[    0.000000]   zhaoxin   Shanghai  
[    0.000000] x86/fpu: Supporting XSAVE feature 0x001: 'x87 floating point registers'
[    0.000000] x86/fpu: Supporting XSAVE feature 0x002: 'SSE registers'
[    0.000000] x86/fpu: Supporting XSAVE feature 0x004: 'AVX registers'
[    0.000000] x86/fpu: xstate_offset[2]:  576, xstate_sizes[2]:  256
[    0.000000] x86/fpu: Enabled xstate features 0x7, context size is 832 bytes, using 'standard' format.
[    0.000000] BIOS-provided physical RAM map:
[    0.000000] BIOS-e820: [mem 0x0000000000000000-0x0000000000099bff] usable
[    0.000000] BIOS-e820: [mem 0x0000000000099c00-0x000000000009ffff] reserved
[    0.000000] BIOS-e820: [mem 0x00000000000e0000-0x00000000000fffff] reserved
[    0.000000] BIOS-e820: [mem 0x0000000000100000-0x000000007902ffff] usable
[    0.000000] BIOS-e820: [mem 0x0000000079030000-0x00000000798bcfff] reserved
[    0.000000] BIOS-e820: [mem 0x00000000798bd000-0x0000000079de3fff] ACPI NVS
[    0.000000] BIOS-e820: [mem 0x0000000079de4000-0x000000008fffffff] reserved
[    0.000000] BIOS-e820: [mem 0x00000000fed1c000-0x00000000fed44fff] reserved
[    0.000000] BIOS-e820: [mem 0x00000000ff000000-0x00000000ffffffff] reserved
[    0.000000] BIOS-e820: [mem 0x0000000900000000-0x000000107fffffff] usable
[    0.000000] NX (Execute Disable) protection: active
[    0.000000] SMBIOS 3.0 present.
[    0.000000] DMI: Default string Default string/Default string, BIOS 5.11 01/21/2022
[    0.000000] tsc: Fast TSC calibration using PIT
[    0.000000] tsc: Detected 2194.928 MHz processor
[    0.001171] e820: update [mem 0x00000000-0x00000fff] usable ==> reserved
[    0.001173] e820: remove [mem 0x000a0000-0x000fffff] usable
[    0.001178] last_pfn = 0x1080000 max_arch_pfn = 0x400000000
[    0.001183] MTRR default type: write-back
[    0.001184] MTRR fixed ranges enabled:
[    0.001185]   00000-9FFFF write-back
[    0.001186]   A0000-BFFFF uncachable
[    0.001187]   C0000-FFFFF write-protect
[    0.001188] MTRR variable ranges enabled:
[    0.001189]   0 base 000080000000 mask 3FFF80000000 uncachable
[    0.001191]   1 base 380000000000 mask 3FC000000000 uncachable
[    0.001192]   2 base 0000FA000000 mask 3FFFFF000000 write-through
[    0.001193]   3 base 383FFA000000 mask 3FFFFE000000 write-through
[    0.001193]   4 base 383FFC000000 mask 3FFFFE000000 write-through
[    0.001194]   5 base 383FFE000000 mask 3FFFFF000000 write-through
[    0.001195]   6 disabled
[    0.001195]   7 disabled
[    0.001196]   8 disabled
[    0.001196]   9 disabled
[    0.001905] x86/PAT: Configuration [0-7]: WB  WC  UC- UC  WB  WP  UC- WT  
[    0.002172] last_pfn = 0x79030 max_arch_pfn = 0x400000000
[    0.010965] found SMP MP-table at [mem 0x000fce20-0x000fce2f]
[    0.011047] check: Scanning 1 areas for low memory corruption
[    0.011053] Using GB pages for direct mapping
[    0.011315] RAMDISK: [mem 0x2d663000-0x32b28fff]
[    0.011322] ACPI: Early table checksum verification disabled
[    0.011327] ACPI: RSDP 0x00000000000F05B0 000024 (v02 ALASKA)
[    0.011331] ACPI: XSDT 0x00000000799250A0 0000BC (v01 ALASKA A M I    01072009 AMI  00010013)
[    0.011338] ACPI: FACP 0x00000000799586E0 00010C (v05 ALASKA A M I    01072009 AMI  00010013)
[    0.011344] ACPI: DSDT 0x00000000799251F0 0334EC (v02 ALASKA A M I    01072009 INTL 20091013)
[    0.011347] ACPI: FACS 0x0000000079DE2F80 000040
[    0.011350] ACPI: APIC 0x00000000799587F0 000288 (v03 ALASKA A M I    01072009 AMI  00010013)
[    0.011353] ACPI: FPDT 0x0000000079958A78 000044 (v01 ALASKA A M I    01072009 AMI  00010013)
[    0.011356] ACPI: FIDT 0x0000000079958AC0 00009C (v01 ALASKA A M I    01072009 AMI  00010013)
[    0.011359] ACPI: SPMI 0x0000000079958B60 000041 (v05 ALASKA A M I    00000000 AMI. 00000000)
[    0.011362] ACPI: MCFG 0x0000000079958BA8 00003C (v01 ALASKA A M I    01072009 MSFT 00000097)
[    0.011365] ACPI: UEFI 0x0000000079958BE8 000042 (v01 ALASKA A M I    01072009      00000000)
[    0.011368] ACPI: HPET 0x0000000079958C30 000038 (v01 ALASKA A M I    00000001 INTL 20091013)
[    0.011370] ACPI: MSCT 0x0000000079958C68 000090 (v01 ALASKA A M I    00000001 INTL 20091013)
[    0.011373] ACPI: SLIT 0x0000000079958CF8 00002D (v01 ALASKA A M I    00000001 INTL 20091013)
[    0.011376] ACPI: SRAT 0x0000000079958D28 001158 (v03 ALASKA A M I    00000001 INTL 20091013)
[    0.011379] ACPI: WDDT 0x0000000079959E80 000040 (v01 ALASKA A M I    00000000 INTL 20091013)
[    0.011382] ACPI: SSDT 0x0000000079959EC0 01700F (v02 ALASKA PmMgt    00000001 INTL 20120913)
[    0.011385] ACPI: NITR 0x0000000079970ED0 000071 (v02 ALASKA A M I    00000001 INTL 20091013)
[    0.011388] ACPI: SPCR 0x0000000079970F48 000050 (v01 A M I  APTIO V  01072009 AMI. 0005000B)
[    0.011391] ACPI: SSDT 0x0000000079970F98 002652 (v02 ALASKA SpsNm    00000002 INTL 20120913)
[    0.011394] ACPI: SSDT 0x00000000799735F0 000064 (v02 ALASKA SpsNvs   00000002 INTL 20120913)
[    0.011397] ACPI: PRAD 0x0000000079973658 000102 (v02 ALASKA A M I    00000002 INTL 20120913)
[    0.011400] ACPI: DMAR 0x0000000079973760 0000BC (v01 ALASKA A M I    00000001 INTL 20091013)
[    0.011403] ACPI: Reserving FACP table memory at [mem 0x799586e0-0x799587eb]
[    0.011404] ACPI: Reserving DSDT table memory at [mem 0x799251f0-0x799586db]
[    0.011404] ACPI: Reserving FACS table memory at [mem 0x79de2f80-0x79de2fbf]
[    0.011405] ACPI: Reserving APIC table memory at [mem 0x799587f0-0x79958a77]
[    0.011406] ACPI: Reserving FPDT table memory at [mem 0x79958a78-0x79958abb]
[    0.011407] ACPI: Reserving FIDT table memory at [mem 0x79958ac0-0x79958b5b]
[    0.011407] ACPI: Reserving SPMI table memory at [mem 0x79958b60-0x79958ba0]
[    0.011408] ACPI: Reserving MCFG table memory at [mem 0x79958ba8-0x79958be3]
[    0.011409] ACPI: Reserving UEFI table memory at [mem 0x79958be8-0x79958c29]
[    0.011410] ACPI: Reserving HPET table memory at [mem 0x79958c30-0x79958c67]
[    0.011411] ACPI: Reserving MSCT table memory at [mem 0x79958c68-0x79958cf7]
[    0.011411] ACPI: Reserving SLIT table memory at [mem 0x79958cf8-0x79958d24]
[    0.011412] ACPI: Reserving SRAT table memory at [mem 0x79958d28-0x79959e7f]
[    0.011413] ACPI: Reserving WDDT table memory at [mem 0x79959e80-0x79959ebf]
[    0.011414] ACPI: Reserving SSDT table memory at [mem 0x79959ec0-0x79970ece]
[    0.011415] ACPI: Reserving NITR table memory at [mem 0x79970ed0-0x79970f40]
[    0.011415] ACPI: Reserving SPCR table memory at [mem 0x79970f48-0x79970f97]
[    0.011416] ACPI: Reserving SSDT table memory at [mem 0x79970f98-0x799735e9]
[    0.011417] ACPI: Reserving SSDT table memory at [mem 0x799735f0-0x79973653]
[    0.011418] ACPI: Reserving PRAD table memory at [mem 0x79973658-0x79973759]
[    0.011419] ACPI: Reserving DMAR table memory at [mem 0x79973760-0x7997381b]
[    0.011430] ACPI: Local APIC address 0xfee00000
[    0.011463] SRAT: PXM 0 -> APIC 0x00 -> Node 0
[    0.011464] SRAT: PXM 0 -> APIC 0x02 -> Node 0
[    0.011465] SRAT: PXM 0 -> APIC 0x04 -> Node 0
[    0.011465] SRAT: PXM 0 -> APIC 0x06 -> Node 0
[    0.011466] SRAT: PXM 0 -> APIC 0x08 -> Node 0
[    0.011467] SRAT: PXM 0 -> APIC 0x10 -> Node 0
[    0.011467] SRAT: PXM 0 -> APIC 0x12 -> Node 0
[    0.011468] SRAT: PXM 0 -> APIC 0x14 -> Node 0
[    0.011468] SRAT: PXM 0 -> APIC 0x16 -> Node 0
[    0.011469] SRAT: PXM 0 -> APIC 0x18 -> Node 0
[    0.011469] SRAT: PXM 0 -> APIC 0x20 -> Node 0
[    0.011470] SRAT: PXM 0 -> APIC 0x22 -> Node 0
[    0.011470] SRAT: PXM 0 -> APIC 0x24 -> Node 0
[    0.011471] SRAT: PXM 0 -> APIC 0x26 -> Node 0
[    0.011472] SRAT: PXM 0 -> APIC 0x28 -> Node 0
[    0.011472] SRAT: PXM 0 -> APIC 0x30 -> Node 0
[    0.011473] SRAT: PXM 0 -> APIC 0x32 -> Node 0
[    0.011473] SRAT: PXM 0 -> APIC 0x34 -> Node 0
[    0.011474] SRAT: PXM 0 -> APIC 0x36 -> Node 0
[    0.011474] SRAT: PXM 0 -> APIC 0x38 -> Node 0
[    0.011475] SRAT: PXM 0 -> APIC 0x01 -> Node 0
[    0.011476] SRAT: PXM 0 -> APIC 0x03 -> Node 0
[    0.011476] SRAT: PXM 0 -> APIC 0x05 -> Node 0
[    0.011477] SRAT: PXM 0 -> APIC 0x07 -> Node 0
[    0.011477] SRAT: PXM 0 -> APIC 0x09 -> Node 0
[    0.011478] SRAT: PXM 0 -> APIC 0x11 -> Node 0
[    0.011478] SRAT: PXM 0 -> APIC 0x13 -> Node 0
[    0.011479] SRAT: PXM 0 -> APIC 0x15 -> Node 0
[    0.011480] SRAT: PXM 0 -> APIC 0x17 -> Node 0
[    0.011480] SRAT: PXM 0 -> APIC 0x19 -> Node 0
[    0.011481] SRAT: PXM 0 -> APIC 0x21 -> Node 0
[    0.011481] SRAT: PXM 0 -> APIC 0x23 -> Node 0
[    0.011482] SRAT: PXM 0 -> APIC 0x25 -> Node 0
[    0.011482] SRAT: PXM 0 -> APIC 0x27 -> Node 0
[    0.011483] SRAT: PXM 0 -> APIC 0x29 -> Node 0
[    0.011483] SRAT: PXM 0 -> APIC 0x31 -> Node 0
[    0.011484] SRAT: PXM 0 -> APIC 0x33 -> Node 0
[    0.011485] SRAT: PXM 0 -> APIC 0x35 -> Node 0
[    0.011485] SRAT: PXM 0 -> APIC 0x37 -> Node 0
[    0.011486] SRAT: PXM 0 -> APIC 0x39 -> Node 0
[    0.011494] ACPI: SRAT: Node 0 PXM 0 [mem 0x00000000-0x7fffffff]
[    0.011495] ACPI: SRAT: Node 0 PXM 0 [mem 0x100000000-0x107fffffff]
[    0.011501] NUMA: Initialized distance table, cnt=1
[    0.011504] NUMA: Node 0 [mem 0x00000000-0x7fffffff] + [mem 0x100000000-0x107fffffff] -> [mem 0x00000000-0x107fffffff]
[    0.011514] NODE_DATA(0) allocated [mem 0x107ffd2000-0x107fffcfff]
[    0.011776] Zone ranges:
[    0.011777]   DMA      [mem 0x0000000000001000-0x0000000000ffffff]
[    0.011779]   DMA32    [mem 0x0000000001000000-0x00000000ffffffff]
[    0.011780]   Normal   [mem 0x0000000100000000-0x000000107fffffff]
[    0.011781]   Device   empty
[    0.011782] Movable zone start for each node
[    0.011785] Early memory node ranges
[    0.011786]   node   0: [mem 0x0000000000001000-0x0000000000098fff]
[    0.011788]   node   0: [mem 0x0000000000100000-0x000000007902ffff]
[    0.011789]   node   0: [mem 0x0000000900000000-0x000000107fffffff]
[    0.012306] Zeroed struct page in unavailable ranges: 28728 pages
[    0.012308] Initmem setup node 0 [mem 0x0000000000001000-0x000000107fffffff]
[    0.012309] On node 0 totalpages: 8359880
[    0.012310]   DMA zone: 64 pages used for memmap
[    0.012311]   DMA zone: 21 pages reserved
[    0.012312]   DMA zone: 3992 pages, LIFO batch:0
[    0.012383]   DMA32 zone: 7681 pages used for memmap
[    0.012384]   DMA32 zone: 491568 pages, LIFO batch:63
[    0.023475]   Normal zone: 122880 pages used for memmap
[    0.023476]   Normal zone: 7864320 pages, LIFO batch:63
[    0.270018] ACPI: PM-Timer IO Port: 0x408
[    0.270023] ACPI: Local APIC address 0xfee00000
[    0.270036] ACPI: LAPIC_NMI (acpi_id[0x00] high edge lint[0x1])
[    0.270037] ACPI: LAPIC_NMI (acpi_id[0x02] high edge lint[0x1])
[    0.270038] ACPI: LAPIC_NMI (acpi_id[0x04] high edge lint[0x1])
[    0.270038] ACPI: LAPIC_NMI (acpi_id[0x06] high edge lint[0x1])
[    0.270039] ACPI: LAPIC_NMI (acpi_id[0x08] high edge lint[0x1])
[    0.270040] ACPI: LAPIC_NMI (acpi_id[0x10] high edge lint[0x1])
[    0.270040] ACPI: LAPIC_NMI (acpi_id[0x12] high edge lint[0x1])
[    0.270041] ACPI: LAPIC_NMI (acpi_id[0x14] high edge lint[0x1])
[    0.270041] ACPI: LAPIC_NMI (acpi_id[0x16] high edge lint[0x1])
[    0.270042] ACPI: LAPIC_NMI (acpi_id[0x18] high edge lint[0x1])
[    0.270043] ACPI: LAPIC_NMI (acpi_id[0x20] high edge lint[0x1])
[    0.270043] ACPI: LAPIC_NMI (acpi_id[0x22] high edge lint[0x1])
[    0.270044] ACPI: LAPIC_NMI (acpi_id[0x24] high edge lint[0x1])
[    0.270044] ACPI: LAPIC_NMI (acpi_id[0x26] high edge lint[0x1])
[    0.270045] ACPI: LAPIC_NMI (acpi_id[0x28] high edge lint[0x1])
[    0.270046] ACPI: LAPIC_NMI (acpi_id[0x30] high edge lint[0x1])
[    0.270046] ACPI: LAPIC_NMI (acpi_id[0x32] high edge lint[0x1])
[    0.270047] ACPI: LAPIC_NMI (acpi_id[0x34] high edge lint[0x1])
[    0.270047] ACPI: LAPIC_NMI (acpi_id[0x36] high edge lint[0x1])
[    0.270048] ACPI: LAPIC_NMI (acpi_id[0x38] high edge lint[0x1])
[    0.270049] ACPI: LAPIC_NMI (acpi_id[0x01] high edge lint[0x1])
[    0.270049] ACPI: LAPIC_NMI (acpi_id[0x03] high edge lint[0x1])
[    0.270050] ACPI: LAPIC_NMI (acpi_id[0x05] high edge lint[0x1])
[    0.270050] ACPI: LAPIC_NMI (acpi_id[0x07] high edge lint[0x1])
[    0.270051] ACPI: LAPIC_NMI (acpi_id[0x09] high edge lint[0x1])
[    0.270051] ACPI: LAPIC_NMI (acpi_id[0x11] high edge lint[0x1])
[    0.270052] ACPI: LAPIC_NMI (acpi_id[0x13] high edge lint[0x1])
[    0.270053] ACPI: LAPIC_NMI (acpi_id[0x15] high edge lint[0x1])
[    0.270053] ACPI: LAPIC_NMI (acpi_id[0x17] high edge lint[0x1])
[    0.270054] ACPI: LAPIC_NMI (acpi_id[0x19] high edge lint[0x1])
[    0.270054] ACPI: LAPIC_NMI (acpi_id[0x21] high edge lint[0x1])
[    0.270055] ACPI: LAPIC_NMI (acpi_id[0x23] high edge lint[0x1])
[    0.270056] ACPI: LAPIC_NMI (acpi_id[0x25] high edge lint[0x1])
[    0.270056] ACPI: LAPIC_NMI (acpi_id[0x27] high edge lint[0x1])
[    0.270057] ACPI: LAPIC_NMI (acpi_id[0x29] high edge lint[0x1])
[    0.270057] ACPI: LAPIC_NMI (acpi_id[0x31] high edge lint[0x1])
[    0.270058] ACPI: LAPIC_NMI (acpi_id[0x33] high edge lint[0x1])
[    0.270059] ACPI: LAPIC_NMI (acpi_id[0x35] high edge lint[0x1])
[    0.270059] ACPI: LAPIC_NMI (acpi_id[0x37] high edge lint[0x1])
[    0.270060] ACPI: LAPIC_NMI (acpi_id[0x39] high edge lint[0x1])
[    0.270072] IOAPIC[0]: apic_id 1, version 32, address 0xfec00000, GSI 0-23
[    0.270076] IOAPIC[1]: apic_id 2, version 32, address 0xfec01000, GSI 24-47
[    0.270078] ACPI: INT_SRC_OVR (bus 0 bus_irq 0 global_irq 2 dfl dfl)
[    0.270080] ACPI: INT_SRC_OVR (bus 0 bus_irq 9 global_irq 9 high level)
[    0.270081] ACPI: IRQ0 used by override.
[    0.270083] ACPI: IRQ9 used by override.
[    0.270085] Using ACPI (MADT) for SMP configuration information
[    0.270087] ACPI: HPET id: 0x8086a701 base: 0xfed00000
[    0.270091] ACPI: SPCR: SPCR table version 1
[    0.270093] ACPI: SPCR: console: uart,io,0x3f8,115200
[    0.270095] TSC deadline timer available
[    0.270097] smpboot: Allowing 40 CPUs, 0 hotplug CPUs
[    0.270113] PM: Registered nosave memory: [mem 0x00000000-0x00000fff]
[    0.270115] PM: Registered nosave memory: [mem 0x00099000-0x00099fff]
[    0.270115] PM: Registered nosave memory: [mem 0x0009a000-0x0009ffff]
[    0.270116] PM: Registered nosave memory: [mem 0x000a0000-0x000dffff]
[    0.270116] PM: Registered nosave memory: [mem 0x000e0000-0x000fffff]
[    0.270118] PM: Registered nosave memory: [mem 0x79030000-0x798bcfff]
[    0.270118] PM: Registered nosave memory: [mem 0x798bd000-0x79de3fff]
[    0.270119] PM: Registered nosave memory: [mem 0x79de4000-0x8fffffff]
[    0.270120] PM: Registered nosave memory: [mem 0x90000000-0xfed1bfff]
[    0.270120] PM: Registered nosave memory: [mem 0xfed1c000-0xfed44fff]
[    0.270121] PM: Registered nosave memory: [mem 0xfed45000-0xfeffffff]
[    0.270121] PM: Registered nosave memory: [mem 0xff000000-0xffffffff]
[    0.270122] PM: Registered nosave memory: [mem 0x100000000-0x8ffffffff]
[    0.270124] [mem 0x90000000-0xfed1bfff] available for PCI devices
[    0.270126] Booting paravirtualized kernel on bare hardware
[    0.270130] clocksource: refined-jiffies: mask: 0xffffffff max_cycles: 0xffffffff, max_idle_ns: 7645519600211568 ns
[    0.270137] setup_percpu: NR_CPUS:8192 nr_cpumask_bits:40 nr_cpu_ids:40 nr_node_ids:1
[    0.273186] percpu: Embedded 60 pages/cpu s208896 r8192 d28672 u262144
[    0.273195] pcpu-alloc: s208896 r8192 d28672 u262144 alloc=1*2097152
[    0.273196] pcpu-alloc: [0] 00 01 02 03 04 05 06 07 [0] 08 09 10 11 12 13 14 15 
[    0.273201] pcpu-alloc: [0] 16 17 18 19 20 21 22 23 [0] 24 25 26 27 28 29 30 31 
[    0.273205] pcpu-alloc: [0] 32 33 34 35 36 37 38 39 
[    0.273242] Built 1 zonelists, mobility grouping on.  Total pages: 8229234
[    0.273243] Policy zone: Normal
[    0.273245] Kernel command line: BOOT_IMAGE=/vmlinuz-5.4.189kernel-module-force-unload root=UUID=97bb639d-d0e3-415b-bcde-fdf9da1fdb83 ro quiet splash nokaslr vt.handoff=7
[    0.273370] printk: log_buf_len individual max cpu contribution: 4096 bytes
[    0.273371] printk: log_buf_len total cpu_extra contributions: 159744 bytes
[    0.273372] printk: log_buf_len min size: 262144 bytes
[    0.273581] printk: log_buf_len: 524288 bytes
[    0.273583] printk: early log buf free: 245084(93%)
[    0.280880] Dentry cache hash table entries: 4194304 (order: 13, 33554432 bytes, linear)
[    0.284580] Inode-cache hash table entries: 2097152 (order: 12, 16777216 bytes, linear)
[    0.285069] mem auto-init: stack:off, heap alloc:on, heap free:off
[    0.300210] Calgary: detecting Calgary via BIOS EBDA area
[    0.300213] Calgary: Unable to locate Rio Grande table in EBDA - bailing!
[    0.530631] Memory: 32670064K/33439520K available (14339K kernel code, 2401K rwdata, 5016K rodata, 2748K init, 4952K bss, 769456K reserved, 0K cma-reserved)
[    0.530644] random: get_random_u64 called from __kmem_cache_create+0x42/0x550 with crng_init=0
[    0.530941] SLUB: HWalign=64, Order=0-3, MinObjects=0, CPUs=40, Nodes=1
[    0.530965] Kernel/User page tables isolation: enabled
[    0.531003] ftrace: allocating 44247 entries in 173 pages
[    0.550945] rcu: Hierarchical RCU implementation.
[    0.550946] rcu: 	RCU restricting CPUs from NR_CPUS=8192 to nr_cpu_ids=40.
[    0.550948] 	Tasks RCU enabled.
[    0.550949] rcu: RCU calculated value of scheduler-enlistment delay is 25 jiffies.
[    0.550950] rcu: Adjusting geometry for rcu_fanout_leaf=16, nr_cpu_ids=40
[    0.554467] NR_IRQS: 524544, nr_irqs: 1152, preallocated irqs: 16
[    0.554748] random: crng done (trusting CPU's manufacturer)
[    0.554801] vt handoff: transparent VT on vt#7
[    0.554807] Console: colour dummy device 80x25
[    0.554818] printk: console [tty0] enabled
[    0.554855] ACPI: Core revision 20190816
[    0.555181] clocksource: hpet: mask: 0xffffffff max_cycles: 0xffffffff, max_idle_ns: 133484882848 ns
[    0.555192] APIC: Switch to symmetric I/O mode setup
[    0.555193] DMAR: Host address width 46
[    0.555195] DMAR: DRHD base: 0x000000fbffc000 flags: 0x1
[    0.555200] DMAR: dmar0: reg_base_addr fbffc000 ver 1:0 cap 8d2078c106f0466 ecap f020df
[    0.555201] DMAR: RMRR base: 0x0000007ba94000 end: 0x0000007baa3fff
[    0.555202] DMAR: ATSR flags: 0x0
[    0.555203] DMAR: RHSA base: 0x000000fbffc000 proximity domain: 0x0
[    0.555205] DMAR-IR: IOAPIC id 1 under DRHD base  0xfbffc000 IOMMU 0
[    0.555206] DMAR-IR: IOAPIC id 2 under DRHD base  0xfbffc000 IOMMU 0
[    0.555207] DMAR-IR: HPET id 0 under DRHD base 0xfbffc000
[    0.555208] DMAR-IR: x2apic is disabled because BIOS sets x2apic opt out bit.
[    0.555208] DMAR-IR: Use 'intremap=no_x2apic_optout' to override the BIOS setting.
[    0.555927] DMAR-IR: Enabled IRQ remapping in xapic mode
[    0.555928] x2apic: IRQ remapping doesn't support X2APIC mode
[    0.555931] Switched APIC routing to physical flat.
[    0.556427] ..TIMER: vector=0x30 apic1=0 pin1=2 apic2=-1 pin2=-1
[    0.575194] clocksource: tsc-early: mask: 0xffffffffffffffff max_cycles: 0x1fa37b89f78, max_idle_ns: 440795224308 ns
[    0.575197] Calibrating delay loop (skipped), value calculated using timer frequency.. 4389.85 BogoMIPS (lpj=8779712)
[    0.575199] pid_max: default: 40960 minimum: 320
[    0.575267] LSM: Security Framework initializing
[    0.575282] Yama: becoming mindful.
[    0.575595] AppArmor: AppArmor initialized
[    0.575848] Mount-cache hash table entries: 65536 (order: 7, 524288 bytes, linear)
[    0.576041] Mountpoint-cache hash table entries: 65536 (order: 7, 524288 bytes, linear)
[    0.576071] *** VALIDATE tmpfs ***
[    0.576305] *** VALIDATE proc ***
[    0.576415] *** VALIDATE cgroup1 ***
[    0.576416] *** VALIDATE cgroup2 ***
[    0.576512] mce: CPU0: Thermal monitoring enabled (TM1)
[    0.576576] process: using mwait in idle threads
[    0.576579] Last level iTLB entries: 4KB 64, 2MB 8, 4MB 8
[    0.576580] Last level dTLB entries: 4KB 64, 2MB 0, 4MB 0, 1GB 4
[    0.576583] Spectre V1 : Mitigation: usercopy/swapgs barriers and __user pointer sanitization
[    0.576584] Spectre V2 : Mitigation: Retpolines
[    0.576585] Spectre V2 : Spectre v2 / SpectreRSB mitigation: Filling RSB on context switch
[    0.576585] Spectre V2 : Enabling Restricted Speculation for firmware calls
[    0.576587] Spectre V2 : mitigation: Enabling conditional Indirect Branch Prediction Barrier
[    0.576587] Spectre V2 : User space: Mitigation: STIBP via seccomp and prctl
[    0.576589] Speculative Store Bypass: Mitigation: Speculative Store Bypass disabled via prctl and seccomp
[    0.576595] MDS: Mitigation: Clear CPU buffers
[    0.576596] TAA: Mitigation: Clear CPU buffers
[    0.576596] MMIO Stale Data: Mitigation: Clear CPU buffers
[    0.576895] Freeing SMP alternatives memory: 40K
[    0.579313] smpboot: CPU0: Intel(R) Xeon(R) CPU E5-2698 v4 @ 2.20GHz (family: 0x6, model: 0x4f, stepping: 0x1)
[    0.579445] Performance Events: PEBS fmt2+, Broadwell events, 16-deep LBR, full-width counters, Intel PMU driver.
[    0.579452] ... version:                3
[    0.579453] ... bit width:              48
[    0.579453] ... generic registers:      4
[    0.579454] ... value mask:             0000ffffffffffff
[    0.579455] ... max period:             00007fffffffffff
[    0.579455] ... fixed-purpose events:   3
[    0.579456] ... event mask:             000000070000000f
[    0.579513] rcu: Hierarchical SRCU implementation.
[    0.583271] NMI watchdog: Enabled. Permanently consumes one hw-PMU counter.
[    0.583663] smp: Bringing up secondary CPUs ...
[    0.583776] x86: Booting SMP configuration:
[    0.583777] .... node  #0, CPUs:        #1  #2  #3  #4  #5  #6  #7  #8  #9 #10 #11 #12 #13 #14 #15 #16 #17 #18 #19 #20
[    0.716234] MDS CPU bug present and SMT on, data leak possible. See https://www.kernel.org/doc/html/latest/admin-guide/hw-vuln/mds.html for more details.
[    0.716234] TAA CPU bug present and SMT on, data leak possible. See https://www.kernel.org/doc/html/latest/admin-guide/hw-vuln/tsx_async_abort.html for more details.
[    0.716234] MMIO Stale Data CPU bug present and SMT on, data leak possible. See https://www.kernel.org/doc/html/latest/admin-guide/hw-vuln/processor_mmio_stale_data.html for more details.
[    0.716234]  #21 #22 #23 #24 #25 #26 #27 #28 #29 #30 #31 #32 #33 #34 #35 #36 #37 #38 #39
[    0.760478] smp: Brought up 1 node, 40 CPUs
[    0.760478] smpboot: Max logical packages: 1
[    0.760478] smpboot: Total of 40 processors activated (175594.24 BogoMIPS)
[    0.763958] devtmpfs: initialized
[    0.763958] x86/mm: Memory block size: 2048MB
[    0.763958] PM: Registering ACPI NVS region [mem 0x798bd000-0x79de3fff] (5402624 bytes)
[    0.763958] clocksource: jiffies: mask: 0xffffffff max_cycles: 0xffffffff, max_idle_ns: 7645041785100000 ns
[    0.763958] futex hash table entries: 16384 (order: 8, 1048576 bytes, linear)
[    0.763958] pinctrl core: initialized pinctrl subsystem
[    0.763958] PM: RTC time: 04:38:00, date: 2022-07-07
[    0.763958] NET: Registered protocol family 16
[    0.763958] audit: initializing netlink subsys (disabled)
[    0.763958] audit: type=2000 audit(1657168679.208:1): state=initialized audit_enabled=0 res=1
[    0.763958] EISA bus registered
[    0.763958] cpuidle: using governor ladder
[    0.763958] cpuidle: using governor menu
[    0.763958] ACPI: bus type PCI registered
[    0.763958] acpiphp: ACPI Hot Plug PCI Controller Driver version: 0.5
[    0.763958] PCI: MMCONFIG for domain 0000 [bus 00-ff] at [mem 0x80000000-0x8fffffff] (base 0x80000000)
[    0.763958] PCI: MMCONFIG at [mem 0x80000000-0x8fffffff] reserved in E820
[    0.763958] PCI: Using configuration type 1 for base access
[    0.764466] ENERGY_PERF_BIAS: Set to 'normal', was 'performance'
[    0.768872] HugeTLB registered 1.00 GiB page size, pre-allocated 0 pages
[    0.768872] HugeTLB registered 2.00 MiB page size, pre-allocated 0 pages
[    0.768872] ACPI: Added _OSI(Module Device)
[    0.768872] ACPI: Added _OSI(Processor Device)
[    0.768872] ACPI: Added _OSI(3.0 _SCP Extensions)
[    0.768872] ACPI: Added _OSI(Processor Aggregator Device)
[    0.768872] ACPI: Added _OSI(Linux-Dell-Video)
[    0.768872] ACPI: Added _OSI(Linux-Lenovo-NV-HDMI-Audio)
[    0.768872] ACPI: Added _OSI(Linux-HPI-Hybrid-Graphics)
[    0.841420] ACPI: 4 ACPI AML tables successfully acquired and loaded
[    0.847203] ACPI: [Firmware Bug]: BIOS _OSI(Linux) query ignored
[    0.859415] ACPI: Dynamic OEM Table Load:
[    0.913079] ACPI: Interpreter enabled
[    0.913097] ACPI: (supports S0 S4 S5)
[    0.913098] ACPI: Using IOAPIC for interrupt routing
[    0.913129] PCI: Using host bridge windows from ACPI; if necessary, use "pci=nocrs" and report a bug
[    0.914283] ACPI: Enabled 5 GPEs in block 00 to 3F
[    0.971405] ACPI: PCI Root Bridge [UNC0] (domain 0000 [bus ff])
[    0.971410] acpi PNP0A03:03: _OSC: OS supports [ExtendedConfig ASPM ClockPM Segments MSI HPX-Type3]
[    0.974757] acpi PNP0A03:03: _OSC: platform does not support [SHPCHotplug LTR]
[    0.976365] acpi PNP0A03:03: _OSC: OS now controls [PCIeHotplug PME AER PCIeCapability]
[    0.976415] PCI host bridge to bus 0000:ff
[    0.976417] pci_bus 0000:ff: root bus resource [bus ff]
[    0.976431] pci 0000:ff:0b.0: [8086:6f81] type 00 class 0x088000
[    0.976523] pci 0000:ff:0b.1: [8086:6f36] type 00 class 0x110100
[    0.976599] pci 0000:ff:0b.2: [8086:6f37] type 00 class 0x110100
[    0.976675] pci 0000:ff:0b.3: [8086:6f76] type 00 class 0x088000
[    0.976752] pci 0000:ff:0c.0: [8086:6fe0] type 00 class 0x088000
[    0.976826] pci 0000:ff:0c.1: [8086:6fe1] type 00 class 0x088000
[    0.976901] pci 0000:ff:0c.2: [8086:6fe2] type 00 class 0x088000
[    0.976979] pci 0000:ff:0c.3: [8086:6fe3] type 00 class 0x088000
[    0.977055] pci 0000:ff:0c.4: [8086:6fe4] type 00 class 0x088000
[    0.977129] pci 0000:ff:0c.5: [8086:6fe5] type 00 class 0x088000
[    0.977203] pci 0000:ff:0c.6: [8086:6fe6] type 00 class 0x088000
[    0.977277] pci 0000:ff:0c.7: [8086:6fe7] type 00 class 0x088000
[    0.977352] pci 0000:ff:0d.0: [8086:6fe8] type 00 class 0x088000
[    0.977426] pci 0000:ff:0d.1: [8086:6fe9] type 00 class 0x088000
[    0.977500] pci 0000:ff:0d.2: [8086:6fea] type 00 class 0x088000
[    0.977577] pci 0000:ff:0d.3: [8086:6feb] type 00 class 0x088000
[    0.977653] pci 0000:ff:0d.4: [8086:6fec] type 00 class 0x088000
[    0.977726] pci 0000:ff:0d.5: [8086:6fed] type 00 class 0x088000
[    0.977800] pci 0000:ff:0d.6: [8086:6fee] type 00 class 0x088000
[    0.977874] pci 0000:ff:0d.7: [8086:6fef] type 00 class 0x088000
[    0.977949] pci 0000:ff:0e.0: [8086:6ff0] type 00 class 0x088000
[    0.978024] pci 0000:ff:0e.1: [8086:6ff1] type 00 class 0x088000
[    0.978098] pci 0000:ff:0e.2: [8086:6ff2] type 00 class 0xffffff
[    0.978175] pci 0000:ff:0e.3: [8086:6ff3] type 00 class 0xffffff
[    0.978253] pci 0000:ff:0f.0: [8086:6ff8] type 00 class 0x088000
[    0.978327] pci 0000:ff:0f.1: [8086:6ff9] type 00 class 0x088000
[    0.978401] pci 0000:ff:0f.2: [8086:6ffa] type 00 class 0x088000
[    0.978476] pci 0000:ff:0f.3: [8086:6ffb] type 00 class 0x088000
[    0.978550] pci 0000:ff:0f.4: [8086:6ffc] type 00 class 0x088000
[    0.978626] pci 0000:ff:0f.5: [8086:6ffd] type 00 class 0x088000
[    0.978700] pci 0000:ff:0f.6: [8086:6ffe] type 00 class 0x088000
[    0.978781] pci 0000:ff:10.0: [8086:6f1d] type 00 class 0x088000
[    0.978856] pci 0000:ff:10.1: [8086:6f34] type 00 class 0x110100
[    0.978932] pci 0000:ff:10.5: [8086:6f1e] type 00 class 0x088000
[    0.979007] pci 0000:ff:10.6: [8086:6f7d] type 00 class 0x110100
[    0.979081] pci 0000:ff:10.7: [8086:6f1f] type 00 class 0x088000
[    0.979156] pci 0000:ff:12.0: [8086:6fa0] type 00 class 0x088000
[    0.979190] pci 0000:ff:12.1: [8086:6f30] type 00 class 0x110100
[    0.979271] pci 0000:ff:12.4: [8086:6f60] type 00 class 0x088000
[    0.979310] pci 0000:ff:12.5: [8086:6f38] type 00 class 0x110100
[    0.979390] pci 0000:ff:13.0: [8086:6fa8] type 00 class 0x088000
[    0.979534] pci 0000:ff:13.1: [8086:6f71] type 00 class 0x088000
[    0.979632] pci 0000:ff:13.2: [8086:6faa] type 00 class 0x088000
[    0.979727] pci 0000:ff:13.3: [8086:6fab] type 00 class 0x088000
[    0.979824] pci 0000:ff:13.6: [8086:6fae] type 00 class 0x088000
[    0.979904] pci 0000:ff:13.7: [8086:6faf] type 00 class 0x088000
[    0.979985] pci 0000:ff:14.0: [8086:6fb0] type 00 class 0x088000
[    0.980093] pci 0000:ff:14.1: [8086:6fb1] type 00 class 0x088000
[    0.980191] pci 0000:ff:14.2: [8086:6fb2] type 00 class 0x088000
[    0.980286] pci 0000:ff:14.3: [8086:6fb3] type 00 class 0x088000
[    0.980382] pci 0000:ff:14.4: [8086:6fbc] type 00 class 0x088000
[    0.980461] pci 0000:ff:14.5: [8086:6fbd] type 00 class 0x088000
[    0.980542] pci 0000:ff:14.6: [8086:6fbe] type 00 class 0x088000
[    0.980623] pci 0000:ff:14.7: [8086:6fbf] type 00 class 0x088000
[    0.980706] pci 0000:ff:16.0: [8086:6f68] type 00 class 0x088000
[    0.980853] pci 0000:ff:16.1: [8086:6f79] type 00 class 0x088000
[    0.980951] pci 0000:ff:16.2: [8086:6f6a] type 00 class 0x088000
[    0.981048] pci 0000:ff:16.3: [8086:6f6b] type 00 class 0x088000
[    0.981145] pci 0000:ff:16.6: [8086:6f6e] type 00 class 0x088000
[    0.981225] pci 0000:ff:16.7: [8086:6f6f] type 00 class 0x088000
[    0.981307] pci 0000:ff:17.0: [8086:6fd0] type 00 class 0x088000
[    0.981450] pci 0000:ff:17.1: [8086:6fd1] type 00 class 0x088000
[    0.981550] pci 0000:ff:17.2: [8086:6fd2] type 00 class 0x088000
[    0.981653] pci 0000:ff:17.3: [8086:6fd3] type 00 class 0x088000
[    0.981749] pci 0000:ff:17.4: [8086:6fb8] type 00 class 0x088000
[    0.981829] pci 0000:ff:17.5: [8086:6fb9] type 00 class 0x088000
[    0.981909] pci 0000:ff:17.6: [8086:6fba] type 00 class 0x088000
[    0.981991] pci 0000:ff:17.7: [8086:6fbb] type 00 class 0x088000
[    0.982080] pci 0000:ff:1e.0: [8086:6f98] type 00 class 0x088000
[    0.982156] pci 0000:ff:1e.1: [8086:6f99] type 00 class 0x088000
[    0.982232] pci 0000:ff:1e.2: [8086:6f9a] type 00 class 0x088000
[    0.982312] pci 0000:ff:1e.3: [8086:6fc0] type 00 class 0x088000
[    0.982349] pci 0000:ff:1e.4: [8086:6f9c] type 00 class 0x088000
[    0.982431] pci 0000:ff:1f.0: [8086:6f88] type 00 class 0x088000
[    0.982509] pci 0000:ff:1f.2: [8086:6f8a] type 00 class 0x088000
[    0.997910] ACPI: PCI Root Bridge [PCI0] (domain 0000 [bus 00-fe])
[    0.997913] acpi PNP0A08:00: _OSC: OS supports [ExtendedConfig ASPM ClockPM Segments MSI HPX-Type3]
[    0.998423] acpi PNP0A08:00: _OSC: platform does not support [SHPCHotplug LTR]
[    0.999130] acpi PNP0A08:00: _OSC: OS now controls [PCIeHotplug PME AER PCIeCapability]
[    0.999570] PCI host bridge to bus 0000:00
[    0.999573] pci_bus 0000:00: root bus resource [io  0x0000-0x0cf7 window]
[    0.999574] pci_bus 0000:00: root bus resource [io  0x1000-0xffff window]
[    0.999575] pci_bus 0000:00: root bus resource [mem 0x000a0000-0x000bffff window]
[    0.999576] pci_bus 0000:00: root bus resource [mem 0x90000000-0xfbffbfff window]
[    0.999577] pci_bus 0000:00: root bus resource [mem 0x380000000000-0x383fffffffff window]
[    0.999579] pci_bus 0000:00: root bus resource [bus 00-fe]
[    0.999588] pci 0000:00:00.0: [8086:6f00] type 00 class 0x060000
[    0.999809] pci 0000:00:01.0: [8086:6f02] type 01 class 0x060400
[    0.999906] pci 0000:00:01.0: PME# supported from D0 D3hot D3cold
[    1.000104] pci 0000:00:02.0: [8086:6f04] type 01 class 0x060400
[    1.000199] pci 0000:00:02.0: PME# supported from D0 D3hot D3cold
[    1.000389] pci 0000:00:03.0: [8086:6f08] type 01 class 0x060400
[    1.000484] pci 0000:00:03.0: PME# supported from D0 D3hot D3cold
[    1.000676] pci 0000:00:05.0: [8086:6f28] type 00 class 0x088000
[    1.000861] pci 0000:00:05.1: [8086:6f29] type 00 class 0x088000
[    1.001071] pci 0000:00:05.2: [8086:6f2a] type 00 class 0x088000
[    1.001253] pci 0000:00:05.4: [8086:6f2c] type 00 class 0x080020
[    1.001275] pci 0000:00:05.4: reg 0x10: [mem 0xfbd04000-0xfbd04fff]
[    1.001491] pci 0000:00:11.0: [8086:8d7c] type 00 class 0xff0000
[    1.001802] pci 0000:00:14.0: [8086:8d31] type 00 class 0x0c0330
[    1.001839] pci 0000:00:14.0: reg 0x10: [mem 0x383ffff00000-0x383ffff0ffff 64bit]
[    1.001941] pci 0000:00:14.0: PME# supported from D3hot D3cold
[    1.002079] pci 0000:00:16.0: [8086:8d3a] type 00 class 0x078000
[    1.002116] pci 0000:00:16.0: reg 0x10: [mem 0x383ffff13000-0x383ffff1300f 64bit]
[    1.002219] pci 0000:00:16.0: PME# supported from D0 D3hot D3cold
[    1.002358] pci 0000:00:16.1: [8086:8d3b] type 00 class 0x078000
[    1.002394] pci 0000:00:16.1: reg 0x10: [mem 0x383ffff12000-0x383ffff1200f 64bit]
[    1.002497] pci 0000:00:16.1: PME# supported from D0 D3hot D3cold
[    1.002646] pci 0000:00:1a.0: [8086:8d2d] type 00 class 0x0c0320
[    1.002679] pci 0000:00:1a.0: reg 0x10: [mem 0xfbd02000-0xfbd023ff]
[    1.002809] pci 0000:00:1a.0: PME# supported from D0 D3hot D3cold
[    1.002949] pci 0000:00:1c.0: [8086:8d10] type 01 class 0x060400
[    1.003066] pci 0000:00:1c.0: PME# supported from D0 D3hot D3cold
[    1.003225] pci 0000:00:1c.3: [8086:8d16] type 01 class 0x060400
[    1.003343] pci 0000:00:1c.3: PME# supported from D0 D3hot D3cold
[    1.003504] pci 0000:00:1d.0: [8086:8d26] type 00 class 0x0c0320
[    1.003538] pci 0000:00:1d.0: reg 0x10: [mem 0xfbd01000-0xfbd013ff]
[    1.003668] pci 0000:00:1d.0: PME# supported from D0 D3hot D3cold
[    1.003810] pci 0000:00:1f.0: [8086:8d44] type 00 class 0x060100
[    1.004102] pci 0000:00:1f.2: [8086:8d02] type 00 class 0x010601
[    1.004130] pci 0000:00:1f.2: reg 0x10: [io  0xf050-0xf057]
[    1.004145] pci 0000:00:1f.2: reg 0x14: [io  0xf040-0xf043]
[    1.004160] pci 0000:00:1f.2: reg 0x18: [io  0xf030-0xf037]
[    1.004175] pci 0000:00:1f.2: reg 0x1c: [io  0xf020-0xf023]
[    1.004189] pci 0000:00:1f.2: reg 0x20: [io  0xf000-0xf01f]
[    1.004204] pci 0000:00:1f.2: reg 0x24: [mem 0xfbd00000-0xfbd007ff]
[    1.004250] pci 0000:00:1f.2: PME# supported from D3hot
[    1.004385] pci 0000:00:1f.3: [8086:8d22] type 00 class 0x0c0500
[    1.004418] pci 0000:00:1f.3: reg 0x10: [mem 0x383ffff11000-0x383ffff110ff 64bit]
[    1.004462] pci 0000:00:1f.3: reg 0x20: [io  0x0580-0x059f]
[    1.005256] pci 0000:01:00.0: [8086:1521] type 00 class 0x020000
[    1.005598] pci 0000:01:00.0: reg 0x10: [mem 0xfbc20000-0xfbc3ffff]
[    1.005894] pci 0000:01:00.0: reg 0x18: [io  0xe020-0xe03f]
[    1.006042] pci 0000:01:00.0: reg 0x1c: [mem 0xfbc44000-0xfbc47fff]
[    1.007629] pci 0000:01:00.0: PME# supported from D0 D3hot D3cold
[    1.007999] pci 0000:01:00.0: reg 0x184: [mem 0x00000000-0x00003fff 64bit pref]
[    1.008000] pci 0000:01:00.0: VF(n) BAR0 space: [mem 0x00000000-0x0001ffff 64bit pref] (contains BAR0 for 8 VFs)
[    1.008175] pci 0000:01:00.0: reg 0x190: [mem 0x00000000-0x00003fff 64bit pref]
[    1.008177] pci 0000:01:00.0: VF(n) BAR3 space: [mem 0x00000000-0x0001ffff 64bit pref] (contains BAR3 for 8 VFs)
[    1.008854] pci 0000:01:00.1: [8086:1521] type 00 class 0x020000
[    1.009195] pci 0000:01:00.1: reg 0x10: [mem 0xfbc00000-0xfbc1ffff]
[    1.009492] pci 0000:01:00.1: reg 0x18: [io  0xe000-0xe01f]
[    1.009640] pci 0000:01:00.1: reg 0x1c: [mem 0xfbc40000-0xfbc43fff]
[    1.011177] pci 0000:01:00.1: PME# supported from D0 D3hot D3cold
[    1.011501] pci 0000:01:00.1: reg 0x184: [mem 0x00000000-0x00003fff 64bit pref]
[    1.011503] pci 0000:01:00.1: VF(n) BAR0 space: [mem 0x00000000-0x0001ffff 64bit pref] (contains BAR0 for 8 VFs)
[    1.011677] pci 0000:01:00.1: reg 0x190: [mem 0x00000000-0x00003fff 64bit pref]
[    1.011678] pci 0000:01:00.1: VF(n) BAR3 space: [mem 0x00000000-0x0001ffff 64bit pref] (contains BAR3 for 8 VFs)
[    1.012185] pci 0000:00:01.0: ASPM: current common clock configuration is broken, reconfiguring
[    1.023358] pci 0000:00:01.0: PCI bridge to [bus 01]
[    1.023361] pci 0000:00:01.0:   bridge window [io  0xe000-0xefff]
[    1.023363] pci 0000:00:01.0:   bridge window [mem 0xfbc00000-0xfbcfffff]
[    1.023794] pci 0000:02:00.0: [15b3:a2d6] type 00 class 0x020000
[    1.024059] pci 0000:02:00.0: reg 0x10: [mem 0x383ffc000000-0x383ffdffffff 64bit pref]
[    1.024170] pci 0000:02:00.0: reg 0x18: [mem 0x383ffe800000-0x383ffeffffff 64bit pref]
[    1.024370] pci 0000:02:00.0: reg 0x30: [mem 0xfbb00000-0xfbbfffff pref]
[    1.024417] pci 0000:02:00.0: enabling Extended Tags
[    1.025227] pci 0000:02:00.0: PME# supported from D3cold
[    1.025511] pci 0000:02:00.0: reg 0x1a4: [mem 0x00000000-0x001fffff 64bit pref]
[    1.025512] pci 0000:02:00.0: VF(n) BAR0 space: [mem 0x00000000-0x01ffffff 64bit pref] (contains BAR0 for 16 VFs)
[    1.026573] pci 0000:02:00.0: 63.008 Gb/s available PCIe bandwidth, limited by 8.0 GT/s PCIe x8 link at 0000:00:02.0 (capable of 252.048 Gb/s with 16.0 GT/s PCIe x16 link)
[    1.026737] pci 0000:02:00.1: [15b3:a2d6] type 00 class 0x020000
[    1.026972] pci 0000:02:00.1: reg 0x10: [mem 0x383ffa000000-0x383ffbffffff 64bit pref]
[    1.027085] pci 0000:02:00.1: reg 0x18: [mem 0x383ffe000000-0x383ffe7fffff 64bit pref]
[    1.027282] pci 0000:02:00.1: reg 0x30: [mem 0xfba00000-0xfbafffff pref]
[    1.027329] pci 0000:02:00.1: enabling Extended Tags
[    1.028024] pci 0000:02:00.1: PME# supported from D3cold
[    1.028295] pci 0000:02:00.1: reg 0x1a4: [mem 0x00000000-0x001fffff 64bit pref]
[    1.028296] pci 0000:02:00.1: VF(n) BAR0 space: [mem 0x00000000-0x01ffffff 64bit pref] (contains BAR0 for 16 VFs)
[    1.029478] pci 0000:02:00.2: [15b3:c2d3] type 00 class 0x080100
[    1.029664] pci 0000:02:00.2: reg 0x10: [mem 0xfb900000-0xfb9fffff]
[    1.030109] pci 0000:02:00.2: enabling Extended Tags
[    1.030645] pci 0000:02:00.2: PME# supported from D3cold
[    1.031066] pci 0000:00:02.0: PCI bridge to [bus 02]
[    1.031069] pci 0000:00:02.0:   bridge window [mem 0xfb900000-0xfbbfffff]
[    1.031072] pci 0000:00:02.0:   bridge window [mem 0x383ffa000000-0x383ffeffffff 64bit pref]
[    1.031305] pci 0000:00:03.0: PCI bridge to [bus 03]
[    1.031350] pci 0000:00:1c.0: PCI bridge to [bus 04]
[    1.031423] pci 0000:05:00.0: [102b:0522] type 00 class 0x030000
[    1.031468] pci 0000:05:00.0: reg 0x10: [mem 0xfa000000-0xfaffffff pref]
[    1.031491] pci 0000:05:00.0: reg 0x14: [mem 0xfb810000-0xfb813fff]
[    1.031513] pci 0000:05:00.0: reg 0x18: [mem 0xfb000000-0xfb7fffff]
[    1.031599] pci 0000:05:00.0: reg 0x30: [mem 0xfb800000-0xfb80ffff pref]
[    1.031759] pci 0000:05:00.0: disabling ASPM on pre-1.1 PCIe device.  You can enable it with 'pcie_aspm=force'
[    1.031773] pci 0000:00:1c.3: PCI bridge to [bus 05]
[    1.031778] pci 0000:00:1c.3:   bridge window [mem 0xfb000000-0xfb8fffff]
[    1.031782] pci 0000:00:1c.3:   bridge window [mem 0xfa000000-0xfaffffff 64bit pref]
[    1.031833] pci_bus 0000:00: on NUMA node 0
[    1.032966] ACPI: PCI Interrupt Link [LNKA] (IRQs 3 4 5 6 7 10 *11 12 14 15)
[    1.033041] ACPI: PCI Interrupt Link [LNKB] (IRQs 3 4 5 6 7 *10 11 12 14 15)
[    1.033117] ACPI: PCI Interrupt Link [LNKC] (IRQs 3 4 5 6 10 *11 12 14 15)
[    1.033190] ACPI: PCI Interrupt Link [LNKD] (IRQs 3 4 *5 6 10 11 12 14 15)
[    1.033262] ACPI: PCI Interrupt Link [LNKE] (IRQs 3 4 5 6 7 10 11 12 14 15) *0, disabled.
[    1.033335] ACPI: PCI Interrupt Link [LNKF] (IRQs 3 4 5 6 7 10 11 12 14 15) *0, disabled.
[    1.033408] ACPI: PCI Interrupt Link [LNKG] (IRQs 3 4 5 6 7 10 11 12 14 15) *0, disabled.
[    1.033480] ACPI: PCI Interrupt Link [LNKH] (IRQs 3 4 5 6 7 10 11 12 14 15) *0, disabled.
[    1.033812] iommu: Default domain type: Translated 
[    1.033812] SCSI subsystem initialized
[    1.033812] libata version 3.00 loaded.
[    1.033812] pci 0000:05:00.0: vgaarb: setting as boot VGA device
[    1.033812] pci 0000:05:00.0: vgaarb: VGA device added: decodes=io+mem,owns=io+mem,locks=none
[    1.033812] pci 0000:05:00.0: vgaarb: bridge control possible
[    1.033812] vgaarb: loaded
[    1.033812] ACPI: bus type USB registered
[    1.033812] usbcore: registered new interface driver usbfs
[    1.033812] usbcore: registered new interface driver hub
[    1.033812] usbcore: registered new device driver usb
[    1.033812] pps_core: LinuxPPS API ver. 1 registered
[    1.033812] pps_core: Software ver. 5.3.6 - Copyright 2005-2007 Rodolfo Giometti <giometti@linux.it>
[    1.033812] PTP clock support registered
[    1.033812] EDAC MC: Ver: 3.0.0
[    1.033812] PCI: Using ACPI for IRQ routing
[    1.040623] PCI: pci_cache_line_size set to 64 bytes
[    1.040847] e820: reserve RAM buffer [mem 0x00099c00-0x0009ffff]
[    1.040849] e820: reserve RAM buffer [mem 0x79030000-0x7bffffff]
[    1.040963] NetLabel: Initializing
[    1.040964] NetLabel:  domain hash size = 128
[    1.040964] NetLabel:  protocols = UNLABELED CIPSOv4 CALIPSO
[    1.040983] NetLabel:  unlabeled traffic allowed by default
[    1.040999] hpet0: at MMIO 0xfed00000, IRQs 2, 8, 0, 0, 0, 0, 0, 0
[    1.040999] hpet0: 8 comparators, 64-bit 14.318180 MHz counter
[    1.044278] clocksource: Switched to clocksource tsc-early
[    1.058042] *** VALIDATE bpf ***
[    1.058120] VFS: Disk quotas dquot_6.6.0
[    1.058150] VFS: Dquot-cache hash table entries: 512 (order 0, 4096 bytes)
[    1.058167] *** VALIDATE ramfs ***
[    1.058173] *** VALIDATE hugetlbfs ***
[    1.058295] AppArmor: AppArmor Filesystem Enabled
[    1.058315] pnp: PnP ACPI init
[    1.058792] pnp 00:00: Plug and Play ACPI device, IDs PNP0b00 (active)
[    1.058916] system 00:01: [io  0x0500-0x057f] has been reserved
[    1.058918] system 00:01: [io  0x0400-0x047f] has been reserved
[    1.058919] system 00:01: [io  0x0580-0x059f] has been reserved
[    1.058923] system 00:01: [io  0x0600-0x061f] has been reserved
[    1.058924] system 00:01: [io  0x0880-0x0883] has been reserved
[    1.058925] system 00:01: [io  0x0800-0x081f] has been reserved
[    1.058927] system 00:01: [mem 0xfed1c000-0xfed3ffff] has been reserved
[    1.058928] system 00:01: [mem 0xfed45000-0xfed8bfff] has been reserved
[    1.058933] system 00:01: [mem 0xff000000-0xffffffff] has been reserved
[    1.058934] system 00:01: [mem 0xfee00000-0xfeefffff] has been reserved
[    1.058935] system 00:01: [mem 0xfed12000-0xfed1200f] has been reserved
[    1.058937] system 00:01: [mem 0xfed12010-0xfed1201f] has been reserved
[    1.058938] system 00:01: [mem 0xfed1b000-0xfed1bfff] has been reserved
[    1.058942] system 00:01: Plug and Play ACPI device, IDs PNP0c02 (active)
[    1.059124] pnp 00:02: [dma 0 disabled]
[    1.059171] pnp 00:02: Plug and Play ACPI device, IDs PNP0501 (active)
[    1.059347] pnp 00:03: [dma 0 disabled]
[    1.059387] pnp 00:03: Plug and Play ACPI device, IDs PNP0501 (active)
[    1.060105] pnp: PnP ACPI: found 4 devices
[    1.061523] thermal_sys: Registered thermal governor 'fair_share'
[    1.061524] thermal_sys: Registered thermal governor 'bang_bang'
[    1.061525] thermal_sys: Registered thermal governor 'step_wise'
[    1.061526] thermal_sys: Registered thermal governor 'user_space'
[    1.061526] thermal_sys: Registered thermal governor 'power_allocator'
[    1.066014] clocksource: acpi_pm: mask: 0xffffff max_cycles: 0xffffff, max_idle_ns: 2085701024 ns
[    1.066066] pci_bus 0000:00: max bus depth: 1 pci_try_num: 2
[    1.066078] pci 0000:00:01.0: BAR 15: assigned [mem 0x380000000000-0x3800000fffff 64bit pref]
[    1.066081] pci 0000:01:00.0: BAR 7: assigned [mem 0x380000000000-0x38000001ffff 64bit pref]
[    1.066123] pci 0000:01:00.0: BAR 10: assigned [mem 0x380000020000-0x38000003ffff 64bit pref]
[    1.066166] pci 0000:01:00.1: BAR 7: assigned [mem 0x380000040000-0x38000005ffff 64bit pref]
[    1.066188] pci 0000:01:00.1: BAR 10: assigned [mem 0x380000060000-0x38000007ffff 64bit pref]
[    1.066210] pci 0000:00:01.0: PCI bridge to [bus 01]
[    1.066212] pci 0000:00:01.0:   bridge window [io  0xe000-0xefff]
[    1.066221] pci 0000:00:01.0:   bridge window [mem 0xfbc00000-0xfbcfffff]
[    1.066227] pci 0000:00:01.0:   bridge window [mem 0x380000000000-0x3800000fffff 64bit pref]
[    1.066241] pci 0000:02:00.0: BAR 7: no space for [mem size 0x02000000 64bit pref]
[    1.066242] pci 0000:02:00.0: BAR 7: failed to assign [mem size 0x02000000 64bit pref]
[    1.066244] pci 0000:02:00.1: BAR 7: no space for [mem size 0x02000000 64bit pref]
[    1.066245] pci 0000:02:00.1: BAR 7: failed to assign [mem size 0x02000000 64bit pref]
[    1.066246] pci 0000:00:02.0: PCI bridge to [bus 02]
[    1.066255] pci 0000:00:02.0:   bridge window [mem 0xfb900000-0xfbbfffff]
[    1.066261] pci 0000:00:02.0:   bridge window [mem 0x383ffa000000-0x383ffeffffff 64bit pref]
[    1.066273] pci 0000:00:03.0: PCI bridge to [bus 03]
[    1.066297] pci 0000:00:1c.0: PCI bridge to [bus 04]
[    1.066324] pci 0000:00:1c.3: PCI bridge to [bus 05]
[    1.066334] pci 0000:00:1c.3:   bridge window [mem 0xfb000000-0xfb8fffff]
[    1.066341] pci 0000:00:1c.3:   bridge window [mem 0xfa000000-0xfaffffff 64bit pref]
[    1.066354] pci_bus 0000:00: No. 2 try to assign unassigned res
[    1.066355] release child resource [mem 0x383ffa000000-0x383ffbffffff 64bit pref]
[    1.066355] release child resource [mem 0x383ffc000000-0x383ffdffffff 64bit pref]
[    1.066356] release child resource [mem 0x383ffe000000-0x383ffe7fffff 64bit pref]
[    1.066357] release child resource [mem 0x383ffe800000-0x383ffeffffff 64bit pref]
[    1.066358] pci 0000:00:02.0: resource 15 [mem 0x383ffa000000-0x383ffeffffff 64bit pref] released
[    1.066359] pci 0000:00:02.0: PCI bridge to [bus 02]
[    1.066375] pci 0000:00:02.0: bridge window [mem 0x01000000-0x05ffffff 64bit pref] to [bus 02] add_size 4000000 add_align 1000000
[    1.066381] pci 0000:00:02.0: BAR 15: assigned [mem 0x380001000000-0x380009ffffff 64bit pref]
[    1.066382] pci 0000:00:01.0: PCI bridge to [bus 01]
[    1.066384] pci 0000:00:01.0:   bridge window [io  0xe000-0xefff]
[    1.066393] pci 0000:00:01.0:   bridge window [mem 0xfbc00000-0xfbcfffff]
[    1.066399] pci 0000:00:01.0:   bridge window [mem 0x380000000000-0x3800000fffff 64bit pref]
[    1.066414] pci 0000:02:00.0: BAR 0: assigned [mem 0x380002000000-0x380003ffffff 64bit pref]
[    1.066486] pci 0000:02:00.1: BAR 0: assigned [mem 0x380004000000-0x380005ffffff 64bit pref]
[    1.066557] pci 0000:02:00.0: BAR 2: assigned [mem 0x380001000000-0x3800017fffff 64bit pref]
[    1.066628] pci 0000:02:00.1: BAR 2: assigned [mem 0x380001800000-0x380001ffffff 64bit pref]
[    1.066702] pci 0000:02:00.0: BAR 7: assigned [mem 0x380006000000-0x380007ffffff 64bit pref]
[    1.066737] pci 0000:02:00.1: BAR 7: assigned [mem 0x380008000000-0x380009ffffff 64bit pref]
[    1.066771] pci 0000:00:02.0: PCI bridge to [bus 02]
[    1.066780] pci 0000:00:02.0:   bridge window [mem 0xfb900000-0xfbbfffff]
[    1.066786] pci 0000:00:02.0:   bridge window [mem 0x380001000000-0x380009ffffff 64bit pref]
[    1.066797] pci 0000:00:03.0: PCI bridge to [bus 03]
[    1.066821] pci 0000:00:1c.0: PCI bridge to [bus 04]
[    1.066848] pci 0000:00:1c.3: PCI bridge to [bus 05]
[    1.066858] pci 0000:00:1c.3:   bridge window [mem 0xfb000000-0xfb8fffff]
[    1.066865] pci 0000:00:1c.3:   bridge window [mem 0xfa000000-0xfaffffff 64bit pref]
[    1.066878] pci_bus 0000:00: resource 4 [io  0x0000-0x0cf7 window]
[    1.066879] pci_bus 0000:00: resource 5 [io  0x1000-0xffff window]
[    1.066881] pci_bus 0000:00: resource 6 [mem 0x000a0000-0x000bffff window]
[    1.066882] pci_bus 0000:00: resource 7 [mem 0x90000000-0xfbffbfff window]
[    1.066883] pci_bus 0000:00: resource 8 [mem 0x380000000000-0x383fffffffff window]
[    1.066884] pci_bus 0000:01: resource 0 [io  0xe000-0xefff]
[    1.066885] pci_bus 0000:01: resource 1 [mem 0xfbc00000-0xfbcfffff]
[    1.066886] pci_bus 0000:01: resource 2 [mem 0x380000000000-0x3800000fffff 64bit pref]
[    1.066887] pci_bus 0000:02: resource 1 [mem 0xfb900000-0xfbbfffff]
[    1.066888] pci_bus 0000:02: resource 2 [mem 0x380001000000-0x380009ffffff 64bit pref]
[    1.066890] pci_bus 0000:05: resource 1 [mem 0xfb000000-0xfb8fffff]
[    1.066891] pci_bus 0000:05: resource 2 [mem 0xfa000000-0xfaffffff 64bit pref]
[    1.067103] NET: Registered protocol family 2
[    1.067332] IP idents hash table entries: 262144 (order: 9, 2097152 bytes, linear)
[    1.069665] tcp_listen_portaddr_hash hash table entries: 16384 (order: 6, 262144 bytes, linear)
[    1.069897] TCP established hash table entries: 262144 (order: 9, 2097152 bytes, linear)
[    1.070242] TCP bind hash table entries: 65536 (order: 8, 1048576 bytes, linear)
[    1.070327] TCP: Hash tables configured (established 262144 bind 65536)
[    1.070449] UDP hash table entries: 16384 (order: 7, 524288 bytes, linear)
[    1.070557] UDP-Lite hash table entries: 16384 (order: 7, 524288 bytes, linear)
[    1.070684] NET: Registered protocol family 1
[    1.070689] NET: Registered protocol family 44
[    1.070805] pci 0000:00:05.0: disabled boot interrupts on device [8086:6f28]
[    1.095388] pci 0000:00:1a.0: quirk_usb_early_handoff+0x0/0x670 took 23755 usecs
[    1.119360] pci 0000:00:1d.0: quirk_usb_early_handoff+0x0/0x670 took 23396 usecs
[    1.119398] pci 0000:01:00.0: CLS mismatch (64 != 32), using 64 bytes
[    1.119423] pci 0000:05:00.0: Video device with shadowed ROM at [mem 0x000c0000-0x000dffff]
[    1.119488] Trying to unpack rootfs image as initramfs...
[    1.357503] Freeing initrd memory: 86808K
[    1.379233] PCI-DMA: Using software bounce buffering for IO (SWIOTLB)
[    1.379237] software IO TLB: mapped [mem 0x75030000-0x79030000] (64MB)
[    1.381061] check: Scanning for low memory corruption every 60 seconds
[    1.382404] Initialise system trusted keyrings
[    1.382417] Key type blacklist registered
[    1.382458] workingset: timestamp_bits=36 max_order=23 bucket_order=0
[    1.384251] zbud: loaded
[    1.384744] squashfs: version 4.0 (2009/01/31) Phillip Lougher
[    1.384932] fuse: init (API version 7.31)
[    1.384961] *** VALIDATE fuse ***
[    1.384963] *** VALIDATE fuse ***
[    1.385097] Platform Keyring initialized
[    1.389651] Key type asymmetric registered
[    1.389653] Asymmetric key parser 'x509' registered
[    1.389664] Block layer SCSI generic (bsg) driver version 0.4 loaded (major 244)
[    1.389713] io scheduler mq-deadline registered
[    1.390522] pcieport 0000:00:01.0: PME: Signaling with IRQ 25
[    1.390584] pcieport 0000:00:01.0: AER: enabled with IRQ 25
[    1.390881] pcieport 0000:00:02.0: PME: Signaling with IRQ 27
[    1.390934] pcieport 0000:00:02.0: AER: enabled with IRQ 27
[    1.391222] pcieport 0000:00:03.0: PME: Signaling with IRQ 29
[    1.391277] pcieport 0000:00:03.0: AER: enabled with IRQ 29
[    1.391501] pcieport 0000:00:1c.0: PME: Signaling with IRQ 30
[    1.391736] pcieport 0000:00:1c.3: PME: Signaling with IRQ 31
[    1.391827] shpchp: Standard Hot Plug PCI Controller Driver version: 0.4
[    1.391913] vesafb: mode is 1024x768x32, linelength=4096, pages=0
[    1.391914] vesafb: scrolling: redraw
[    1.391916] vesafb: Truecolor: size=8:8:8:8, shift=24:16:8:0
[    1.391941] pmd_set_huge: Cannot satisfy [mem 0xfa000000-0xfa200000] with a huge-page mapping due to MTRR override.
[    1.391950] vesafb: framebuffer at 0xfa000000, mapped to 0x00000000bcfc69a1, using 3072k, total 3072k
[    1.391992] fbcon: Deferring console take-over
[    1.391993] fb0: VESA VGA frame buffer device
[    1.392007] intel_idle: MWAIT substates: 0x2120
[    1.392008] intel_idle: v0.4.1 model 0x4F
[    1.393675] intel_idle: lapic_timer_reliable_states 0xffffffff
[    1.394196] input: Power Button as /devices/LNXSYSTM:00/LNXSYBUS:00/PNP0C0C:00/input/input0
[    1.394223] ACPI: Power Button [PWRB]
[    1.394259] input: Power Button as /devices/LNXSYSTM:00/LNXPWRBN:00/input/input1
[    1.394304] ACPI: Power Button [PWRF]
[    1.402115] Serial: 8250/16550 driver, 32 ports, IRQ sharing enabled
[    1.422673] 00:02: ttyS0 at I/O 0x3f8 (irq = 4, base_baud = 115200) is a 16550A
[    1.443273] 00:03: ttyS1 at I/O 0x2f8 (irq = 3, base_baud = 115200) is a 16550A
[    1.444892] Linux agpgart interface v0.103
[    1.579284] loop: module loaded
[    1.579611] tun: Universal TUN/TAP device driver, 1.6
[    1.579692] PPP generic driver version 2.4.2
[    1.579752] VFIO - User Level meta-driver version: 0.3
[    1.579864] ehci_hcd: USB 2.0 'Enhanced' Host Controller (EHCI) Driver
[    1.579867] ehci-pci: EHCI PCI platform driver
[    1.580128] ehci-pci 0000:00:1a.0: EHCI Host Controller
[    1.580136] ehci-pci 0000:00:1a.0: new USB bus registered, assigned bus number 1
[    1.580148] ehci-pci 0000:00:1a.0: debug port 2
[    1.584066] ehci-pci 0000:00:1a.0: cache line size of 64 is not supported
[    1.584081] ehci-pci 0000:00:1a.0: irq 18, io mem 0xfbd02000
[    1.599266] ehci-pci 0000:00:1a.0: USB 2.0 started, EHCI 1.00
[    1.599369] usb usb1: New USB device found, idVendor=1d6b, idProduct=0002, bcdDevice= 5.04
[    1.599372] usb usb1: New USB device strings: Mfr=3, Product=2, SerialNumber=1
[    1.599374] usb usb1: Product: EHCI Host Controller
[    1.599376] usb usb1: Manufacturer: Linux 5.4.189kernel-module-force-unload ehci_hcd
[    1.599378] usb usb1: SerialNumber: 0000:00:1a.0
[    1.599608] hub 1-0:1.0: USB hub found
[    1.599617] hub 1-0:1.0: 2 ports detected
[    1.600017] ehci-pci 0000:00:1d.0: EHCI Host Controller
[    1.600026] ehci-pci 0000:00:1d.0: new USB bus registered, assigned bus number 2
[    1.600036] ehci-pci 0000:00:1d.0: debug port 2
[    1.603933] ehci-pci 0000:00:1d.0: cache line size of 64 is not supported
[    1.603938] ehci-pci 0000:00:1d.0: irq 18, io mem 0xfbd01000
[    1.619267] ehci-pci 0000:00:1d.0: USB 2.0 started, EHCI 1.00
[    1.619341] usb usb2: New USB device found, idVendor=1d6b, idProduct=0002, bcdDevice= 5.04
[    1.619344] usb usb2: New USB device strings: Mfr=3, Product=2, SerialNumber=1
[    1.619346] usb usb2: Product: EHCI Host Controller
[    1.619348] usb usb2: Manufacturer: Linux 5.4.189kernel-module-force-unload ehci_hcd
[    1.619350] usb usb2: SerialNumber: 0000:00:1d.0
[    1.619564] hub 2-0:1.0: USB hub found
[    1.619572] hub 2-0:1.0: 2 ports detected
[    1.619856] ehci-platform: EHCI generic platform driver
[    1.619872] ohci_hcd: USB 1.1 'Open' Host Controller (OHCI) Driver
[    1.619877] ohci-pci: OHCI PCI platform driver
[    1.619908] ohci-platform: OHCI generic platform driver
[    1.619915] uhci_hcd: USB Universal Host Controller Interface driver
[    1.620095] xhci_hcd 0000:00:14.0: xHCI Host Controller
[    1.620101] xhci_hcd 0000:00:14.0: new USB bus registered, assigned bus number 3
[    1.621171] xhci_hcd 0000:00:14.0: hcc params 0x200077c1 hci version 0x100 quirks 0x0000000000009810
[    1.621177] xhci_hcd 0000:00:14.0: cache line size of 64 is not supported
[    1.621412] xhci_hcd 0000:00:14.0: xHCI Host Controller
[    1.621415] xhci_hcd 0000:00:14.0: new USB bus registered, assigned bus number 4
[    1.621417] xhci_hcd 0000:00:14.0: Host supports USB 3.0 SuperSpeed
[    1.621447] usb usb3: New USB device found, idVendor=1d6b, idProduct=0002, bcdDevice= 5.04
[    1.621449] usb usb3: New USB device strings: Mfr=3, Product=2, SerialNumber=1
[    1.621450] usb usb3: Product: xHCI Host Controller
[    1.621451] usb usb3: Manufacturer: Linux 5.4.189kernel-module-force-unload xhci-hcd
[    1.621452] usb usb3: SerialNumber: 0000:00:14.0
[    1.621586] hub 3-0:1.0: USB hub found
[    1.621603] hub 3-0:1.0: 15 ports detected
[    1.624723] usb usb4: New USB device found, idVendor=1d6b, idProduct=0003, bcdDevice= 5.04
[    1.624725] usb usb4: New USB device strings: Mfr=3, Product=2, SerialNumber=1
[    1.624726] usb usb4: Product: xHCI Host Controller
[    1.624727] usb usb4: Manufacturer: Linux 5.4.189kernel-module-force-unload xhci-hcd
[    1.624728] usb usb4: SerialNumber: 0000:00:14.0
[    1.624856] hub 4-0:1.0: USB hub found
[    1.624868] hub 4-0:1.0: 6 ports detected
[    1.626472] i8042: PNP: No PS/2 controller found.
[    1.626582] mousedev: PS/2 mouse device common for all mice
[    1.626696] rtc_cmos 00:00: RTC can wake from S4
[    1.626887] rtc_cmos 00:00: registered as rtc0
[    1.626906] rtc_cmos 00:00: alarms up to one month, y3k, 114 bytes nvram, hpet irqs
[    1.626911] i2c /dev entries driver
[    1.626957] device-mapper: uevent: version 1.0.3
[    1.627016] device-mapper: ioctl: 4.41.0-ioctl (2019-09-16) initialised: dm-devel@redhat.com
[    1.627039] platform eisa.0: Probing EISA bus 0
[    1.627041] platform eisa.0: EISA: Cannot allocate resource for mainboard
[    1.627043] platform eisa.0: Cannot allocate resource for EISA slot 1
[    1.627044] platform eisa.0: Cannot allocate resource for EISA slot 2
[    1.627045] platform eisa.0: Cannot allocate resource for EISA slot 3
[    1.627046] platform eisa.0: Cannot allocate resource for EISA slot 4
[    1.627047] platform eisa.0: Cannot allocate resource for EISA slot 5
[    1.627048] platform eisa.0: Cannot allocate resource for EISA slot 6
[    1.627049] platform eisa.0: Cannot allocate resource for EISA slot 7
[    1.627050] platform eisa.0: Cannot allocate resource for EISA slot 8
[    1.627051] platform eisa.0: EISA: Detected 0 cards
[    1.627063] intel_pstate: Intel P-state driver initializing
[    1.634582] ledtrig-cpu: registered to indicate activity on CPUs
[    1.634739] drop_monitor: Initializing network drop monitor service
[    1.634915] NET: Registered protocol family 10
[    1.641875] Segment Routing with IPv6
[    1.641893] NET: Registered protocol family 17
[    1.641963] Key type dns_resolver registered
[    1.647072] RAS: Correctable Errors collector initialized.
[    1.647153] microcode: sig=0x406f1, pf=0x1, revision=0xb000040
[    1.648972] microcode: Microcode Update Driver: v2.2.
[    1.651140] *** VALIDATE rdt ***
[    1.651143] resctrl: L3 allocation detected
[    1.651144] resctrl: L3DATA allocation detected
[    1.651144] resctrl: L3CODE allocation detected
[    1.651144] resctrl: L3 monitoring detected
[    1.651148] IPI shorthand broadcast: enabled
[    1.651155] sched_clock: Marking stable (1650633390, 498228)->(1899132830, -248001212)
[    1.651322] registered taskstats version 1
[    1.651333] Loading compiled-in X.509 certificates
[    1.652042] Loaded X.509 cert 'Build time autogenerated kernel key: a9993d45b65f0d146f444e483c70e48bd819de06'
[    1.652308] zswap: loaded using pool lzo/zbud
[    1.652457] Key type ._fscrypt registered
[    1.652457] Key type .fscrypt registered
[    1.658365] Key type big_key registered
[    1.661517] Key type encrypted registered
[    1.661520] AppArmor: AppArmor sha1 policy hashing enabled
[    1.661527] ima: No TPM chip found, activating TPM-bypass!
[    1.661532] ima: Allocated hash algorithm: sha1
[    1.661541] ima: No architecture policies found
[    1.661575] evm: Initialising EVM extended attributes:
[    1.661576] evm: security.selinux
[    1.661577] evm: security.SMACK64
[    1.661577] evm: security.SMACK64EXEC
[    1.661578] evm: security.SMACK64TRANSMUTE
[    1.661578] evm: security.SMACK64MMAP
[    1.661578] evm: security.apparmor
[    1.661579] evm: security.ima
[    1.661579] evm: security.capability
[    1.661580] evm: HMAC attrs: 0x1
[    1.662146] PM:   Magic number: 14:533:615
[    1.662155] misc tun: hash matches
[    1.662248] acpi device:181: hash matches
[    1.662464] rtc_cmos 00:00: setting system clock to 2022-07-07T04:38:01 UTC (1657168681)
[    1.665783] Freeing unused decrypted memory: 2040K
[    1.666651] Freeing unused kernel image memory: 2748K
[    1.719289] Write protecting the kernel read-only data: 22528k
[    1.720286] Freeing unused kernel image memory: 2008K
[    1.720730] Freeing unused kernel image memory: 1128K
[    1.728037] x86/mm: Checked W+X mappings: passed, no W+X pages found.
[    1.728038] x86/mm: Checking user space page tables
[    1.735132] x86/mm: Checked W+X mappings: passed, no W+X pages found.
[    1.735134] Run /init as init process
[    1.859253] usb 1-1: new high-speed USB device number 2 using ehci-pci
[    1.861045] mlx_compat: loading out-of-tree module taints kernel.
[    1.861089] mlx_compat: module verification failed: signature and/or required key missing - tainting kernel
[    1.861271] Compat-mlnx-ofed backport release: b1b2bdd
[    1.861271] Backport based on mlnx_ofed/mlnx-ofa_kernel-4.0.git b1b2bdd
[    1.861271] compat.git: mlnx_ofed/mlnx-ofa_kernel-4.0.git
[    1.862587] dca service started, version 1.12.1
[    1.864141] i801_smbus 0000:00:1f.3: SMBus using PCI interrupt
[    1.866361] igb: Intel(R) Gigabit Ethernet Network Driver - version 5.6.0-k
[    1.866361] igb: Copyright (c) 2007-2014 Intel Corporation.
[    1.866447] ahci 0000:00:1f.2: version 3.0
[    1.866785] ahci 0000:00:1f.2: AHCI 0001.0300 32 slots 6 ports 6 Gbps 0x10 impl SATA mode
[    1.866788] ahci 0000:00:1f.2: flags: 64bit ncq pm led clo pio slum part ems apst 
[    1.870576] scsi host0: ahci
[    1.870962] scsi host1: ahci
[    1.872560] cryptd: max_cpu_qlen set to 1000
[    1.872586] scsi host2: ahci
[    1.875269] scsi host3: ahci
[    1.875361] usb 2-1: new high-speed USB device number 2 using ehci-pci
[    1.880835] AVX2 version of gcm_enc/dec engaged.
[    1.880835] AES CTR mode by8 optimization enabled
[    1.883270] usb 3-9: new high-speed USB device number 2 using xhci_hcd
[    1.887684] scsi host4: ahci
[    1.904797] mlx5_core 0000:02:00.0: firmware version: 24.33.1048
[    1.904832] mlx5_core 0000:02:00.0: 63.008 Gb/s available PCIe bandwidth, limited by 8.0 GT/s PCIe x8 link at 0000:00:02.0 (capable of 252.048 Gb/s with 16.0 GT/s PCIe x16 link)
[    1.910467] scsi host5: ahci
[    1.910578] ata1: DUMMY
[    1.910579] ata2: DUMMY
[    1.910580] ata3: DUMMY
[    1.910581] ata4: DUMMY
[    1.910583] ata5: SATA max UDMA/133 abar m2048@0xfbd00000 port 0xfbd00300 irq 33
[    1.910584] ata6: DUMMY
[    1.910594] mgag200 0000:05:00.0: remove_conflicting_pci_framebuffers: bar 0: 0xfa000000 -> 0xfaffffff
[    1.910595] mgag200 0000:05:00.0: remove_conflicting_pci_framebuffers: bar 1: 0xfb810000 -> 0xfb813fff
[    1.910595] mgag200 0000:05:00.0: remove_conflicting_pci_framebuffers: bar 2: 0xfb000000 -> 0xfb7fffff
[    1.910614] checking generic (fa000000 300000) vs hw (fa000000 1000000)
[    1.910615] fb0: switching to mgag200drmfb from VESA VGA
[    1.910781] mgag200 0000:05:00.0: vgaarb: deactivate vga console
[    1.919786] [TTM] Zone  kernel: Available graphics memory: 16382418 KiB
[    1.919787] [TTM] Zone   dma32: Available graphics memory: 2097152 KiB
[    1.919787] [TTM] Initializing pool allocator
[    1.919789] [TTM] Initializing DMA pool allocator
[    1.938292] mlx5_core 0000:02:00.0: handle_hca_cap:704:(pid 7): log_max_qp value in current profile is 18, changing it to HCA capability limit (17)
[    1.997833] igb 0000:01:00.0: added PHC on eth0
[    1.997834] igb 0000:01:00.0: Intel(R) Gigabit Ethernet Network Connection
[    1.997835] igb 0000:01:00.0: eth0: (PCIe:5.0Gb/s:Width x4) a4:bf:01:6e:28:a6
[    1.997956] igb 0000:01:00.0: eth0: PBA No: 006100-000
[    1.997957] igb 0000:01:00.0: Using MSI-X interrupts. 8 rx queue(s), 8 tx queue(s)
[    2.001302] fbcon: mgag200drmfb (fb0) is primary device
[    2.001303] fbcon: Deferring console take-over
[    2.001305] mgag200 0000:05:00.0: fb0: mgag200drmfb frame buffer device
[    2.027619] usb 1-1: New USB device found, idVendor=8087, idProduct=800a, bcdDevice= 0.05
[    2.027621] usb 1-1: New USB device strings: Mfr=0, Product=0, SerialNumber=0
[    2.027912] hub 1-1:1.0: USB hub found
[    2.028003] hub 1-1:1.0: 6 ports detected
[    2.039350] usb 3-9: New USB device found, idVendor=0409, idProduct=005a, bcdDevice= 1.00
[    2.039352] usb 3-9: New USB device strings: Mfr=0, Product=0, SerialNumber=0
[    2.039618] usb 2-1: New USB device found, idVendor=8087, idProduct=8002, bcdDevice= 0.05
[    2.039619] usb 2-1: New USB device strings: Mfr=0, Product=0, SerialNumber=0
[    2.039661] hub 3-9:1.0: USB hub found
[    2.039714] hub 3-9:1.0: 4 ports detected
[    2.039758] hub 2-1:1.0: USB hub found
[    2.039866] hub 2-1:1.0: 8 ports detected
[    2.062109] igb 0000:01:00.1: added PHC on eth1
[    2.062110] igb 0000:01:00.1: Intel(R) Gigabit Ethernet Network Connection
[    2.062111] igb 0000:01:00.1: eth1: (PCIe:5.0Gb/s:Width x4) a4:bf:01:6e:28:a7
[    2.062232] igb 0000:01:00.1: eth1: PBA No: 006100-000
[    2.062232] igb 0000:01:00.1: Using MSI-X interrupts. 8 rx queue(s), 8 tx queue(s)
[    2.167251] usb 3-14: new full-speed USB device number 3 using xhci_hcd
[    2.175209] [drm] Initialized mgag200 1.0.0 20110418 for 0000:05:00.0 on minor 0
[    2.181376] mlx5_core 0000:02:00.0: Rate limit: 127 rates are supported, range: 0Mbps to 97656Mbps
[    2.182803] mlx5_core 0000:02:00.0: E-Switch: total vports 50, per vport: max uc(128) max mc(2048)
[    2.187061] mlx5_core 0000:02:00.0: Port module event: module 0, Cable plugged
[    2.187345] mlx5_core 0000:02:00.0: mlx5_pcie_event:299:(pid 516): Detected insufficient power on the PCIe slot (27W).
[    2.197222] igb 0000:01:00.0 ens11f0: renamed from eth0
[    2.221688] mlx5_core 0000:02:00.1: firmware version: 24.33.1048
[    2.221723] mlx5_core 0000:02:00.1: 63.008 Gb/s available PCIe bandwidth, limited by 8.0 GT/s PCIe x8 link at 0000:00:02.0 (capable of 252.048 Gb/s with 16.0 GT/s PCIe x16 link)
[    2.230137] ata5: SATA link up 6.0 Gbps (SStatus 133 SControl 300)
[    2.230874] ata5.00: supports DRM functions and may not be fully accessible
[    2.230893] ata5.00: ATA-10: CT500MX500SSD1, M3CR033, max UDMA/133
[    2.230894] ata5.00: 976773168 sectors, multi 1: LBA48 NCQ (depth 32), AA
[    2.230954] mlx5_core 0000:02:00.1: handle_hca_cap:704:(pid 7): log_max_qp value in current profile is 18, changing it to HCA capability limit (17)
[    2.231457] ata5.00: supports DRM functions and may not be fully accessible
[    2.231934] ata5.00: configured for UDMA/133
[    2.232210] scsi 4:0:0:0: Direct-Access     ATA      CT500MX500SSD1   033  PQ: 0 ANSI: 5
[    2.232433] sd 4:0:0:0: Attached scsi generic sg0 type 0
[    2.232656] sd 4:0:0:0: [sda] 976773168 512-byte logical blocks: (500 GB/466 GiB)
[    2.232657] sd 4:0:0:0: [sda] 4096-byte physical blocks
[    2.232670] sd 4:0:0:0: [sda] Write Protect is off
[    2.232672] sd 4:0:0:0: [sda] Mode Sense: 00 3a 00 00
[    2.232690] sd 4:0:0:0: [sda] Write cache: enabled, read cache: enabled, doesn't support DPO or FUA
[    2.324074]  sda: sda1 sda2 sda3
[    2.335735] usb 3-14: New USB device found, idVendor=046b, idProduct=ff10, bcdDevice= 1.00
[    2.335736] usb 3-14: New USB device strings: Mfr=1, Product=2, SerialNumber=3
[    2.335737] usb 3-14: Product: Virtual Keyboard and Mouse
[    2.335738] usb 3-14: Manufacturer: American Megatrends Inc.
[    2.335739] usb 3-14: SerialNumber: serial
[    2.339923] hidraw: raw HID events driver (C) Jiri Kosina
[    2.395249] usb 3-9.4: new full-speed USB device number 4 using xhci_hcd
[    2.407269] tsc: Refined TSC clocksource calibration: 2194.917 MHz
[    2.407281] clocksource: tsc: mask: 0xffffffffffffffff max_cycles: 0x1fa37107ca2, max_idle_ns: 440795258165 ns
[    2.407396] clocksource: Switched to clocksource tsc
[    2.455590] sd 4:0:0:0: [sda] supports TCG Opal
[    2.455591] sd 4:0:0:0: [sda] Attached SCSI disk
[    2.457129] igb 0000:01:00.1 ens11f1: renamed from eth1
[    2.458245] usbcore: registered new interface driver usbhid
[    2.458246] usbhid: USB HID core driver
[    2.460195] input: American Megatrends Inc. Virtual Keyboard and Mouse as /devices/pci0000:00/0000:00:14.0/usb3/3-14/3-14:1.0/0003:046B:FF10.0001/input/input2
[    2.460256] hid-generic 0003:046B:FF10.0001: input,hidraw0: USB HID v1.10 Keyboard [American Megatrends Inc. Virtual Keyboard and Mouse] on usb-0000:00:14.0-14/input0
[    2.460356] input: American Megatrends Inc. Virtual Keyboard and Mouse as /devices/pci0000:00/0000:00:14.0/usb3/3-14/3-14:1.1/0003:046B:FF10.0002/input/input3
[    2.460417] hid-generic 0003:046B:FF10.0002: input,hidraw1: USB HID v1.10 Mouse [American Megatrends Inc. Virtual Keyboard and Mouse] on usb-0000:00:14.0-14/input1
[    2.462491] mlx5_core 0000:02:00.1: Rate limit: 127 rates are supported, range: 0Mbps to 97656Mbps
[    2.464002] mlx5_core 0000:02:00.1: E-Switch: total vports 50, per vport: max uc(128) max mc(2048)
[    2.468290] mlx5_core 0000:02:00.1: Port module event: module 1, Cable unplugged
[    2.468496] mlx5_core 0000:02:00.1: mlx5_pcie_event:299:(pid 522): Detected insufficient power on the PCIe slot (27W).
[    2.499676] usb 3-9.4: New USB device found, idVendor=0557, idProduct=8021, bcdDevice= 1.00
[    2.499677] usb 3-9.4: New USB device strings: Mfr=0, Product=0, SerialNumber=0
[    2.502015] hub 3-9.4:1.0: USB hub found
[    2.502140] hub 3-9.4:1.0: 4 ports detected
[    2.502757] mlx5_core 0000:02:00.0: MLX5E: StrdRq(1) RqSz(8) StrdSz(2048) RxCqeCmprss(0)
[    2.737202] mlx5_core 0000:02:00.0: Supported tc offload range - chains: 1, prios: 16
[    2.737205] mlx5_core 0000:02:00.0: mlx5_post_action_init:41:(pid 456): firmware level support is missing
[    2.748319] mlx5_core 0000:02:00.1: MLX5E: StrdRq(1) RqSz(8) StrdSz(2048) RxCqeCmprss(0)
[    2.787256] usb 3-9.4.1: new low-speed USB device number 5 using xhci_hcd
[    2.912883] usb 3-9.4.1: New USB device found, idVendor=1c4f, idProduct=0002, bcdDevice= 3.30
[    2.912886] usb 3-9.4.1: New USB device strings: Mfr=1, Product=2, SerialNumber=0
[    2.912888] usb 3-9.4.1: Product: USB Keyboard
[    2.912891] usb 3-9.4.1: Manufacturer: SIGMACHIP
[    2.928685] input: SIGMACHIP USB Keyboard as /devices/pci0000:00/0000:00:14.0/usb3/3-9/3-9.4/3-9.4.1/3-9.4.1:1.0/0003:1C4F:0002.0003/input/input4
[    2.976697] mlx5_core 0000:02:00.1: Supported tc offload range - chains: 1, prios: 16
[    2.976702] mlx5_core 0000:02:00.1: mlx5_post_action_init:41:(pid 456): firmware level support is missing
[    2.987343] hid-generic 0003:1C4F:0002.0003: input,hidraw2: USB HID v1.10 Keyboard [SIGMACHIP USB Keyboard] on usb-0000:00:14.0-9.4.1/input0
[    2.988191] mlx5_core 0000:02:00.1 enp2s0f1np1: renamed from eth1
[    2.996504] input: SIGMACHIP USB Keyboard Consumer Control as /devices/pci0000:00/0000:00:14.0/usb3/3-9/3-9.4/3-9.4.1/3-9.4.1:1.1/0003:1C4F:0002.0004/input/input5
[    3.015995] mlx5_core 0000:02:00.0 enp2s0f0np0: renamed from eth0
[    3.055345] input: SIGMACHIP USB Keyboard System Control as /devices/pci0000:00/0000:00:14.0/usb3/3-9/3-9.4/3-9.4.1/3-9.4.1:1.1/0003:1C4F:0002.0004/input/input6
[    3.055394] hid-generic 0003:1C4F:0002.0004: input,hidraw3: USB HID v1.10 Device [SIGMACHIP USB Keyboard] on usb-0000:00:14.0-9.4.1/input1
[    3.063687] input: SIGMACHIP USB Keyboard as /devices/pci0000:00/0000:00:14.0/usb3/3-9/3-9.4/3-9.4.1/3-9.4.1:1.2/0003:1C4F:0002.0005/input/input7
[    3.063807] hid-generic 0003:1C4F:0002.0005: input,hidraw4: USB HID v1.10 Mouse [SIGMACHIP USB Keyboard] on usb-0000:00:14.0-9.4.1/input2
[    3.199223] raid6: avx2x4   gen() 30584 MB/s
[    3.247224] raid6: avx2x4   xor() 11292 MB/s
[    3.295225] raid6: avx2x2   gen() 26540 MB/s
[    3.343237] raid6: avx2x2   xor() 16036 MB/s
[    3.391223] raid6: avx2x1   gen() 22639 MB/s
[    3.439223] raid6: avx2x1   xor() 15158 MB/s
[    3.487239] raid6: sse2x4   gen() 16844 MB/s
[    3.535224] raid6: sse2x4   xor()  9895 MB/s
[    3.583238] raid6: sse2x2   gen() 14120 MB/s
[    3.631239] raid6: sse2x2   xor()  9057 MB/s
[    3.679223] raid6: sse2x1   gen() 12073 MB/s
[    3.727239] raid6: sse2x1   xor()  8297 MB/s
[    3.727239] raid6: using algorithm avx2x4 gen() 30584 MB/s
[    3.727240] raid6: .... xor() 11292 MB/s, rmw enabled
[    3.727241] raid6: using avx2x2 recovery algorithm
[    3.728160] xor: automatically using best checksumming function   avx       
[    3.729098] async_tx: api initialized (async)
[    3.819193] Btrfs loaded, crc32c=crc32c-intel
[    3.900009] EXT4-fs (sda3): mounted filesystem with ordered data mode. Opts: (null)
[    4.242557] systemd[1]: Inserted module 'autofs4'
[    4.260716] systemd[1]: systemd 245.4-4ubuntu3.17 running in system mode. (+PAM +AUDIT +SELINUX +IMA +APPARMOR +SMACK +SYSVINIT +UTMP +LIBCRYPTSETUP +GCRYPT +GNUTLS +ACL +XZ +LZ4 +SECCOMP +BLKID +ELFUTILS +KMOD +IDN2 -IDN +PCRE2 default-hierarchy=hybrid)
[    4.279378] systemd[1]: Detected architecture x86-64.
[    4.308947] systemd[1]: Set hostname to <axdimm.ittc.ku.edu>.
[    4.519841] systemd[1]: Created slice system-modprobe.slice.
[    4.520204] systemd[1]: Created slice system-postfix.slice.
[    4.520441] systemd[1]: Created slice system-systemd\x2dfsck.slice.
[    4.520687] systemd[1]: Created slice User and Session Slice.
[    4.520732] systemd[1]: Started Forward Password Requests to Wall Directory Watch.
[    4.520917] systemd[1]: Set up automount Arbitrary Executable File Formats File System Automount Point.
[    4.520960] systemd[1]: Reached target Slices.
[    4.521017] systemd[1]: Listening on Device-mapper event daemon FIFOs.
[    4.521084] systemd[1]: Listening on LVM2 poll daemon socket.
[    4.524185] systemd[1]: Listening on RPCbind Server Activation Socket.
[    4.524307] systemd[1]: Listening on Syslog Socket.
[    4.524381] systemd[1]: Listening on fsck to fsckd communication Socket.
[    4.524429] systemd[1]: Listening on initctl Compatibility Named Pipe.
[    4.524591] systemd[1]: Listening on Journal Audit Socket.
[    4.524654] systemd[1]: Listening on Journal Socket (/dev/log).
[    4.524735] systemd[1]: Listening on Journal Socket.
[    4.524821] systemd[1]: Listening on udev Control Socket.
[    4.524880] systemd[1]: Listening on udev Kernel Socket.
[    4.525639] systemd[1]: Mounting Huge Pages File System...
[    4.526423] systemd[1]: Mounting POSIX Message Queue File System...
[    4.527301] systemd[1]: Mounting RPC Pipe File System...
[    4.528326] systemd[1]: Mounting Kernel Debug File System...
[    4.529203] systemd[1]: Mounting Kernel Trace File System...
[    4.530624] systemd[1]: Starting Journal Service...
[    4.531726] systemd[1]: Starting Availability of block devices...
[    4.532862] systemd[1]: Starting Set the console keyboard layout...
[    4.533976] systemd[1]: Starting Create list of static device nodes for the current kernel...
[    4.535281] systemd[1]: Starting Monitoring of LVM2 mirrors, snapshots etc. using dmeventd or progress polling...
[    4.535320] systemd[1]: Condition check resulted in Load Kernel Module drm being skipped.
[    4.535888] systemd[1]: Condition check resulted in Set Up Additional Binary Formats being skipped.
[    4.535918] systemd[1]: Condition check resulted in File System Check on Root Device being skipped.
[    4.539806] systemd[1]: Starting Load Kernel Modules...
[    4.540609] systemd[1]: Starting Remount Root and Kernel File Systems...
[    4.541584] systemd[1]: Starting udev Coldplug all Devices...
[    4.543111] systemd[1]: Mounted Huge Pages File System.
[    4.543273] systemd[1]: Mounted POSIX Message Queue File System.
[    4.543408] systemd[1]: Mounted Kernel Debug File System.
[    4.543569] systemd[1]: Mounted Kernel Trace File System.
[    4.543971] systemd[1]: Finished Availability of block devices.
[    4.544476] systemd[1]: Finished Create list of static device nodes for the current kernel.
[    4.548724] RPC: Registered named UNIX socket transport module.
[    4.548725] RPC: Registered udp transport module.
[    4.548725] RPC: Registered tcp transport module.
[    4.548726] RPC: Registered tcp NFSv4.1 backchannel transport module.
[    4.549994] systemd[1]: Mounted RPC Pipe File System.
[    4.550856] EXT4-fs (sda3): re-mounted. Opts: errors=remount-ro
[    4.551885] systemd[1]: Finished Remount Root and Kernel File Systems.
[    4.553979] systemd[1]: Condition check resulted in Rebuild Hardware Database being skipped.
[    4.554006] systemd[1]: Condition check resulted in Platform Persistent Storage Archival being skipped.
[    4.554672] systemd[1]: Starting Load/Save Random Seed...
[    4.555453] systemd[1]: Starting Create System Users...
[    4.562731] lp: driver loaded but no devices found
[    4.566881] ppdev: user-space parallel port driver
[    4.569480] systemd[1]: Finished Load/Save Random Seed.
[    4.576660] systemd[1]: Finished Create System Users.
[    4.577521] systemd[1]: Starting Create Static Device Nodes in /dev...
[    4.578363] IPMI message handler: version 39.2
[    4.580152] ipmi device interface
[    4.581520] knem 1.1.4.90mlnx1: initialized
[    4.582391] systemd[1]: Finished Load Kernel Modules.
[    4.583672] systemd[1]: Mounting FUSE Control File System...
[    4.584533] systemd[1]: Mounting Kernel Configuration File System...
[    4.585574] systemd[1]: Starting Apply Kernel Variables...
[    4.587109] systemd[1]: Mounted FUSE Control File System.
[    4.587724] systemd[1]: Mounted Kernel Configuration File System.
[    4.591537] systemd[1]: Finished Create Static Device Nodes in /dev.
[    4.592596] systemd[1]: Starting udev Kernel Device Manager...
[    4.596284] systemd[1]: Finished Set the console keyboard layout.
[    4.600467] systemd[1]: Finished Apply Kernel Variables.
[    4.642032] systemd[1]: Started Journal Service.
[    4.647185] systemd-journald[732]: Received client request to flush runtime journal.
[    4.924231] ipmi_si: IPMI System Interface driver
[    4.924383] ipmi_si dmi-ipmi-si.0: ipmi_platform: probing via SMBIOS
[    4.924386] ipmi_platform: ipmi_si: SMBIOS: io 0xca2 regsize 1 spacing 1 irq 0
[    4.924387] ipmi_si: Adding SMBIOS-specified kcs state machine
[    4.925015] ipmi_si IPI0001:00: ipmi_platform: probing via ACPI
[    4.925219] ipmi_si IPI0001:00: ipmi_platform: [io  0x0ca2] regsize 1 spacing 1 irq 0
[    4.925221] ipmi_si dmi-ipmi-si.0: Removing SMBIOS-specified kcs state machine in favor of ACPI
[    4.925222] ipmi_si: Adding ACPI-specified kcs state machine
[    4.925788] ipmi_si: Trying ACPI-specified kcs state machine at i/o address 0xca2, slave address 0x20, irq 0
[    5.008141] power_meter ACPI000D:00: Found ACPI power meter.
[    5.008214] power_meter ACPI000D:00: Ignoring unsafe software power cap!
[    5.008248] power_meter ACPI000D:00: hwmon_device_register() is deprecated. Please convert the driver to use hwmon_device_register_with_info().
[    5.032742] mei_me 0000:00:16.0: Device doesn't have valid ME Interface
[    5.153994] mlx5_core 0000:02:00.1 enp2s0f1: renamed from enp2s0f1np1
[    5.167389] RAPL PMU: API unit is 2^-32 Joules, 2 fixed counters, 655360 ms ovfl timer
[    5.167391] RAPL PMU: hw unit of domain package 2^-14 Joules
[    5.167392] RAPL PMU: hw unit of domain dram 2^-16 Joules
[    5.185529] mlx5_core 0000:02:00.0 enp2s0f0: renamed from enp2s0f0np0
[    5.282850] ipmi_si IPI0001:00: IPMI message handler: Found new BMC (man_id: 0x000157, prod_id: 0x0071, dev_id: 0x21)
[    5.292562] EDAC sbridge: Seeking for: PCI ID 8086:6fa0
[    5.292639] EDAC sbridge: Seeking for: PCI ID 8086:6fa0
[    5.292663] EDAC sbridge: Seeking for: PCI ID 8086:6f60
[    5.292669] EDAC sbridge: Seeking for: PCI ID 8086:6f60
[    5.292675] EDAC sbridge: Seeking for: PCI ID 8086:6fa8
[    5.292682] EDAC sbridge: Seeking for: PCI ID 8086:6fa8
[    5.292687] EDAC sbridge: Seeking for: PCI ID 8086:6f71
[    5.292694] EDAC sbridge: Seeking for: PCI ID 8086:6f71
[    5.292699] EDAC sbridge: Seeking for: PCI ID 8086:6faa
[    5.292705] EDAC sbridge: Seeking for: PCI ID 8086:6faa
[    5.292710] EDAC sbridge: Seeking for: PCI ID 8086:6fab
[    5.292716] EDAC sbridge: Seeking for: PCI ID 8086:6fab
[    5.292722] EDAC sbridge: Seeking for: PCI ID 8086:6fac
[    5.292731] EDAC sbridge: Seeking for: PCI ID 8086:6fad
[    5.292740] EDAC sbridge: Seeking for: PCI ID 8086:6f68
[    5.292747] EDAC sbridge: Seeking for: PCI ID 8086:6f68
[    5.292752] EDAC sbridge: Seeking for: PCI ID 8086:6f79
[    5.292759] EDAC sbridge: Seeking for: PCI ID 8086:6f79
[    5.292764] EDAC sbridge: Seeking for: PCI ID 8086:6f6a
[    5.292772] EDAC sbridge: Seeking for: PCI ID 8086:6f6a
[    5.292776] EDAC sbridge: Seeking for: PCI ID 8086:6f6b
[    5.292784] EDAC sbridge: Seeking for: PCI ID 8086:6f6b
[    5.292789] EDAC sbridge: Seeking for: PCI ID 8086:6f6c
[    5.292799] EDAC sbridge: Seeking for: PCI ID 8086:6f6d
[    5.292809] EDAC sbridge: Seeking for: PCI ID 8086:6ffc
[    5.292814] EDAC sbridge: Seeking for: PCI ID 8086:6ffc
[    5.292821] EDAC sbridge: Seeking for: PCI ID 8086:6ffd
[    5.292825] EDAC sbridge: Seeking for: PCI ID 8086:6ffd
[    5.292832] EDAC sbridge: Seeking for: PCI ID 8086:6faf
[    5.292838] EDAC sbridge: Seeking for: PCI ID 8086:6faf
[    5.292880] EDAC sbridge: CPU SrcID #0, Ha #0, Channel #0 has DIMMs, but ECC is disabled
[    5.292885] EDAC sbridge: Couldn't find mci handler
[    5.292886] EDAC sbridge: Couldn't find mci handler
[    5.292888] EDAC sbridge: Failed to register device with error -19.
[    5.341001] ipmi_si IPI0001:00: IPMI kcs interface initialized
[    5.351258] Adding 524284k swap on /dev/sda2.  Priority:-2 extents:1 across:524284k SSFS
[    5.362393] EXT4-fs (sda1): mounted filesystem with ordered data mode. Opts: (null)
[    5.362402] ext4 filesystem being mounted at /boot supports timestamps until 2038 (0x7fffffff)
[    5.363806] EDAC sbridge: Seeking for: PCI ID 8086:6fa0
[    5.363821] EDAC sbridge: Seeking for: PCI ID 8086:6fa0
[    5.363838] EDAC sbridge: Seeking for: PCI ID 8086:6f60
[    5.363842] EDAC sbridge: Seeking for: PCI ID 8086:6f60
[    5.363847] EDAC sbridge: Seeking for: PCI ID 8086:6fa8
[    5.363852] EDAC sbridge: Seeking for: PCI ID 8086:6fa8
[    5.363857] EDAC sbridge: Seeking for: PCI ID 8086:6f71
[    5.363861] EDAC sbridge: Seeking for: PCI ID 8086:6f71
[    5.363866] EDAC sbridge: Seeking for: PCI ID 8086:6faa
[    5.363870] EDAC sbridge: Seeking for: PCI ID 8086:6faa
[    5.363875] EDAC sbridge: Seeking for: PCI ID 8086:6fab
[    5.363880] EDAC sbridge: Seeking for: PCI ID 8086:6fab
[    5.363884] EDAC sbridge: Seeking for: PCI ID 8086:6fac
[    5.363892] EDAC sbridge: Seeking for: PCI ID 8086:6fad
[    5.363900] EDAC sbridge: Seeking for: PCI ID 8086:6f68
[    5.363906] EDAC sbridge: Seeking for: PCI ID 8086:6f68
[    5.363909] EDAC sbridge: Seeking for: PCI ID 8086:6f79
[    5.363915] EDAC sbridge: Seeking for: PCI ID 8086:6f79
[    5.363919] EDAC sbridge: Seeking for: PCI ID 8086:6f6a
[    5.363924] EDAC sbridge: Seeking for: PCI ID 8086:6f6a
[    5.363928] EDAC sbridge: Seeking for: PCI ID 8086:6f6b
[    5.363933] EDAC sbridge: Seeking for: PCI ID 8086:6f6b
[    5.363937] EDAC sbridge: Seeking for: PCI ID 8086:6f6c
[    5.363945] EDAC sbridge: Seeking for: PCI ID 8086:6f6d
[    5.363953] EDAC sbridge: Seeking for: PCI ID 8086:6ffc
[    5.363956] EDAC sbridge: Seeking for: PCI ID 8086:6ffc
[    5.363962] EDAC sbridge: Seeking for: PCI ID 8086:6ffd
[    5.363966] EDAC sbridge: Seeking for: PCI ID 8086:6ffd
[    5.363971] EDAC sbridge: Seeking for: PCI ID 8086:6faf
[    5.363976] EDAC sbridge: Seeking for: PCI ID 8086:6faf
[    5.364002] EDAC sbridge: CPU SrcID #0, Ha #0, Channel #0 has DIMMs, but ECC is disabled
[    5.364005] EDAC sbridge: Couldn't find mci handler
[    5.364006] EDAC sbridge: Couldn't find mci handler
[    5.364007] EDAC sbridge: Failed to register device with error -19.
[    5.366474] ipmi_ssif: IPMI SSIF Interface driver
[    5.374247] intel_rapl_common: Found RAPL domain package
[    5.374254] intel_rapl_common: Found RAPL domain dram
[    5.374255] intel_rapl_common: DRAM domain energy unit 15300pj
[    5.455933] EDAC sbridge: Seeking for: PCI ID 8086:6fa0
[    5.455958] EDAC sbridge: Seeking for: PCI ID 8086:6fa0
[    5.455986] EDAC sbridge: Seeking for: PCI ID 8086:6f60
[    5.455993] EDAC sbridge: Seeking for: PCI ID 8086:6f60
[    5.456000] EDAC sbridge: Seeking for: PCI ID 8086:6fa8
[    5.456006] EDAC sbridge: Seeking for: PCI ID 8086:6fa8
[    5.456013] EDAC sbridge: Seeking for: PCI ID 8086:6f71
[    5.456020] EDAC sbridge: Seeking for: PCI ID 8086:6f71
[    5.456027] EDAC sbridge: Seeking for: PCI ID 8086:6faa
[    5.456033] EDAC sbridge: Seeking for: PCI ID 8086:6faa
[    5.456040] EDAC sbridge: Seeking for: PCI ID 8086:6fab
[    5.456046] EDAC sbridge: Seeking for: PCI ID 8086:6fab
[    5.456054] EDAC sbridge: Seeking for: PCI ID 8086:6fac
[    5.456065] EDAC sbridge: Seeking for: PCI ID 8086:6fad
[    5.456076] EDAC sbridge: Seeking for: PCI ID 8086:6f68
[    5.456083] EDAC sbridge: Seeking for: PCI ID 8086:6f68
[    5.456089] EDAC sbridge: Seeking for: PCI ID 8086:6f79
[    5.456096] EDAC sbridge: Seeking for: PCI ID 8086:6f79
[    5.456102] EDAC sbridge: Seeking for: PCI ID 8086:6f6a
[    5.456110] EDAC sbridge: Seeking for: PCI ID 8086:6f6a
[    5.456115] EDAC sbridge: Seeking for: PCI ID 8086:6f6b
[    5.456122] EDAC sbridge: Seeking for: PCI ID 8086:6f6b
[    5.456128] EDAC sbridge: Seeking for: PCI ID 8086:6f6c
[    5.456139] EDAC sbridge: Seeking for: PCI ID 8086:6f6d
[    5.456150] EDAC sbridge: Seeking for: PCI ID 8086:6ffc
[    5.456155] EDAC sbridge: Seeking for: PCI ID 8086:6ffc
[    5.456163] EDAC sbridge: Seeking for: PCI ID 8086:6ffd
[    5.456167] EDAC sbridge: Seeking for: PCI ID 8086:6ffd
[    5.456176] EDAC sbridge: Seeking for: PCI ID 8086:6faf
[    5.456182] EDAC sbridge: Seeking for: PCI ID 8086:6faf
[    5.456231] EDAC sbridge: CPU SrcID #0, Ha #0, Channel #0 has DIMMs, but ECC is disabled
[    5.456237] EDAC sbridge: Couldn't find mci handler
[    5.456238] EDAC sbridge: Couldn't find mci handler
[    5.456241] EDAC sbridge: Failed to register device with error -19.
[    5.533588] EDAC sbridge: Seeking for: PCI ID 8086:6fa0
[    5.533760] EDAC sbridge: Seeking for: PCI ID 8086:6fa0
[    5.533921] EDAC sbridge: Seeking for: PCI ID 8086:6f60
[    5.533933] EDAC sbridge: Seeking for: PCI ID 8086:6f60
[    5.533938] EDAC sbridge: Seeking for: PCI ID 8086:6fa8
[    5.533950] EDAC sbridge: Seeking for: PCI ID 8086:6fa8
[    5.533955] EDAC sbridge: Seeking for: PCI ID 8086:6f71
[    5.533962] EDAC sbridge: Seeking for: PCI ID 8086:6f71
[    5.533967] EDAC sbridge: Seeking for: PCI ID 8086:6faa
[    5.533982] EDAC sbridge: Seeking for: PCI ID 8086:6faa
[    5.533988] EDAC sbridge: Seeking for: PCI ID 8086:6fab
[    5.534000] EDAC sbridge: Seeking for: PCI ID 8086:6fab
[    5.534006] EDAC sbridge: Seeking for: PCI ID 8086:6fac
[    5.534014] EDAC sbridge: Seeking for: PCI ID 8086:6fad
[    5.534023] EDAC sbridge: Seeking for: PCI ID 8086:6f68
[    5.534032] EDAC sbridge: Seeking for: PCI ID 8086:6f68
[    5.534036] EDAC sbridge: Seeking for: PCI ID 8086:6f79
[    5.534048] EDAC sbridge: Seeking for: PCI ID 8086:6f79
[    5.534052] EDAC sbridge: Seeking for: PCI ID 8086:6f6a
[    5.534061] EDAC sbridge: Seeking for: PCI ID 8086:6f6a
[    5.534065] EDAC sbridge: Seeking for: PCI ID 8086:6f6b
[    5.534073] EDAC sbridge: Seeking for: PCI ID 8086:6f6b
[    5.534077] EDAC sbridge: Seeking for: PCI ID 8086:6f6c
[    5.534086] EDAC sbridge: Seeking for: PCI ID 8086:6f6d
[    5.534095] EDAC sbridge: Seeking for: PCI ID 8086:6ffc
[    5.534100] EDAC sbridge: Seeking for: PCI ID 8086:6ffc
[    5.534107] EDAC sbridge: Seeking for: PCI ID 8086:6ffd
[    5.534117] EDAC sbridge: Seeking for: PCI ID 8086:6ffd
[    5.534124] EDAC sbridge: Seeking for: PCI ID 8086:6faf
[    5.534135] EDAC sbridge: Seeking for: PCI ID 8086:6faf
[    5.534260] EDAC sbridge: CPU SrcID #0, Ha #0, Channel #0 has DIMMs, but ECC is disabled
[    5.534284] EDAC sbridge: Couldn't find mci handler
[    5.534285] EDAC sbridge: Couldn't find mci handler
[    5.534287] EDAC sbridge: Failed to register device with error -19.
[    5.648585] EDAC sbridge: Seeking for: PCI ID 8086:6fa0
[    5.648662] EDAC sbridge: Seeking for: PCI ID 8086:6fa0
[    5.648726] EDAC sbridge: Seeking for: PCI ID 8086:6f60
[    5.648732] EDAC sbridge: Seeking for: PCI ID 8086:6f60
[    5.648737] EDAC sbridge: Seeking for: PCI ID 8086:6fa8
[    5.648744] EDAC sbridge: Seeking for: PCI ID 8086:6fa8
[    5.648749] EDAC sbridge: Seeking for: PCI ID 8086:6f71
[    5.648754] EDAC sbridge: Seeking for: PCI ID 8086:6f71
[    5.648759] EDAC sbridge: Seeking for: PCI ID 8086:6faa
[    5.648764] EDAC sbridge: Seeking for: PCI ID 8086:6faa
[    5.648769] EDAC sbridge: Seeking for: PCI ID 8086:6fab
[    5.648775] EDAC sbridge: Seeking for: PCI ID 8086:6fab
[    5.648779] EDAC sbridge: Seeking for: PCI ID 8086:6fac
[    5.648787] EDAC sbridge: Seeking for: PCI ID 8086:6fad
[    5.648795] EDAC sbridge: Seeking for: PCI ID 8086:6f68
[    5.648802] EDAC sbridge: Seeking for: PCI ID 8086:6f68
[    5.648809] EDAC sbridge: Seeking for: PCI ID 8086:6f79
[    5.648821] EDAC sbridge: Seeking for: PCI ID 8086:6f79
[    5.648826] EDAC sbridge: Seeking for: PCI ID 8086:6f6a
[    5.648836] EDAC sbridge: Seeking for: PCI ID 8086:6f6a
[    5.648841] EDAC sbridge: Seeking for: PCI ID 8086:6f6b
[    5.648854] EDAC sbridge: Seeking for: PCI ID 8086:6f6b
[    5.648858] EDAC sbridge: Seeking for: PCI ID 8086:6f6c
[    5.648869] EDAC sbridge: Seeking for: PCI ID 8086:6f6d
[    5.648879] EDAC sbridge: Seeking for: PCI ID 8086:6ffc
[    5.648885] EDAC sbridge: Seeking for: PCI ID 8086:6ffc
[    5.648892] EDAC sbridge: Seeking for: PCI ID 8086:6ffd
[    5.648899] EDAC sbridge: Seeking for: PCI ID 8086:6ffd
[    5.648906] EDAC sbridge: Seeking for: PCI ID 8086:6faf
[    5.648912] EDAC sbridge: Seeking for: PCI ID 8086:6faf
[    5.649015] EDAC sbridge: CPU SrcID #0, Ha #0, Channel #0 has DIMMs, but ECC is disabled
[    5.649030] EDAC sbridge: Couldn't find mci handler
[    5.649031] EDAC sbridge: Couldn't find mci handler
[    5.649034] EDAC sbridge: Failed to register device with error -19.
[    5.740383] EDAC sbridge: Seeking for: PCI ID 8086:6fa0
[    5.740403] EDAC sbridge: Seeking for: PCI ID 8086:6fa0
[    5.740426] EDAC sbridge: Seeking for: PCI ID 8086:6f60
[    5.740430] EDAC sbridge: Seeking for: PCI ID 8086:6f60
[    5.740435] EDAC sbridge: Seeking for: PCI ID 8086:6fa8
[    5.740440] EDAC sbridge: Seeking for: PCI ID 8086:6fa8
[    5.740445] EDAC sbridge: Seeking for: PCI ID 8086:6f71
[    5.740449] EDAC sbridge: Seeking for: PCI ID 8086:6f71
[    5.740454] EDAC sbridge: Seeking for: PCI ID 8086:6faa
[    5.740458] EDAC sbridge: Seeking for: PCI ID 8086:6faa
[    5.740463] EDAC sbridge: Seeking for: PCI ID 8086:6fab
[    5.740467] EDAC sbridge: Seeking for: PCI ID 8086:6fab
[    5.740472] EDAC sbridge: Seeking for: PCI ID 8086:6fac
[    5.740480] EDAC sbridge: Seeking for: PCI ID 8086:6fad
[    5.740487] EDAC sbridge: Seeking for: PCI ID 8086:6f68
[    5.740493] EDAC sbridge: Seeking for: PCI ID 8086:6f68
[    5.740496] EDAC sbridge: Seeking for: PCI ID 8086:6f79
[    5.740502] EDAC sbridge: Seeking for: PCI ID 8086:6f79
[    5.740505] EDAC sbridge: Seeking for: PCI ID 8086:6f6a
[    5.740511] EDAC sbridge: Seeking for: PCI ID 8086:6f6a
[    5.740514] EDAC sbridge: Seeking for: PCI ID 8086:6f6b
[    5.740520] EDAC sbridge: Seeking for: PCI ID 8086:6f6b
[    5.740523] EDAC sbridge: Seeking for: PCI ID 8086:6f6c
[    5.740531] EDAC sbridge: Seeking for: PCI ID 8086:6f6d
[    5.740539] EDAC sbridge: Seeking for: PCI ID 8086:6ffc
[    5.740542] EDAC sbridge: Seeking for: PCI ID 8086:6ffc
[    5.740548] EDAC sbridge: Seeking for: PCI ID 8086:6ffd
[    5.740551] EDAC sbridge: Seeking for: PCI ID 8086:6ffd
[    5.740557] EDAC sbridge: Seeking for: PCI ID 8086:6faf
[    5.740561] EDAC sbridge: Seeking for: PCI ID 8086:6faf
[    5.740590] EDAC sbridge: CPU SrcID #0, Ha #0, Channel #0 has DIMMs, but ECC is disabled
[    5.740596] EDAC sbridge: Couldn't find mci handler
[    5.740596] EDAC sbridge: Couldn't find mci handler
[    5.740598] EDAC sbridge: Failed to register device with error -19.
[    5.800086] EDAC sbridge: Seeking for: PCI ID 8086:6fa0
[    5.800117] EDAC sbridge: Seeking for: PCI ID 8086:6fa0
[    5.800135] EDAC sbridge: Seeking for: PCI ID 8086:6f60
[    5.800139] EDAC sbridge: Seeking for: PCI ID 8086:6f60
[    5.800144] EDAC sbridge: Seeking for: PCI ID 8086:6fa8
[    5.800149] EDAC sbridge: Seeking for: PCI ID 8086:6fa8
[    5.800154] EDAC sbridge: Seeking for: PCI ID 8086:6f71
[    5.800158] EDAC sbridge: Seeking for: PCI ID 8086:6f71
[    5.800163] EDAC sbridge: Seeking for: PCI ID 8086:6faa
[    5.800167] EDAC sbridge: Seeking for: PCI ID 8086:6faa
[    5.800172] EDAC sbridge: Seeking for: PCI ID 8086:6fab
[    5.800176] EDAC sbridge: Seeking for: PCI ID 8086:6fab
[    5.800181] EDAC sbridge: Seeking for: PCI ID 8086:6fac
[    5.800189] EDAC sbridge: Seeking for: PCI ID 8086:6fad
[    5.800197] EDAC sbridge: Seeking for: PCI ID 8086:6f68
[    5.800202] EDAC sbridge: Seeking for: PCI ID 8086:6f68
[    5.800206] EDAC sbridge: Seeking for: PCI ID 8086:6f79
[    5.800211] EDAC sbridge: Seeking for: PCI ID 8086:6f79
[    5.800215] EDAC sbridge: Seeking for: PCI ID 8086:6f6a
[    5.800221] EDAC sbridge: Seeking for: PCI ID 8086:6f6a
[    5.800224] EDAC sbridge: Seeking for: PCI ID 8086:6f6b
[    5.800230] EDAC sbridge: Seeking for: PCI ID 8086:6f6b
[    5.800234] EDAC sbridge: Seeking for: PCI ID 8086:6f6c
[    5.800242] EDAC sbridge: Seeking for: PCI ID 8086:6f6d
[    5.800249] EDAC sbridge: Seeking for: PCI ID 8086:6ffc
[    5.800253] EDAC sbridge: Seeking for: PCI ID 8086:6ffc
[    5.800259] EDAC sbridge: Seeking for: PCI ID 8086:6ffd
[    5.800262] EDAC sbridge: Seeking for: PCI ID 8086:6ffd
[    5.800268] EDAC sbridge: Seeking for: PCI ID 8086:6faf
[    5.800272] EDAC sbridge: Seeking for: PCI ID 8086:6faf
[    5.800301] EDAC sbridge: CPU SrcID #0, Ha #0, Channel #0 has DIMMs, but ECC is disabled
[    5.800306] EDAC sbridge: Couldn't find mci handler
[    5.800307] EDAC sbridge: Couldn't find mci handler
[    5.800308] EDAC sbridge: Failed to register device with error -19.
[    5.864283] EDAC sbridge: Seeking for: PCI ID 8086:6fa0
[    5.864309] EDAC sbridge: Seeking for: PCI ID 8086:6fa0
[    5.864330] EDAC sbridge: Seeking for: PCI ID 8086:6f60
[    5.864335] EDAC sbridge: Seeking for: PCI ID 8086:6f60
[    5.864340] EDAC sbridge: Seeking for: PCI ID 8086:6fa8
[    5.864344] EDAC sbridge: Seeking for: PCI ID 8086:6fa8
[    5.864349] EDAC sbridge: Seeking for: PCI ID 8086:6f71
[    5.864353] EDAC sbridge: Seeking for: PCI ID 8086:6f71
[    5.864358] EDAC sbridge: Seeking for: PCI ID 8086:6faa
[    5.864363] EDAC sbridge: Seeking for: PCI ID 8086:6faa
[    5.864368] EDAC sbridge: Seeking for: PCI ID 8086:6fab
[    5.864375] EDAC sbridge: Seeking for: PCI ID 8086:6fab
[    5.864379] EDAC sbridge: Seeking for: PCI ID 8086:6fac
[    5.864402] EDAC sbridge: Seeking for: PCI ID 8086:6fad
[    5.864411] EDAC sbridge: Seeking for: PCI ID 8086:6f68
[    5.864419] EDAC sbridge: Seeking for: PCI ID 8086:6f68
[    5.864425] EDAC sbridge: Seeking for: PCI ID 8086:6f79
[    5.864432] EDAC sbridge: Seeking for: PCI ID 8086:6f79
[    5.864436] EDAC sbridge: Seeking for: PCI ID 8086:6f6a
[    5.864443] EDAC sbridge: Seeking for: PCI ID 8086:6f6a
[    5.864448] EDAC sbridge: Seeking for: PCI ID 8086:6f6b
[    5.864454] EDAC sbridge: Seeking for: PCI ID 8086:6f6b
[    5.864459] EDAC sbridge: Seeking for: PCI ID 8086:6f6c
[    5.864468] EDAC sbridge: Seeking for: PCI ID 8086:6f6d
[    5.864477] EDAC sbridge: Seeking for: PCI ID 8086:6ffc
[    5.864482] EDAC sbridge: Seeking for: PCI ID 8086:6ffc
[    5.864488] EDAC sbridge: Seeking for: PCI ID 8086:6ffd
[    5.864496] EDAC sbridge: Seeking for: PCI ID 8086:6ffd
[    5.864502] EDAC sbridge: Seeking for: PCI ID 8086:6faf
[    5.864508] EDAC sbridge: Seeking for: PCI ID 8086:6faf
[    5.864612] EDAC sbridge: CPU SrcID #0, Ha #0, Channel #0 has DIMMs, but ECC is disabled
[    5.864622] EDAC sbridge: Couldn't find mci handler
[    5.864623] EDAC sbridge: Couldn't find mci handler
[    5.864625] EDAC sbridge: Failed to register device with error -19.
[    5.915532] EDAC sbridge: Seeking for: PCI ID 8086:6fa0
[    5.915542] EDAC sbridge: Seeking for: PCI ID 8086:6fa0
[    5.915551] EDAC sbridge: Seeking for: PCI ID 8086:6f60
[    5.915556] EDAC sbridge: Seeking for: PCI ID 8086:6f60
[    5.915561] EDAC sbridge: Seeking for: PCI ID 8086:6fa8
[    5.915565] EDAC sbridge: Seeking for: PCI ID 8086:6fa8
[    5.915570] EDAC sbridge: Seeking for: PCI ID 8086:6f71
[    5.915574] EDAC sbridge: Seeking for: PCI ID 8086:6f71
[    5.915579] EDAC sbridge: Seeking for: PCI ID 8086:6faa
[    5.915583] EDAC sbridge: Seeking for: PCI ID 8086:6faa
[    5.915588] EDAC sbridge: Seeking for: PCI ID 8086:6fab
[    5.915592] EDAC sbridge: Seeking for: PCI ID 8086:6fab
[    5.915597] EDAC sbridge: Seeking for: PCI ID 8086:6fac
[    5.915605] EDAC sbridge: Seeking for: PCI ID 8086:6fad
[    5.915612] EDAC sbridge: Seeking for: PCI ID 8086:6f68
[    5.915618] EDAC sbridge: Seeking for: PCI ID 8086:6f68
[    5.915621] EDAC sbridge: Seeking for: PCI ID 8086:6f79
[    5.915627] EDAC sbridge: Seeking for: PCI ID 8086:6f79
[    5.915630] EDAC sbridge: Seeking for: PCI ID 8086:6f6a
[    5.915636] EDAC sbridge: Seeking for: PCI ID 8086:6f6a
[    5.915639] EDAC sbridge: Seeking for: PCI ID 8086:6f6b
[    5.915645] EDAC sbridge: Seeking for: PCI ID 8086:6f6b
[    5.915648] EDAC sbridge: Seeking for: PCI ID 8086:6f6c
[    5.915656] EDAC sbridge: Seeking for: PCI ID 8086:6f6d
[    5.915664] EDAC sbridge: Seeking for: PCI ID 8086:6ffc
[    5.915667] EDAC sbridge: Seeking for: PCI ID 8086:6ffc
[    5.915673] EDAC sbridge: Seeking for: PCI ID 8086:6ffd
[    5.915676] EDAC sbridge: Seeking for: PCI ID 8086:6ffd
[    5.915682] EDAC sbridge: Seeking for: PCI ID 8086:6faf
[    5.915687] EDAC sbridge: Seeking for: PCI ID 8086:6faf
[    5.915715] EDAC sbridge: CPU SrcID #0, Ha #0, Channel #0 has DIMMs, but ECC is disabled
[    5.915720] EDAC sbridge: Couldn't find mci handler
[    5.915721] EDAC sbridge: Couldn't find mci handler
[    5.915722] EDAC sbridge: Failed to register device with error -19.
[    5.979819] EDAC sbridge: Seeking for: PCI ID 8086:6fa0
[    5.979833] EDAC sbridge: Seeking for: PCI ID 8086:6fa0
[    5.979852] EDAC sbridge: Seeking for: PCI ID 8086:6f60
[    5.979857] EDAC sbridge: Seeking for: PCI ID 8086:6f60
[    5.979862] EDAC sbridge: Seeking for: PCI ID 8086:6fa8
[    5.979866] EDAC sbridge: Seeking for: PCI ID 8086:6fa8
[    5.979870] EDAC sbridge: Seeking for: PCI ID 8086:6f71
[    5.979875] EDAC sbridge: Seeking for: PCI ID 8086:6f71
[    5.979879] EDAC sbridge: Seeking for: PCI ID 8086:6faa
[    5.979884] EDAC sbridge: Seeking for: PCI ID 8086:6faa
[    5.979888] EDAC sbridge: Seeking for: PCI ID 8086:6fab
[    5.979893] EDAC sbridge: Seeking for: PCI ID 8086:6fab
[    5.979898] EDAC sbridge: Seeking for: PCI ID 8086:6fac
[    5.979906] EDAC sbridge: Seeking for: PCI ID 8086:6fad
[    5.979913] EDAC sbridge: Seeking for: PCI ID 8086:6f68
[    5.979918] EDAC sbridge: Seeking for: PCI ID 8086:6f68
[    5.979922] EDAC sbridge: Seeking for: PCI ID 8086:6f79
[    5.979927] EDAC sbridge: Seeking for: PCI ID 8086:6f79
[    5.979931] EDAC sbridge: Seeking for: PCI ID 8086:6f6a
[    5.979939] EDAC sbridge: Seeking for: PCI ID 8086:6f6a
[    5.979942] EDAC sbridge: Seeking for: PCI ID 8086:6f6b
[    5.979948] EDAC sbridge: Seeking for: PCI ID 8086:6f6b
[    5.979952] EDAC sbridge: Seeking for: PCI ID 8086:6f6c
[    5.979959] EDAC sbridge: Seeking for: PCI ID 8086:6f6d
[    5.979967] EDAC sbridge: Seeking for: PCI ID 8086:6ffc
[    5.979971] EDAC sbridge: Seeking for: PCI ID 8086:6ffc
[    5.979976] EDAC sbridge: Seeking for: PCI ID 8086:6ffd
[    5.979980] EDAC sbridge: Seeking for: PCI ID 8086:6ffd
[    5.979985] EDAC sbridge: Seeking for: PCI ID 8086:6faf
[    5.979990] EDAC sbridge: Seeking for: PCI ID 8086:6faf
[    5.980021] EDAC sbridge: CPU SrcID #0, Ha #0, Channel #0 has DIMMs, but ECC is disabled
[    5.980026] EDAC sbridge: Couldn't find mci handler
