[    0.000000] microcode: microcode updated early to revision 0xb000040, date = 2021-05-19
[    0.000000] Linux version 5.4.189kernel-module-force-unload (root@axdimm.ittc.ku.edu) (gcc version 9.3.0 (Ubuntu 9.3.0-10ubuntu2)) #2 SMP Sat Jun 18 03:10:44 CDT 2022 (Ubuntu 5.4.0-48.52-generic 5.4.60)
[    0.000000] Command line: BOOT_IMAGE=/vmlinuz-5.4.189kernel-module-force-unload root=UUID=97bb639d-d0e3-415b-bcde-fdf9da1fdb83 ro quiet splash nokaslr memmap=1G!1G vt.handoff=7
[    0.000000] KERNEL supported cpus:
[    0.000000]   Intel GenuineIntel
[    0.000000]   AMD AuthenticAMD
[    0.000000]   Hygon HygonGenuine
[    0.000000]   Centaur CentaurHauls
[    0.000000]   zhaoxin   Shanghai  
[    0.000000] x86/fpu: Supporting XSAVE feature 0x001: 'x87 floating point registers'
[    0.000000] x86/fpu: Supporting XSAVE feature 0x002: 'SSE registers'
[    0.000000] x86/fpu: Supporting XSAVE feature 0x004: 'AVX registers'
[    0.000000] x86/fpu: xstate_offset[2]:  576, xstate_sizes[2]:  256
[    0.000000] x86/fpu: Enabled xstate features 0x7, context size is 832 bytes, using 'standard' format.
[    0.000000] BIOS-provided physical RAM map:
[    0.000000] BIOS-e820: [mem 0x0000000000000000-0x0000000000099bff] usable
[    0.000000] BIOS-e820: [mem 0x0000000000099c00-0x000000000009ffff] reserved
[    0.000000] BIOS-e820: [mem 0x00000000000e0000-0x00000000000fffff] reserved
[    0.000000] BIOS-e820: [mem 0x0000000000100000-0x000000007902ffff] usable
[    0.000000] BIOS-e820: [mem 0x0000000079030000-0x00000000798bcfff] reserved
[    0.000000] BIOS-e820: [mem 0x00000000798bd000-0x0000000079de3fff] ACPI NVS
[    0.000000] BIOS-e820: [mem 0x0000000079de4000-0x000000008fffffff] reserved
[    0.000000] BIOS-e820: [mem 0x00000000fed1c000-0x00000000fed44fff] reserved
[    0.000000] BIOS-e820: [mem 0x00000000ff000000-0x00000000ffffffff] reserved
[    0.000000] BIOS-e820: [mem 0x0000000900000000-0x000000107fffffff] usable
[    0.000000] NX (Execute Disable) protection: active
[    0.000000] user-defined physical RAM map:
[    0.000000] user: [mem 0x0000000000000000-0x0000000000099bff] usable
[    0.000000] user: [mem 0x0000000000099c00-0x000000000009ffff] reserved
[    0.000000] user: [mem 0x00000000000e0000-0x00000000000fffff] reserved
[    0.000000] user: [mem 0x0000000000100000-0x000000003fffffff] usable
[    0.000000] user: [mem 0x0000000040000000-0x000000007902ffff] persistent (type 12)
[    0.000000] user: [mem 0x0000000079030000-0x00000000798bcfff] persistent (type 12)
[    0.000000] user: [mem 0x00000000798bd000-0x0000000079de3fff] persistent (type 12)
[    0.000000] user: [mem 0x0000000079de4000-0x000000007fffffff] persistent (type 12)
[    0.000000] user: [mem 0x0000000080000000-0x000000008fffffff] reserved
[    0.000000] user: [mem 0x00000000fed1c000-0x00000000fed44fff] reserved
[    0.000000] user: [mem 0x00000000ff000000-0x00000000ffffffff] reserved
[    0.000000] user: [mem 0x0000000900000000-0x000000107fffffff] usable
[    0.000000] SMBIOS 3.0 present.
[    0.000000] DMI: Default string Default string/Default string, BIOS 5.11 01/21/2022
[    0.000000] tsc: Fast TSC calibration using PIT
[    0.000000] tsc: Detected 2194.804 MHz processor
[    0.001173] e820: update [mem 0x00000000-0x00000fff] usable ==> reserved
[    0.001175] e820: remove [mem 0x000a0000-0x000fffff] usable
[    0.001180] last_pfn = 0x1080000 max_arch_pfn = 0x400000000
[    0.001185] MTRR default type: write-back
[    0.001186] MTRR fixed ranges enabled:
[    0.001187]   00000-9FFFF write-back
[    0.001188]   A0000-BFFFF uncachable
[    0.001189]   C0000-FFFFF write-protect
[    0.001190] MTRR variable ranges enabled:
[    0.001192]   0 base 000080000000 mask 3FFF80000000 uncachable
[    0.001193]   1 base 380000000000 mask 3FC000000000 uncachable
[    0.001194]   2 base 0000FA000000 mask 3FFFFF000000 write-through
[    0.001195]   3 base 383FFA000000 mask 3FFFFE000000 write-through
[    0.001196]   4 base 383FFC000000 mask 3FFFFE000000 write-through
[    0.001197]   5 base 383FFE000000 mask 3FFFFF000000 write-through
[    0.001197]   6 disabled
[    0.001198]   7 disabled
[    0.001198]   8 disabled
[    0.001199]   9 disabled
[    0.001908] x86/PAT: Configuration [0-7]: WB  WC  UC- UC  WB  WP  UC- WT  
[    0.002175] last_pfn = 0x40000 max_arch_pfn = 0x400000000
[    0.010968] found SMP MP-table at [mem 0x000fce20-0x000fce2f]
[    0.011046] check: Scanning 1 areas for low memory corruption
[    0.011052] Using GB pages for direct mapping
[    0.011262] RAMDISK: [mem 0x2d663000-0x32b28fff]
[    0.011269] ACPI: Early table checksum verification disabled
[    0.011274] ACPI: RSDP 0x00000000000F05B0 000024 (v02 ALASKA)
[    0.011277] ACPI: XSDT 0x00000000799250A0 0000BC (v01 ALASKA A M I    01072009 AMI  00010013)
[    0.011284] ACPI: FACP 0x00000000799586E0 00010C (v05 ALASKA A M I    01072009 AMI  00010013)
[    0.011291] ACPI: DSDT 0x00000000799251F0 0334EC (v02 ALASKA A M I    01072009 INTL 20091013)
[    0.011294] ACPI: FACS 0x0000000079DE2F80 000040
[    0.011297] ACPI: APIC 0x00000000799587F0 000288 (v03 ALASKA A M I    01072009 AMI  00010013)
[    0.011300] ACPI: FPDT 0x0000000079958A78 000044 (v01 ALASKA A M I    01072009 AMI  00010013)
[    0.011302] ACPI: FIDT 0x0000000079958AC0 00009C (v01 ALASKA A M I    01072009 AMI  00010013)
[    0.011305] ACPI: SPMI 0x0000000079958B60 000041 (v05 ALASKA A M I    00000000 AMI. 00000000)
[    0.011308] ACPI: MCFG 0x0000000079958BA8 00003C (v01 ALASKA A M I    01072009 MSFT 00000097)
[    0.011311] ACPI: UEFI 0x0000000079958BE8 000042 (v01 ALASKA A M I    01072009      00000000)
[    0.011314] ACPI: HPET 0x0000000079958C30 000038 (v01 ALASKA A M I    00000001 INTL 20091013)
[    0.011317] ACPI: MSCT 0x0000000079958C68 000090 (v01 ALASKA A M I    00000001 INTL 20091013)
[    0.011320] ACPI: SLIT 0x0000000079958CF8 00002D (v01 ALASKA A M I    00000001 INTL 20091013)
[    0.011323] ACPI: SRAT 0x0000000079958D28 001158 (v03 ALASKA A M I    00000001 INTL 20091013)
[    0.011326] ACPI: WDDT 0x0000000079959E80 000040 (v01 ALASKA A M I    00000000 INTL 20091013)
[    0.011328] ACPI: SSDT 0x0000000079959EC0 01700F (v02 ALASKA PmMgt    00000001 INTL 20120913)
[    0.011331] ACPI: NITR 0x0000000079970ED0 000071 (v02 ALASKA A M I    00000001 INTL 20091013)
[    0.011334] ACPI: SPCR 0x0000000079970F48 000050 (v01 A M I  APTIO V  01072009 AMI. 0005000B)
[    0.011337] ACPI: SSDT 0x0000000079970F98 002652 (v02 ALASKA SpsNm    00000002 INTL 20120913)
[    0.011340] ACPI: SSDT 0x00000000799735F0 000064 (v02 ALASKA SpsNvs   00000002 INTL 20120913)
[    0.011343] ACPI: PRAD 0x0000000079973658 000102 (v02 ALASKA A M I    00000002 INTL 20120913)
[    0.011346] ACPI: DMAR 0x0000000079973760 0000BC (v01 ALASKA A M I    00000001 INTL 20091013)
[    0.011349] ACPI: Reserving FACP table memory at [mem 0x799586e0-0x799587eb]
[    0.011350] ACPI: Reserving DSDT table memory at [mem 0x799251f0-0x799586db]
[    0.011350] ACPI: Reserving FACS table memory at [mem 0x79de2f80-0x79de2fbf]
[    0.011351] ACPI: Reserving APIC table memory at [mem 0x799587f0-0x79958a77]
[    0.011352] ACPI: Reserving FPDT table memory at [mem 0x79958a78-0x79958abb]
[    0.011353] ACPI: Reserving FIDT table memory at [mem 0x79958ac0-0x79958b5b]
[    0.011353] ACPI: Reserving SPMI table memory at [mem 0x79958b60-0x79958ba0]
[    0.011354] ACPI: Reserving MCFG table memory at [mem 0x79958ba8-0x79958be3]
[    0.011355] ACPI: Reserving UEFI table memory at [mem 0x79958be8-0x79958c29]
[    0.011356] ACPI: Reserving HPET table memory at [mem 0x79958c30-0x79958c67]
[    0.011356] ACPI: Reserving MSCT table memory at [mem 0x79958c68-0x79958cf7]
[    0.011357] ACPI: Reserving SLIT table memory at [mem 0x79958cf8-0x79958d24]
[    0.011358] ACPI: Reserving SRAT table memory at [mem 0x79958d28-0x79959e7f]
[    0.011359] ACPI: Reserving WDDT table memory at [mem 0x79959e80-0x79959ebf]
[    0.011360] ACPI: Reserving SSDT table memory at [mem 0x79959ec0-0x79970ece]
[    0.011360] ACPI: Reserving NITR table memory at [mem 0x79970ed0-0x79970f40]
[    0.011361] ACPI: Reserving SPCR table memory at [mem 0x79970f48-0x79970f97]
[    0.011362] ACPI: Reserving SSDT table memory at [mem 0x79970f98-0x799735e9]
[    0.011363] ACPI: Reserving SSDT table memory at [mem 0x799735f0-0x79973653]
[    0.011363] ACPI: Reserving PRAD table memory at [mem 0x79973658-0x79973759]
[    0.011364] ACPI: Reserving DMAR table memory at [mem 0x79973760-0x7997381b]
[    0.011375] ACPI: Local APIC address 0xfee00000
[    0.011409] SRAT: PXM 0 -> APIC 0x00 -> Node 0
[    0.011409] SRAT: PXM 0 -> APIC 0x02 -> Node 0
[    0.011410] SRAT: PXM 0 -> APIC 0x04 -> Node 0
[    0.011411] SRAT: PXM 0 -> APIC 0x06 -> Node 0
[    0.011411] SRAT: PXM 0 -> APIC 0x08 -> Node 0
[    0.011412] SRAT: PXM 0 -> APIC 0x10 -> Node 0
[    0.011412] SRAT: PXM 0 -> APIC 0x12 -> Node 0
[    0.011413] SRAT: PXM 0 -> APIC 0x14 -> Node 0
[    0.011414] SRAT: PXM 0 -> APIC 0x16 -> Node 0
[    0.011414] SRAT: PXM 0 -> APIC 0x18 -> Node 0
[    0.011415] SRAT: PXM 0 -> APIC 0x20 -> Node 0
[    0.011415] SRAT: PXM 0 -> APIC 0x22 -> Node 0
[    0.011416] SRAT: PXM 0 -> APIC 0x24 -> Node 0
[    0.011416] SRAT: PXM 0 -> APIC 0x26 -> Node 0
[    0.011417] SRAT: PXM 0 -> APIC 0x28 -> Node 0
[    0.011418] SRAT: PXM 0 -> APIC 0x30 -> Node 0
[    0.011418] SRAT: PXM 0 -> APIC 0x32 -> Node 0
[    0.011419] SRAT: PXM 0 -> APIC 0x34 -> Node 0
[    0.011419] SRAT: PXM 0 -> APIC 0x36 -> Node 0
[    0.011420] SRAT: PXM 0 -> APIC 0x38 -> Node 0
[    0.011420] SRAT: PXM 0 -> APIC 0x01 -> Node 0
[    0.011421] SRAT: PXM 0 -> APIC 0x03 -> Node 0
[    0.011422] SRAT: PXM 0 -> APIC 0x05 -> Node 0
[    0.011422] SRAT: PXM 0 -> APIC 0x07 -> Node 0
[    0.011423] SRAT: PXM 0 -> APIC 0x09 -> Node 0
[    0.011423] SRAT: PXM 0 -> APIC 0x11 -> Node 0
[    0.011424] SRAT: PXM 0 -> APIC 0x13 -> Node 0
[    0.011424] SRAT: PXM 0 -> APIC 0x15 -> Node 0
[    0.011425] SRAT: PXM 0 -> APIC 0x17 -> Node 0
[    0.011425] SRAT: PXM 0 -> APIC 0x19 -> Node 0
[    0.011426] SRAT: PXM 0 -> APIC 0x21 -> Node 0
[    0.011427] SRAT: PXM 0 -> APIC 0x23 -> Node 0
[    0.011427] SRAT: PXM 0 -> APIC 0x25 -> Node 0
[    0.011428] SRAT: PXM 0 -> APIC 0x27 -> Node 0
[    0.011428] SRAT: PXM 0 -> APIC 0x29 -> Node 0
[    0.011429] SRAT: PXM 0 -> APIC 0x31 -> Node 0
[    0.011429] SRAT: PXM 0 -> APIC 0x33 -> Node 0
[    0.011430] SRAT: PXM 0 -> APIC 0x35 -> Node 0
[    0.011431] SRAT: PXM 0 -> APIC 0x37 -> Node 0
[    0.011431] SRAT: PXM 0 -> APIC 0x39 -> Node 0
[    0.011439] ACPI: SRAT: Node 0 PXM 0 [mem 0x00000000-0x7fffffff]
[    0.011440] ACPI: SRAT: Node 0 PXM 0 [mem 0x100000000-0x107fffffff]
[    0.011446] NUMA: Initialized distance table, cnt=1
[    0.011449] NUMA: Node 0 [mem 0x00000000-0x7fffffff] + [mem 0x100000000-0x107fffffff] -> [mem 0x00000000-0x107fffffff]
[    0.011460] NODE_DATA(0) allocated [mem 0x107ffd4000-0x107fffefff]
[    0.011723] Zone ranges:
[    0.011724]   DMA      [mem 0x0000000000001000-0x0000000000ffffff]
[    0.011726]   DMA32    [mem 0x0000000001000000-0x00000000ffffffff]
[    0.011727]   Normal   [mem 0x0000000100000000-0x000000107fffffff]
[    0.011728]   Device   empty
[    0.011729] Movable zone start for each node
[    0.011733] Early memory node ranges
[    0.011734]   node   0: [mem 0x0000000000001000-0x0000000000098fff]
[    0.011735]   node   0: [mem 0x0000000000100000-0x000000003fffffff]
[    0.011736]   node   0: [mem 0x0000000900000000-0x000000107fffffff]
[    0.011832] Zeroed struct page in unavailable ranges: 104 pages
[    0.011833] Initmem setup node 0 [mem 0x0000000000001000-0x000000107fffffff]
[    0.011835] On node 0 totalpages: 8126360
[    0.011836]   DMA zone: 64 pages used for memmap
[    0.011837]   DMA zone: 21 pages reserved
[    0.011837]   DMA zone: 3992 pages, LIFO batch:0
[    0.011907]   DMA32 zone: 4032 pages used for memmap
[    0.011908]   DMA32 zone: 258048 pages, LIFO batch:63
[    0.019994]   Normal zone: 122880 pages used for memmap
[    0.019995]   Normal zone: 7864320 pages, LIFO batch:63
[    0.263796] ACPI: PM-Timer IO Port: 0x408
[    0.263801] ACPI: Local APIC address 0xfee00000
[    0.263814] ACPI: LAPIC_NMI (acpi_id[0x00] high edge lint[0x1])
[    0.263815] ACPI: LAPIC_NMI (acpi_id[0x02] high edge lint[0x1])
[    0.263816] ACPI: LAPIC_NMI (acpi_id[0x04] high edge lint[0x1])
[    0.263816] ACPI: LAPIC_NMI (acpi_id[0x06] high edge lint[0x1])
[    0.263817] ACPI: LAPIC_NMI (acpi_id[0x08] high edge lint[0x1])
[    0.263817] ACPI: LAPIC_NMI (acpi_id[0x10] high edge lint[0x1])
[    0.263818] ACPI: LAPIC_NMI (acpi_id[0x12] high edge lint[0x1])
[    0.263819] ACPI: LAPIC_NMI (acpi_id[0x14] high edge lint[0x1])
[    0.263819] ACPI: LAPIC_NMI (acpi_id[0x16] high edge lint[0x1])
[    0.263820] ACPI: LAPIC_NMI (acpi_id[0x18] high edge lint[0x1])
[    0.263820] ACPI: LAPIC_NMI (acpi_id[0x20] high edge lint[0x1])
[    0.263821] ACPI: LAPIC_NMI (acpi_id[0x22] high edge lint[0x1])
[    0.263822] ACPI: LAPIC_NMI (acpi_id[0x24] high edge lint[0x1])
[    0.263822] ACPI: LAPIC_NMI (acpi_id[0x26] high edge lint[0x1])
[    0.263823] ACPI: LAPIC_NMI (acpi_id[0x28] high edge lint[0x1])
[    0.263823] ACPI: LAPIC_NMI (acpi_id[0x30] high edge lint[0x1])
[    0.263824] ACPI: LAPIC_NMI (acpi_id[0x32] high edge lint[0x1])
[    0.263825] ACPI: LAPIC_NMI (acpi_id[0x34] high edge lint[0x1])
[    0.263825] ACPI: LAPIC_NMI (acpi_id[0x36] high edge lint[0x1])
[    0.263826] ACPI: LAPIC_NMI (acpi_id[0x38] high edge lint[0x1])
[    0.263826] ACPI: LAPIC_NMI (acpi_id[0x01] high edge lint[0x1])
[    0.263827] ACPI: LAPIC_NMI (acpi_id[0x03] high edge lint[0x1])
[    0.263828] ACPI: LAPIC_NMI (acpi_id[0x05] high edge lint[0x1])
[    0.263828] ACPI: LAPIC_NMI (acpi_id[0x07] high edge lint[0x1])
[    0.263829] ACPI: LAPIC_NMI (acpi_id[0x09] high edge lint[0x1])
[    0.263829] ACPI: LAPIC_NMI (acpi_id[0x11] high edge lint[0x1])
[    0.263830] ACPI: LAPIC_NMI (acpi_id[0x13] high edge lint[0x1])
[    0.263830] ACPI: LAPIC_NMI (acpi_id[0x15] high edge lint[0x1])
[    0.263831] ACPI: LAPIC_NMI (acpi_id[0x17] high edge lint[0x1])
[    0.263832] ACPI: LAPIC_NMI (acpi_id[0x19] high edge lint[0x1])
[    0.263832] ACPI: LAPIC_NMI (acpi_id[0x21] high edge lint[0x1])
[    0.263833] ACPI: LAPIC_NMI (acpi_id[0x23] high edge lint[0x1])
[    0.263833] ACPI: LAPIC_NMI (acpi_id[0x25] high edge lint[0x1])
[    0.263834] ACPI: LAPIC_NMI (acpi_id[0x27] high edge lint[0x1])
[    0.263835] ACPI: LAPIC_NMI (acpi_id[0x29] high edge lint[0x1])
[    0.263835] ACPI: LAPIC_NMI (acpi_id[0x31] high edge lint[0x1])
[    0.263836] ACPI: LAPIC_NMI (acpi_id[0x33] high edge lint[0x1])
[    0.263836] ACPI: LAPIC_NMI (acpi_id[0x35] high edge lint[0x1])
[    0.263837] ACPI: LAPIC_NMI (acpi_id[0x37] high edge lint[0x1])
[    0.263838] ACPI: LAPIC_NMI (acpi_id[0x39] high edge lint[0x1])
[    0.263850] IOAPIC[0]: apic_id 1, version 32, address 0xfec00000, GSI 0-23
[    0.263854] IOAPIC[1]: apic_id 2, version 32, address 0xfec01000, GSI 24-47
[    0.263857] ACPI: INT_SRC_OVR (bus 0 bus_irq 0 global_irq 2 dfl dfl)
[    0.263858] ACPI: INT_SRC_OVR (bus 0 bus_irq 9 global_irq 9 high level)
[    0.263860] ACPI: IRQ0 used by override.
[    0.263861] ACPI: IRQ9 used by override.
[    0.263863] Using ACPI (MADT) for SMP configuration information
[    0.263865] ACPI: HPET id: 0x8086a701 base: 0xfed00000
[    0.263870] ACPI: SPCR: SPCR table version 1
[    0.263872] ACPI: SPCR: console: uart,io,0x3f8,115200
[    0.263874] TSC deadline timer available
[    0.263875] smpboot: Allowing 40 CPUs, 0 hotplug CPUs
[    0.263891] PM: Registered nosave memory: [mem 0x00000000-0x00000fff]
[    0.263893] PM: Registered nosave memory: [mem 0x00099000-0x00099fff]
[    0.263894] PM: Registered nosave memory: [mem 0x0009a000-0x0009ffff]
[    0.263894] PM: Registered nosave memory: [mem 0x000a0000-0x000dffff]
[    0.263895] PM: Registered nosave memory: [mem 0x000e0000-0x000fffff]
[    0.263896] PM: Registered nosave memory: [mem 0x40000000-0x7902ffff]
[    0.263897] PM: Registered nosave memory: [mem 0x79030000-0x798bcfff]
[    0.263898] PM: Registered nosave memory: [mem 0x798bd000-0x79de3fff]
[    0.263898] PM: Registered nosave memory: [mem 0x79de4000-0x7fffffff]
[    0.263899] PM: Registered nosave memory: [mem 0x80000000-0x8fffffff]
[    0.263899] PM: Registered nosave memory: [mem 0x90000000-0xfed1bfff]
[    0.263900] PM: Registered nosave memory: [mem 0xfed1c000-0xfed44fff]
[    0.263900] PM: Registered nosave memory: [mem 0xfed45000-0xfeffffff]
[    0.263901] PM: Registered nosave memory: [mem 0xff000000-0xffffffff]
[    0.263901] PM: Registered nosave memory: [mem 0x100000000-0x8ffffffff]
[    0.263904] [mem 0x90000000-0xfed1bfff] available for PCI devices
[    0.263905] Booting paravirtualized kernel on bare hardware
[    0.263910] clocksource: refined-jiffies: mask: 0xffffffff max_cycles: 0xffffffff, max_idle_ns: 7645519600211568 ns
[    0.263916] setup_percpu: NR_CPUS:8192 nr_cpumask_bits:40 nr_cpu_ids:40 nr_node_ids:1
[    0.266783] percpu: Embedded 60 pages/cpu s208896 r8192 d28672 u262144
[    0.266792] pcpu-alloc: s208896 r8192 d28672 u262144 alloc=1*2097152
[    0.266793] pcpu-alloc: [0] 00 01 02 03 04 05 06 07 [0] 08 09 10 11 12 13 14 15 
[    0.266797] pcpu-alloc: [0] 16 17 18 19 20 21 22 23 [0] 24 25 26 27 28 29 30 31 
[    0.266801] pcpu-alloc: [0] 32 33 34 35 36 37 38 39 
[    0.266838] Built 1 zonelists, mobility grouping on.  Total pages: 7999363
[    0.266839] Policy zone: Normal
[    0.266841] Kernel command line: BOOT_IMAGE=/vmlinuz-5.4.189kernel-module-force-unload root=UUID=97bb639d-d0e3-415b-bcde-fdf9da1fdb83 ro quiet splash nokaslr memmap=1G!1G vt.handoff=7
[    0.266985] printk: log_buf_len individual max cpu contribution: 4096 bytes
[    0.266986] printk: log_buf_len total cpu_extra contributions: 159744 bytes
[    0.266986] printk: log_buf_len min size: 262144 bytes
[    0.267195] printk: log_buf_len: 524288 bytes
[    0.267196] printk: early log buf free: 243916(93%)
[    0.274470] Dentry cache hash table entries: 4194304 (order: 13, 33554432 bytes, linear)
[    0.278169] Inode-cache hash table entries: 2097152 (order: 12, 16777216 bytes, linear)
[    0.278660] mem auto-init: stack:off, heap alloc:on, heap free:off
[    0.293529] Calgary: detecting Calgary via BIOS EBDA area
[    0.293531] Calgary: Unable to locate Rio Grande table in EBDA - bailing!
[    0.517568] Memory: 31752376K/32505440K available (14339K kernel code, 2401K rwdata, 5016K rodata, 2748K init, 4952K bss, 753064K reserved, 0K cma-reserved)
[    0.517581] random: get_random_u64 called from __kmem_cache_create+0x42/0x550 with crng_init=0
[    0.517882] SLUB: HWalign=64, Order=0-3, MinObjects=0, CPUs=40, Nodes=1
[    0.517907] Kernel/User page tables isolation: enabled
[    0.517946] ftrace: allocating 44247 entries in 173 pages
[    0.537924] rcu: Hierarchical RCU implementation.
[    0.537926] rcu: 	RCU restricting CPUs from NR_CPUS=8192 to nr_cpu_ids=40.
[    0.537927] 	Tasks RCU enabled.
[    0.537928] rcu: RCU calculated value of scheduler-enlistment delay is 25 jiffies.
[    0.537929] rcu: Adjusting geometry for rcu_fanout_leaf=16, nr_cpu_ids=40
[    0.541471] NR_IRQS: 524544, nr_irqs: 1152, preallocated irqs: 16
[    0.541753] random: crng done (trusting CPU's manufacturer)
[    0.541808] vt handoff: transparent VT on vt#7
[    0.541815] Console: colour dummy device 80x25
[    0.541827] printk: console [tty0] enabled
[    0.541866] ACPI: Core revision 20190816
[    0.542189] clocksource: hpet: mask: 0xffffffff max_cycles: 0xffffffff, max_idle_ns: 133484882848 ns
[    0.542200] APIC: Switch to symmetric I/O mode setup
[    0.542202] DMAR: Host address width 46
[    0.542203] DMAR: DRHD base: 0x000000fbffc000 flags: 0x1
[    0.542208] DMAR: dmar0: reg_base_addr fbffc000 ver 1:0 cap 8d2078c106f0466 ecap f020df
[    0.542209] DMAR: RMRR base: 0x0000007ba94000 end: 0x0000007baa3fff
[    0.542210] DMAR: ATSR flags: 0x0
[    0.542211] DMAR: RHSA base: 0x000000fbffc000 proximity domain: 0x0
[    0.542214] DMAR-IR: IOAPIC id 1 under DRHD base  0xfbffc000 IOMMU 0
[    0.542215] DMAR-IR: IOAPIC id 2 under DRHD base  0xfbffc000 IOMMU 0
[    0.542215] DMAR-IR: HPET id 0 under DRHD base 0xfbffc000
[    0.542216] DMAR-IR: x2apic is disabled because BIOS sets x2apic opt out bit.
[    0.542217] DMAR-IR: Use 'intremap=no_x2apic_optout' to override the BIOS setting.
[    0.542992] DMAR-IR: Enabled IRQ remapping in xapic mode
[    0.542992] x2apic: IRQ remapping doesn't support X2APIC mode
[    0.542996] Switched APIC routing to physical flat.
[    0.543492] ..TIMER: vector=0x30 apic1=0 pin1=2 apic2=-1 pin2=-1
[    0.562203] clocksource: tsc-early: mask: 0xffffffffffffffff max_cycles: 0x1fa3067c2f0, max_idle_ns: 440795285013 ns
[    0.562206] Calibrating delay loop (skipped), value calculated using timer frequency.. 4389.60 BogoMIPS (lpj=8779216)
[    0.562209] pid_max: default: 40960 minimum: 320
[    0.562276] LSM: Security Framework initializing
[    0.562291] Yama: becoming mindful.
[    0.562625] AppArmor: AppArmor initialized
[    0.562901] Mount-cache hash table entries: 65536 (order: 7, 524288 bytes, linear)
[    0.563133] Mountpoint-cache hash table entries: 65536 (order: 7, 524288 bytes, linear)
[    0.563162] *** VALIDATE tmpfs ***
[    0.563404] *** VALIDATE proc ***
[    0.563524] *** VALIDATE cgroup1 ***
[    0.563525] *** VALIDATE cgroup2 ***
[    0.563619] mce: CPU0: Thermal monitoring enabled (TM1)
[    0.563683] process: using mwait in idle threads
[    0.563687] Last level iTLB entries: 4KB 64, 2MB 8, 4MB 8
[    0.563688] Last level dTLB entries: 4KB 64, 2MB 0, 4MB 0, 1GB 4
[    0.563690] Spectre V1 : Mitigation: usercopy/swapgs barriers and __user pointer sanitization
[    0.563692] Spectre V2 : Mitigation: Retpolines
[    0.563693] Spectre V2 : Spectre v2 / SpectreRSB mitigation: Filling RSB on context switch
[    0.563693] Spectre V2 : Enabling Restricted Speculation for firmware calls
[    0.563695] Spectre V2 : mitigation: Enabling conditional Indirect Branch Prediction Barrier
[    0.563696] Spectre V2 : User space: Mitigation: STIBP via seccomp and prctl
[    0.563697] Speculative Store Bypass: Mitigation: Speculative Store Bypass disabled via prctl and seccomp
[    0.563703] MDS: Mitigation: Clear CPU buffers
[    0.563703] TAA: Mitigation: Clear CPU buffers
[    0.563704] MMIO Stale Data: Mitigation: Clear CPU buffers
[    0.564003] Freeing SMP alternatives memory: 40K
[    0.566327] smpboot: CPU0: Intel(R) Xeon(R) CPU E5-2698 v4 @ 2.20GHz (family: 0x6, model: 0x4f, stepping: 0x1)
[    0.566463] Performance Events: PEBS fmt2+, Broadwell events, 16-deep LBR, full-width counters, Intel PMU driver.
[    0.566469] ... version:                3
[    0.566470] ... bit width:              48
[    0.566470] ... generic registers:      4
[    0.566471] ... value mask:             0000ffffffffffff
[    0.566471] ... max period:             00007fffffffffff
[    0.566472] ... fixed-purpose events:   3
[    0.566473] ... event mask:             000000070000000f
[    0.566532] rcu: Hierarchical SRCU implementation.
[    0.570491] NMI watchdog: Enabled. Permanently consumes one hw-PMU counter.
[    0.570907] smp: Bringing up secondary CPUs ...
[    0.571023] x86: Booting SMP configuration:
[    0.571024] .... node  #0, CPUs:        #1  #2  #3  #4  #5  #6  #7  #8  #9 #10 #11 #12 #13 #14 #15 #16 #17 #18 #19 #20
[    0.695248] MDS CPU bug present and SMT on, data leak possible. See https://www.kernel.org/doc/html/latest/admin-guide/hw-vuln/mds.html for more details.
[    0.695248] TAA CPU bug present and SMT on, data leak possible. See https://www.kernel.org/doc/html/latest/admin-guide/hw-vuln/tsx_async_abort.html for more details.
[    0.695248] MMIO Stale Data CPU bug present and SMT on, data leak possible. See https://www.kernel.org/doc/html/latest/admin-guide/hw-vuln/processor_mmio_stale_data.html for more details.
[    0.695248]  #21 #22 #23 #24 #25 #26 #27 #28 #29 #30 #31 #32 #33 #34 #35 #36 #37 #38 #39
[    0.739509] smp: Brought up 1 node, 40 CPUs
[    0.739509] smpboot: Max logical packages: 1
[    0.739509] smpboot: Total of 40 processors activated (175584.32 BogoMIPS)
[    0.742923] devtmpfs: initialized
[    0.742923] x86/mm: Memory block size: 2048MB
[    0.742923] clocksource: jiffies: mask: 0xffffffff max_cycles: 0xffffffff, max_idle_ns: 7645041785100000 ns
[    0.742923] futex hash table entries: 16384 (order: 8, 1048576 bytes, linear)
[    0.742923] pinctrl core: initialized pinctrl subsystem
[    0.742923] PM: RTC time: 03:10:47, date: 2022-07-06
[    0.742923] NET: Registered protocol family 16
[    0.742923] audit: initializing netlink subsys (disabled)
[    0.742923] audit: type=2000 audit(1657077047.200:1): state=initialized audit_enabled=0 res=1
[    0.742923] EISA bus registered
[    0.742923] cpuidle: using governor ladder
[    0.742923] cpuidle: using governor menu
[    0.742923] ACPI: bus type PCI registered
[    0.742923] acpiphp: ACPI Hot Plug PCI Controller Driver version: 0.5
[    0.742923] PCI: MMCONFIG for domain 0000 [bus 00-ff] at [mem 0x80000000-0x8fffffff] (base 0x80000000)
[    0.742923] PCI: MMCONFIG at [mem 0x80000000-0x8fffffff] reserved in E820
[    0.742923] PCI: Using configuration type 1 for base access
[    0.743482] ENERGY_PERF_BIAS: Set to 'normal', was 'performance'
[    0.747877] HugeTLB registered 1.00 GiB page size, pre-allocated 0 pages
[    0.747877] HugeTLB registered 2.00 MiB page size, pre-allocated 0 pages
[    0.747877] ACPI: Added _OSI(Module Device)
[    0.747877] ACPI: Added _OSI(Processor Device)
[    0.747877] ACPI: Added _OSI(3.0 _SCP Extensions)
[    0.747877] ACPI: Added _OSI(Processor Aggregator Device)
[    0.747877] ACPI: Added _OSI(Linux-Dell-Video)
[    0.747877] ACPI: Added _OSI(Linux-Lenovo-NV-HDMI-Audio)
[    0.747877] ACPI: Added _OSI(Linux-HPI-Hybrid-Graphics)
[    0.820678] ACPI: 4 ACPI AML tables successfully acquired and loaded
[    0.826457] ACPI: [Firmware Bug]: BIOS _OSI(Linux) query ignored
[    0.834425] ACPI: Dynamic OEM Table Load:
[    0.892206] ACPI: Interpreter enabled
[    0.892224] ACPI: (supports S0 S4 S5)
[    0.892225] ACPI: Using IOAPIC for interrupt routing
[    0.892256] PCI: Using host bridge windows from ACPI; if necessary, use "pci=nocrs" and report a bug
[    0.893408] ACPI: Enabled 5 GPEs in block 00 to 3F
[    0.950505] ACPI: PCI Root Bridge [UNC0] (domain 0000 [bus ff])
[    0.950511] acpi PNP0A03:03: _OSC: OS supports [ExtendedConfig ASPM ClockPM Segments MSI HPX-Type3]
[    0.953858] acpi PNP0A03:03: _OSC: platform does not support [SHPCHotplug LTR]
[    0.955462] acpi PNP0A03:03: _OSC: OS now controls [PCIeHotplug PME AER PCIeCapability]
[    0.955512] PCI host bridge to bus 0000:ff
[    0.955514] pci_bus 0000:ff: root bus resource [bus ff]
[    0.955528] pci 0000:ff:0b.0: [8086:6f81] type 00 class 0x088000
[    0.955621] pci 0000:ff:0b.1: [8086:6f36] type 00 class 0x110100
[    0.955697] pci 0000:ff:0b.2: [8086:6f37] type 00 class 0x110100
[    0.955773] pci 0000:ff:0b.3: [8086:6f76] type 00 class 0x088000
[    0.955850] pci 0000:ff:0c.0: [8086:6fe0] type 00 class 0x088000
[    0.955924] pci 0000:ff:0c.1: [8086:6fe1] type 00 class 0x088000
[    0.955999] pci 0000:ff:0c.2: [8086:6fe2] type 00 class 0x088000
[    0.956077] pci 0000:ff:0c.3: [8086:6fe3] type 00 class 0x088000
[    0.956153] pci 0000:ff:0c.4: [8086:6fe4] type 00 class 0x088000
[    0.956226] pci 0000:ff:0c.5: [8086:6fe5] type 00 class 0x088000
[    0.956300] pci 0000:ff:0c.6: [8086:6fe6] type 00 class 0x088000
[    0.956374] pci 0000:ff:0c.7: [8086:6fe7] type 00 class 0x088000
[    0.956449] pci 0000:ff:0d.0: [8086:6fe8] type 00 class 0x088000
[    0.956523] pci 0000:ff:0d.1: [8086:6fe9] type 00 class 0x088000
[    0.956597] pci 0000:ff:0d.2: [8086:6fea] type 00 class 0x088000
[    0.956675] pci 0000:ff:0d.3: [8086:6feb] type 00 class 0x088000
[    0.956750] pci 0000:ff:0d.4: [8086:6fec] type 00 class 0x088000
[    0.956824] pci 0000:ff:0d.5: [8086:6fed] type 00 class 0x088000
[    0.956898] pci 0000:ff:0d.6: [8086:6fee] type 00 class 0x088000
[    0.956972] pci 0000:ff:0d.7: [8086:6fef] type 00 class 0x088000
[    0.957047] pci 0000:ff:0e.0: [8086:6ff0] type 00 class 0x088000
[    0.957122] pci 0000:ff:0e.1: [8086:6ff1] type 00 class 0x088000
[    0.957196] pci 0000:ff:0e.2: [8086:6ff2] type 00 class 0xffffff
[    0.957274] pci 0000:ff:0e.3: [8086:6ff3] type 00 class 0xffffff
[    0.957351] pci 0000:ff:0f.0: [8086:6ff8] type 00 class 0x088000
[    0.957426] pci 0000:ff:0f.1: [8086:6ff9] type 00 class 0x088000
[    0.957501] pci 0000:ff:0f.2: [8086:6ffa] type 00 class 0x088000
[    0.957575] pci 0000:ff:0f.3: [8086:6ffb] type 00 class 0x088000
[    0.957650] pci 0000:ff:0f.4: [8086:6ffc] type 00 class 0x088000
[    0.957726] pci 0000:ff:0f.5: [8086:6ffd] type 00 class 0x088000
[    0.957801] pci 0000:ff:0f.6: [8086:6ffe] type 00 class 0x088000
[    0.957883] pci 0000:ff:10.0: [8086:6f1d] type 00 class 0x088000
[    0.957958] pci 0000:ff:10.1: [8086:6f34] type 00 class 0x110100
[    0.958034] pci 0000:ff:10.5: [8086:6f1e] type 00 class 0x088000
[    0.958109] pci 0000:ff:10.6: [8086:6f7d] type 00 class 0x110100
[    0.958183] pci 0000:ff:10.7: [8086:6f1f] type 00 class 0x088000
[    0.958260] pci 0000:ff:12.0: [8086:6fa0] type 00 class 0x088000
[    0.958294] pci 0000:ff:12.1: [8086:6f30] type 00 class 0x110100
[    0.958373] pci 0000:ff:12.4: [8086:6f60] type 00 class 0x088000
[    0.958411] pci 0000:ff:12.5: [8086:6f38] type 00 class 0x110100
[    0.958491] pci 0000:ff:13.0: [8086:6fa8] type 00 class 0x088000
[    0.958635] pci 0000:ff:13.1: [8086:6f71] type 00 class 0x088000
[    0.958733] pci 0000:ff:13.2: [8086:6faa] type 00 class 0x088000
[    0.958830] pci 0000:ff:13.3: [8086:6fab] type 00 class 0x088000
[    0.958927] pci 0000:ff:13.6: [8086:6fae] type 00 class 0x088000
[    0.959007] pci 0000:ff:13.7: [8086:6faf] type 00 class 0x088000
[    0.959088] pci 0000:ff:14.0: [8086:6fb0] type 00 class 0x088000
[    0.959197] pci 0000:ff:14.1: [8086:6fb1] type 00 class 0x088000
[    0.959294] pci 0000:ff:14.2: [8086:6fb2] type 00 class 0x088000
[    0.959391] pci 0000:ff:14.3: [8086:6fb3] type 00 class 0x088000
[    0.959486] pci 0000:ff:14.4: [8086:6fbc] type 00 class 0x088000
[    0.959566] pci 0000:ff:14.5: [8086:6fbd] type 00 class 0x088000
[    0.959646] pci 0000:ff:14.6: [8086:6fbe] type 00 class 0x088000
[    0.959728] pci 0000:ff:14.7: [8086:6fbf] type 00 class 0x088000
[    0.959812] pci 0000:ff:16.0: [8086:6f68] type 00 class 0x088000
[    0.959959] pci 0000:ff:16.1: [8086:6f79] type 00 class 0x088000
[    0.960056] pci 0000:ff:16.2: [8086:6f6a] type 00 class 0x088000
[    0.960154] pci 0000:ff:16.3: [8086:6f6b] type 00 class 0x088000
[    0.960251] pci 0000:ff:16.6: [8086:6f6e] type 00 class 0x088000
[    0.960331] pci 0000:ff:16.7: [8086:6f6f] type 00 class 0x088000
[    0.960413] pci 0000:ff:17.0: [8086:6fd0] type 00 class 0x088000
[    0.960557] pci 0000:ff:17.1: [8086:6fd1] type 00 class 0x088000
[    0.960655] pci 0000:ff:17.2: [8086:6fd2] type 00 class 0x088000
[    0.960757] pci 0000:ff:17.3: [8086:6fd3] type 00 class 0x088000
[    0.960856] pci 0000:ff:17.4: [8086:6fb8] type 00 class 0x088000
[    0.960936] pci 0000:ff:17.5: [8086:6fb9] type 00 class 0x088000
[    0.961016] pci 0000:ff:17.6: [8086:6fba] type 00 class 0x088000
[    0.961098] pci 0000:ff:17.7: [8086:6fbb] type 00 class 0x088000
[    0.961188] pci 0000:ff:1e.0: [8086:6f98] type 00 class 0x088000
[    0.961264] pci 0000:ff:1e.1: [8086:6f99] type 00 class 0x088000
[    0.961340] pci 0000:ff:1e.2: [8086:6f9a] type 00 class 0x088000
[    0.961420] pci 0000:ff:1e.3: [8086:6fc0] type 00 class 0x088000
[    0.961457] pci 0000:ff:1e.4: [8086:6f9c] type 00 class 0x088000
[    0.961540] pci 0000:ff:1f.0: [8086:6f88] type 00 class 0x088000
[    0.961617] pci 0000:ff:1f.2: [8086:6f8a] type 00 class 0x088000
[    0.977036] ACPI: PCI Root Bridge [PCI0] (domain 0000 [bus 00-fe])
[    0.977040] acpi PNP0A08:00: _OSC: OS supports [ExtendedConfig ASPM ClockPM Segments MSI HPX-Type3]
[    0.977552] acpi PNP0A08:00: _OSC: platform does not support [SHPCHotplug LTR]
[    0.978264] acpi PNP0A08:00: _OSC: OS now controls [PCIeHotplug PME AER PCIeCapability]
[    0.978700] PCI host bridge to bus 0000:00
[    0.978703] pci_bus 0000:00: root bus resource [io  0x0000-0x0cf7 window]
[    0.978704] pci_bus 0000:00: root bus resource [io  0x1000-0xffff window]
[    0.978705] pci_bus 0000:00: root bus resource [mem 0x000a0000-0x000bffff window]
[    0.978706] pci_bus 0000:00: root bus resource [mem 0x90000000-0xfbffbfff window]
[    0.978707] pci_bus 0000:00: root bus resource [mem 0x380000000000-0x383fffffffff window]
[    0.978709] pci_bus 0000:00: root bus resource [bus 00-fe]
[    0.978718] pci 0000:00:00.0: [8086:6f00] type 00 class 0x060000
[    0.978939] pci 0000:00:01.0: [8086:6f02] type 01 class 0x060400
[    0.979035] pci 0000:00:01.0: PME# supported from D0 D3hot D3cold
[    0.979234] pci 0000:00:02.0: [8086:6f04] type 01 class 0x060400
[    0.979329] pci 0000:00:02.0: PME# supported from D0 D3hot D3cold
[    0.979519] pci 0000:00:03.0: [8086:6f08] type 01 class 0x060400
[    0.979614] pci 0000:00:03.0: PME# supported from D0 D3hot D3cold
[    0.979807] pci 0000:00:05.0: [8086:6f28] type 00 class 0x088000
[    0.979993] pci 0000:00:05.1: [8086:6f29] type 00 class 0x088000
[    0.980204] pci 0000:00:05.2: [8086:6f2a] type 00 class 0x088000
[    0.980386] pci 0000:00:05.4: [8086:6f2c] type 00 class 0x080020
[    0.980407] pci 0000:00:05.4: reg 0x10: [mem 0xfbd04000-0xfbd04fff]
[    0.980624] pci 0000:00:11.0: [8086:8d7c] type 00 class 0xff0000
[    0.980936] pci 0000:00:14.0: [8086:8d31] type 00 class 0x0c0330
[    0.980973] pci 0000:00:14.0: reg 0x10: [mem 0x383ffff00000-0x383ffff0ffff 64bit]
[    0.981075] pci 0000:00:14.0: PME# supported from D3hot D3cold
[    0.981214] pci 0000:00:16.0: [8086:8d3a] type 00 class 0x078000
[    0.981251] pci 0000:00:16.0: reg 0x10: [mem 0x383ffff13000-0x383ffff1300f 64bit]
[    0.981354] pci 0000:00:16.0: PME# supported from D0 D3hot D3cold
[    0.981494] pci 0000:00:16.1: [8086:8d3b] type 00 class 0x078000
[    0.981530] pci 0000:00:16.1: reg 0x10: [mem 0x383ffff12000-0x383ffff1200f 64bit]
[    0.981633] pci 0000:00:16.1: PME# supported from D0 D3hot D3cold
[    0.981782] pci 0000:00:1a.0: [8086:8d2d] type 00 class 0x0c0320
[    0.981815] pci 0000:00:1a.0: reg 0x10: [mem 0xfbd02000-0xfbd023ff]
[    0.981946] pci 0000:00:1a.0: PME# supported from D0 D3hot D3cold
[    0.982087] pci 0000:00:1c.0: [8086:8d10] type 01 class 0x060400
[    0.982203] pci 0000:00:1c.0: PME# supported from D0 D3hot D3cold
[    0.982361] pci 0000:00:1c.3: [8086:8d16] type 01 class 0x060400
[    0.982479] pci 0000:00:1c.3: PME# supported from D0 D3hot D3cold
[    0.982640] pci 0000:00:1d.0: [8086:8d26] type 00 class 0x0c0320
[    0.982673] pci 0000:00:1d.0: reg 0x10: [mem 0xfbd01000-0xfbd013ff]
[    0.982804] pci 0000:00:1d.0: PME# supported from D0 D3hot D3cold
[    0.982946] pci 0000:00:1f.0: [8086:8d44] type 00 class 0x060100
[    0.983239] pci 0000:00:1f.2: [8086:8d02] type 00 class 0x010601
[    0.983267] pci 0000:00:1f.2: reg 0x10: [io  0xf050-0xf057]
[    0.983282] pci 0000:00:1f.2: reg 0x14: [io  0xf040-0xf043]
[    0.983297] pci 0000:00:1f.2: reg 0x18: [io  0xf030-0xf037]
[    0.983312] pci 0000:00:1f.2: reg 0x1c: [io  0xf020-0xf023]
[    0.983326] pci 0000:00:1f.2: reg 0x20: [io  0xf000-0xf01f]
[    0.983342] pci 0000:00:1f.2: reg 0x24: [mem 0xfbd00000-0xfbd007ff]
[    0.983388] pci 0000:00:1f.2: PME# supported from D3hot
[    0.983523] pci 0000:00:1f.3: [8086:8d22] type 00 class 0x0c0500
[    0.983556] pci 0000:00:1f.3: reg 0x10: [mem 0x383ffff11000-0x383ffff110ff 64bit]
[    0.983600] pci 0000:00:1f.3: reg 0x20: [io  0x0580-0x059f]
[    0.984396] pci 0000:01:00.0: [8086:1521] type 00 class 0x020000
[    0.984738] pci 0000:01:00.0: reg 0x10: [mem 0xfbc20000-0xfbc3ffff]
[    0.985034] pci 0000:01:00.0: reg 0x18: [io  0xe020-0xe03f]
[    0.985183] pci 0000:01:00.0: reg 0x1c: [mem 0xfbc44000-0xfbc47fff]
[    0.986684] pci 0000:01:00.0: PME# supported from D0 D3hot D3cold
[    0.987053] pci 0000:01:00.0: reg 0x184: [mem 0x00000000-0x00003fff 64bit pref]
[    0.987055] pci 0000:01:00.0: VF(n) BAR0 space: [mem 0x00000000-0x0001ffff 64bit pref] (contains BAR0 for 8 VFs)
[    0.987230] pci 0000:01:00.0: reg 0x190: [mem 0x00000000-0x00003fff 64bit pref]
[    0.987231] pci 0000:01:00.0: VF(n) BAR3 space: [mem 0x00000000-0x0001ffff 64bit pref] (contains BAR3 for 8 VFs)
[    0.987929] pci 0000:01:00.1: [8086:1521] type 00 class 0x020000
[    0.988271] pci 0000:01:00.1: reg 0x10: [mem 0xfbc00000-0xfbc1ffff]
[    0.988567] pci 0000:01:00.1: reg 0x18: [io  0xe000-0xe01f]
[    0.988715] pci 0000:01:00.1: reg 0x1c: [mem 0xfbc40000-0xfbc43fff]
[    0.990227] pci 0000:01:00.1: PME# supported from D0 D3hot D3cold
[    0.990551] pci 0000:01:00.1: reg 0x184: [mem 0x00000000-0x00003fff 64bit pref]
[    0.990553] pci 0000:01:00.1: VF(n) BAR0 space: [mem 0x00000000-0x0001ffff 64bit pref] (contains BAR0 for 8 VFs)
[    0.990727] pci 0000:01:00.1: reg 0x190: [mem 0x00000000-0x00003fff 64bit pref]
[    0.990729] pci 0000:01:00.1: VF(n) BAR3 space: [mem 0x00000000-0x0001ffff 64bit pref] (contains BAR3 for 8 VFs)
[    0.991217] pci 0000:00:01.0: ASPM: current common clock configuration is broken, reconfiguring
[    1.002346] pci 0000:00:01.0: PCI bridge to [bus 01]
[    1.002348] pci 0000:00:01.0:   bridge window [io  0xe000-0xefff]
[    1.002350] pci 0000:00:01.0:   bridge window [mem 0xfbc00000-0xfbcfffff]
[    1.002780] pci 0000:02:00.0: [15b3:a2d6] type 00 class 0x020000
[    1.003046] pci 0000:02:00.0: reg 0x10: [mem 0x383ffc000000-0x383ffdffffff 64bit pref]
[    1.003155] pci 0000:02:00.0: reg 0x18: [mem 0x383ffe800000-0x383ffeffffff 64bit pref]
[    1.003355] pci 0000:02:00.0: reg 0x30: [mem 0xfbb00000-0xfbbfffff pref]
[    1.003402] pci 0000:02:00.0: enabling Extended Tags
[    1.004208] pci 0000:02:00.0: PME# supported from D3cold
[    1.004491] pci 0000:02:00.0: reg 0x1a4: [mem 0x00000000-0x001fffff 64bit pref]
[    1.004492] pci 0000:02:00.0: VF(n) BAR0 space: [mem 0x00000000-0x01ffffff 64bit pref] (contains BAR0 for 16 VFs)
[    1.005551] pci 0000:02:00.0: 63.008 Gb/s available PCIe bandwidth, limited by 8.0 GT/s PCIe x8 link at 0000:00:02.0 (capable of 252.048 Gb/s with 16.0 GT/s PCIe x16 link)
[    1.005718] pci 0000:02:00.1: [15b3:a2d6] type 00 class 0x020000
[    1.005954] pci 0000:02:00.1: reg 0x10: [mem 0x383ffa000000-0x383ffbffffff 64bit pref]
[    1.006067] pci 0000:02:00.1: reg 0x18: [mem 0x383ffe000000-0x383ffe7fffff 64bit pref]
[    1.006273] pci 0000:02:00.1: reg 0x30: [mem 0xfba00000-0xfbafffff pref]
[    1.006317] pci 0000:02:00.1: enabling Extended Tags
[    1.007016] pci 0000:02:00.1: PME# supported from D3cold
[    1.007287] pci 0000:02:00.1: reg 0x1a4: [mem 0x00000000-0x001fffff 64bit pref]
[    1.007289] pci 0000:02:00.1: VF(n) BAR0 space: [mem 0x00000000-0x01ffffff 64bit pref] (contains BAR0 for 16 VFs)
[    1.008471] pci 0000:02:00.2: [15b3:c2d3] type 00 class 0x080100
[    1.008654] pci 0000:02:00.2: reg 0x10: [mem 0xfb900000-0xfb9fffff]
[    1.009100] pci 0000:02:00.2: enabling Extended Tags
[    1.009636] pci 0000:02:00.2: PME# supported from D3cold
[    1.010053] pci 0000:00:02.0: PCI bridge to [bus 02]
[    1.010056] pci 0000:00:02.0:   bridge window [mem 0xfb900000-0xfbbfffff]
[    1.010059] pci 0000:00:02.0:   bridge window [mem 0x383ffa000000-0x383ffeffffff 64bit pref]
[    1.010293] pci 0000:00:03.0: PCI bridge to [bus 03]
[    1.010337] pci 0000:00:1c.0: PCI bridge to [bus 04]
[    1.010410] pci 0000:05:00.0: [102b:0522] type 00 class 0x030000
[    1.010456] pci 0000:05:00.0: reg 0x10: [mem 0xfa000000-0xfaffffff pref]
[    1.010478] pci 0000:05:00.0: reg 0x14: [mem 0xfb810000-0xfb813fff]
[    1.010500] pci 0000:05:00.0: reg 0x18: [mem 0xfb000000-0xfb7fffff]
[    1.010586] pci 0000:05:00.0: reg 0x30: [mem 0xfb800000-0xfb80ffff pref]
[    1.010747] pci 0000:05:00.0: disabling ASPM on pre-1.1 PCIe device.  You can enable it with 'pcie_aspm=force'
[    1.010761] pci 0000:00:1c.3: PCI bridge to [bus 05]
[    1.010766] pci 0000:00:1c.3:   bridge window [mem 0xfb000000-0xfb8fffff]
[    1.010770] pci 0000:00:1c.3:   bridge window [mem 0xfa000000-0xfaffffff 64bit pref]
[    1.010821] pci_bus 0000:00: on NUMA node 0
[    1.011953] ACPI: PCI Interrupt Link [LNKA] (IRQs 3 4 5 6 7 10 *11 12 14 15)
[    1.012029] ACPI: PCI Interrupt Link [LNKB] (IRQs 3 4 5 6 7 *10 11 12 14 15)
[    1.012106] ACPI: PCI Interrupt Link [LNKC] (IRQs 3 4 5 6 10 *11 12 14 15)
[    1.012180] ACPI: PCI Interrupt Link [LNKD] (IRQs 3 4 *5 6 10 11 12 14 15)
[    1.012253] ACPI: PCI Interrupt Link [LNKE] (IRQs 3 4 5 6 7 10 11 12 14 15) *0, disabled.
[    1.012327] ACPI: PCI Interrupt Link [LNKF] (IRQs 3 4 5 6 7 10 11 12 14 15) *0, disabled.
[    1.012401] ACPI: PCI Interrupt Link [LNKG] (IRQs 3 4 5 6 7 10 11 12 14 15) *0, disabled.
[    1.012475] ACPI: PCI Interrupt Link [LNKH] (IRQs 3 4 5 6 7 10 11 12 14 15) *0, disabled.
[    1.012807] iommu: Default domain type: Translated 
[    1.012807] SCSI subsystem initialized
[    1.012807] libata version 3.00 loaded.
[    1.012807] pci 0000:05:00.0: vgaarb: setting as boot VGA device
[    1.012807] pci 0000:05:00.0: vgaarb: VGA device added: decodes=io+mem,owns=io+mem,locks=none
[    1.012807] pci 0000:05:00.0: vgaarb: bridge control possible
[    1.012807] vgaarb: loaded
[    1.012807] ACPI: bus type USB registered
[    1.012807] usbcore: registered new interface driver usbfs
[    1.012807] usbcore: registered new interface driver hub
[    1.012807] usbcore: registered new device driver usb
[    1.012807] pps_core: LinuxPPS API ver. 1 registered
[    1.012807] pps_core: Software ver. 5.3.6 - Copyright 2005-2007 Rodolfo Giometti <giometti@linux.it>
[    1.012807] PTP clock support registered
[    1.012807] EDAC MC: Ver: 3.0.0
[    1.012807] PCI: Using ACPI for IRQ routing
[    1.019618] PCI: pci_cache_line_size set to 64 bytes
[    1.019844] e820: reserve RAM buffer [mem 0x00099c00-0x0009ffff]
[    1.019959] NetLabel: Initializing
[    1.019960] NetLabel:  domain hash size = 128
[    1.019960] NetLabel:  protocols = UNLABELED CIPSOv4 CALIPSO
[    1.019979] NetLabel:  unlabeled traffic allowed by default
[    1.019996] hpet0: at MMIO 0xfed00000, IRQs 2, 8, 0, 0, 0, 0, 0, 0
[    1.019996] hpet0: 8 comparators, 64-bit 14.318180 MHz counter
[    1.023287] clocksource: Switched to clocksource tsc-early
[    1.037222] *** VALIDATE bpf ***
[    1.037301] VFS: Disk quotas dquot_6.6.0
[    1.037330] VFS: Dquot-cache hash table entries: 512 (order 0, 4096 bytes)
[    1.037348] *** VALIDATE ramfs ***
[    1.037354] *** VALIDATE hugetlbfs ***
[    1.037476] AppArmor: AppArmor Filesystem Enabled
[    1.037496] pnp: PnP ACPI init
[    1.037981] pnp 00:00: Plug and Play ACPI device, IDs PNP0b00 (active)
[    1.038104] system 00:01: [io  0x0500-0x057f] has been reserved
[    1.038106] system 00:01: [io  0x0400-0x047f] has been reserved
[    1.038107] system 00:01: [io  0x0580-0x059f] has been reserved
[    1.038111] system 00:01: [io  0x0600-0x061f] has been reserved
[    1.038112] system 00:01: [io  0x0880-0x0883] has been reserved
[    1.038113] system 00:01: [io  0x0800-0x081f] has been reserved
[    1.038115] system 00:01: [mem 0xfed1c000-0xfed3ffff] has been reserved
[    1.038117] system 00:01: [mem 0xfed45000-0xfed8bfff] has been reserved
[    1.038121] system 00:01: [mem 0xff000000-0xffffffff] has been reserved
[    1.038123] system 00:01: [mem 0xfee00000-0xfeefffff] has been reserved
[    1.038124] system 00:01: [mem 0xfed12000-0xfed1200f] has been reserved
[    1.038125] system 00:01: [mem 0xfed12010-0xfed1201f] has been reserved
[    1.038126] system 00:01: [mem 0xfed1b000-0xfed1bfff] has been reserved
[    1.038131] system 00:01: Plug and Play ACPI device, IDs PNP0c02 (active)
[    1.038319] pnp 00:02: [dma 0 disabled]
[    1.038367] pnp 00:02: Plug and Play ACPI device, IDs PNP0501 (active)
[    1.038538] pnp 00:03: [dma 0 disabled]
[    1.038577] pnp 00:03: Plug and Play ACPI device, IDs PNP0501 (active)
[    1.039300] pnp: PnP ACPI: found 4 devices
[    1.040737] thermal_sys: Registered thermal governor 'fair_share'
[    1.040737] thermal_sys: Registered thermal governor 'bang_bang'
[    1.040738] thermal_sys: Registered thermal governor 'step_wise'
[    1.040739] thermal_sys: Registered thermal governor 'user_space'
[    1.040740] thermal_sys: Registered thermal governor 'power_allocator'
[    1.045228] clocksource: acpi_pm: mask: 0xffffff max_cycles: 0xffffff, max_idle_ns: 2085701024 ns
[    1.045280] pci_bus 0000:00: max bus depth: 1 pci_try_num: 2
[    1.045291] pci 0000:00:01.0: BAR 15: assigned [mem 0x380000000000-0x3800000fffff 64bit pref]
[    1.045294] pci 0000:01:00.0: BAR 7: assigned [mem 0x380000000000-0x38000001ffff 64bit pref]
[    1.045337] pci 0000:01:00.0: BAR 10: assigned [mem 0x380000020000-0x38000003ffff 64bit pref]
[    1.045359] pci 0000:01:00.1: BAR 7: assigned [mem 0x380000040000-0x38000005ffff 64bit pref]
[    1.045381] pci 0000:01:00.1: BAR 10: assigned [mem 0x380000060000-0x38000007ffff 64bit pref]
[    1.045404] pci 0000:00:01.0: PCI bridge to [bus 01]
[    1.045406] pci 0000:00:01.0:   bridge window [io  0xe000-0xefff]
[    1.045415] pci 0000:00:01.0:   bridge window [mem 0xfbc00000-0xfbcfffff]
[    1.045422] pci 0000:00:01.0:   bridge window [mem 0x380000000000-0x3800000fffff 64bit pref]
[    1.045435] pci 0000:02:00.0: BAR 7: no space for [mem size 0x02000000 64bit pref]
[    1.045436] pci 0000:02:00.0: BAR 7: failed to assign [mem size 0x02000000 64bit pref]
[    1.045438] pci 0000:02:00.1: BAR 7: no space for [mem size 0x02000000 64bit pref]
[    1.045439] pci 0000:02:00.1: BAR 7: failed to assign [mem size 0x02000000 64bit pref]
[    1.045441] pci 0000:00:02.0: PCI bridge to [bus 02]
[    1.045449] pci 0000:00:02.0:   bridge window [mem 0xfb900000-0xfbbfffff]
[    1.045456] pci 0000:00:02.0:   bridge window [mem 0x383ffa000000-0x383ffeffffff 64bit pref]
[    1.045467] pci 0000:00:03.0: PCI bridge to [bus 03]
[    1.045491] pci 0000:00:1c.0: PCI bridge to [bus 04]
[    1.045518] pci 0000:00:1c.3: PCI bridge to [bus 05]
[    1.045528] pci 0000:00:1c.3:   bridge window [mem 0xfb000000-0xfb8fffff]
[    1.045535] pci 0000:00:1c.3:   bridge window [mem 0xfa000000-0xfaffffff 64bit pref]
[    1.045548] pci_bus 0000:00: No. 2 try to assign unassigned res
[    1.045549] release child resource [mem 0x383ffa000000-0x383ffbffffff 64bit pref]
[    1.045550] release child resource [mem 0x383ffc000000-0x383ffdffffff 64bit pref]
[    1.045550] release child resource [mem 0x383ffe000000-0x383ffe7fffff 64bit pref]
[    1.045551] release child resource [mem 0x383ffe800000-0x383ffeffffff 64bit pref]
[    1.045552] pci 0000:00:02.0: resource 15 [mem 0x383ffa000000-0x383ffeffffff 64bit pref] released
[    1.045553] pci 0000:00:02.0: PCI bridge to [bus 02]
[    1.045569] pci 0000:00:02.0: bridge window [mem 0x01000000-0x05ffffff 64bit pref] to [bus 02] add_size 4000000 add_align 1000000
[    1.045575] pci 0000:00:02.0: BAR 15: assigned [mem 0x380001000000-0x380009ffffff 64bit pref]
[    1.045576] pci 0000:00:01.0: PCI bridge to [bus 01]
[    1.045578] pci 0000:00:01.0:   bridge window [io  0xe000-0xefff]
[    1.045587] pci 0000:00:01.0:   bridge window [mem 0xfbc00000-0xfbcfffff]
[    1.045593] pci 0000:00:01.0:   bridge window [mem 0x380000000000-0x3800000fffff 64bit pref]
[    1.045608] pci 0000:02:00.0: BAR 0: assigned [mem 0x380002000000-0x380003ffffff 64bit pref]
[    1.045681] pci 0000:02:00.1: BAR 0: assigned [mem 0x380004000000-0x380005ffffff 64bit pref]
[    1.045753] pci 0000:02:00.0: BAR 2: assigned [mem 0x380001000000-0x3800017fffff 64bit pref]
[    1.045825] pci 0000:02:00.1: BAR 2: assigned [mem 0x380001800000-0x380001ffffff 64bit pref]
[    1.045898] pci 0000:02:00.0: BAR 7: assigned [mem 0x380006000000-0x380007ffffff 64bit pref]
[    1.045934] pci 0000:02:00.1: BAR 7: assigned [mem 0x380008000000-0x380009ffffff 64bit pref]
[    1.045968] pci 0000:00:02.0: PCI bridge to [bus 02]
[    1.045977] pci 0000:00:02.0:   bridge window [mem 0xfb900000-0xfbbfffff]
[    1.045983] pci 0000:00:02.0:   bridge window [mem 0x380001000000-0x380009ffffff 64bit pref]
[    1.045994] pci 0000:00:03.0: PCI bridge to [bus 03]
[    1.046019] pci 0000:00:1c.0: PCI bridge to [bus 04]
[    1.046046] pci 0000:00:1c.3: PCI bridge to [bus 05]
[    1.046056] pci 0000:00:1c.3:   bridge window [mem 0xfb000000-0xfb8fffff]
[    1.046062] pci 0000:00:1c.3:   bridge window [mem 0xfa000000-0xfaffffff 64bit pref]
[    1.046076] pci_bus 0000:00: resource 4 [io  0x0000-0x0cf7 window]
[    1.046077] pci_bus 0000:00: resource 5 [io  0x1000-0xffff window]
[    1.046078] pci_bus 0000:00: resource 6 [mem 0x000a0000-0x000bffff window]
[    1.046079] pci_bus 0000:00: resource 7 [mem 0x90000000-0xfbffbfff window]
[    1.046080] pci_bus 0000:00: resource 8 [mem 0x380000000000-0x383fffffffff window]
[    1.046081] pci_bus 0000:01: resource 0 [io  0xe000-0xefff]
[    1.046082] pci_bus 0000:01: resource 1 [mem 0xfbc00000-0xfbcfffff]
[    1.046083] pci_bus 0000:01: resource 2 [mem 0x380000000000-0x3800000fffff 64bit pref]
[    1.046085] pci_bus 0000:02: resource 1 [mem 0xfb900000-0xfbbfffff]
[    1.046086] pci_bus 0000:02: resource 2 [mem 0x380001000000-0x380009ffffff 64bit pref]
[    1.046087] pci_bus 0000:05: resource 1 [mem 0xfb000000-0xfb8fffff]
[    1.046088] pci_bus 0000:05: resource 2 [mem 0xfa000000-0xfaffffff 64bit pref]
[    1.046304] NET: Registered protocol family 2
[    1.046525] IP idents hash table entries: 262144 (order: 9, 2097152 bytes, linear)
[    1.048856] tcp_listen_portaddr_hash hash table entries: 16384 (order: 6, 262144 bytes, linear)
[    1.049082] TCP established hash table entries: 262144 (order: 9, 2097152 bytes, linear)
[    1.049426] TCP bind hash table entries: 65536 (order: 8, 1048576 bytes, linear)
[    1.049511] TCP: Hash tables configured (established 262144 bind 65536)
[    1.049632] UDP hash table entries: 16384 (order: 7, 524288 bytes, linear)
[    1.049741] UDP-Lite hash table entries: 16384 (order: 7, 524288 bytes, linear)
[    1.049868] NET: Registered protocol family 1
[    1.049873] NET: Registered protocol family 44
[    1.049988] pci 0000:00:05.0: disabled boot interrupts on device [8086:6f28]
[    1.074374] pci 0000:00:1a.0: quirk_usb_early_handoff+0x0/0x670 took 23555 usecs
[    1.098335] pci 0000:00:1d.0: quirk_usb_early_handoff+0x0/0x670 took 23388 usecs
[    1.098366] pci 0000:01:00.0: CLS mismatch (64 != 32), using 64 bytes
[    1.098383] pci 0000:05:00.0: Video device with shadowed ROM at [mem 0x000c0000-0x000dffff]
[    1.098423] Trying to unpack rootfs image as initramfs...
[    1.336118] Freeing initrd memory: 86808K
[    1.358243] PCI-DMA: Using software bounce buffering for IO (SWIOTLB)
[    1.358247] software IO TLB: mapped [mem 0x3c000000-0x40000000] (64MB)
[    1.360036] check: Scanning for low memory corruption every 60 seconds
[    1.361386] Initialise system trusted keyrings
[    1.361399] Key type blacklist registered
[    1.361441] workingset: timestamp_bits=36 max_order=23 bucket_order=0
[    1.362916] zbud: loaded
[    1.363408] squashfs: version 4.0 (2009/01/31) Phillip Lougher
[    1.363583] fuse: init (API version 7.31)
[    1.363602] *** VALIDATE fuse ***
[    1.363604] *** VALIDATE fuse ***
[    1.363722] Platform Keyring initialized
[    1.368259] Key type asymmetric registered
[    1.368261] Asymmetric key parser 'x509' registered
[    1.368272] Block layer SCSI generic (bsg) driver version 0.4 loaded (major 244)
[    1.368323] io scheduler mq-deadline registered
[    1.369121] pcieport 0000:00:01.0: PME: Signaling with IRQ 25
[    1.369184] pcieport 0000:00:01.0: AER: enabled with IRQ 25
[    1.369489] pcieport 0000:00:02.0: PME: Signaling with IRQ 27
[    1.369543] pcieport 0000:00:02.0: AER: enabled with IRQ 27
[    1.369837] pcieport 0000:00:03.0: PME: Signaling with IRQ 29
[    1.369889] pcieport 0000:00:03.0: AER: enabled with IRQ 29
[    1.370112] pcieport 0000:00:1c.0: PME: Signaling with IRQ 30
[    1.370345] pcieport 0000:00:1c.3: PME: Signaling with IRQ 31
[    1.370463] shpchp: Standard Hot Plug PCI Controller Driver version: 0.4
[    1.370654] vesafb: mode is 1024x768x32, linelength=4096, pages=0
[    1.370656] vesafb: scrolling: redraw
[    1.370658] vesafb: Truecolor: size=8:8:8:8, shift=24:16:8:0
[    1.370725] pmd_set_huge: Cannot satisfy [mem 0xfa000000-0xfa200000] with a huge-page mapping due to MTRR override.
[    1.370746] vesafb: framebuffer at 0xfa000000, mapped to 0x00000000612b912b, using 3072k, total 3072k
[    1.370803] fbcon: Deferring console take-over
[    1.370804] fb0: VESA VGA frame buffer device
[    1.370819] intel_idle: MWAIT substates: 0x2120
[    1.370820] intel_idle: v0.4.1 model 0x4F
[    1.372629] intel_idle: lapic_timer_reliable_states 0xffffffff
[    1.373162] input: Power Button as /devices/LNXSYSTM:00/LNXSYBUS:00/PNP0C0C:00/input/input0
[    1.373190] ACPI: Power Button [PWRB]
[    1.373227] input: Power Button as /devices/LNXSYSTM:00/LNXPWRBN:00/input/input1
[    1.373317] ACPI: Power Button [PWRF]
[    1.381482] Serial: 8250/16550 driver, 32 ports, IRQ sharing enabled
[    1.402042] 00:02: ttyS0 at I/O 0x3f8 (irq = 4, base_baud = 115200) is a 16550A
[    1.422639] 00:03: ttyS1 at I/O 0x2f8 (irq = 3, base_baud = 115200) is a 16550A
[    1.424254] Linux agpgart interface v0.103
[    1.558320] loop: module loaded
[    1.558752] tun: Universal TUN/TAP device driver, 1.6
[    1.558857] PPP generic driver version 2.4.2
[    1.558948] VFIO - User Level meta-driver version: 0.3
[    1.559048] ehci_hcd: USB 2.0 'Enhanced' Host Controller (EHCI) Driver
[    1.559052] ehci-pci: EHCI PCI platform driver
[    1.559278] ehci-pci 0000:00:1a.0: EHCI Host Controller
[    1.559285] ehci-pci 0000:00:1a.0: new USB bus registered, assigned bus number 1
[    1.559297] ehci-pci 0000:00:1a.0: debug port 2
[    1.563196] ehci-pci 0000:00:1a.0: cache line size of 64 is not supported
[    1.563210] ehci-pci 0000:00:1a.0: irq 18, io mem 0xfbd02000
[    1.578280] ehci-pci 0000:00:1a.0: USB 2.0 started, EHCI 1.00
[    1.578349] usb usb1: New USB device found, idVendor=1d6b, idProduct=0002, bcdDevice= 5.04
[    1.578350] usb usb1: New USB device strings: Mfr=3, Product=2, SerialNumber=1
[    1.578352] usb usb1: Product: EHCI Host Controller
[    1.578353] usb usb1: Manufacturer: Linux 5.4.189kernel-module-force-unload ehci_hcd
[    1.578354] usb usb1: SerialNumber: 0000:00:1a.0
[    1.578504] hub 1-0:1.0: USB hub found
[    1.578510] hub 1-0:1.0: 2 ports detected
[    1.578874] ehci-pci 0000:00:1d.0: EHCI Host Controller
[    1.578880] ehci-pci 0000:00:1d.0: new USB bus registered, assigned bus number 2
[    1.578890] ehci-pci 0000:00:1d.0: debug port 2
[    1.582789] ehci-pci 0000:00:1d.0: cache line size of 64 is not supported
[    1.582794] ehci-pci 0000:00:1d.0: irq 18, io mem 0xfbd01000
[    1.598283] ehci-pci 0000:00:1d.0: USB 2.0 started, EHCI 1.00
[    1.598327] usb usb2: New USB device found, idVendor=1d6b, idProduct=0002, bcdDevice= 5.04
[    1.598329] usb usb2: New USB device strings: Mfr=3, Product=2, SerialNumber=1
[    1.598330] usb usb2: Product: EHCI Host Controller
[    1.598331] usb usb2: Manufacturer: Linux 5.4.189kernel-module-force-unload ehci_hcd
[    1.598332] usb usb2: SerialNumber: 0000:00:1d.0
[    1.598467] hub 2-0:1.0: USB hub found
[    1.598471] hub 2-0:1.0: 2 ports detected
[    1.598687] ehci-platform: EHCI generic platform driver
[    1.598699] ohci_hcd: USB 1.1 'Open' Host Controller (OHCI) Driver
[    1.598703] ohci-pci: OHCI PCI platform driver
[    1.598726] ohci-platform: OHCI generic platform driver
[    1.598733] uhci_hcd: USB Universal Host Controller Interface driver
[    1.598945] xhci_hcd 0000:00:14.0: xHCI Host Controller
[    1.598952] xhci_hcd 0000:00:14.0: new USB bus registered, assigned bus number 3
[    1.600020] xhci_hcd 0000:00:14.0: hcc params 0x200077c1 hci version 0x100 quirks 0x0000000000009810
[    1.600026] xhci_hcd 0000:00:14.0: cache line size of 64 is not supported
[    1.600261] xhci_hcd 0000:00:14.0: xHCI Host Controller
[    1.600264] xhci_hcd 0000:00:14.0: new USB bus registered, assigned bus number 4
[    1.600266] xhci_hcd 0000:00:14.0: Host supports USB 3.0 SuperSpeed
[    1.600298] usb usb3: New USB device found, idVendor=1d6b, idProduct=0002, bcdDevice= 5.04
[    1.600300] usb usb3: New USB device strings: Mfr=3, Product=2, SerialNumber=1
[    1.600301] usb usb3: Product: xHCI Host Controller
[    1.600302] usb usb3: Manufacturer: Linux 5.4.189kernel-module-force-unload xhci-hcd
[    1.600303] usb usb3: SerialNumber: 0000:00:14.0
[    1.600437] hub 3-0:1.0: USB hub found
[    1.600454] hub 3-0:1.0: 15 ports detected
[    1.603546] usb usb4: New USB device found, idVendor=1d6b, idProduct=0003, bcdDevice= 5.04
[    1.603547] usb usb4: New USB device strings: Mfr=3, Product=2, SerialNumber=1
[    1.603548] usb usb4: Product: xHCI Host Controller
[    1.603549] usb usb4: Manufacturer: Linux 5.4.189kernel-module-force-unload xhci-hcd
[    1.603550] usb usb4: SerialNumber: 0000:00:14.0
[    1.603678] hub 4-0:1.0: USB hub found
[    1.603690] hub 4-0:1.0: 6 ports detected
[    1.605278] i8042: PNP: No PS/2 controller found.
[    1.605378] mousedev: PS/2 mouse device common for all mice
[    1.605491] rtc_cmos 00:00: RTC can wake from S4
[    1.605677] rtc_cmos 00:00: registered as rtc0
[    1.605693] rtc_cmos 00:00: alarms up to one month, y3k, 114 bytes nvram, hpet irqs
[    1.605699] i2c /dev entries driver
[    1.605746] device-mapper: uevent: version 1.0.3
[    1.605802] device-mapper: ioctl: 4.41.0-ioctl (2019-09-16) initialised: dm-devel@redhat.com
[    1.605824] platform eisa.0: Probing EISA bus 0
[    1.605826] platform eisa.0: EISA: Cannot allocate resource for mainboard
[    1.605828] platform eisa.0: Cannot allocate resource for EISA slot 1
[    1.605829] platform eisa.0: Cannot allocate resource for EISA slot 2
[    1.605830] platform eisa.0: Cannot allocate resource for EISA slot 3
[    1.605831] platform eisa.0: Cannot allocate resource for EISA slot 4
[    1.605832] platform eisa.0: Cannot allocate resource for EISA slot 5
[    1.605833] platform eisa.0: Cannot allocate resource for EISA slot 6
[    1.605834] platform eisa.0: Cannot allocate resource for EISA slot 7
[    1.605835] platform eisa.0: Cannot allocate resource for EISA slot 8
[    1.605836] platform eisa.0: EISA: Detected 0 cards
[    1.605846] intel_pstate: Intel P-state driver initializing
[    1.613330] ledtrig-cpu: registered to indicate activity on CPUs
[    1.613490] drop_monitor: Initializing network drop monitor service
[    1.613664] NET: Registered protocol family 10
[    1.620524] Segment Routing with IPv6
[    1.620542] NET: Registered protocol family 17
[    1.620614] Key type dns_resolver registered
[    1.625364] RAS: Correctable Errors collector initialized.
[    1.625422] microcode: sig=0x406f1, pf=0x1, revision=0xb000040
[    1.627059] microcode: Microcode Update Driver: v2.2.
[    1.629407] *** VALIDATE rdt ***
[    1.629411] resctrl: L3 allocation detected
[    1.629411] resctrl: L3DATA allocation detected
[    1.629411] resctrl: L3CODE allocation detected
[    1.629412] resctrl: L3 monitoring detected
[    1.629416] IPI shorthand broadcast: enabled
[    1.629422] sched_clock: Marking stable (1628898596, 502612)->(1840840740, -211439532)
[    1.629578] registered taskstats version 1
[    1.629589] Loading compiled-in X.509 certificates
[    1.630270] Loaded X.509 cert 'Build time autogenerated kernel key: a9993d45b65f0d146f444e483c70e48bd819de06'
[    1.630561] zswap: loaded using pool lzo/zbud
[    1.630700] Key type ._fscrypt registered
[    1.630701] Key type .fscrypt registered
[    1.636244] Key type big_key registered
[    1.638856] Key type encrypted registered
[    1.638859] AppArmor: AppArmor sha1 policy hashing enabled
[    1.638866] ima: No TPM chip found, activating TPM-bypass!
[    1.638873] ima: Allocated hash algorithm: sha1
[    1.638883] ima: No architecture policies found
[    1.638901] evm: Initialising EVM extended attributes:
[    1.638902] evm: security.selinux
[    1.638902] evm: security.SMACK64
[    1.638903] evm: security.SMACK64EXEC
[    1.638903] evm: security.SMACK64TRANSMUTE
[    1.638903] evm: security.SMACK64MMAP
[    1.638904] evm: security.apparmor
[    1.638904] evm: security.ima
[    1.638904] evm: security.capability
[    1.638905] evm: HMAC attrs: 0x1
[    1.639483] PM:   Magic number: 14:387:158
[    1.639596] acpi PNP0A08:02: hash matches
[    1.639651] acpi device:25: hash matches
[    1.639785] rtc_cmos 00:00: setting system clock to 2022-07-06T03:10:48 UTC (1657077048)
[    1.642899] Freeing unused decrypted memory: 2040K
[    1.643765] Freeing unused kernel image memory: 2748K
[    1.674316] Write protecting the kernel read-only data: 22528k
[    1.675289] Freeing unused kernel image memory: 2008K
[    1.675720] Freeing unused kernel image memory: 1128K
[    1.682957] x86/mm: Checked W+X mappings: passed, no W+X pages found.
[    1.682958] x86/mm: Checking user space page tables
[    1.689859] x86/mm: Checked W+X mappings: passed, no W+X pages found.
[    1.689861] Run /init as init process
[    1.813520] mlx_compat: loading out-of-tree module taints kernel.
[    1.813552] mlx_compat: module verification failed: signature and/or required key missing - tainting kernel
[    1.813807] Compat-mlnx-ofed backport release: b1b2bdd
[    1.813807] Backport based on mlnx_ofed/mlnx-ofa_kernel-4.0.git b1b2bdd
[    1.813807] compat.git: mlnx_ofed/mlnx-ofa_kernel-4.0.git
[    1.815251] dca service started, version 1.12.1
[    1.817053] i801_smbus 0000:00:1f.3: SMBus using PCI interrupt
[    1.819246] igb: Intel(R) Gigabit Ethernet Network Driver - version 5.6.0-k
[    1.819247] igb: Copyright (c) 2007-2014 Intel Corporation.
[    1.821921] ahci 0000:00:1f.2: version 3.0
[    1.822294] ahci 0000:00:1f.2: AHCI 0001.0300 32 slots 6 ports 6 Gbps 0x10 impl SATA mode
[    1.822296] ahci 0000:00:1f.2: flags: 64bit ncq pm led clo pio slum part ems apst 
[    1.823113] scsi host0: ahci
[    1.823319] scsi host1: ahci
[    1.823425] scsi host2: ahci
[    1.826224] scsi host3: ahci
[    1.826864] scsi host4: ahci
[    1.827260] scsi host5: ahci
[    1.827374] ata1: DUMMY
[    1.827375] ata2: DUMMY
[    1.827375] ata3: DUMMY
[    1.827378] ata4: DUMMY
[    1.827380] ata5: SATA max UDMA/133 abar m2048@0xfbd00000 port 0xfbd00300 irq 42
[    1.827381] ata6: DUMMY
[    1.827645] cryptd: max_cpu_qlen set to 1000
[    1.832237] mlx5_core 0000:02:00.0: firmware version: 24.33.1048
[    1.832271] mlx5_core 0000:02:00.0: 63.008 Gb/s available PCIe bandwidth, limited by 8.0 GT/s PCIe x8 link at 0000:00:02.0 (capable of 252.048 Gb/s with 16.0 GT/s PCIe x16 link)
[    1.835194] AVX2 version of gcm_enc/dec engaged.
[    1.835195] AES CTR mode by8 optimization enabled
[    1.838226] usb 1-1: new high-speed USB device number 2 using ehci-pci
[    1.854295] usb 2-1: new high-speed USB device number 2 using ehci-pci
[    1.862275] usb 3-9: new high-speed USB device number 2 using xhci_hcd
[    1.875040] mlx5_core 0000:02:00.0: handle_hca_cap:704:(pid 311): log_max_qp value in current profile is 18, changing it to HCA capability limit (17)
[    1.907892] igb 0000:01:00.0: added PHC on eth0
[    1.907893] igb 0000:01:00.0: Intel(R) Gigabit Ethernet Network Connection
[    1.907894] igb 0000:01:00.0: eth0: (PCIe:5.0Gb/s:Width x4) a4:bf:01:6e:28:a6
[    1.908015] igb 0000:01:00.0: eth0: PBA No: 006100-000
[    1.908016] igb 0000:01:00.0: Using MSI-X interrupts. 8 rx queue(s), 8 tx queue(s)
[    1.971352] igb 0000:01:00.1: added PHC on eth1
[    1.971353] igb 0000:01:00.1: Intel(R) Gigabit Ethernet Network Connection
[    1.971354] igb 0000:01:00.1: eth1: (PCIe:5.0Gb/s:Width x4) a4:bf:01:6e:28:a7
[    1.971475] igb 0000:01:00.1: eth1: PBA No: 006100-000
[    1.971476] igb 0000:01:00.1: Using MSI-X interrupts. 8 rx queue(s), 8 tx queue(s)
[    2.006647] usb 1-1: New USB device found, idVendor=8087, idProduct=800a, bcdDevice= 0.05
[    2.006648] usb 1-1: New USB device strings: Mfr=0, Product=0, SerialNumber=0
[    2.006789] hub 1-1:1.0: USB hub found
[    2.006895] hub 1-1:1.0: 6 ports detected
[    2.022352] usb 3-9: New USB device found, idVendor=0409, idProduct=005a, bcdDevice= 1.00
[    2.022353] usb 3-9: New USB device strings: Mfr=0, Product=0, SerialNumber=0
[    2.022667] hub 3-9:1.0: USB hub found
[    2.022671] usb 2-1: New USB device found, idVendor=8087, idProduct=8002, bcdDevice= 0.05
[    2.022672] usb 2-1: New USB device strings: Mfr=0, Product=0, SerialNumber=0
[    2.022693] hub 3-9:1.0: 4 ports detected
[    2.022818] hub 2-1:1.0: USB hub found
[    2.022899] hub 2-1:1.0: 8 ports detected
[    2.118455] mlx5_core 0000:02:00.0: Rate limit: 127 rates are supported, range: 0Mbps to 97656Mbps
[    2.119826] mlx5_core 0000:02:00.0: E-Switch: total vports 50, per vport: max uc(128) max mc(2048)
[    2.123328] igb 0000:01:00.1 ens11f1: renamed from eth1
[    2.123982] mlx5_core 0000:02:00.0: Port module event: module 0, Cable plugged
[    2.124357] mlx5_core 0000:02:00.0: mlx5_pcie_event:299:(pid 366): Detected insufficient power on the PCIe slot (27W).
[    2.141036] ata5: SATA link up 6.0 Gbps (SStatus 133 SControl 300)
[    2.141700] ata5.00: supports DRM functions and may not be fully accessible
[    2.141718] ata5.00: ATA-10: CT500MX500SSD1, M3CR033, max UDMA/133
[    2.141719] ata5.00: 976773168 sectors, multi 1: LBA48 NCQ (depth 32), AA
[    2.142279] ata5.00: supports DRM functions and may not be fully accessible
[    2.142755] ata5.00: configured for UDMA/133
[    2.142963] scsi 4:0:0:0: Direct-Access     ATA      CT500MX500SSD1   033  PQ: 0 ANSI: 5
[    2.143143] sd 4:0:0:0: Attached scsi generic sg0 type 0
[    2.143271] sd 4:0:0:0: [sda] 976773168 512-byte logical blocks: (500 GB/466 GiB)
[    2.143272] sd 4:0:0:0: [sda] 4096-byte physical blocks
[    2.143284] sd 4:0:0:0: [sda] Write Protect is off
[    2.143286] sd 4:0:0:0: [sda] Mode Sense: 00 3a 00 00
[    2.143303] sd 4:0:0:0: [sda] Write cache: enabled, read cache: enabled, doesn't support DPO or FUA
[    2.154258] usb 3-14: new full-speed USB device number 3 using xhci_hcd
[    2.160105] mlx5_core 0000:02:00.1: firmware version: 24.33.1048
[    2.160143] mlx5_core 0000:02:00.1: 63.008 Gb/s available PCIe bandwidth, limited by 8.0 GT/s PCIe x8 link at 0000:00:02.0 (capable of 252.048 Gb/s with 16.0 GT/s PCIe x16 link)
[    2.169178] mlx5_core 0000:02:00.1: handle_hca_cap:704:(pid 311): log_max_qp value in current profile is 18, changing it to HCA capability limit (17)
[    2.171020]  sda: sda1 sda2 sda3
[    2.290560] sd 4:0:0:0: [sda] supports TCG Opal
[    2.290561] sd 4:0:0:0: [sda] Attached SCSI disk
[    2.292709] igb 0000:01:00.0 ens11f0: renamed from eth0
[    2.302996] mgag200 0000:05:00.0: remove_conflicting_pci_framebuffers: bar 0: 0xfa000000 -> 0xfaffffff
[    2.302998] mgag200 0000:05:00.0: remove_conflicting_pci_framebuffers: bar 1: 0xfb810000 -> 0xfb813fff
[    2.302999] mgag200 0000:05:00.0: remove_conflicting_pci_framebuffers: bar 2: 0xfb000000 -> 0xfb7fffff
[    2.303002] checking generic (fa000000 300000) vs hw (fa000000 1000000)
[    2.303003] fb0: switching to mgag200drmfb from VESA VGA
[    2.303084] mgag200 0000:05:00.0: vgaarb: deactivate vga console
[    2.311585] [TTM] Zone  kernel: Available graphics memory: 15923574 KiB
[    2.311586] [TTM] Zone   dma32: Available graphics memory: 2097152 KiB
[    2.311586] [TTM] Initializing pool allocator
[    2.311588] [TTM] Initializing DMA pool allocator
[    2.322688] usb 3-14: New USB device found, idVendor=046b, idProduct=ff10, bcdDevice= 1.00
[    2.322689] usb 3-14: New USB device strings: Mfr=1, Product=2, SerialNumber=3
[    2.322690] usb 3-14: Product: Virtual Keyboard and Mouse
[    2.322690] usb 3-14: Manufacturer: American Megatrends Inc.
[    2.322691] usb 3-14: SerialNumber: serial
[    2.326646] hidraw: raw HID events driver (C) Jiri Kosina
[    2.328963] usbcore: registered new interface driver usbhid
[    2.328964] usbhid: USB HID core driver
[    2.330884] input: American Megatrends Inc. Virtual Keyboard and Mouse as /devices/pci0000:00/0000:00:14.0/usb3/3-14/3-14:1.0/0003:046B:FF10.0001/input/input2
[    2.330944] hid-generic 0003:046B:FF10.0001: input,hidraw0: USB HID v1.10 Keyboard [American Megatrends Inc. Virtual Keyboard and Mouse] on usb-0000:00:14.0-14/input0
[    2.331043] input: American Megatrends Inc. Virtual Keyboard and Mouse as /devices/pci0000:00/0000:00:14.0/usb3/3-14/3-14:1.1/0003:046B:FF10.0002/input/input3
[    2.331105] hid-generic 0003:046B:FF10.0002: input,hidraw1: USB HID v1.10 Mouse [American Megatrends Inc. Virtual Keyboard and Mouse] on usb-0000:00:14.0-14/input1
[    2.382259] usb 3-9.4: new full-speed USB device number 4 using xhci_hcd
[    2.382397] tsc: Refined TSC clocksource calibration: 2194.917 MHz
[    2.382409] clocksource: tsc: mask: 0xffffffffffffffff max_cycles: 0x1fa37107ca2, max_idle_ns: 440795258165 ns
[    2.382496] clocksource: Switched to clocksource tsc
[    2.382527] fbcon: mgag200drmfb (fb0) is primary device
[    2.382527] fbcon: Deferring console take-over
[    2.382529] mgag200 0000:05:00.0: fb0: mgag200drmfb frame buffer device
[    2.401388] mlx5_core 0000:02:00.1: Rate limit: 127 rates are supported, range: 0Mbps to 97656Mbps
[    2.402914] mlx5_core 0000:02:00.1: E-Switch: total vports 50, per vport: max uc(128) max mc(2048)
[    2.406704] mlx5_core 0000:02:00.1: Port module event: module 1, Cable unplugged
[    2.406903] mlx5_core 0000:02:00.1: mlx5_pcie_event:299:(pid 368): Detected insufficient power on the PCIe slot (27W).
[    2.414215] [drm] Initialized mgag200 1.0.0 20110418 for 0000:05:00.0 on minor 0
[    2.439779] mlx5_core 0000:02:00.0: MLX5E: StrdRq(1) RqSz(8) StrdSz(2048) RxCqeCmprss(0)
[    2.482710] usb 3-9.4: New USB device found, idVendor=0557, idProduct=8021, bcdDevice= 1.00
[    2.482711] usb 3-9.4: New USB device strings: Mfr=0, Product=0, SerialNumber=0
[    2.484996] hub 3-9.4:1.0: USB hub found
[    2.485124] hub 3-9.4:1.0: 4 ports detected
[    2.676309] mlx5_core 0000:02:00.0: Supported tc offload range - chains: 1, prios: 16
[    2.676315] mlx5_core 0000:02:00.0: mlx5_post_action_init:41:(pid 443): firmware level support is missing
[    2.687562] mlx5_core 0000:02:00.1: MLX5E: StrdRq(1) RqSz(8) StrdSz(2048) RxCqeCmprss(0)
[    2.770275] usb 3-9.4.1: new low-speed USB device number 5 using xhci_hcd
[    2.898828] usb 3-9.4.1: New USB device found, idVendor=1c4f, idProduct=0002, bcdDevice= 3.30
[    2.898831] usb 3-9.4.1: New USB device strings: Mfr=1, Product=2, SerialNumber=0
[    2.898834] usb 3-9.4.1: Product: USB Keyboard
[    2.898835] usb 3-9.4.1: Manufacturer: SIGMACHIP
[    2.914536] input: SIGMACHIP USB Keyboard as /devices/pci0000:00/0000:00:14.0/usb3/3-9/3-9.4/3-9.4.1/3-9.4.1:1.0/0003:1C4F:0002.0003/input/input4
[    2.916551] mlx5_core 0000:02:00.1: Supported tc offload range - chains: 1, prios: 16
[    2.916554] mlx5_core 0000:02:00.1: mlx5_post_action_init:41:(pid 443): firmware level support is missing
[    2.928602] mlx5_core 0000:02:00.0 enp2s0f0np0: renamed from eth0
[    2.946418] mlx5_core 0000:02:00.1 enp2s0f1np1: renamed from eth1
[    2.978342] hid-generic 0003:1C4F:0002.0003: input,hidraw2: USB HID v1.10 Keyboard [SIGMACHIP USB Keyboard] on usb-0000:00:14.0-9.4.1/input0
[    2.986356] input: SIGMACHIP USB Keyboard Consumer Control as /devices/pci0000:00/0000:00:14.0/usb3/3-9/3-9.4/3-9.4.1/3-9.4.1:1.1/0003:1C4F:0002.0004/input/input5
[    3.046432] input: SIGMACHIP USB Keyboard System Control as /devices/pci0000:00/0000:00:14.0/usb3/3-9/3-9.4/3-9.4.1/3-9.4.1:1.1/0003:1C4F:0002.0004/input/input6
[    3.046568] hid-generic 0003:1C4F:0002.0004: input,hidraw3: USB HID v1.10 Device [SIGMACHIP USB Keyboard] on usb-0000:00:14.0-9.4.1/input1
[    3.055177] input: SIGMACHIP USB Keyboard as /devices/pci0000:00/0000:00:14.0/usb3/3-9/3-9.4/3-9.4.1/3-9.4.1:1.2/0003:1C4F:0002.0005/input/input7
[    3.055280] hid-generic 0003:1C4F:0002.0005: input,hidraw4: USB HID v1.10 Mouse [SIGMACHIP USB Keyboard] on usb-0000:00:14.0-9.4.1/input2
[    3.166252] raid6: avx2x4   gen() 30556 MB/s
[    3.214253] raid6: avx2x4   xor() 10937 MB/s
[    3.262246] raid6: avx2x2   gen() 26515 MB/s
[    3.310252] raid6: avx2x2   xor() 16067 MB/s
[    3.358245] raid6: avx2x1   gen() 21995 MB/s
[    3.406253] raid6: avx2x1   xor() 14942 MB/s
[    3.454247] raid6: sse2x4   gen() 16930 MB/s
[    3.502247] raid6: sse2x4   xor() 10106 MB/s
[    3.550246] raid6: sse2x2   gen() 14118 MB/s
[    3.598244] raid6: sse2x2   xor()  9074 MB/s
[    3.646247] raid6: sse2x1   gen() 11900 MB/s
[    3.694246] raid6: sse2x1   xor()  8287 MB/s
[    3.694247] raid6: using algorithm avx2x4 gen() 30556 MB/s
[    3.694247] raid6: .... xor() 10937 MB/s, rmw enabled
[    3.694248] raid6: using avx2x2 recovery algorithm
[    3.695128] xor: automatically using best checksumming function   avx       
[    3.696016] async_tx: api initialized (async)
[    3.784668] Btrfs loaded, crc32c=crc32c-intel
[    3.869775] EXT4-fs (sda3): mounted filesystem with ordered data mode. Opts: (null)
[    4.192899] systemd[1]: Inserted module 'autofs4'
[    4.211302] systemd[1]: systemd 245.4-4ubuntu3.17 running in system mode. (+PAM +AUDIT +SELINUX +IMA +APPARMOR +SMACK +SYSVINIT +UTMP +LIBCRYPTSETUP +GCRYPT +GNUTLS +ACL +XZ +LZ4 +SECCOMP +BLKID +ELFUTILS +KMOD +IDN2 -IDN +PCRE2 default-hierarchy=hybrid)
[    4.230390] systemd[1]: Detected architecture x86-64.
[    4.255235] systemd[1]: Set hostname to <axdimm.ittc.ku.edu>.
[    4.462901] systemd[1]: Created slice system-modprobe.slice.
[    4.463300] systemd[1]: Created slice system-postfix.slice.
[    4.463526] systemd[1]: Created slice system-systemd\x2dfsck.slice.
[    4.463775] systemd[1]: Created slice User and Session Slice.
[    4.463819] systemd[1]: Started Forward Password Requests to Wall Directory Watch.
[    4.464020] systemd[1]: Set up automount Arbitrary Executable File Formats File System Automount Point.
[    4.464061] systemd[1]: Reached target Slices.
[    4.464120] systemd[1]: Listening on Device-mapper event daemon FIFOs.
[    4.464187] systemd[1]: Listening on LVM2 poll daemon socket.
[    4.467367] systemd[1]: Listening on RPCbind Server Activation Socket.
[    4.467491] systemd[1]: Listening on Syslog Socket.
[    4.467566] systemd[1]: Listening on fsck to fsckd communication Socket.
[    4.467612] systemd[1]: Listening on initctl Compatibility Named Pipe.
[    4.467763] systemd[1]: Listening on Journal Audit Socket.
[    4.467827] systemd[1]: Listening on Journal Socket (/dev/log).
[    4.467918] systemd[1]: Listening on Journal Socket.
[    4.468004] systemd[1]: Listening on udev Control Socket.
[    4.468060] systemd[1]: Listening on udev Kernel Socket.
[    4.468824] systemd[1]: Mounting Huge Pages File System...
[    4.469510] systemd[1]: Mounting POSIX Message Queue File System...
[    4.470334] systemd[1]: Mounting RPC Pipe File System...
[    4.471368] systemd[1]: Mounting Kernel Debug File System...
[    4.472280] systemd[1]: Mounting Kernel Trace File System...
[    4.473686] systemd[1]: Starting Journal Service...
[    4.474973] systemd[1]: Starting Availability of block devices...
[    4.476097] systemd[1]: Starting Set the console keyboard layout...
[    4.477213] systemd[1]: Starting Create list of static device nodes for the current kernel...
[    4.478239] systemd[1]: Starting Monitoring of LVM2 mirrors, snapshots etc. using dmeventd or progress polling...
[    4.478279] systemd[1]: Condition check resulted in Load Kernel Module drm being skipped.
[    4.478846] systemd[1]: Condition check resulted in Set Up Additional Binary Formats being skipped.
[    4.478875] systemd[1]: Condition check resulted in File System Check on Root Device being skipped.
[    4.482735] systemd[1]: Starting Load Kernel Modules...
[    4.483623] systemd[1]: Starting Remount Root and Kernel File Systems...
[    4.484655] systemd[1]: Starting udev Coldplug all Devices...
[    4.486123] systemd[1]: Mounted Huge Pages File System.
[    4.486295] systemd[1]: Mounted POSIX Message Queue File System.
[    4.486418] systemd[1]: Mounted Kernel Debug File System.
[    4.486580] systemd[1]: Mounted Kernel Trace File System.
[    4.487109] systemd[1]: Finished Availability of block devices.
[    4.487665] systemd[1]: Finished Create list of static device nodes for the current kernel.
[    4.492601] RPC: Registered named UNIX socket transport module.
[    4.492602] RPC: Registered udp transport module.
[    4.492603] RPC: Registered tcp transport module.
[    4.492603] RPC: Registered tcp NFSv4.1 backchannel transport module.
[    4.493280] EXT4-fs (sda3): re-mounted. Opts: errors=remount-ro
[    4.494542] systemd[1]: Mounted RPC Pipe File System.
[    4.495018] systemd[1]: Finished Remount Root and Kernel File Systems.
[    4.497369] systemd[1]: Condition check resulted in Rebuild Hardware Database being skipped.
[    4.497400] systemd[1]: Condition check resulted in Platform Persistent Storage Archival being skipped.
[    4.498144] systemd[1]: Starting Load/Save Random Seed...
[    4.499008] systemd[1]: Starting Create System Users...
[    4.503500] lp: driver loaded but no devices found
[    4.508297] systemd[1]: Finished Load/Save Random Seed.
[    4.508949] ppdev: user-space parallel port driver
[    4.515997] systemd[1]: Finished Create System Users.
[    4.516939] systemd[1]: Starting Create Static Device Nodes in /dev...
[    4.522297] IPMI message handler: version 39.2
[    4.523755] ipmi device interface
[    4.525742] knem 1.1.4.90mlnx1: initialized
[    4.526696] systemd[1]: Finished Load Kernel Modules.
[    4.527775] systemd[1]: Mounting FUSE Control File System...
[    4.528677] systemd[1]: Mounting Kernel Configuration File System...
[    4.529907] systemd[1]: Starting Apply Kernel Variables...
[    4.531437] systemd[1]: Finished Create Static Device Nodes in /dev.
[    4.532103] systemd[1]: Mounted FUSE Control File System.
[    4.532233] systemd[1]: Mounted Kernel Configuration File System.
[    4.533216] systemd[1]: Starting udev Kernel Device Manager...
[    4.543107] systemd[1]: Finished Set the console keyboard layout.
[    4.543624] systemd[1]: Finished Apply Kernel Variables.
[    4.571236] systemd[1]: Started Journal Service.
[    4.576209] systemd-journald[729]: Received client request to flush runtime journal.
[    4.886346] ipmi_si: IPMI System Interface driver
[    4.886413] ipmi_si dmi-ipmi-si.0: ipmi_platform: probing via SMBIOS
[    4.886416] ipmi_platform: ipmi_si: SMBIOS: io 0xca2 regsize 1 spacing 1 irq 0
[    4.886417] ipmi_si: Adding SMBIOS-specified kcs state machine
[    4.886648] ipmi_si IPI0001:00: ipmi_platform: probing via ACPI
[    4.886864] ipmi_si IPI0001:00: ipmi_platform: [io  0x0ca2] regsize 1 spacing 1 irq 0
[    4.886867] ipmi_si dmi-ipmi-si.0: Removing SMBIOS-specified kcs state machine in favor of ACPI
[    4.886867] ipmi_si: Adding ACPI-specified kcs state machine
[    4.887125] ipmi_si: Trying ACPI-specified kcs state machine at i/o address 0xca2, slave address 0x20, irq 0
[    4.986881] power_meter ACPI000D:00: Found ACPI power meter.
[    4.986925] power_meter ACPI000D:00: Ignoring unsafe software power cap!
[    4.986933] power_meter ACPI000D:00: hwmon_device_register() is deprecated. Please convert the driver to use hwmon_device_register_with_info().
[    5.020149] mei_me 0000:00:16.0: Device doesn't have valid ME Interface
[    5.037954] nd_pmem namespace0.0: unable to guarantee persistence of writes
[    5.058222] RAPL PMU: API unit is 2^-32 Joules, 2 fixed counters, 655360 ms ovfl timer
[    5.058225] RAPL PMU: hw unit of domain package 2^-14 Joules
[    5.058226] RAPL PMU: hw unit of domain dram 2^-16 Joules
[    5.115826] ------------[ cut here ]------------
[    5.115953] Misaligned __add_pages start: 0x40000 end: #7902f
[    5.116435] WARNING: CPU: 33 PID: 852 at mm/memory_hotplug.c:276 __add_pages+0x100/0x130
[    5.116437] Modules linked in: rapl intel_cstate dax_pmem_compat device_dax dax_pmem_core nd_pmem(+) mlx5_ib(OE+) nd_btt ib_uverbs(OE) mei_me ib_core(OE) mei ipmi_si(+) acpi_power_meter acpi_pad mac_hid sch_fq_codel knem(OE) ipmi_devintf ipmi_msghandler msr parport_pc ppdev lp parport sunrpc ip_tables x_tables autofs4 btrfs zstd_compress raid10 raid456 async_raid6_recov async_memcpy async_pq async_xor async_tx xor raid6_pq libcrc32c raid1 raid0 multipath linear hid_generic usbhid hid mgag200 drm_vram_helper ttm drm_kms_helper syscopyarea sysfillrect sysimgblt crct10dif_pclmul crc32_pclmul ghash_clmulni_intel mxm_wmi aesni_intel crypto_simd fb_sys_fops cryptd glue_helper mlx5_core(OE) drm ahci pci_hyperv_intf igb mlxdevm(OE) libahci auxiliary(OE) i2c_i801 tls lpc_ich dca mlxfw(OE) psample i2c_algo_bit mlx_compat(OE) wmi
[    5.117085] CPU: 33 PID: 852 Comm: systemd-udevd Tainted: G           OE     5.4.189kernel-module-force-unload #2
[    5.117118] Hardware name: Default string Default string/Default string, BIOS 5.11 01/21/2022
[    5.117133] RIP: 0010:__add_pages+0x100/0x130
[    5.117143] Code: 31 c0 eb e2 80 3d 2f 2d d3 00 00 74 26 b8 ea ff ff ff eb dd 4c 89 f2 48 c7 c6 a8 01 44 82 48 c7 c7 88 54 38 82 e8 01 7c fa ff <0f> 0b b8 ea ff ff ff eb be 48 c7 c7 60 54 38 82 c6 05 f9 2c d3 00
[    5.117152] RSP: 0018:ffffc900013fb8d8 EFLAGS: 00010286
[    5.117161] RAX: 0000000000000000 RBX: 0000000000039030 RCX: 0000000000000006
[    5.117165] RDX: 0000000000000007 RSI: 0000000000000086 RDI: ffff889060a5c8c0
[    5.117166] RBP: ffffc900013fb910 R08: 000000000000047c R09: 0000000000000004
[    5.117189] R10: 0000000000000000 R11: 0000000000000001 R12: 0000000000039030
[    5.117190] R13: 0000000000000000 R14: 0000000000040000 R15: ffff889058ec02f8
[    5.117196] FS:  00007f159b4f5880(0000) GS:ffff889060a40000(0000) knlGS:0000000000000000
[    5.117206] CS:  0010 DS: 0000 ES: 0000 CR0: 0000000080050033
[    5.117207] CR2: 00007f159bba3421 CR3: 000000105266a004 CR4: 00000000003606e0
[    5.117209] DR0: 0000000000000000 DR1: 0000000000000000 DR2: 0000000000000000
[    5.117210] DR3: 0000000000000000 DR6: 00000000fffe0ff0 DR7: 0000000000000400
[    5.117212] Call Trace:
[    5.117314]  add_pages+0x17/0x70
[    5.117318]  arch_add_memory+0x41/0x50
[    5.117410]  memremap_pages+0x412/0x570
[    5.117412]  devm_memremap_pages+0x23/0x60
[    5.117551]  pmem_attach_disk+0x4eb/0x630 [nd_pmem]
[    5.117660]  ? kobject_put+0xb7/0x1d0
[    5.117686]  ? put_device+0x13/0x20
[    5.117691]  nd_pmem_probe+0x89/0xb0 [nd_pmem]
[    5.117713]  nvdimm_bus_probe+0x72/0x1c0
[    5.117728]  really_probe+0x159/0x3d0
[    5.117736]  driver_probe_device+0xbc/0x100
[    5.117741]  device_driver_attach+0x5d/0x70
[    5.117860]  __driver_attach+0x8f/0x150
[    5.117862]  ? device_driver_attach+0x70/0x70
[    5.117865]  bus_for_each_dev+0x7e/0xc0
[    5.117870]  driver_attach+0x1e/0x20
[    5.117887]  bus_add_driver+0x152/0x1f0
[    5.117891]  driver_register+0x74/0xd0
[    5.117895]  ? 0xffffffffc070f000
[    5.117898]  __nd_driver_register+0x32/0x80
[    5.117904]  nd_pmem_driver_init+0x23/0x1000 [nd_pmem]
[    5.117933]  do_one_initcall+0x4a/0x200
[    5.117994]  ? kfree+0x231/0x250
[    5.118026]  ? _cond_resched+0x19/0x30
[    5.118028]  ? kmem_cache_alloc_trace+0x177/0x240
[    5.118052]  do_init_module+0x52/0x240
[    5.118053]  load_module+0x256d/0x2790
[    5.118065]  __do_sys_finit_module+0xbe/0x120
[    5.118067]  ? __do_sys_finit_module+0xbe/0x120
[    5.118120]  __x64_sys_finit_module+0x1a/0x20
[    5.118124]  do_syscall_64+0x57/0x190
[    5.118138]  entry_SYSCALL_64_after_hwframe+0x44/0xa9
[    5.118140] RIP: 0033:0x7f159bb1f73d
[    5.118178] Code: 00 c3 66 2e 0f 1f 84 00 00 00 00 00 90 f3 0f 1e fa 48 89 f8 48 89 f7 48 89 d6 48 89 ca 4d 89 c2 4d 89 c8 4c 8b 4c 24 08 0f 05 <48> 3d 01 f0 ff ff 73 01 c3 48 8b 0d 23 37 0d 00 f7 d8 64 89 01 48
[    5.118179] RSP: 002b:00007ffc71907288 EFLAGS: 00000246 ORIG_RAX: 0000000000000139
[    5.118180] RAX: ffffffffffffffda RBX: 00005599f2ed9c00 RCX: 00007f159bb1f73d
[    5.118181] RDX: 0000000000000000 RSI: 00007f159b9ffded RDI: 0000000000000006
[    5.118182] RBP: 0000000000020000 R08: 0000000000000000 R09: 0000000000000000
[    5.118183] R10: 0000000000000006 R11: 0000000000000246 R12: 00007f159b9ffded
[    5.118183] R13: 0000000000000000 R14: 00005599f2f07640 R15: 00005599f2ed9c00
[    5.118186] ---[ end trace d92bd47085143f77 ]---
[    5.118199] ------------[ cut here ]------------
[    5.118204] WARNING: CPU: 33 PID: 852 at arch/x86/mm/init_64.c:852 add_pages+0x5d/0x70
[    5.118206] Modules linked in: rapl intel_cstate dax_pmem_compat device_dax dax_pmem_core nd_pmem(+) mlx5_ib(OE+) nd_btt ib_uverbs(OE) mei_me ib_core(OE) mei ipmi_si(+) acpi_power_meter acpi_pad mac_hid sch_fq_codel knem(OE) ipmi_devintf ipmi_msghandler msr parport_pc ppdev lp parport sunrpc ip_tables x_tables autofs4 btrfs zstd_compress raid10 raid456 async_raid6_recov async_memcpy async_pq async_xor async_tx xor raid6_pq libcrc32c raid1 raid0 multipath linear hid_generic usbhid hid mgag200 drm_vram_helper ttm drm_kms_helper syscopyarea sysfillrect sysimgblt crct10dif_pclmul crc32_pclmul ghash_clmulni_intel mxm_wmi aesni_intel crypto_simd fb_sys_fops cryptd glue_helper mlx5_core(OE) drm ahci pci_hyperv_intf igb mlxdevm(OE) libahci auxiliary(OE) i2c_i801 tls lpc_ich dca mlxfw(OE) psample i2c_algo_bit mlx_compat(OE) wmi
[    5.118254] CPU: 33 PID: 852 Comm: systemd-udevd Tainted: G        W  OE     5.4.189kernel-module-force-unload #2
[    5.118255] Hardware name: Default string Default string/Default string, BIOS 5.11 01/21/2022
[    5.118257] RIP: 0010:add_pages+0x5d/0x70
[    5.118266] Code: 4a c4 01 76 20 48 89 15 49 4a c4 01 48 89 15 52 4a c4 01 48 c1 e2 0c 48 03 15 1f cc 3c 01 48 89 15 f8 24 c4 01 5b 41 5c 5d c3 <0f> 0b eb ba 66 66 2e 0f 1f 84 00 00 00 00 00 0f 1f 40 00 0f 1f 44
[    5.118284] RSP: 0018:ffffc900013fb920 EFLAGS: 00010282
[    5.118286] RAX: 00000000ffffffea RBX: 0000000000040000 RCX: 0000000000000006
[    5.118287] RDX: 0000000000000007 RSI: 0000000000000086 RDI: ffff889060a5c8c0
[    5.118287] RBP: ffffc900013fb930 R08: 000000000000047c R09: 0000000000000004
[    5.118288] R10: 0000000000000000 R11: 0000000000000001 R12: 0000000000039030
[    5.118289] R13: 0000000000000000 R14: ffffc900013fb978 R15: ffff889058ec02f8
[    5.118290] FS:  00007f159b4f5880(0000) GS:ffff889060a40000(0000) knlGS:0000000000000000
[    5.118327] CS:  0010 DS: 0000 ES: 0000 CR0: 0000000080050033
[    5.118328] CR2: 00007f159bba3421 CR3: 000000105266a004 CR4: 00000000003606e0
[    5.118329] DR0: 0000000000000000 DR1: 0000000000000000 DR2: 0000000000000000
[    5.118330] DR3: 0000000000000000 DR6: 00000000fffe0ff0 DR7: 0000000000000400
[    5.118330] Call Trace:
[    5.118332]  arch_add_memory+0x41/0x50
[    5.118334]  memremap_pages+0x412/0x570
[    5.118336]  devm_memremap_pages+0x23/0x60
[    5.118338]  pmem_attach_disk+0x4eb/0x630 [nd_pmem]
[    5.118360]  ? kobject_put+0xb7/0x1d0
[    5.118362]  ? put_device+0x13/0x20
[    5.118364]  nd_pmem_probe+0x89/0xb0 [nd_pmem]
[    5.118371]  nvdimm_bus_probe+0x72/0x1c0
[    5.118374]  really_probe+0x159/0x3d0
[    5.118376]  driver_probe_device+0xbc/0x100
[    5.118378]  device_driver_attach+0x5d/0x70
[    5.118380]  __driver_attach+0x8f/0x150
[    5.118382]  ? device_driver_attach+0x70/0x70
[    5.118383]  bus_for_each_dev+0x7e/0xc0
[    5.118389]  driver_attach+0x1e/0x20
[    5.118392]  bus_add_driver+0x152/0x1f0
[    5.118394]  driver_register+0x74/0xd0
[    5.118395]  ? 0xffffffffc070f000
[    5.118397]  __nd_driver_register+0x32/0x80
[    5.118399]  nd_pmem_driver_init+0x23/0x1000 [nd_pmem]
[    5.118472]  do_one_initcall+0x4a/0x200
[    5.118474]  ? kfree+0x231/0x250
[    5.118480]  ? _cond_resched+0x19/0x30
[    5.118482]  ? kmem_cache_alloc_trace+0x177/0x240
[    5.118484]  do_init_module+0x52/0x240
[    5.118485]  load_module+0x256d/0x2790
[    5.118488]  __do_sys_finit_module+0xbe/0x120
[    5.118489]  ? __do_sys_finit_module+0xbe/0x120
[    5.118491]  __x64_sys_finit_module+0x1a/0x20
[    5.118494]  do_syscall_64+0x57/0x190
[    5.118497]  entry_SYSCALL_64_after_hwframe+0x44/0xa9
[    5.118498] RIP: 0033:0x7f159bb1f73d
[    5.118499] Code: 00 c3 66 2e 0f 1f 84 00 00 00 00 00 90 f3 0f 1e fa 48 89 f8 48 89 f7 48 89 d6 48 89 ca 4d 89 c2 4d 89 c8 4c 8b 4c 24 08 0f 05 <48> 3d 01 f0 ff ff 73 01 c3 48 8b 0d 23 37 0d 00 f7 d8 64 89 01 48
[    5.118500] RSP: 002b:00007ffc71907288 EFLAGS: 00000246 ORIG_RAX: 0000000000000139
[    5.118501] RAX: ffffffffffffffda RBX: 00005599f2ed9c00 RCX: 00007f159bb1f73d
[    5.118501] RDX: 0000000000000000 RSI: 00007f159b9ffded RDI: 0000000000000006
[    5.118502] RBP: 0000000000020000 R08: 0000000000000000 R09: 0000000000000000
[    5.118503] R10: 0000000000000006 R11: 0000000000000246 R12: 00007f159b9ffded
[    5.118504] R13: 0000000000000000 R14: 00005599f2f07640 R15: 00005599f2ed9c00
[    5.118509] ---[ end trace d92bd47085143f78 ]---
[    5.157673] mlx5_core 0000:02:00.0 enp2s0f0: renamed from enp2s0f0np0
[    5.192975] nd_pmem: probe of namespace0.0 failed with error -22
[    5.193650] nd_pmem namespace1.0: unable to guarantee persistence of writes
[    5.214846] mlx5_core 0000:02:00.1 enp2s0f1: renamed from enp2s0f1np1
[    5.228284] EDAC sbridge: Seeking for: PCI ID 8086:6fa0
[    5.228307] EDAC sbridge: Seeking for: PCI ID 8086:6fa0
[    5.228335] EDAC sbridge: Seeking for: PCI ID 8086:6f60
[    5.228341] EDAC sbridge: Seeking for: PCI ID 8086:6f60
[    5.228346] EDAC sbridge: Seeking for: PCI ID 8086:6fa8
[    5.228353] EDAC sbridge: Seeking for: PCI ID 8086:6fa8
[    5.228358] EDAC sbridge: Seeking for: PCI ID 8086:6f71
[    5.228363] EDAC sbridge: Seeking for: PCI ID 8086:6f71
[    5.228367] EDAC sbridge: Seeking for: PCI ID 8086:6faa
[    5.228373] EDAC sbridge: Seeking for: PCI ID 8086:6faa
[    5.228378] EDAC sbridge: Seeking for: PCI ID 8086:6fab
[    5.228384] EDAC sbridge: Seeking for: PCI ID 8086:6fab
[    5.228388] EDAC sbridge: Seeking for: PCI ID 8086:6fac
[    5.228397] EDAC sbridge: Seeking for: PCI ID 8086:6fad
[    5.228405] EDAC sbridge: Seeking for: PCI ID 8086:6f68
[    5.228411] EDAC sbridge: Seeking for: PCI ID 8086:6f68
[    5.228415] EDAC sbridge: Seeking for: PCI ID 8086:6f79
[    5.228420] EDAC sbridge: Seeking for: PCI ID 8086:6f79
[    5.228424] EDAC sbridge: Seeking for: PCI ID 8086:6f6a
[    5.228430] EDAC sbridge: Seeking for: PCI ID 8086:6f6a
[    5.228434] EDAC sbridge: Seeking for: PCI ID 8086:6f6b
[    5.228443] EDAC sbridge: Seeking for: PCI ID 8086:6f6b
[    5.228446] EDAC sbridge: Seeking for: PCI ID 8086:6f6c
[    5.228454] EDAC sbridge: Seeking for: PCI ID 8086:6f6d
[    5.228461] EDAC sbridge: Seeking for: PCI ID 8086:6ffc
[    5.228466] EDAC sbridge: Seeking for: PCI ID 8086:6ffc
[    5.228472] EDAC sbridge: Seeking for: PCI ID 8086:6ffd
[    5.228477] EDAC sbridge: Seeking for: PCI ID 8086:6ffd
[    5.228483] EDAC sbridge: Seeking for: PCI ID 8086:6faf
[    5.228491] EDAC sbridge: Seeking for: PCI ID 8086:6faf
[    5.228577] EDAC sbridge: CPU SrcID #0, Ha #0, Channel #0 has DIMMs, but ECC is disabled
[    5.228583] EDAC sbridge: Couldn't find mci handler
[    5.228584] EDAC sbridge: Couldn't find mci handler
[    5.228585] EDAC sbridge: Failed to register device with error -19.
[    5.242686] ------------[ cut here ]------------
[    5.242688] Misaligned __add_pages start: 0x79030 end: #798bc
[    5.242736] WARNING: CPU: 3 PID: 852 at mm/memory_hotplug.c:276 __add_pages+0x100/0x130
[    5.242736] Modules linked in: sb_edac(-) x86_pkg_temp_thermal intel_powerclamp coretemp kvm_intel kvm input_leds joydev rapl intel_cstate dax_pmem_compat device_dax dax_pmem_core nd_pmem(+) mlx5_ib(OE+) nd_btt ib_uverbs(OE) mei_me ib_core(OE) mei ipmi_si(+) acpi_power_meter acpi_pad mac_hid sch_fq_codel knem(OE) ipmi_devintf ipmi_msghandler msr parport_pc ppdev lp parport sunrpc ip_tables x_tables autofs4 btrfs zstd_compress raid10 raid456 async_raid6_recov async_memcpy async_pq async_xor async_tx xor raid6_pq libcrc32c raid1 raid0 multipath linear hid_generic usbhid hid mgag200 drm_vram_helper ttm drm_kms_helper syscopyarea sysfillrect sysimgblt crct10dif_pclmul crc32_pclmul ghash_clmulni_intel mxm_wmi aesni_intel crypto_simd fb_sys_fops cryptd glue_helper mlx5_core(OE) drm ahci pci_hyperv_intf igb mlxdevm(OE) libahci auxiliary(OE) i2c_i801 tls lpc_ich dca mlxfw(OE) psample i2c_algo_bit mlx_compat(OE) wmi
[    5.242796] CPU: 3 PID: 852 Comm: systemd-udevd Tainted: G        W  OE     5.4.189kernel-module-force-unload #2
[    5.242798] Hardware name: Default string Default string/Default string, BIOS 5.11 01/21/2022
[    5.242801] RIP: 0010:__add_pages+0x100/0x130
[    5.242803] Code: 31 c0 eb e2 80 3d 2f 2d d3 00 00 74 26 b8 ea ff ff ff eb dd 4c 89 f2 48 c7 c6 a8 01 44 82 48 c7 c7 88 54 38 82 e8 01 7c fa ff <0f> 0b b8 ea ff ff ff eb be 48 c7 c7 60 54 38 82 c6 05 f9 2c d3 00
[    5.242805] RSP: 0018:ffffc900013fb8d8 EFLAGS: 00010286
[    5.242806] RAX: 0000000000000000 RBX: 000000000000088d RCX: 0000000000000006
[    5.242807] RDX: 0000000000000007 RSI: 0000000000000086 RDI: ffff8890602dc8c0
[    5.242807] RBP: ffffc900013fb910 R08: 000000000000051a R09: 0000000000000004
[    5.242808] R10: 0000000000000000 R11: 0000000000000001 R12: 000000000000088d
[    5.242808] R13: 0000000000000000 R14: 0000000000079030 R15: ffff889058ec1ef8
[    5.242810] FS:  00007f159b4f5880(0000) GS:ffff8890602c0000(0000) knlGS:0000000000000000
[    5.242811] CS:  0010 DS: 0000 ES: 0000 CR0: 0000000080050033
[    5.242811] CR2: 00005599f2d27aa8 CR3: 000000105266a003 CR4: 00000000003606e0
[    5.242812] DR0: 0000000000000000 DR1: 0000000000000000 DR2: 0000000000000000
[    5.242813] DR3: 0000000000000000 DR6: 00000000fffe0ff0 DR7: 0000000000000400
[    5.242814] Call Trace:
[    5.242826]  add_pages+0x17/0x70
[    5.242827]  arch_add_memory+0x41/0x50
[    5.242834]  memremap_pages+0x412/0x570
[    5.242836]  devm_memremap_pages+0x23/0x60
[    5.242845]  pmem_attach_disk+0x4eb/0x630 [nd_pmem]
[    5.242866]  ? kobject_put+0xb7/0x1d0
[    5.242871]  ? put_device+0x13/0x20
[    5.242873]  nd_pmem_probe+0x89/0xb0 [nd_pmem]
[    5.242878]  nvdimm_bus_probe+0x72/0x1c0
[    5.242881]  really_probe+0x159/0x3d0
[    5.242882]  driver_probe_device+0xbc/0x100
[    5.242885]  device_driver_attach+0x5d/0x70
[    5.242886]  __driver_attach+0x8f/0x150
[    5.242888]  ? device_driver_attach+0x70/0x70
[    5.242890]  bus_for_each_dev+0x7e/0xc0
[    5.242891]  driver_attach+0x1e/0x20
[    5.242893]  bus_add_driver+0x152/0x1f0
[    5.242895]  driver_register+0x74/0xd0
[    5.242896]  ? 0xffffffffc070f000
[    5.242898]  __nd_driver_register+0x32/0x80
[    5.242900]  nd_pmem_driver_init+0x23/0x1000 [nd_pmem]
[    5.242904]  do_one_initcall+0x4a/0x200
[    5.242922]  ? kfree+0x231/0x250
[    5.242924]  ? _cond_resched+0x19/0x30
[    5.242925]  ? kmem_cache_alloc_trace+0x177/0x240
[    5.242928]  do_init_module+0x52/0x240
[    5.242929]  load_module+0x256d/0x2790
[    5.242948]  __do_sys_finit_module+0xbe/0x120
[    5.242948]  ? __do_sys_finit_module+0xbe/0x120
[    5.242950]  __x64_sys_finit_module+0x1a/0x20
[    5.242952]  do_syscall_64+0x57/0x190
[    5.242954]  entry_SYSCALL_64_after_hwframe+0x44/0xa9
[    5.242955] RIP: 0033:0x7f159bb1f73d
[    5.242957] Code: 00 c3 66 2e 0f 1f 84 00 00 00 00 00 90 f3 0f 1e fa 48 89 f8 48 89 f7 48 89 d6 48 89 ca 4d 89 c2 4d 89 c8 4c 8b 4c 24 08 0f 05 <48> 3d 01 f0 ff ff 73 01 c3 48 8b 0d 23 37 0d 00 f7 d8 64 89 01 48
[    5.242958] RSP: 002b:00007ffc71907288 EFLAGS: 00000246 ORIG_RAX: 0000000000000139
[    5.242958] RAX: ffffffffffffffda RBX: 00005599f2ed9c00 RCX: 00007f159bb1f73d
[    5.242959] RDX: 0000000000000000 RSI: 00007f159b9ffded RDI: 0000000000000006
[    5.242959] RBP: 0000000000020000 R08: 0000000000000000 R09: 0000000000000000
[    5.242960] R10: 0000000000000006 R11: 0000000000000246 R12: 00007f159b9ffded
[    5.242960] R13: 0000000000000000 R14: 00005599f2f07640 R15: 00005599f2ed9c00
[    5.242962] ---[ end trace d92bd47085143f79 ]---
[    5.252065] ipmi_si IPI0001:00: IPMI message handler: Found new BMC (man_id: 0x000157, prod_id: 0x0071, dev_id: 0x21)
[    5.290281] Adding 524284k swap on /dev/sda2.  Priority:-2 extents:1 across:524284k SSFS
[    5.291758] nd_pmem: probe of namespace1.0 failed with error -22
[    5.291812] EDAC sbridge: Seeking for: PCI ID 8086:6fa0
[    5.291831] EDAC sbridge: Seeking for: PCI ID 8086:6fa0
[    5.291846] nd_pmem namespace2.0: unable to guarantee persistence of writes
[    5.291851] EDAC sbridge: Seeking for: PCI ID 8086:6f60
[    5.291855] EDAC sbridge: Seeking for: PCI ID 8086:6f60
[    5.291860] EDAC sbridge: Seeking for: PCI ID 8086:6fa8
[    5.291864] EDAC sbridge: Seeking for: PCI ID 8086:6fa8
[    5.291869] EDAC sbridge: Seeking for: PCI ID 8086:6f71
[    5.291873] EDAC sbridge: Seeking for: PCI ID 8086:6f71
[    5.291877] EDAC sbridge: Seeking for: PCI ID 8086:6faa
[    5.291881] EDAC sbridge: Seeking for: PCI ID 8086:6faa
[    5.291891] EDAC sbridge: Seeking for: PCI ID 8086:6fab
[    5.291897] EDAC sbridge: Seeking for: PCI ID 8086:6fab
[    5.291903] EDAC sbridge: Seeking for: PCI ID 8086:6fac
[    5.291912] EDAC sbridge: Seeking for: PCI ID 8086:6fad
[    5.291921] EDAC sbridge: Seeking for: PCI ID 8086:6f68
[    5.291927] EDAC sbridge: Seeking for: PCI ID 8086:6f68
[    5.291932] EDAC sbridge: Seeking for: PCI ID 8086:6f79
[    5.291939] EDAC sbridge: Seeking for: PCI ID 8086:6f79
[    5.291943] EDAC sbridge: Seeking for: PCI ID 8086:6f6a
[    5.291950] EDAC sbridge: Seeking for: PCI ID 8086:6f6a
[    5.291954] EDAC sbridge: Seeking for: PCI ID 8086:6f6b
[    5.291960] EDAC sbridge: Seeking for: PCI ID 8086:6f6b
[    5.291965] EDAC sbridge: Seeking for: PCI ID 8086:6f6c
[    5.291974] EDAC sbridge: Seeking for: PCI ID 8086:6f6d
[    5.291984] EDAC sbridge: Seeking for: PCI ID 8086:6ffc
[    5.291987] EDAC sbridge: Seeking for: PCI ID 8086:6ffc
[    5.291994] EDAC sbridge: Seeking for: PCI ID 8086:6ffd
[    5.291997] EDAC sbridge: Seeking for: PCI ID 8086:6ffd
[    5.292002] EDAC sbridge: Seeking for: PCI ID 8086:6faf
[    5.292006] EDAC sbridge: Seeking for: PCI ID 8086:6faf
[    5.292038] EDAC sbridge: CPU SrcID #0, Ha #0, Channel #0 has DIMMs, but ECC is disabled
[    5.292042] EDAC sbridge: Couldn't find mci handler
[    5.292043] EDAC sbridge: Couldn't find mci handler
[    5.292045] EDAC sbridge: Failed to register device with error -19.
[    5.297260] intel_rapl_common: Found RAPL domain package
[    5.297266] intel_rapl_common: Found RAPL domain dram
[    5.297267] intel_rapl_common: DRAM domain energy unit 15300pj
[    5.311621] EXT4-fs (sda1): mounted filesystem with ordered data mode. Opts: (null)
[    5.311638] ext4 filesystem being mounted at /boot supports timestamps until 2038 (0x7fffffff)
[    5.342435] ------------[ cut here ]------------
[    5.342439] Misaligned __add_pages start: 0x798bd end: #79de3
[    5.342471] WARNING: CPU: 3 PID: 852 at mm/memory_hotplug.c:276 __add_pages+0x100/0x130
