[    0.000000] microcode: microcode updated early to revision 0xb000040, date = 2021-05-19
[    0.000000] Linux version 5.4.189kernel-module-force-unload (root@axdimm.ittc.ku.edu) (gcc version 9.3.0 (Ubuntu 9.3.0-10ubuntu2)) #2 SMP Sat Jun 18 03:10:44 CDT 2022 (Ubuntu 5.4.0-48.52-generic 5.4.60)
[    0.000000] Command line: BOOT_IMAGE=/vmlinuz-5.4.189kernel-module-force-unload root=UUID=97bb639d-d0e3-415b-bcde-fdf9da1fdb83 ro quiet splash nokaslr memmap=1G!32G vt.handoff=7
[    0.000000] KERNEL supported cpus:
[    0.000000]   Intel GenuineIntel
[    0.000000]   AMD AuthenticAMD
[    0.000000]   Hygon HygonGenuine
[    0.000000]   Centaur CentaurHauls
[    0.000000]   zhaoxin   Shanghai  
[    0.000000] x86/fpu: Supporting XSAVE feature 0x001: 'x87 floating point registers'
[    0.000000] x86/fpu: Supporting XSAVE feature 0x002: 'SSE registers'
[    0.000000] x86/fpu: Supporting XSAVE feature 0x004: 'AVX registers'
[    0.000000] x86/fpu: xstate_offset[2]:  576, xstate_sizes[2]:  256
[    0.000000] x86/fpu: Enabled xstate features 0x7, context size is 832 bytes, using 'standard' format.
[    0.000000] BIOS-provided physical RAM map:
[    0.000000] BIOS-e820: [mem 0x0000000000000000-0x0000000000099bff] usable
[    0.000000] BIOS-e820: [mem 0x0000000000099c00-0x000000000009ffff] reserved
[    0.000000] BIOS-e820: [mem 0x00000000000e0000-0x00000000000fffff] reserved
[    0.000000] BIOS-e820: [mem 0x0000000000100000-0x000000007902ffff] usable
[    0.000000] BIOS-e820: [mem 0x0000000079030000-0x00000000798bcfff] reserved
[    0.000000] BIOS-e820: [mem 0x00000000798bd000-0x0000000079de3fff] ACPI NVS
[    0.000000] BIOS-e820: [mem 0x0000000079de4000-0x000000008fffffff] reserved
[    0.000000] BIOS-e820: [mem 0x00000000fed1c000-0x00000000fed44fff] reserved
[    0.000000] BIOS-e820: [mem 0x00000000ff000000-0x00000000ffffffff] reserved
[    0.000000] BIOS-e820: [mem 0x0000000900000000-0x000000107fffffff] usable
[    0.000000] NX (Execute Disable) protection: active
[    0.000000] user-defined physical RAM map:
[    0.000000] user: [mem 0x0000000000000000-0x0000000000099bff] usable
[    0.000000] user: [mem 0x0000000000099c00-0x000000000009ffff] reserved
[    0.000000] user: [mem 0x00000000000e0000-0x00000000000fffff] reserved
[    0.000000] user: [mem 0x0000000000100000-0x000000007902ffff] usable
[    0.000000] user: [mem 0x0000000079030000-0x00000000798bcfff] reserved
[    0.000000] user: [mem 0x00000000798bd000-0x0000000079de3fff] ACPI NVS
[    0.000000] user: [mem 0x0000000079de4000-0x000000008fffffff] reserved
[    0.000000] user: [mem 0x00000000fed1c000-0x00000000fed44fff] reserved
[    0.000000] user: [mem 0x00000000ff000000-0x00000000ffffffff] reserved
[    0.000000] user: [mem 0x0000000800000000-0x000000083fffffff] persistent (type 12)
[    0.000000] user: [mem 0x0000000900000000-0x000000107fffffff] usable
[    0.000000] SMBIOS 3.0 present.
[    0.000000] DMI: Default string Default string/Default string, BIOS 5.11 01/21/2022
[    0.000000] tsc: Fast TSC calibration using PIT
[    0.000000] tsc: Detected 2194.810 MHz processor
[    0.001173] e820: update [mem 0x00000000-0x00000fff] usable ==> reserved
[    0.001174] e820: remove [mem 0x000a0000-0x000fffff] usable
[    0.001179] last_pfn = 0x1080000 max_arch_pfn = 0x400000000
[    0.001184] MTRR default type: write-back
[    0.001185] MTRR fixed ranges enabled:
[    0.001187]   00000-9FFFF write-back
[    0.001188]   A0000-BFFFF uncachable
[    0.001189]   C0000-FFFFF write-protect
[    0.001189] MTRR variable ranges enabled:
[    0.001191]   0 base 000080000000 mask 3FFF80000000 uncachable
[    0.001192]   1 base 380000000000 mask 3FC000000000 uncachable
[    0.001193]   2 base 0000FA000000 mask 3FFFFF000000 write-through
[    0.001194]   3 base 383FFA000000 mask 3FFFFE000000 write-through
[    0.001195]   4 base 383FFC000000 mask 3FFFFE000000 write-through
[    0.001196]   5 base 383FFE000000 mask 3FFFFF000000 write-through
[    0.001196]   6 disabled
[    0.001197]   7 disabled
[    0.001197]   8 disabled
[    0.001198]   9 disabled
[    0.001908] x86/PAT: Configuration [0-7]: WB  WC  UC- UC  WB  WP  UC- WT  
[    0.002176] last_pfn = 0x79030 max_arch_pfn = 0x400000000
[    0.010967] found SMP MP-table at [mem 0x000fce20-0x000fce2f]
[    0.011046] check: Scanning 1 areas for low memory corruption
[    0.011052] Using GB pages for direct mapping
[    0.011321] RAMDISK: [mem 0x2d663000-0x32b28fff]
[    0.011328] ACPI: Early table checksum verification disabled
[    0.011333] ACPI: RSDP 0x00000000000F05B0 000024 (v02 ALASKA)
[    0.011336] ACPI: XSDT 0x00000000799250A0 0000BC (v01 ALASKA A M I    01072009 AMI  00010013)
[    0.011344] ACPI: FACP 0x00000000799586E0 00010C (v05 ALASKA A M I    01072009 AMI  00010013)
[    0.011350] ACPI: DSDT 0x00000000799251F0 0334EC (v02 ALASKA A M I    01072009 INTL 20091013)
[    0.011353] ACPI: FACS 0x0000000079DE2F80 000040
[    0.011356] ACPI: APIC 0x00000000799587F0 000288 (v03 ALASKA A M I    01072009 AMI  00010013)
[    0.011359] ACPI: FPDT 0x0000000079958A78 000044 (v01 ALASKA A M I    01072009 AMI  00010013)
[    0.011362] ACPI: FIDT 0x0000000079958AC0 00009C (v01 ALASKA A M I    01072009 AMI  00010013)
[    0.011365] ACPI: SPMI 0x0000000079958B60 000041 (v05 ALASKA A M I    00000000 AMI. 00000000)
[    0.011367] ACPI: MCFG 0x0000000079958BA8 00003C (v01 ALASKA A M I    01072009 MSFT 00000097)
[    0.011370] ACPI: UEFI 0x0000000079958BE8 000042 (v01 ALASKA A M I    01072009      00000000)
[    0.011373] ACPI: HPET 0x0000000079958C30 000038 (v01 ALASKA A M I    00000001 INTL 20091013)
[    0.011376] ACPI: MSCT 0x0000000079958C68 000090 (v01 ALASKA A M I    00000001 INTL 20091013)
[    0.011379] ACPI: SLIT 0x0000000079958CF8 00002D (v01 ALASKA A M I    00000001 INTL 20091013)
[    0.011382] ACPI: SRAT 0x0000000079958D28 001158 (v03 ALASKA A M I    00000001 INTL 20091013)
[    0.011385] ACPI: WDDT 0x0000000079959E80 000040 (v01 ALASKA A M I    00000000 INTL 20091013)
[    0.011388] ACPI: SSDT 0x0000000079959EC0 01700F (v02 ALASKA PmMgt    00000001 INTL 20120913)
[    0.011390] ACPI: NITR 0x0000000079970ED0 000071 (v02 ALASKA A M I    00000001 INTL 20091013)
[    0.011393] ACPI: SPCR 0x0000000079970F48 000050 (v01 A M I  APTIO V  01072009 AMI. 0005000B)
[    0.011396] ACPI: SSDT 0x0000000079970F98 002652 (v02 ALASKA SpsNm    00000002 INTL 20120913)
[    0.011399] ACPI: SSDT 0x00000000799735F0 000064 (v02 ALASKA SpsNvs   00000002 INTL 20120913)
[    0.011402] ACPI: PRAD 0x0000000079973658 000102 (v02 ALASKA A M I    00000002 INTL 20120913)
[    0.011405] ACPI: DMAR 0x0000000079973760 0000BC (v01 ALASKA A M I    00000001 INTL 20091013)
[    0.011408] ACPI: Reserving FACP table memory at [mem 0x799586e0-0x799587eb]
[    0.011409] ACPI: Reserving DSDT table memory at [mem 0x799251f0-0x799586db]
[    0.011410] ACPI: Reserving FACS table memory at [mem 0x79de2f80-0x79de2fbf]
[    0.011411] ACPI: Reserving APIC table memory at [mem 0x799587f0-0x79958a77]
[    0.011412] ACPI: Reserving FPDT table memory at [mem 0x79958a78-0x79958abb]
[    0.011412] ACPI: Reserving FIDT table memory at [mem 0x79958ac0-0x79958b5b]
[    0.011413] ACPI: Reserving SPMI table memory at [mem 0x79958b60-0x79958ba0]
[    0.011414] ACPI: Reserving MCFG table memory at [mem 0x79958ba8-0x79958be3]
[    0.011415] ACPI: Reserving UEFI table memory at [mem 0x79958be8-0x79958c29]
[    0.011415] ACPI: Reserving HPET table memory at [mem 0x79958c30-0x79958c67]
[    0.011416] ACPI: Reserving MSCT table memory at [mem 0x79958c68-0x79958cf7]
[    0.011417] ACPI: Reserving SLIT table memory at [mem 0x79958cf8-0x79958d24]
[    0.011418] ACPI: Reserving SRAT table memory at [mem 0x79958d28-0x79959e7f]
[    0.011418] ACPI: Reserving WDDT table memory at [mem 0x79959e80-0x79959ebf]
[    0.011419] ACPI: Reserving SSDT table memory at [mem 0x79959ec0-0x79970ece]
[    0.011420] ACPI: Reserving NITR table memory at [mem 0x79970ed0-0x79970f40]
[    0.011421] ACPI: Reserving SPCR table memory at [mem 0x79970f48-0x79970f97]
[    0.011422] ACPI: Reserving SSDT table memory at [mem 0x79970f98-0x799735e9]
[    0.011422] ACPI: Reserving SSDT table memory at [mem 0x799735f0-0x79973653]
[    0.011423] ACPI: Reserving PRAD table memory at [mem 0x79973658-0x79973759]
[    0.011424] ACPI: Reserving DMAR table memory at [mem 0x79973760-0x7997381b]
[    0.011435] ACPI: Local APIC address 0xfee00000
[    0.011469] SRAT: PXM 0 -> APIC 0x00 -> Node 0
[    0.011469] SRAT: PXM 0 -> APIC 0x02 -> Node 0
[    0.011470] SRAT: PXM 0 -> APIC 0x04 -> Node 0
[    0.011471] SRAT: PXM 0 -> APIC 0x06 -> Node 0
[    0.011471] SRAT: PXM 0 -> APIC 0x08 -> Node 0
[    0.011472] SRAT: PXM 0 -> APIC 0x10 -> Node 0
[    0.011472] SRAT: PXM 0 -> APIC 0x12 -> Node 0
[    0.011473] SRAT: PXM 0 -> APIC 0x14 -> Node 0
[    0.011473] SRAT: PXM 0 -> APIC 0x16 -> Node 0
[    0.011474] SRAT: PXM 0 -> APIC 0x18 -> Node 0
[    0.011475] SRAT: PXM 0 -> APIC 0x20 -> Node 0
[    0.011475] SRAT: PXM 0 -> APIC 0x22 -> Node 0
[    0.011476] SRAT: PXM 0 -> APIC 0x24 -> Node 0
[    0.011476] SRAT: PXM 0 -> APIC 0x26 -> Node 0
[    0.011477] SRAT: PXM 0 -> APIC 0x28 -> Node 0
[    0.011477] SRAT: PXM 0 -> APIC 0x30 -> Node 0
[    0.011478] SRAT: PXM 0 -> APIC 0x32 -> Node 0
[    0.011478] SRAT: PXM 0 -> APIC 0x34 -> Node 0
[    0.011479] SRAT: PXM 0 -> APIC 0x36 -> Node 0
[    0.011480] SRAT: PXM 0 -> APIC 0x38 -> Node 0
[    0.011480] SRAT: PXM 0 -> APIC 0x01 -> Node 0
[    0.011481] SRAT: PXM 0 -> APIC 0x03 -> Node 0
[    0.011481] SRAT: PXM 0 -> APIC 0x05 -> Node 0
[    0.011482] SRAT: PXM 0 -> APIC 0x07 -> Node 0
[    0.011482] SRAT: PXM 0 -> APIC 0x09 -> Node 0
[    0.011483] SRAT: PXM 0 -> APIC 0x11 -> Node 0
[    0.011484] SRAT: PXM 0 -> APIC 0x13 -> Node 0
[    0.011484] SRAT: PXM 0 -> APIC 0x15 -> Node 0
[    0.011485] SRAT: PXM 0 -> APIC 0x17 -> Node 0
[    0.011485] SRAT: PXM 0 -> APIC 0x19 -> Node 0
[    0.011486] SRAT: PXM 0 -> APIC 0x21 -> Node 0
[    0.011486] SRAT: PXM 0 -> APIC 0x23 -> Node 0
[    0.011487] SRAT: PXM 0 -> APIC 0x25 -> Node 0
[    0.011487] SRAT: PXM 0 -> APIC 0x27 -> Node 0
[    0.011488] SRAT: PXM 0 -> APIC 0x29 -> Node 0
[    0.011489] SRAT: PXM 0 -> APIC 0x31 -> Node 0
[    0.011489] SRAT: PXM 0 -> APIC 0x33 -> Node 0
[    0.011490] SRAT: PXM 0 -> APIC 0x35 -> Node 0
[    0.011490] SRAT: PXM 0 -> APIC 0x37 -> Node 0
[    0.011491] SRAT: PXM 0 -> APIC 0x39 -> Node 0
[    0.011499] ACPI: SRAT: Node 0 PXM 0 [mem 0x00000000-0x7fffffff]
[    0.011500] ACPI: SRAT: Node 0 PXM 0 [mem 0x100000000-0x107fffffff]
[    0.011506] NUMA: Initialized distance table, cnt=1
[    0.011509] NUMA: Node 0 [mem 0x00000000-0x7fffffff] + [mem 0x100000000-0x107fffffff] -> [mem 0x00000000-0x107fffffff]
[    0.011520] NODE_DATA(0) allocated [mem 0x107ffd2000-0x107fffcfff]
[    0.011781] Zone ranges:
[    0.011783]   DMA      [mem 0x0000000000001000-0x0000000000ffffff]
[    0.011784]   DMA32    [mem 0x0000000001000000-0x00000000ffffffff]
[    0.011785]   Normal   [mem 0x0000000100000000-0x000000107fffffff]
[    0.011786]   Device   empty
[    0.011787] Movable zone start for each node
[    0.011791] Early memory node ranges
[    0.011792]   node   0: [mem 0x0000000000001000-0x0000000000098fff]
[    0.011793]   node   0: [mem 0x0000000000100000-0x000000007902ffff]
[    0.011794]   node   0: [mem 0x0000000900000000-0x000000107fffffff]
[    0.012312] Zeroed struct page in unavailable ranges: 28728 pages
[    0.012313] Initmem setup node 0 [mem 0x0000000000001000-0x000000107fffffff]
[    0.012315] On node 0 totalpages: 8359880
[    0.012316]   DMA zone: 64 pages used for memmap
[    0.012317]   DMA zone: 21 pages reserved
[    0.012318]   DMA zone: 3992 pages, LIFO batch:0
[    0.012388]   DMA32 zone: 7681 pages used for memmap
[    0.012389]   DMA32 zone: 491568 pages, LIFO batch:63
[    0.023399]   Normal zone: 122880 pages used for memmap
[    0.023399]   Normal zone: 7864320 pages, LIFO batch:63
[    0.269992] ACPI: PM-Timer IO Port: 0x408
[    0.269996] ACPI: Local APIC address 0xfee00000
[    0.270011] ACPI: LAPIC_NMI (acpi_id[0x00] high edge lint[0x1])
[    0.270011] ACPI: LAPIC_NMI (acpi_id[0x02] high edge lint[0x1])
[    0.270012] ACPI: LAPIC_NMI (acpi_id[0x04] high edge lint[0x1])
[    0.270013] ACPI: LAPIC_NMI (acpi_id[0x06] high edge lint[0x1])
[    0.270013] ACPI: LAPIC_NMI (acpi_id[0x08] high edge lint[0x1])
[    0.270014] ACPI: LAPIC_NMI (acpi_id[0x10] high edge lint[0x1])
[    0.270015] ACPI: LAPIC_NMI (acpi_id[0x12] high edge lint[0x1])
[    0.270015] ACPI: LAPIC_NMI (acpi_id[0x14] high edge lint[0x1])
[    0.270016] ACPI: LAPIC_NMI (acpi_id[0x16] high edge lint[0x1])
[    0.270016] ACPI: LAPIC_NMI (acpi_id[0x18] high edge lint[0x1])
[    0.270017] ACPI: LAPIC_NMI (acpi_id[0x20] high edge lint[0x1])
[    0.270018] ACPI: LAPIC_NMI (acpi_id[0x22] high edge lint[0x1])
[    0.270018] ACPI: LAPIC_NMI (acpi_id[0x24] high edge lint[0x1])
[    0.270019] ACPI: LAPIC_NMI (acpi_id[0x26] high edge lint[0x1])
[    0.270019] ACPI: LAPIC_NMI (acpi_id[0x28] high edge lint[0x1])
[    0.270020] ACPI: LAPIC_NMI (acpi_id[0x30] high edge lint[0x1])
[    0.270021] ACPI: LAPIC_NMI (acpi_id[0x32] high edge lint[0x1])
[    0.270021] ACPI: LAPIC_NMI (acpi_id[0x34] high edge lint[0x1])
[    0.270022] ACPI: LAPIC_NMI (acpi_id[0x36] high edge lint[0x1])
[    0.270022] ACPI: LAPIC_NMI (acpi_id[0x38] high edge lint[0x1])
[    0.270023] ACPI: LAPIC_NMI (acpi_id[0x01] high edge lint[0x1])
[    0.270023] ACPI: LAPIC_NMI (acpi_id[0x03] high edge lint[0x1])
[    0.270024] ACPI: LAPIC_NMI (acpi_id[0x05] high edge lint[0x1])
[    0.270025] ACPI: LAPIC_NMI (acpi_id[0x07] high edge lint[0x1])
[    0.270025] ACPI: LAPIC_NMI (acpi_id[0x09] high edge lint[0x1])
[    0.270026] ACPI: LAPIC_NMI (acpi_id[0x11] high edge lint[0x1])
[    0.270026] ACPI: LAPIC_NMI (acpi_id[0x13] high edge lint[0x1])
[    0.270027] ACPI: LAPIC_NMI (acpi_id[0x15] high edge lint[0x1])
[    0.270028] ACPI: LAPIC_NMI (acpi_id[0x17] high edge lint[0x1])
[    0.270028] ACPI: LAPIC_NMI (acpi_id[0x19] high edge lint[0x1])
[    0.270029] ACPI: LAPIC_NMI (acpi_id[0x21] high edge lint[0x1])
[    0.270029] ACPI: LAPIC_NMI (acpi_id[0x23] high edge lint[0x1])
[    0.270030] ACPI: LAPIC_NMI (acpi_id[0x25] high edge lint[0x1])
[    0.270031] ACPI: LAPIC_NMI (acpi_id[0x27] high edge lint[0x1])
[    0.270031] ACPI: LAPIC_NMI (acpi_id[0x29] high edge lint[0x1])
[    0.270032] ACPI: LAPIC_NMI (acpi_id[0x31] high edge lint[0x1])
[    0.270032] ACPI: LAPIC_NMI (acpi_id[0x33] high edge lint[0x1])
[    0.270033] ACPI: LAPIC_NMI (acpi_id[0x35] high edge lint[0x1])
[    0.270033] ACPI: LAPIC_NMI (acpi_id[0x37] high edge lint[0x1])
[    0.270034] ACPI: LAPIC_NMI (acpi_id[0x39] high edge lint[0x1])
[    0.270047] IOAPIC[0]: apic_id 1, version 32, address 0xfec00000, GSI 0-23
[    0.270051] IOAPIC[1]: apic_id 2, version 32, address 0xfec01000, GSI 24-47
[    0.270053] ACPI: INT_SRC_OVR (bus 0 bus_irq 0 global_irq 2 dfl dfl)
[    0.270055] ACPI: INT_SRC_OVR (bus 0 bus_irq 9 global_irq 9 high level)
[    0.270056] ACPI: IRQ0 used by override.
[    0.270057] ACPI: IRQ9 used by override.
[    0.270060] Using ACPI (MADT) for SMP configuration information
[    0.270061] ACPI: HPET id: 0x8086a701 base: 0xfed00000
[    0.270066] ACPI: SPCR: SPCR table version 1
[    0.270068] ACPI: SPCR: console: uart,io,0x3f8,115200
[    0.270071] TSC deadline timer available
[    0.270072] smpboot: Allowing 40 CPUs, 0 hotplug CPUs
[    0.270089] PM: Registered nosave memory: [mem 0x00000000-0x00000fff]
[    0.270090] PM: Registered nosave memory: [mem 0x00099000-0x00099fff]
[    0.270091] PM: Registered nosave memory: [mem 0x0009a000-0x0009ffff]
[    0.270092] PM: Registered nosave memory: [mem 0x000a0000-0x000dffff]
[    0.270092] PM: Registered nosave memory: [mem 0x000e0000-0x000fffff]
[    0.270094] PM: Registered nosave memory: [mem 0x79030000-0x798bcfff]
[    0.270094] PM: Registered nosave memory: [mem 0x798bd000-0x79de3fff]
[    0.270095] PM: Registered nosave memory: [mem 0x79de4000-0x8fffffff]
[    0.270096] PM: Registered nosave memory: [mem 0x90000000-0xfed1bfff]
[    0.270096] PM: Registered nosave memory: [mem 0xfed1c000-0xfed44fff]
[    0.270097] PM: Registered nosave memory: [mem 0xfed45000-0xfeffffff]
[    0.270097] PM: Registered nosave memory: [mem 0xff000000-0xffffffff]
[    0.270098] PM: Registered nosave memory: [mem 0x100000000-0x7ffffffff]
[    0.270098] PM: Registered nosave memory: [mem 0x800000000-0x83fffffff]
[    0.270099] PM: Registered nosave memory: [mem 0x840000000-0x8ffffffff]
[    0.270102] [mem 0x90000000-0xfed1bfff] available for PCI devices
[    0.270103] Booting paravirtualized kernel on bare hardware
[    0.270108] clocksource: refined-jiffies: mask: 0xffffffff max_cycles: 0xffffffff, max_idle_ns: 7645519600211568 ns
[    0.270114] setup_percpu: NR_CPUS:8192 nr_cpumask_bits:40 nr_cpu_ids:40 nr_node_ids:1
[    0.273156] percpu: Embedded 60 pages/cpu s208896 r8192 d28672 u262144
[    0.273165] pcpu-alloc: s208896 r8192 d28672 u262144 alloc=1*2097152
[    0.273166] pcpu-alloc: [0] 00 01 02 03 04 05 06 07 [0] 08 09 10 11 12 13 14 15 
[    0.273171] pcpu-alloc: [0] 16 17 18 19 20 21 22 23 [0] 24 25 26 27 28 29 30 31 
[    0.273175] pcpu-alloc: [0] 32 33 34 35 36 37 38 39 
[    0.273212] Built 1 zonelists, mobility grouping on.  Total pages: 8229234
[    0.273213] Policy zone: Normal
[    0.273215] Kernel command line: BOOT_IMAGE=/vmlinuz-5.4.189kernel-module-force-unload root=UUID=97bb639d-d0e3-415b-bcde-fdf9da1fdb83 ro quiet splash nokaslr memmap=1G!32G vt.handoff=7
[    0.273359] printk: log_buf_len individual max cpu contribution: 4096 bytes
[    0.273360] printk: log_buf_len total cpu_extra contributions: 159744 bytes
[    0.273361] printk: log_buf_len min size: 262144 bytes
[    0.273570] printk: log_buf_len: 524288 bytes
[    0.273570] printk: early log buf free: 244020(93%)
[    0.280865] Dentry cache hash table entries: 4194304 (order: 13, 33554432 bytes, linear)
[    0.284572] Inode-cache hash table entries: 2097152 (order: 12, 16777216 bytes, linear)
[    0.285062] mem auto-init: stack:off, heap alloc:on, heap free:off
[    0.300209] Calgary: detecting Calgary via BIOS EBDA area
[    0.300212] Calgary: Unable to locate Rio Grande table in EBDA - bailing!
[    0.530732] Memory: 32670064K/33439520K available (14339K kernel code, 2401K rwdata, 5016K rodata, 2748K init, 4952K bss, 769456K reserved, 0K cma-reserved)
[    0.530745] random: get_random_u64 called from __kmem_cache_create+0x42/0x550 with crng_init=0
[    0.531043] SLUB: HWalign=64, Order=0-3, MinObjects=0, CPUs=40, Nodes=1
[    0.531068] Kernel/User page tables isolation: enabled
[    0.531104] ftrace: allocating 44247 entries in 173 pages
[    0.551034] rcu: Hierarchical RCU implementation.
[    0.551035] rcu: 	RCU restricting CPUs from NR_CPUS=8192 to nr_cpu_ids=40.
[    0.551036] 	Tasks RCU enabled.
[    0.551037] rcu: RCU calculated value of scheduler-enlistment delay is 25 jiffies.
[    0.551038] rcu: Adjusting geometry for rcu_fanout_leaf=16, nr_cpu_ids=40
[    0.554566] NR_IRQS: 524544, nr_irqs: 1152, preallocated irqs: 16
[    0.554846] random: crng done (trusting CPU's manufacturer)
[    0.554899] vt handoff: transparent VT on vt#7
[    0.554906] Console: colour dummy device 80x25
[    0.554917] printk: console [tty0] enabled
[    0.554954] ACPI: Core revision 20190816
[    0.555278] clocksource: hpet: mask: 0xffffffff max_cycles: 0xffffffff, max_idle_ns: 133484882848 ns
[    0.555288] APIC: Switch to symmetric I/O mode setup
[    0.555290] DMAR: Host address width 46
[    0.555291] DMAR: DRHD base: 0x000000fbffc000 flags: 0x1
[    0.555296] DMAR: dmar0: reg_base_addr fbffc000 ver 1:0 cap 8d2078c106f0466 ecap f020df
[    0.555297] DMAR: RMRR base: 0x0000007ba94000 end: 0x0000007baa3fff
[    0.555298] DMAR: ATSR flags: 0x0
[    0.555299] DMAR: RHSA base: 0x000000fbffc000 proximity domain: 0x0
[    0.555302] DMAR-IR: IOAPIC id 1 under DRHD base  0xfbffc000 IOMMU 0
[    0.555303] DMAR-IR: IOAPIC id 2 under DRHD base  0xfbffc000 IOMMU 0
[    0.555303] DMAR-IR: HPET id 0 under DRHD base 0xfbffc000
[    0.555304] DMAR-IR: x2apic is disabled because BIOS sets x2apic opt out bit.
[    0.555305] DMAR-IR: Use 'intremap=no_x2apic_optout' to override the BIOS setting.
[    0.556022] DMAR-IR: Enabled IRQ remapping in xapic mode
[    0.556023] x2apic: IRQ remapping doesn't support X2APIC mode
[    0.556027] Switched APIC routing to physical flat.
[    0.556523] ..TIMER: vector=0x30 apic1=0 pin1=2 apic2=-1 pin2=-1
[    0.575292] clocksource: tsc-early: mask: 0xffffffffffffffff max_cycles: 0x1fa30c1af6e, max_idle_ns: 440795248823 ns
[    0.575295] Calibrating delay loop (skipped), value calculated using timer frequency.. 4389.62 BogoMIPS (lpj=8779240)
[    0.575297] pid_max: default: 40960 minimum: 320
[    0.575365] LSM: Security Framework initializing
[    0.575379] Yama: becoming mindful.
[    0.575693] AppArmor: AppArmor initialized
[    0.575944] Mount-cache hash table entries: 65536 (order: 7, 524288 bytes, linear)
[    0.576137] Mountpoint-cache hash table entries: 65536 (order: 7, 524288 bytes, linear)
[    0.576166] *** VALIDATE tmpfs ***
[    0.576403] *** VALIDATE proc ***
[    0.576513] *** VALIDATE cgroup1 ***
[    0.576515] *** VALIDATE cgroup2 ***
[    0.576610] mce: CPU0: Thermal monitoring enabled (TM1)
[    0.576674] process: using mwait in idle threads
[    0.576678] Last level iTLB entries: 4KB 64, 2MB 8, 4MB 8
[    0.576679] Last level dTLB entries: 4KB 64, 2MB 0, 4MB 0, 1GB 4
[    0.576682] Spectre V1 : Mitigation: usercopy/swapgs barriers and __user pointer sanitization
[    0.576683] Spectre V2 : Mitigation: Retpolines
[    0.576684] Spectre V2 : Spectre v2 / SpectreRSB mitigation: Filling RSB on context switch
[    0.576684] Spectre V2 : Enabling Restricted Speculation for firmware calls
[    0.576686] Spectre V2 : mitigation: Enabling conditional Indirect Branch Prediction Barrier
[    0.576687] Spectre V2 : User space: Mitigation: STIBP via seccomp and prctl
[    0.576688] Speculative Store Bypass: Mitigation: Speculative Store Bypass disabled via prctl and seccomp
[    0.576694] MDS: Mitigation: Clear CPU buffers
[    0.576695] TAA: Mitigation: Clear CPU buffers
[    0.576695] MMIO Stale Data: Mitigation: Clear CPU buffers
[    0.576995] Freeing SMP alternatives memory: 40K
[    0.579410] smpboot: CPU0: Intel(R) Xeon(R) CPU E5-2698 v4 @ 2.20GHz (family: 0x6, model: 0x4f, stepping: 0x1)
[    0.579542] Performance Events: PEBS fmt2+, Broadwell events, 16-deep LBR, full-width counters, Intel PMU driver.
[    0.579549] ... version:                3
[    0.579549] ... bit width:              48
[    0.579550] ... generic registers:      4
[    0.579550] ... value mask:             0000ffffffffffff
[    0.579551] ... max period:             00007fffffffffff
[    0.579551] ... fixed-purpose events:   3
[    0.579552] ... event mask:             000000070000000f
[    0.579610] rcu: Hierarchical SRCU implementation.
[    0.583370] NMI watchdog: Enabled. Permanently consumes one hw-PMU counter.
[    0.583762] smp: Bringing up secondary CPUs ...
[    0.583873] x86: Booting SMP configuration:
[    0.583874] .... node  #0, CPUs:        #1  #2  #3  #4  #5  #6  #7  #8  #9 #10 #11 #12 #13 #14 #15 #16 #17 #18 #19 #20
[    0.708814] MDS CPU bug present and SMT on, data leak possible. See https://www.kernel.org/doc/html/latest/admin-guide/hw-vuln/mds.html for more details.
[    0.708814] TAA CPU bug present and SMT on, data leak possible. See https://www.kernel.org/doc/html/latest/admin-guide/hw-vuln/tsx_async_abort.html for more details.
[    0.708814] MMIO Stale Data CPU bug present and SMT on, data leak possible. See https://www.kernel.org/doc/html/latest/admin-guide/hw-vuln/processor_mmio_stale_data.html for more details.
[    0.708814]  #21 #22 #23 #24 #25 #26 #27 #28 #29 #30 #31 #32 #33 #34 #35 #36 #37 #38 #39
[    0.753044] smp: Brought up 1 node, 40 CPUs
[    0.753044] smpboot: Max logical packages: 1
[    0.753044] smpboot: Total of 40 processors activated (175584.80 BogoMIPS)
[    0.756053] devtmpfs: initialized
[    0.756053] x86/mm: Memory block size: 2048MB
[    0.756053] PM: Registering ACPI NVS region [mem 0x798bd000-0x79de3fff] (5402624 bytes)
[    0.756053] clocksource: jiffies: mask: 0xffffffff max_cycles: 0xffffffff, max_idle_ns: 7645041785100000 ns
[    0.756053] futex hash table entries: 16384 (order: 8, 1048576 bytes, linear)
[    0.756053] pinctrl core: initialized pinctrl subsystem
[    0.756053] PM: RTC time: 17:46:28, date: 2022-07-06
[    0.756053] NET: Registered protocol family 16
[    0.756053] audit: initializing netlink subsys (disabled)
[    0.756053] audit: type=2000 audit(1657129587.200:1): state=initialized audit_enabled=0 res=1
[    0.756053] EISA bus registered
[    0.756053] cpuidle: using governor ladder
[    0.756053] cpuidle: using governor menu
[    0.756053] ACPI: bus type PCI registered
[    0.756053] acpiphp: ACPI Hot Plug PCI Controller Driver version: 0.5
[    0.756053] PCI: MMCONFIG for domain 0000 [bus 00-ff] at [mem 0x80000000-0x8fffffff] (base 0x80000000)
[    0.756053] PCI: MMCONFIG at [mem 0x80000000-0x8fffffff] reserved in E820
[    0.756053] PCI: Using configuration type 1 for base access
[    0.756564] ENERGY_PERF_BIAS: Set to 'normal', was 'performance'
[    0.760680] HugeTLB registered 1.00 GiB page size, pre-allocated 0 pages
[    0.760680] HugeTLB registered 2.00 MiB page size, pre-allocated 0 pages
[    0.760680] ACPI: Added _OSI(Module Device)
[    0.760680] ACPI: Added _OSI(Processor Device)
[    0.760680] ACPI: Added _OSI(3.0 _SCP Extensions)
[    0.760680] ACPI: Added _OSI(Processor Aggregator Device)
[    0.760680] ACPI: Added _OSI(Linux-Dell-Video)
[    0.760680] ACPI: Added _OSI(Linux-Lenovo-NV-HDMI-Audio)
[    0.760680] ACPI: Added _OSI(Linux-HPI-Hybrid-Graphics)
[    0.833875] ACPI: 4 ACPI AML tables successfully acquired and loaded
[    0.843652] ACPI: [Firmware Bug]: BIOS _OSI(Linux) query ignored
[    0.851514] ACPI: Dynamic OEM Table Load:
[    0.917118] ACPI: Interpreter enabled
[    0.917135] ACPI: (supports S0 S4 S5)
[    0.917136] ACPI: Using IOAPIC for interrupt routing
[    0.917168] PCI: Using host bridge windows from ACPI; if necessary, use "pci=nocrs" and report a bug
[    0.918318] ACPI: Enabled 5 GPEs in block 00 to 3F
[    0.987951] ACPI: PCI Root Bridge [UNC0] (domain 0000 [bus ff])
[    0.987957] acpi PNP0A03:03: _OSC: OS supports [ExtendedConfig ASPM ClockPM Segments MSI HPX-Type3]
[    0.992388] acpi PNP0A03:03: _OSC: platform does not support [SHPCHotplug LTR]
[    0.993991] acpi PNP0A03:03: _OSC: OS now controls [PCIeHotplug PME AER PCIeCapability]
[    0.994040] PCI host bridge to bus 0000:ff
[    0.994042] pci_bus 0000:ff: root bus resource [bus ff]
[    0.994056] pci 0000:ff:0b.0: [8086:6f81] type 00 class 0x088000
[    0.994149] pci 0000:ff:0b.1: [8086:6f36] type 00 class 0x110100
[    0.994225] pci 0000:ff:0b.2: [8086:6f37] type 00 class 0x110100
[    0.994301] pci 0000:ff:0b.3: [8086:6f76] type 00 class 0x088000
[    0.994377] pci 0000:ff:0c.0: [8086:6fe0] type 00 class 0x088000
[    0.994452] pci 0000:ff:0c.1: [8086:6fe1] type 00 class 0x088000
[    0.995065] pci 0000:ff:0c.2: [8086:6fe2] type 00 class 0x088000
[    0.995143] pci 0000:ff:0c.3: [8086:6fe3] type 00 class 0x088000
[    0.995223] pci 0000:ff:0c.4: [8086:6fe4] type 00 class 0x088000
[    0.995300] pci 0000:ff:0c.5: [8086:6fe5] type 00 class 0x088000
[    0.995375] pci 0000:ff:0c.6: [8086:6fe6] type 00 class 0x088000
[    0.995449] pci 0000:ff:0c.7: [8086:6fe7] type 00 class 0x088000
[    0.995525] pci 0000:ff:0d.0: [8086:6fe8] type 00 class 0x088000
[    0.995598] pci 0000:ff:0d.1: [8086:6fe9] type 00 class 0x088000
[    0.995675] pci 0000:ff:0d.2: [8086:6fea] type 00 class 0x088000
[    0.995752] pci 0000:ff:0d.3: [8086:6feb] type 00 class 0x088000
[    0.995828] pci 0000:ff:0d.4: [8086:6fec] type 00 class 0x088000
[    0.995903] pci 0000:ff:0d.5: [8086:6fed] type 00 class 0x088000
[    0.995977] pci 0000:ff:0d.6: [8086:6fee] type 00 class 0x088000
[    0.996051] pci 0000:ff:0d.7: [8086:6fef] type 00 class 0x088000
[    0.996127] pci 0000:ff:0e.0: [8086:6ff0] type 00 class 0x088000
[    0.996200] pci 0000:ff:0e.1: [8086:6ff1] type 00 class 0x088000
[    0.996275] pci 0000:ff:0e.2: [8086:6ff2] type 00 class 0xffffff
[    0.996353] pci 0000:ff:0e.3: [8086:6ff3] type 00 class 0xffffff
[    0.996430] pci 0000:ff:0f.0: [8086:6ff8] type 00 class 0x088000
[    0.996507] pci 0000:ff:0f.1: [8086:6ff9] type 00 class 0x088000
[    0.996583] pci 0000:ff:0f.2: [8086:6ffa] type 00 class 0x088000
[    0.996657] pci 0000:ff:0f.3: [8086:6ffb] type 00 class 0x088000
[    0.996731] pci 0000:ff:0f.4: [8086:6ffc] type 00 class 0x088000
[    0.996807] pci 0000:ff:0f.5: [8086:6ffd] type 00 class 0x088000
[    0.996881] pci 0000:ff:0f.6: [8086:6ffe] type 00 class 0x088000
[    0.996962] pci 0000:ff:10.0: [8086:6f1d] type 00 class 0x088000
[    0.997036] pci 0000:ff:10.1: [8086:6f34] type 00 class 0x110100
[    0.997114] pci 0000:ff:10.5: [8086:6f1e] type 00 class 0x088000
[    0.997188] pci 0000:ff:10.6: [8086:6f7d] type 00 class 0x110100
[    0.997262] pci 0000:ff:10.7: [8086:6f1f] type 00 class 0x088000
[    0.997336] pci 0000:ff:12.0: [8086:6fa0] type 00 class 0x088000
[    0.997371] pci 0000:ff:12.1: [8086:6f30] type 00 class 0x110100
[    0.997449] pci 0000:ff:12.4: [8086:6f60] type 00 class 0x088000
[    0.997487] pci 0000:ff:12.5: [8086:6f38] type 00 class 0x110100
[    0.998108] pci 0000:ff:13.0: [8086:6fa8] type 00 class 0x088000
[    0.998253] pci 0000:ff:13.1: [8086:6f71] type 00 class 0x088000
[    0.998350] pci 0000:ff:13.2: [8086:6faa] type 00 class 0x088000
[    0.998446] pci 0000:ff:13.3: [8086:6fab] type 00 class 0x088000
[    0.998543] pci 0000:ff:13.6: [8086:6fae] type 00 class 0x088000
[    0.998623] pci 0000:ff:13.7: [8086:6faf] type 00 class 0x088000
[    0.998704] pci 0000:ff:14.0: [8086:6fb0] type 00 class 0x088000
[    0.998805] pci 0000:ff:14.1: [8086:6fb1] type 00 class 0x088000
[    0.998902] pci 0000:ff:14.2: [8086:6fb2] type 00 class 0x088000
[    0.999000] pci 0000:ff:14.3: [8086:6fb3] type 00 class 0x088000
[    0.999095] pci 0000:ff:14.4: [8086:6fbc] type 00 class 0x088000
[    0.999175] pci 0000:ff:14.5: [8086:6fbd] type 00 class 0x088000
[    0.999255] pci 0000:ff:14.6: [8086:6fbe] type 00 class 0x088000
[    0.999337] pci 0000:ff:14.7: [8086:6fbf] type 00 class 0x088000
[    0.999421] pci 0000:ff:16.0: [8086:6f68] type 00 class 0x088000
[    0.999566] pci 0000:ff:16.1: [8086:6f79] type 00 class 0x088000
[    0.999663] pci 0000:ff:16.2: [8086:6f6a] type 00 class 0x088000
[    0.999761] pci 0000:ff:16.3: [8086:6f6b] type 00 class 0x088000
[    0.999858] pci 0000:ff:16.6: [8086:6f6e] type 00 class 0x088000
[    0.999938] pci 0000:ff:16.7: [8086:6f6f] type 00 class 0x088000
[    1.000020] pci 0000:ff:17.0: [8086:6fd0] type 00 class 0x088000
[    1.000164] pci 0000:ff:17.1: [8086:6fd1] type 00 class 0x088000
[    1.000262] pci 0000:ff:17.2: [8086:6fd2] type 00 class 0x088000
[    1.000364] pci 0000:ff:17.3: [8086:6fd3] type 00 class 0x088000
[    1.000460] pci 0000:ff:17.4: [8086:6fb8] type 00 class 0x088000
[    1.001076] pci 0000:ff:17.5: [8086:6fb9] type 00 class 0x088000
[    1.001156] pci 0000:ff:17.6: [8086:6fba] type 00 class 0x088000
[    1.001238] pci 0000:ff:17.7: [8086:6fbb] type 00 class 0x088000
[    1.001327] pci 0000:ff:1e.0: [8086:6f98] type 00 class 0x088000
[    1.001403] pci 0000:ff:1e.1: [8086:6f99] type 00 class 0x088000
[    1.001479] pci 0000:ff:1e.2: [8086:6f9a] type 00 class 0x088000
[    1.001560] pci 0000:ff:1e.3: [8086:6fc0] type 00 class 0x088000
[    1.001596] pci 0000:ff:1e.4: [8086:6f9c] type 00 class 0x088000
[    1.001679] pci 0000:ff:1f.0: [8086:6f88] type 00 class 0x088000
[    1.001759] pci 0000:ff:1f.2: [8086:6f8a] type 00 class 0x088000
[    1.021365] ACPI: PCI Root Bridge [PCI0] (domain 0000 [bus 00-fe])
[    1.021369] acpi PNP0A08:00: _OSC: OS supports [ExtendedConfig ASPM ClockPM Segments MSI HPX-Type3]
[    1.021880] acpi PNP0A08:00: _OSC: platform does not support [SHPCHotplug LTR]
[    1.022589] acpi PNP0A08:00: _OSC: OS now controls [PCIeHotplug PME AER PCIeCapability]
[    1.023021] PCI host bridge to bus 0000:00
[    1.023024] pci_bus 0000:00: root bus resource [io  0x0000-0x0cf7 window]
[    1.023025] pci_bus 0000:00: root bus resource [io  0x1000-0xffff window]
[    1.023026] pci_bus 0000:00: root bus resource [mem 0x000a0000-0x000bffff window]
[    1.023027] pci_bus 0000:00: root bus resource [mem 0x90000000-0xfbffbfff window]
[    1.023028] pci_bus 0000:00: root bus resource [mem 0x380000000000-0x383fffffffff window]
[    1.023030] pci_bus 0000:00: root bus resource [bus 00-fe]
[    1.023039] pci 0000:00:00.0: [8086:6f00] type 00 class 0x060000
[    1.023262] pci 0000:00:01.0: [8086:6f02] type 01 class 0x060400
[    1.023362] pci 0000:00:01.0: PME# supported from D0 D3hot D3cold
[    1.023562] pci 0000:00:02.0: [8086:6f04] type 01 class 0x060400
[    1.023658] pci 0000:00:02.0: PME# supported from D0 D3hot D3cold
[    1.023854] pci 0000:00:03.0: [8086:6f08] type 01 class 0x060400
[    1.023949] pci 0000:00:03.0: PME# supported from D0 D3hot D3cold
[    1.024145] pci 0000:00:05.0: [8086:6f28] type 00 class 0x088000
[    1.024331] pci 0000:00:05.1: [8086:6f29] type 00 class 0x088000
[    1.024542] pci 0000:00:05.2: [8086:6f2a] type 00 class 0x088000
[    1.024723] pci 0000:00:05.4: [8086:6f2c] type 00 class 0x080020
[    1.024745] pci 0000:00:05.4: reg 0x10: [mem 0xfbd04000-0xfbd04fff]
[    1.024958] pci 0000:00:11.0: [8086:8d7c] type 00 class 0xff0000
[    1.025266] pci 0000:00:14.0: [8086:8d31] type 00 class 0x0c0330
[    1.025303] pci 0000:00:14.0: reg 0x10: [mem 0x383ffff00000-0x383ffff0ffff 64bit]
[    1.025405] pci 0000:00:14.0: PME# supported from D3hot D3cold
[    1.025542] pci 0000:00:16.0: [8086:8d3a] type 00 class 0x078000
[    1.025579] pci 0000:00:16.0: reg 0x10: [mem 0x383ffff13000-0x383ffff1300f 64bit]
[    1.025682] pci 0000:00:16.0: PME# supported from D0 D3hot D3cold
[    1.025817] pci 0000:00:16.1: [8086:8d3b] type 00 class 0x078000
[    1.025854] pci 0000:00:16.1: reg 0x10: [mem 0x383ffff12000-0x383ffff1200f 64bit]
[    1.025957] pci 0000:00:16.1: PME# supported from D0 D3hot D3cold
[    1.026106] pci 0000:00:1a.0: [8086:8d2d] type 00 class 0x0c0320
[    1.026139] pci 0000:00:1a.0: reg 0x10: [mem 0xfbd02000-0xfbd023ff]
[    1.026270] pci 0000:00:1a.0: PME# supported from D0 D3hot D3cold
[    1.026415] pci 0000:00:1c.0: [8086:8d10] type 01 class 0x060400
[    1.026532] pci 0000:00:1c.0: PME# supported from D0 D3hot D3cold
[    1.026688] pci 0000:00:1c.3: [8086:8d16] type 01 class 0x060400
[    1.026805] pci 0000:00:1c.3: PME# supported from D0 D3hot D3cold
[    1.026964] pci 0000:00:1d.0: [8086:8d26] type 00 class 0x0c0320
[    1.026997] pci 0000:00:1d.0: reg 0x10: [mem 0xfbd01000-0xfbd013ff]
[    1.027128] pci 0000:00:1d.0: PME# supported from D0 D3hot D3cold
[    1.027271] pci 0000:00:1f.0: [8086:8d44] type 00 class 0x060100
[    1.027567] pci 0000:00:1f.2: [8086:8d02] type 00 class 0x010601
[    1.027595] pci 0000:00:1f.2: reg 0x10: [io  0xf050-0xf057]
[    1.027610] pci 0000:00:1f.2: reg 0x14: [io  0xf040-0xf043]
[    1.027625] pci 0000:00:1f.2: reg 0x18: [io  0xf030-0xf037]
[    1.027640] pci 0000:00:1f.2: reg 0x1c: [io  0xf020-0xf023]
[    1.027654] pci 0000:00:1f.2: reg 0x20: [io  0xf000-0xf01f]
[    1.027670] pci 0000:00:1f.2: reg 0x24: [mem 0xfbd00000-0xfbd007ff]
[    1.027716] pci 0000:00:1f.2: PME# supported from D3hot
[    1.027851] pci 0000:00:1f.3: [8086:8d22] type 00 class 0x0c0500
[    1.027884] pci 0000:00:1f.3: reg 0x10: [mem 0x383ffff11000-0x383ffff110ff 64bit]
[    1.027928] pci 0000:00:1f.3: reg 0x20: [io  0x0580-0x059f]
[    1.028721] pci 0000:01:00.0: [8086:1521] type 00 class 0x020000
[    1.029064] pci 0000:01:00.0: reg 0x10: [mem 0xfbc20000-0xfbc3ffff]
[    1.029359] pci 0000:01:00.0: reg 0x18: [io  0xe020-0xe03f]
[    1.029508] pci 0000:01:00.0: reg 0x1c: [mem 0xfbc44000-0xfbc47fff]
[    1.031068] pci 0000:01:00.0: PME# supported from D0 D3hot D3cold
[    1.031450] pci 0000:01:00.0: reg 0x184: [mem 0x00000000-0x00003fff 64bit pref]
[    1.031452] pci 0000:01:00.0: VF(n) BAR0 space: [mem 0x00000000-0x0001ffff 64bit pref] (contains BAR0 for 8 VFs)
[    1.031627] pci 0000:01:00.0: reg 0x190: [mem 0x00000000-0x00003fff 64bit pref]
[    1.031628] pci 0000:01:00.0: VF(n) BAR3 space: [mem 0x00000000-0x0001ffff 64bit pref] (contains BAR3 for 8 VFs)
[    1.032304] pci 0000:01:00.1: [8086:1521] type 00 class 0x020000
[    1.032646] pci 0000:01:00.1: reg 0x10: [mem 0xfbc00000-0xfbc1ffff]
[    1.032942] pci 0000:01:00.1: reg 0x18: [io  0xe000-0xe01f]
[    1.033091] pci 0000:01:00.1: reg 0x1c: [mem 0xfbc40000-0xfbc43fff]
[    1.034628] pci 0000:01:00.1: PME# supported from D0 D3hot D3cold
[    1.034952] pci 0000:01:00.1: reg 0x184: [mem 0x00000000-0x00003fff 64bit pref]
[    1.034954] pci 0000:01:00.1: VF(n) BAR0 space: [mem 0x00000000-0x0001ffff 64bit pref] (contains BAR0 for 8 VFs)
[    1.035128] pci 0000:01:00.1: reg 0x190: [mem 0x00000000-0x00003fff 64bit pref]
[    1.035129] pci 0000:01:00.1: VF(n) BAR3 space: [mem 0x00000000-0x0001ffff 64bit pref] (contains BAR3 for 8 VFs)
[    1.035615] pci 0000:00:01.0: ASPM: current common clock configuration is broken, reconfiguring
[    1.047444] pci 0000:00:01.0: PCI bridge to [bus 01]
[    1.047448] pci 0000:00:01.0:   bridge window [io  0xe000-0xefff]
[    1.047451] pci 0000:00:01.0:   bridge window [mem 0xfbc00000-0xfbcfffff]
[    1.047905] pci 0000:02:00.0: [15b3:a2d6] type 00 class 0x020000
[    1.048172] pci 0000:02:00.0: reg 0x10: [mem 0x383ffc000000-0x383ffdffffff 64bit pref]
[    1.048281] pci 0000:02:00.0: reg 0x18: [mem 0x383ffe800000-0x383ffeffffff 64bit pref]
[    1.048482] pci 0000:02:00.0: reg 0x30: [mem 0xfbb00000-0xfbbfffff pref]
[    1.048526] pci 0000:02:00.0: enabling Extended Tags
[    1.049338] pci 0000:02:00.0: PME# supported from D3cold
[    1.049621] pci 0000:02:00.0: reg 0x1a4: [mem 0x00000000-0x001fffff 64bit pref]
[    1.049623] pci 0000:02:00.0: VF(n) BAR0 space: [mem 0x00000000-0x01ffffff 64bit pref] (contains BAR0 for 16 VFs)
[    1.050686] pci 0000:02:00.0: 63.008 Gb/s available PCIe bandwidth, limited by 8.0 GT/s PCIe x8 link at 0000:00:02.0 (capable of 252.048 Gb/s with 16.0 GT/s PCIe x16 link)
[    1.050854] pci 0000:02:00.1: [15b3:a2d6] type 00 class 0x020000
[    1.051089] pci 0000:02:00.1: reg 0x10: [mem 0x383ffa000000-0x383ffbffffff 64bit pref]
[    1.051200] pci 0000:02:00.1: reg 0x18: [mem 0x383ffe000000-0x383ffe7fffff 64bit pref]
[    1.051409] pci 0000:02:00.1: reg 0x30: [mem 0xfba00000-0xfbafffff pref]
[    1.051453] pci 0000:02:00.1: enabling Extended Tags
[    1.052151] pci 0000:02:00.1: PME# supported from D3cold
[    1.052422] pci 0000:02:00.1: reg 0x1a4: [mem 0x00000000-0x001fffff 64bit pref]
[    1.052423] pci 0000:02:00.1: VF(n) BAR0 space: [mem 0x00000000-0x01ffffff 64bit pref] (contains BAR0 for 16 VFs)
[    1.053612] pci 0000:02:00.2: [15b3:c2d3] type 00 class 0x080100
[    1.053795] pci 0000:02:00.2: reg 0x10: [mem 0xfb900000-0xfb9fffff]
[    1.054244] pci 0000:02:00.2: enabling Extended Tags
[    1.054782] pci 0000:02:00.2: PME# supported from D3cold
[    1.055201] pci 0000:00:02.0: PCI bridge to [bus 02]
[    1.055205] pci 0000:00:02.0:   bridge window [mem 0xfb900000-0xfbbfffff]
[    1.055208] pci 0000:00:02.0:   bridge window [mem 0x383ffa000000-0x383ffeffffff 64bit pref]
[    1.055440] pci 0000:00:03.0: PCI bridge to [bus 03]
[    1.055484] pci 0000:00:1c.0: PCI bridge to [bus 04]
[    1.055558] pci 0000:05:00.0: [102b:0522] type 00 class 0x030000
[    1.055603] pci 0000:05:00.0: reg 0x10: [mem 0xfa000000-0xfaffffff pref]
[    1.055625] pci 0000:05:00.0: reg 0x14: [mem 0xfb810000-0xfb813fff]
[    1.055648] pci 0000:05:00.0: reg 0x18: [mem 0xfb000000-0xfb7fffff]
[    1.055734] pci 0000:05:00.0: reg 0x30: [mem 0xfb800000-0xfb80ffff pref]
[    1.055897] pci 0000:05:00.0: disabling ASPM on pre-1.1 PCIe device.  You can enable it with 'pcie_aspm=force'
[    1.055911] pci 0000:00:1c.3: PCI bridge to [bus 05]
[    1.055915] pci 0000:00:1c.3:   bridge window [mem 0xfb000000-0xfb8fffff]
[    1.055920] pci 0000:00:1c.3:   bridge window [mem 0xfa000000-0xfaffffff 64bit pref]
[    1.055971] pci_bus 0000:00: on NUMA node 0
[    1.057115] ACPI: PCI Interrupt Link [LNKA] (IRQs 3 4 5 6 7 10 *11 12 14 15)
[    1.057191] ACPI: PCI Interrupt Link [LNKB] (IRQs 3 4 5 6 7 *10 11 12 14 15)
[    1.057265] ACPI: PCI Interrupt Link [LNKC] (IRQs 3 4 5 6 10 *11 12 14 15)
[    1.057339] ACPI: PCI Interrupt Link [LNKD] (IRQs 3 4 *5 6 10 11 12 14 15)
[    1.057413] ACPI: PCI Interrupt Link [LNKE] (IRQs 3 4 5 6 7 10 11 12 14 15) *0, disabled.
[    1.057486] ACPI: PCI Interrupt Link [LNKF] (IRQs 3 4 5 6 7 10 11 12 14 15) *0, disabled.
[    1.057560] ACPI: PCI Interrupt Link [LNKG] (IRQs 3 4 5 6 7 10 11 12 14 15) *0, disabled.
[    1.057633] ACPI: PCI Interrupt Link [LNKH] (IRQs 3 4 5 6 7 10 11 12 14 15) *0, disabled.
[    1.057955] iommu: Default domain type: Translated 
[    1.057955] SCSI subsystem initialized
[    1.057955] libata version 3.00 loaded.
[    1.057955] pci 0000:05:00.0: vgaarb: setting as boot VGA device
[    1.057955] pci 0000:05:00.0: vgaarb: VGA device added: decodes=io+mem,owns=io+mem,locks=none
[    1.057955] pci 0000:05:00.0: vgaarb: bridge control possible
[    1.057955] vgaarb: loaded
[    1.057955] ACPI: bus type USB registered
[    1.057955] usbcore: registered new interface driver usbfs
[    1.057955] usbcore: registered new interface driver hub
[    1.057955] usbcore: registered new device driver usb
[    1.057955] pps_core: LinuxPPS API ver. 1 registered
[    1.057955] pps_core: Software ver. 5.3.6 - Copyright 2005-2007 Rodolfo Giometti <giometti@linux.it>
[    1.057955] PTP clock support registered
[    1.057955] EDAC MC: Ver: 3.0.0
[    1.057955] PCI: Using ACPI for IRQ routing
[    1.064777] PCI: pci_cache_line_size set to 64 bytes
[    1.065003] e820: reserve RAM buffer [mem 0x00099c00-0x0009ffff]
[    1.065004] e820: reserve RAM buffer [mem 0x79030000-0x7bffffff]
[    1.065128] NetLabel: Initializing
[    1.065129] NetLabel:  domain hash size = 128
[    1.065129] NetLabel:  protocols = UNLABELED CIPSOv4 CALIPSO
[    1.065144] NetLabel:  unlabeled traffic allowed by default
[    1.065159] hpet0: at MMIO 0xfed00000, IRQs 2, 8, 0, 0, 0, 0, 0, 0
[    1.065159] hpet0: 8 comparators, 64-bit 14.318180 MHz counter
[    1.068372] clocksource: Switched to clocksource tsc-early
[    1.082192] *** VALIDATE bpf ***
[    1.082270] VFS: Disk quotas dquot_6.6.0
[    1.082296] VFS: Dquot-cache hash table entries: 512 (order 0, 4096 bytes)
[    1.082314] *** VALIDATE ramfs ***
[    1.082320] *** VALIDATE hugetlbfs ***
[    1.082444] AppArmor: AppArmor Filesystem Enabled
[    1.082464] pnp: PnP ACPI init
[    1.082943] pnp 00:00: Plug and Play ACPI device, IDs PNP0b00 (active)
[    1.083068] system 00:01: [io  0x0500-0x057f] has been reserved
[    1.083070] system 00:01: [io  0x0400-0x047f] has been reserved
[    1.083071] system 00:01: [io  0x0580-0x059f] has been reserved
[    1.083072] system 00:01: [io  0x0600-0x061f] has been reserved
[    1.083074] system 00:01: [io  0x0880-0x0883] has been reserved
[    1.083075] system 00:01: [io  0x0800-0x081f] has been reserved
[    1.083077] system 00:01: [mem 0xfed1c000-0xfed3ffff] has been reserved
[    1.083078] system 00:01: [mem 0xfed45000-0xfed8bfff] has been reserved
[    1.083079] system 00:01: [mem 0xff000000-0xffffffff] has been reserved
[    1.083080] system 00:01: [mem 0xfee00000-0xfeefffff] has been reserved
[    1.083082] system 00:01: [mem 0xfed12000-0xfed1200f] has been reserved
[    1.083083] system 00:01: [mem 0xfed12010-0xfed1201f] has been reserved
[    1.083084] system 00:01: [mem 0xfed1b000-0xfed1bfff] has been reserved
[    1.083088] system 00:01: Plug and Play ACPI device, IDs PNP0c02 (active)
[    1.083270] pnp 00:02: [dma 0 disabled]
[    1.083322] pnp 00:02: Plug and Play ACPI device, IDs PNP0501 (active)
[    1.083493] pnp 00:03: [dma 0 disabled]
[    1.083533] pnp 00:03: Plug and Play ACPI device, IDs PNP0501 (active)
[    1.084253] pnp: PnP ACPI: found 4 devices
[    1.085686] thermal_sys: Registered thermal governor 'fair_share'
[    1.085686] thermal_sys: Registered thermal governor 'bang_bang'
[    1.085687] thermal_sys: Registered thermal governor 'step_wise'
[    1.085688] thermal_sys: Registered thermal governor 'user_space'
[    1.085688] thermal_sys: Registered thermal governor 'power_allocator'
[    1.090177] clocksource: acpi_pm: mask: 0xffffff max_cycles: 0xffffff, max_idle_ns: 2085701024 ns
[    1.090231] pci_bus 0000:00: max bus depth: 1 pci_try_num: 2
[    1.090243] pci 0000:00:01.0: BAR 15: assigned [mem 0x380000000000-0x3800000fffff 64bit pref]
[    1.090246] pci 0000:01:00.0: BAR 7: assigned [mem 0x380000000000-0x38000001ffff 64bit pref]
[    1.090289] pci 0000:01:00.0: BAR 10: assigned [mem 0x380000020000-0x38000003ffff 64bit pref]
[    1.090311] pci 0000:01:00.1: BAR 7: assigned [mem 0x380000040000-0x38000005ffff 64bit pref]
[    1.090333] pci 0000:01:00.1: BAR 10: assigned [mem 0x380000060000-0x38000007ffff 64bit pref]
[    1.090355] pci 0000:00:01.0: PCI bridge to [bus 01]
[    1.090357] pci 0000:00:01.0:   bridge window [io  0xe000-0xefff]
[    1.090366] pci 0000:00:01.0:   bridge window [mem 0xfbc00000-0xfbcfffff]
[    1.090372] pci 0000:00:01.0:   bridge window [mem 0x380000000000-0x3800000fffff 64bit pref]
[    1.090386] pci 0000:02:00.0: BAR 7: no space for [mem size 0x02000000 64bit pref]
[    1.090387] pci 0000:02:00.0: BAR 7: failed to assign [mem size 0x02000000 64bit pref]
[    1.090389] pci 0000:02:00.1: BAR 7: no space for [mem size 0x02000000 64bit pref]
[    1.090390] pci 0000:02:00.1: BAR 7: failed to assign [mem size 0x02000000 64bit pref]
[    1.090391] pci 0000:00:02.0: PCI bridge to [bus 02]
[    1.090400] pci 0000:00:02.0:   bridge window [mem 0xfb900000-0xfbbfffff]
[    1.090406] pci 0000:00:02.0:   bridge window [mem 0x383ffa000000-0x383ffeffffff 64bit pref]
[    1.090417] pci 0000:00:03.0: PCI bridge to [bus 03]
[    1.090442] pci 0000:00:1c.0: PCI bridge to [bus 04]
[    1.090469] pci 0000:00:1c.3: PCI bridge to [bus 05]
[    1.090479] pci 0000:00:1c.3:   bridge window [mem 0xfb000000-0xfb8fffff]
[    1.090486] pci 0000:00:1c.3:   bridge window [mem 0xfa000000-0xfaffffff 64bit pref]
[    1.090499] pci_bus 0000:00: No. 2 try to assign unassigned res
[    1.090500] release child resource [mem 0x383ffa000000-0x383ffbffffff 64bit pref]
[    1.090500] release child resource [mem 0x383ffc000000-0x383ffdffffff 64bit pref]
[    1.090501] release child resource [mem 0x383ffe000000-0x383ffe7fffff 64bit pref]
[    1.090502] release child resource [mem 0x383ffe800000-0x383ffeffffff 64bit pref]
[    1.090503] pci 0000:00:02.0: resource 15 [mem 0x383ffa000000-0x383ffeffffff 64bit pref] released
[    1.090504] pci 0000:00:02.0: PCI bridge to [bus 02]
[    1.090520] pci 0000:00:02.0: bridge window [mem 0x01000000-0x05ffffff 64bit pref] to [bus 02] add_size 4000000 add_align 1000000
[    1.090526] pci 0000:00:02.0: BAR 15: assigned [mem 0x380001000000-0x380009ffffff 64bit pref]
[    1.090528] pci 0000:00:01.0: PCI bridge to [bus 01]
[    1.090529] pci 0000:00:01.0:   bridge window [io  0xe000-0xefff]
[    1.090538] pci 0000:00:01.0:   bridge window [mem 0xfbc00000-0xfbcfffff]
[    1.090544] pci 0000:00:01.0:   bridge window [mem 0x380000000000-0x3800000fffff 64bit pref]
[    1.090557] pci 0000:02:00.0: BAR 0: assigned [mem 0x380002000000-0x380003ffffff 64bit pref]
[    1.090630] pci 0000:02:00.1: BAR 0: assigned [mem 0x380004000000-0x380005ffffff 64bit pref]
[    1.090702] pci 0000:02:00.0: BAR 2: assigned [mem 0x380001000000-0x3800017fffff 64bit pref]
[    1.090776] pci 0000:02:00.1: BAR 2: assigned [mem 0x380001800000-0x380001ffffff 64bit pref]
[    1.090847] pci 0000:02:00.0: BAR 7: assigned [mem 0x380006000000-0x380007ffffff 64bit pref]
[    1.090882] pci 0000:02:00.1: BAR 7: assigned [mem 0x380008000000-0x380009ffffff 64bit pref]
[    1.090915] pci 0000:00:02.0: PCI bridge to [bus 02]
[    1.090924] pci 0000:00:02.0:   bridge window [mem 0xfb900000-0xfbbfffff]
[    1.090930] pci 0000:00:02.0:   bridge window [mem 0x380001000000-0x380009ffffff 64bit pref]
[    1.090941] pci 0000:00:03.0: PCI bridge to [bus 03]
[    1.090965] pci 0000:00:1c.0: PCI bridge to [bus 04]
[    1.090993] pci 0000:00:1c.3: PCI bridge to [bus 05]
[    1.091002] pci 0000:00:1c.3:   bridge window [mem 0xfb000000-0xfb8fffff]
[    1.091009] pci 0000:00:1c.3:   bridge window [mem 0xfa000000-0xfaffffff 64bit pref]
[    1.091023] pci_bus 0000:00: resource 4 [io  0x0000-0x0cf7 window]
[    1.091024] pci_bus 0000:00: resource 5 [io  0x1000-0xffff window]
[    1.091025] pci_bus 0000:00: resource 6 [mem 0x000a0000-0x000bffff window]
[    1.091026] pci_bus 0000:00: resource 7 [mem 0x90000000-0xfbffbfff window]
[    1.091027] pci_bus 0000:00: resource 8 [mem 0x380000000000-0x383fffffffff window]
[    1.091028] pci_bus 0000:01: resource 0 [io  0xe000-0xefff]
[    1.091029] pci_bus 0000:01: resource 1 [mem 0xfbc00000-0xfbcfffff]
[    1.091030] pci_bus 0000:01: resource 2 [mem 0x380000000000-0x3800000fffff 64bit pref]
[    1.091032] pci_bus 0000:02: resource 1 [mem 0xfb900000-0xfbbfffff]
[    1.091033] pci_bus 0000:02: resource 2 [mem 0x380001000000-0x380009ffffff 64bit pref]
[    1.091034] pci_bus 0000:05: resource 1 [mem 0xfb000000-0xfb8fffff]
[    1.091035] pci_bus 0000:05: resource 2 [mem 0xfa000000-0xfaffffff 64bit pref]
[    1.091246] NET: Registered protocol family 2
[    1.091469] IP idents hash table entries: 262144 (order: 9, 2097152 bytes, linear)
[    1.093804] tcp_listen_portaddr_hash hash table entries: 16384 (order: 6, 262144 bytes, linear)
[    1.094037] TCP established hash table entries: 262144 (order: 9, 2097152 bytes, linear)
[    1.094381] TCP bind hash table entries: 65536 (order: 8, 1048576 bytes, linear)
[    1.094466] TCP: Hash tables configured (established 262144 bind 65536)
[    1.094584] UDP hash table entries: 16384 (order: 7, 524288 bytes, linear)
[    1.094692] UDP-Lite hash table entries: 16384 (order: 7, 524288 bytes, linear)
[    1.094818] NET: Registered protocol family 1
[    1.094823] NET: Registered protocol family 44
[    1.094939] pci 0000:00:05.0: disabled boot interrupts on device [8086:6f28]
[    1.119471] pci 0000:00:1a.0: quirk_usb_early_handoff+0x0/0x670 took 23703 usecs
[    1.143417] pci 0000:00:1d.0: quirk_usb_early_handoff+0x0/0x670 took 23368 usecs
[    1.143448] pci 0000:01:00.0: CLS mismatch (64 != 32), using 64 bytes
[    1.143464] pci 0000:05:00.0: Video device with shadowed ROM at [mem 0x000c0000-0x000dffff]
[    1.143506] Trying to unpack rootfs image as initramfs...
[    1.381469] Freeing initrd memory: 86808K
[    1.411330] PCI-DMA: Using software bounce buffering for IO (SWIOTLB)
[    1.411334] software IO TLB: mapped [mem 0x75030000-0x79030000] (64MB)
[    1.413023] check: Scanning for low memory corruption every 60 seconds
[    1.414358] Initialise system trusted keyrings
[    1.414371] Key type blacklist registered
[    1.414405] workingset: timestamp_bits=36 max_order=23 bucket_order=0
[    1.415882] zbud: loaded
[    1.416369] squashfs: version 4.0 (2009/01/31) Phillip Lougher
[    1.416547] fuse: init (API version 7.31)
[    1.416566] *** VALIDATE fuse ***
[    1.416567] *** VALIDATE fuse ***
[    1.416688] Platform Keyring initialized
[    1.421087] Key type asymmetric registered
[    1.421090] Asymmetric key parser 'x509' registered
[    1.421100] Block layer SCSI generic (bsg) driver version 0.4 loaded (major 244)
[    1.421144] io scheduler mq-deadline registered
[    1.421950] pcieport 0000:00:01.0: PME: Signaling with IRQ 25
[    1.422012] pcieport 0000:00:01.0: AER: enabled with IRQ 25
[    1.422312] pcieport 0000:00:02.0: PME: Signaling with IRQ 27
[    1.422375] pcieport 0000:00:02.0: AER: enabled with IRQ 27
[    1.422663] pcieport 0000:00:03.0: PME: Signaling with IRQ 29
[    1.422721] pcieport 0000:00:03.0: AER: enabled with IRQ 29
[    1.422947] pcieport 0000:00:1c.0: PME: Signaling with IRQ 30
[    1.423172] pcieport 0000:00:1c.3: PME: Signaling with IRQ 31
[    1.423269] shpchp: Standard Hot Plug PCI Controller Driver version: 0.4
[    1.423372] vesafb: mode is 1024x768x32, linelength=4096, pages=0
[    1.423372] vesafb: scrolling: redraw
[    1.423374] vesafb: Truecolor: size=8:8:8:8, shift=24:16:8:0
[    1.423400] pmd_set_huge: Cannot satisfy [mem 0xfa000000-0xfa200000] with a huge-page mapping due to MTRR override.
[    1.423411] vesafb: framebuffer at 0xfa000000, mapped to 0x00000000370b37c8, using 3072k, total 3072k
[    1.423454] fbcon: Deferring console take-over
[    1.423454] fb0: VESA VGA frame buffer device
[    1.423468] intel_idle: MWAIT substates: 0x2120
[    1.423469] intel_idle: v0.4.1 model 0x4F
[    1.425145] intel_idle: lapic_timer_reliable_states 0xffffffff
[    1.425673] input: Power Button as /devices/LNXSYSTM:00/LNXSYBUS:00/PNP0C0C:00/input/input0
[    1.425701] ACPI: Power Button [PWRB]
[    1.425737] input: Power Button as /devices/LNXSYSTM:00/LNXPWRBN:00/input/input1
[    1.425782] ACPI: Power Button [PWRF]
[    1.433688] Serial: 8250/16550 driver, 32 ports, IRQ sharing enabled
[    1.454264] 00:02: ttyS0 at I/O 0x3f8 (irq = 4, base_baud = 115200) is a 16550A
[    1.474889] 00:03: ttyS1 at I/O 0x2f8 (irq = 3, base_baud = 115200) is a 16550A
[    1.476537] Linux agpgart interface v0.103
[    1.615430] loop: module loaded
[    1.615841] tun: Universal TUN/TAP device driver, 1.6
[    1.615887] PPP generic driver version 2.4.2
[    1.615945] VFIO - User Level meta-driver version: 0.3
[    1.616019] ehci_hcd: USB 2.0 'Enhanced' Host Controller (EHCI) Driver
[    1.616022] ehci-pci: EHCI PCI platform driver
[    1.616289] ehci-pci 0000:00:1a.0: EHCI Host Controller
[    1.616297] ehci-pci 0000:00:1a.0: new USB bus registered, assigned bus number 1
[    1.616309] ehci-pci 0000:00:1a.0: debug port 2
[    1.620218] ehci-pci 0000:00:1a.0: cache line size of 64 is not supported
[    1.620233] ehci-pci 0000:00:1a.0: irq 18, io mem 0xfbd02000
[    1.635344] ehci-pci 0000:00:1a.0: USB 2.0 started, EHCI 1.00
[    1.635415] usb usb1: New USB device found, idVendor=1d6b, idProduct=0002, bcdDevice= 5.04
[    1.635417] usb usb1: New USB device strings: Mfr=3, Product=2, SerialNumber=1
[    1.635418] usb usb1: Product: EHCI Host Controller
[    1.635419] usb usb1: Manufacturer: Linux 5.4.189kernel-module-force-unload ehci_hcd
[    1.635420] usb usb1: SerialNumber: 0000:00:1a.0
[    1.635606] hub 1-0:1.0: USB hub found
[    1.635612] hub 1-0:1.0: 2 ports detected
[    1.635967] ehci-pci 0000:00:1d.0: EHCI Host Controller
[    1.635975] ehci-pci 0000:00:1d.0: new USB bus registered, assigned bus number 2
[    1.635986] ehci-pci 0000:00:1d.0: debug port 2
[    1.639901] ehci-pci 0000:00:1d.0: cache line size of 64 is not supported
[    1.639906] ehci-pci 0000:00:1d.0: irq 18, io mem 0xfbd01000
[    1.655344] ehci-pci 0000:00:1d.0: USB 2.0 started, EHCI 1.00
[    1.655389] usb usb2: New USB device found, idVendor=1d6b, idProduct=0002, bcdDevice= 5.04
[    1.655390] usb usb2: New USB device strings: Mfr=3, Product=2, SerialNumber=1
[    1.655391] usb usb2: Product: EHCI Host Controller
[    1.655392] usb usb2: Manufacturer: Linux 5.4.189kernel-module-force-unload ehci_hcd
[    1.655393] usb usb2: SerialNumber: 0000:00:1d.0
[    1.655531] hub 2-0:1.0: USB hub found
[    1.655536] hub 2-0:1.0: 2 ports detected
[    1.655758] ehci-platform: EHCI generic platform driver
[    1.655771] ohci_hcd: USB 1.1 'Open' Host Controller (OHCI) Driver
[    1.655775] ohci-pci: OHCI PCI platform driver
[    1.655803] ohci-platform: OHCI generic platform driver
[    1.655811] uhci_hcd: USB Universal Host Controller Interface driver
[    1.655995] xhci_hcd 0000:00:14.0: xHCI Host Controller
[    1.656001] xhci_hcd 0000:00:14.0: new USB bus registered, assigned bus number 3
[    1.657069] xhci_hcd 0000:00:14.0: hcc params 0x200077c1 hci version 0x100 quirks 0x0000000000009810
[    1.657075] xhci_hcd 0000:00:14.0: cache line size of 64 is not supported
[    1.657300] xhci_hcd 0000:00:14.0: xHCI Host Controller
[    1.657303] xhci_hcd 0000:00:14.0: new USB bus registered, assigned bus number 4
[    1.657305] xhci_hcd 0000:00:14.0: Host supports USB 3.0 SuperSpeed
[    1.657335] usb usb3: New USB device found, idVendor=1d6b, idProduct=0002, bcdDevice= 5.04
[    1.657337] usb usb3: New USB device strings: Mfr=3, Product=2, SerialNumber=1
[    1.657338] usb usb3: Product: xHCI Host Controller
[    1.657339] usb usb3: Manufacturer: Linux 5.4.189kernel-module-force-unload xhci-hcd
[    1.657340] usb usb3: SerialNumber: 0000:00:14.0
[    1.657466] hub 3-0:1.0: USB hub found
[    1.657484] hub 3-0:1.0: 15 ports detected
[    1.660597] usb usb4: New USB device found, idVendor=1d6b, idProduct=0003, bcdDevice= 5.04
[    1.660599] usb usb4: New USB device strings: Mfr=3, Product=2, SerialNumber=1
[    1.660600] usb usb4: Product: xHCI Host Controller
[    1.660601] usb usb4: Manufacturer: Linux 5.4.189kernel-module-force-unload xhci-hcd
[    1.660602] usb usb4: SerialNumber: 0000:00:14.0
[    1.660727] hub 4-0:1.0: USB hub found
[    1.660739] hub 4-0:1.0: 6 ports detected
[    1.662339] i8042: PNP: No PS/2 controller found.
[    1.662440] mousedev: PS/2 mouse device common for all mice
[    1.662561] rtc_cmos 00:00: RTC can wake from S4
[    1.662749] rtc_cmos 00:00: registered as rtc0
[    1.662769] rtc_cmos 00:00: alarms up to one month, y3k, 114 bytes nvram, hpet irqs
[    1.662775] i2c /dev entries driver
[    1.662821] device-mapper: uevent: version 1.0.3
[    1.662880] device-mapper: ioctl: 4.41.0-ioctl (2019-09-16) initialised: dm-devel@redhat.com
[    1.662902] platform eisa.0: Probing EISA bus 0
[    1.662903] platform eisa.0: EISA: Cannot allocate resource for mainboard
[    1.662905] platform eisa.0: Cannot allocate resource for EISA slot 1
[    1.662906] platform eisa.0: Cannot allocate resource for EISA slot 2
[    1.662907] platform eisa.0: Cannot allocate resource for EISA slot 3
[    1.662908] platform eisa.0: Cannot allocate resource for EISA slot 4
[    1.662909] platform eisa.0: Cannot allocate resource for EISA slot 5
[    1.662910] platform eisa.0: Cannot allocate resource for EISA slot 6
[    1.662911] platform eisa.0: Cannot allocate resource for EISA slot 7
[    1.662912] platform eisa.0: Cannot allocate resource for EISA slot 8
[    1.662913] platform eisa.0: EISA: Detected 0 cards
[    1.662924] intel_pstate: Intel P-state driver initializing
[    1.670364] ledtrig-cpu: registered to indicate activity on CPUs
[    1.670589] drop_monitor: Initializing network drop monitor service
[    1.670747] NET: Registered protocol family 10
[    1.677783] Segment Routing with IPv6
[    1.677818] NET: Registered protocol family 17
[    1.677885] Key type dns_resolver registered
[    1.682728] RAS: Correctable Errors collector initialized.
[    1.682807] microcode: sig=0x406f1, pf=0x1, revision=0xb000040
[    1.684472] microcode: Microcode Update Driver: v2.2.
[    1.686801] *** VALIDATE rdt ***
[    1.686805] resctrl: L3 allocation detected
[    1.686805] resctrl: L3DATA allocation detected
[    1.686805] resctrl: L3CODE allocation detected
[    1.686806] resctrl: L3 monitoring detected
[    1.686809] IPI shorthand broadcast: enabled
[    1.686816] sched_clock: Marking stable (1686298266, 496553)->(1928249831, -241455012)
[    1.686992] registered taskstats version 1
[    1.687002] Loading compiled-in X.509 certificates
[    1.687758] Loaded X.509 cert 'Build time autogenerated kernel key: a9993d45b65f0d146f444e483c70e48bd819de06'
[    1.688022] zswap: loaded using pool lzo/zbud
[    1.688156] Key type ._fscrypt registered
[    1.688156] Key type .fscrypt registered
[    1.694122] Key type big_key registered
[    1.696923] Key type encrypted registered
[    1.696926] AppArmor: AppArmor sha1 policy hashing enabled
[    1.696934] ima: No TPM chip found, activating TPM-bypass!
[    1.696940] ima: Allocated hash algorithm: sha1
[    1.696950] ima: No architecture policies found
[    1.696984] evm: Initialising EVM extended attributes:
[    1.696985] evm: security.selinux
[    1.696985] evm: security.SMACK64
[    1.696986] evm: security.SMACK64EXEC
[    1.696986] evm: security.SMACK64TRANSMUTE
[    1.696987] evm: security.SMACK64MMAP
[    1.696987] evm: security.apparmor
[    1.696987] evm: security.ima
[    1.696988] evm: security.capability
[    1.696988] evm: HMAC attrs: 0x1
[    1.697567] PM:   Magic number: 14:495:794
[    1.697760] acpi LNXCPU:7a: hash matches
[    1.697871] rtc_cmos 00:00: setting system clock to 2022-07-06T17:46:29 UTC (1657129589)
[    1.700872] Freeing unused decrypted memory: 2040K
[    1.701737] Freeing unused kernel image memory: 2748K
[    1.739390] Write protecting the kernel read-only data: 22528k
[    1.740415] Freeing unused kernel image memory: 2008K
[    1.740853] Freeing unused kernel image memory: 1128K
[    1.748079] x86/mm: Checked W+X mappings: passed, no W+X pages found.
[    1.748080] x86/mm: Checking user space page tables
[    1.754983] x86/mm: Checked W+X mappings: passed, no W+X pages found.
[    1.754985] Run /init as init process
[    1.881923] mlx_compat: loading out-of-tree module taints kernel.
[    1.881972] mlx_compat: module verification failed: signature and/or required key missing - tainting kernel
[    1.882177] Compat-mlnx-ofed backport release: b1b2bdd
[    1.882178] Backport based on mlnx_ofed/mlnx-ofa_kernel-4.0.git b1b2bdd
[    1.882178] compat.git: mlnx_ofed/mlnx-ofa_kernel-4.0.git
[    1.883682] dca service started, version 1.12.1
[    1.885092] i801_smbus 0000:00:1f.3: SMBus using PCI interrupt
[    1.886495] ahci 0000:00:1f.2: version 3.0
[    1.886798] ahci 0000:00:1f.2: AHCI 0001.0300 32 slots 6 ports 6 Gbps 0x10 impl SATA mode
[    1.886802] ahci 0000:00:1f.2: flags: 64bit ncq pm led clo pio slum part ems apst 
[    1.887447] igb: Intel(R) Gigabit Ethernet Network Driver - version 5.6.0-k
[    1.887448] igb: Copyright (c) 2007-2014 Intel Corporation.
[    1.892927] scsi host0: ahci
[    1.893749] scsi host1: ahci
[    1.894099] scsi host2: ahci
[    1.894184] cryptd: max_cpu_qlen set to 1000
[    1.894818] scsi host3: ahci
[    1.899539] usb 1-1: new high-speed USB device number 2 using ehci-pci
[    1.904224] AVX2 version of gcm_enc/dec engaged.
[    1.904225] AES CTR mode by8 optimization enabled
[    1.904859] scsi host4: ahci
[    1.915327] usb 2-1: new high-speed USB device number 2 using ehci-pci
[    1.915356] usb 3-9: new high-speed USB device number 2 using xhci_hcd
[    1.925863] scsi host5: ahci
[    1.925932] ata1: DUMMY
[    1.925933] ata2: DUMMY
[    1.925933] ata3: DUMMY
[    1.925934] ata4: DUMMY
[    1.925937] ata5: SATA max UDMA/133 abar m2048@0xfbd00000 port 0xfbd00300 irq 33
[    1.925937] ata6: DUMMY
[    1.926880] mlx5_core 0000:02:00.0: firmware version: 24.33.1048
[    1.926915] mlx5_core 0000:02:00.0: 63.008 Gb/s available PCIe bandwidth, limited by 8.0 GT/s PCIe x8 link at 0000:00:02.0 (capable of 252.048 Gb/s with 16.0 GT/s PCIe x16 link)
[    1.937720] mlx5_core 0000:02:00.0: handle_hca_cap:704:(pid 5): log_max_qp value in current profile is 18, changing it to HCA capability limit (17)
[    1.982974] igb 0000:01:00.0: added PHC on eth0
[    1.982975] igb 0000:01:00.0: Intel(R) Gigabit Ethernet Network Connection
[    1.982976] igb 0000:01:00.0: eth0: (PCIe:5.0Gb/s:Width x4) a4:bf:01:6e:28:a6
[    1.983097] igb 0000:01:00.0: eth0: PBA No: 006100-000
[    1.983098] igb 0000:01:00.0: Using MSI-X interrupts. 8 rx queue(s), 8 tx queue(s)
[    2.044580] igb 0000:01:00.1: added PHC on eth1
[    2.044581] igb 0000:01:00.1: Intel(R) Gigabit Ethernet Network Connection
[    2.044582] igb 0000:01:00.1: eth1: (PCIe:5.0Gb/s:Width x4) a4:bf:01:6e:28:a7
[    2.044703] igb 0000:01:00.1: eth1: PBA No: 006100-000
[    2.044704] igb 0000:01:00.1: Using MSI-X interrupts. 8 rx queue(s), 8 tx queue(s)
[    2.059670] usb 1-1: New USB device found, idVendor=8087, idProduct=800a, bcdDevice= 0.05
[    2.059672] usb 1-1: New USB device strings: Mfr=0, Product=0, SerialNumber=0
[    2.059941] hub 1-1:1.0: USB hub found
[    2.060041] hub 1-1:1.0: 6 ports detected
[    2.063442] usb 3-9: New USB device found, idVendor=0409, idProduct=005a, bcdDevice= 1.00
[    2.063445] usb 3-9: New USB device strings: Mfr=0, Product=0, SerialNumber=0
[    2.064180] hub 3-9:1.0: USB hub found
[    2.064375] hub 3-9:1.0: 4 ports detected
[    2.066809] igb 0000:01:00.1 ens11f1: renamed from eth1
[    2.071670] usb 2-1: New USB device found, idVendor=8087, idProduct=8002, bcdDevice= 0.05
[    2.071671] usb 2-1: New USB device strings: Mfr=0, Product=0, SerialNumber=0
[    2.071814] hub 2-1:1.0: USB hub found
[    2.071919] hub 2-1:1.0: 8 ports detected
[    2.181233] mlx5_core 0000:02:00.0: Rate limit: 127 rates are supported, range: 0Mbps to 97656Mbps
[    2.182690] mlx5_core 0000:02:00.0: E-Switch: total vports 50, per vport: max uc(128) max mc(2048)
[    2.186941] mlx5_core 0000:02:00.0: Port module event: module 0, Cable plugged
[    2.187242] mlx5_core 0000:02:00.0: mlx5_pcie_event:299:(pid 516): Detected insufficient power on the PCIe slot (27W).
[    2.191347] usb 3-14: new full-speed USB device number 3 using xhci_hcd
[    2.223568] mlx5_core 0000:02:00.1: firmware version: 24.33.1048
[    2.223604] mlx5_core 0000:02:00.1: 63.008 Gb/s available PCIe bandwidth, limited by 8.0 GT/s PCIe x8 link at 0000:00:02.0 (capable of 252.048 Gb/s with 16.0 GT/s PCIe x16 link)
[    2.238290] ata5: SATA link up 6.0 Gbps (SStatus 133 SControl 300)
[    2.239020] ata5.00: supports DRM functions and may not be fully accessible
[    2.239039] ata5.00: ATA-10: CT500MX500SSD1, M3CR033, max UDMA/133
[    2.239040] ata5.00: 976773168 sectors, multi 1: LBA48 NCQ (depth 32), AA
[    2.239603] ata5.00: supports DRM functions and may not be fully accessible
[    2.240078] ata5.00: configured for UDMA/133
[    2.240270] scsi 4:0:0:0: Direct-Access     ATA      CT500MX500SSD1   033  PQ: 0 ANSI: 5
[    2.240595] sd 4:0:0:0: Attached scsi generic sg0 type 0
[    2.240615] sd 4:0:0:0: [sda] 976773168 512-byte logical blocks: (500 GB/466 GiB)
[    2.240616] sd 4:0:0:0: [sda] 4096-byte physical blocks
[    2.240622] sd 4:0:0:0: [sda] Write Protect is off
[    2.240623] sd 4:0:0:0: [sda] Mode Sense: 00 3a 00 00
[    2.240630] sd 4:0:0:0: [sda] Write cache: enabled, read cache: enabled, doesn't support DPO or FUA
[    2.280044]  sda: sda1 sda2 sda3
[    2.289750] mlx5_core 0000:02:00.1: handle_hca_cap:704:(pid 5): log_max_qp value in current profile is 18, changing it to HCA capability limit (17)
[    2.359851] usb 3-14: New USB device found, idVendor=046b, idProduct=ff10, bcdDevice= 1.00
[    2.359852] usb 3-14: New USB device strings: Mfr=1, Product=2, SerialNumber=3
[    2.359853] usb 3-14: Product: Virtual Keyboard and Mouse
[    2.359854] usb 3-14: Manufacturer: American Megatrends Inc.
[    2.359855] usb 3-14: SerialNumber: serial
[    2.363875] hidraw: raw HID events driver (C) Jiri Kosina
[    2.403533] sd 4:0:0:0: [sda] supports TCG Opal
[    2.403534] sd 4:0:0:0: [sda] Attached SCSI disk
[    2.405751] igb 0000:01:00.0 ens11f0: renamed from eth0
[    2.406377] usbcore: registered new interface driver usbhid
[    2.406377] usbhid: USB HID core driver
[    2.407087] mgag200 0000:05:00.0: remove_conflicting_pci_framebuffers: bar 0: 0xfa000000 -> 0xfaffffff
[    2.407088] mgag200 0000:05:00.0: remove_conflicting_pci_framebuffers: bar 1: 0xfb810000 -> 0xfb813fff
[    2.407089] mgag200 0000:05:00.0: remove_conflicting_pci_framebuffers: bar 2: 0xfb000000 -> 0xfb7fffff
[    2.407091] checking generic (fa000000 300000) vs hw (fa000000 1000000)
[    2.407092] fb0: switching to mgag200drmfb from VESA VGA
[    2.407150] mgag200 0000:05:00.0: vgaarb: deactivate vga console
[    2.408370] input: American Megatrends Inc. Virtual Keyboard and Mouse as /devices/pci0000:00/0000:00:14.0/usb3/3-14/3-14:1.0/0003:046B:FF10.0001/input/input2
[    2.408428] hid-generic 0003:046B:FF10.0001: input,hidraw0: USB HID v1.10 Keyboard [American Megatrends Inc. Virtual Keyboard and Mouse] on usb-0000:00:14.0-14/input0
[    2.408525] input: American Megatrends Inc. Virtual Keyboard and Mouse as /devices/pci0000:00/0000:00:14.0/usb3/3-14/3-14:1.1/0003:046B:FF10.0002/input/input3
[    2.408584] hid-generic 0003:046B:FF10.0002: input,hidraw1: USB HID v1.10 Mouse [American Megatrends Inc. Virtual Keyboard and Mouse] on usb-0000:00:14.0-14/input1
[    2.415840] [TTM] Zone  kernel: Available graphics memory: 16382418 KiB
[    2.415840] [TTM] Zone   dma32: Available graphics memory: 2097152 KiB
[    2.415841] [TTM] Initializing pool allocator
[    2.415844] [TTM] Initializing DMA pool allocator
[    2.419351] usb 3-9.4: new full-speed USB device number 4 using xhci_hcd
[    2.439347] tsc: Refined TSC clocksource calibration: 2194.917 MHz
[    2.439360] clocksource: tsc: mask: 0xffffffffffffffff max_cycles: 0x1fa37107ca2, max_idle_ns: 440795258165 ns
[    2.439443] clocksource: Switched to clocksource tsc
[    2.483441] fbcon: mgag200drmfb (fb0) is primary device
[    2.483442] fbcon: Deferring console take-over
[    2.483444] mgag200 0000:05:00.0: fb0: mgag200drmfb frame buffer device
[    2.519442] mlx5_core 0000:02:00.1: Rate limit: 127 rates are supported, range: 0Mbps to 97656Mbps
[    2.519782] usb 3-9.4: New USB device found, idVendor=0557, idProduct=8021, bcdDevice= 1.00
[    2.519783] usb 3-9.4: New USB device strings: Mfr=0, Product=0, SerialNumber=0
[    2.520989] mlx5_core 0000:02:00.1: E-Switch: total vports 50, per vport: max uc(128) max mc(2048)
[    2.522115] hub 3-9.4:1.0: USB hub found
[    2.522239] hub 3-9.4:1.0: 4 ports detected
[    2.525186] mlx5_core 0000:02:00.1: Port module event: module 1, Cable unplugged
[    2.525396] mlx5_core 0000:02:00.1: mlx5_pcie_event:299:(pid 365): Detected insufficient power on the PCIe slot (27W).
[    2.543305] [drm] Initialized mgag200 1.0.0 20110418 for 0000:05:00.0 on minor 0
[    2.559614] mlx5_core 0000:02:00.0: MLX5E: StrdRq(1) RqSz(8) StrdSz(2048) RxCqeCmprss(0)
[    2.794058] mlx5_core 0000:02:00.0: Supported tc offload range - chains: 1, prios: 16
[    2.794063] mlx5_core 0000:02:00.0: mlx5_post_action_init:41:(pid 449): firmware level support is missing
[    2.804976] mlx5_core 0000:02:00.1: MLX5E: StrdRq(1) RqSz(8) StrdSz(2048) RxCqeCmprss(0)
[    2.807323] usb 3-9.4.1: new low-speed USB device number 5 using xhci_hcd
[    2.932773] usb 3-9.4.1: New USB device found, idVendor=1c4f, idProduct=0002, bcdDevice= 3.30
[    2.932776] usb 3-9.4.1: New USB device strings: Mfr=1, Product=2, SerialNumber=0
[    2.932778] usb 3-9.4.1: Product: USB Keyboard
[    2.932780] usb 3-9.4.1: Manufacturer: SIGMACHIP
[    2.949440] input: SIGMACHIP USB Keyboard as /devices/pci0000:00/0000:00:14.0/usb3/3-9/3-9.4/3-9.4.1/3-9.4.1:1.0/0003:1C4F:0002.0003/input/input4
[    3.007538] hid-generic 0003:1C4F:0002.0003: input,hidraw2: USB HID v1.10 Keyboard [SIGMACHIP USB Keyboard] on usb-0000:00:14.0-9.4.1/input0
[    3.015917] input: SIGMACHIP USB Keyboard Consumer Control as /devices/pci0000:00/0000:00:14.0/usb3/3-9/3-9.4/3-9.4.1/3-9.4.1:1.1/0003:1C4F:0002.0004/input/input5
[    3.034219] mlx5_core 0000:02:00.1: Supported tc offload range - chains: 1, prios: 16
[    3.034224] mlx5_core 0000:02:00.1: mlx5_post_action_init:41:(pid 449): firmware level support is missing
[    3.046797] mlx5_core 0000:02:00.0 enp2s0f0np0: renamed from eth0
[    3.075526] input: SIGMACHIP USB Keyboard System Control as /devices/pci0000:00/0000:00:14.0/usb3/3-9/3-9.4/3-9.4.1/3-9.4.1:1.1/0003:1C4F:0002.0004/input/input6
[    3.075557] mlx5_core 0000:02:00.1 enp2s0f1np1: renamed from eth1
[    3.075637] hid-generic 0003:1C4F:0002.0004: input,hidraw3: USB HID v1.10 Device [SIGMACHIP USB Keyboard] on usb-0000:00:14.0-9.4.1/input1
[    3.084629] input: SIGMACHIP USB Keyboard as /devices/pci0000:00/0000:00:14.0/usb3/3-9/3-9.4/3-9.4.1/3-9.4.1:1.2/0003:1C4F:0002.0005/input/input7
[    3.084760] hid-generic 0003:1C4F:0002.0005: input,hidraw4: USB HID v1.10 Mouse [SIGMACHIP USB Keyboard] on usb-0000:00:14.0-9.4.1/input2
[    3.219298] raid6: avx2x4   gen() 31085 MB/s
[    3.267298] raid6: avx2x4   xor() 11357 MB/s
[    3.315295] raid6: avx2x2   gen() 26505 MB/s
[    3.363296] raid6: avx2x2   xor() 16004 MB/s
[    3.411298] raid6: avx2x1   gen() 21960 MB/s
[    3.459299] raid6: avx2x1   xor() 15121 MB/s
[    3.507297] raid6: sse2x4   gen() 16919 MB/s
[    3.555297] raid6: sse2x4   xor() 10110 MB/s
[    3.603298] raid6: sse2x2   gen() 14074 MB/s
[    3.651296] raid6: sse2x2   xor()  9048 MB/s
[    3.699301] raid6: sse2x1   gen() 11842 MB/s
[    3.747299] raid6: sse2x1   xor()  8273 MB/s
[    3.747300] raid6: using algorithm avx2x4 gen() 31085 MB/s
[    3.747300] raid6: .... xor() 11357 MB/s, rmw enabled
[    3.747300] raid6: using avx2x2 recovery algorithm
[    3.748252] xor: automatically using best checksumming function   avx       
[    3.749159] async_tx: api initialized (async)
[    3.838414] Btrfs loaded, crc32c=crc32c-intel
[    3.926489] EXT4-fs (sda3): mounted filesystem with ordered data mode. Opts: (null)
[    4.255162] systemd[1]: Inserted module 'autofs4'
[    4.273635] systemd[1]: systemd 245.4-4ubuntu3.17 running in system mode. (+PAM +AUDIT +SELINUX +IMA +APPARMOR +SMACK +SYSVINIT +UTMP +LIBCRYPTSETUP +GCRYPT +GNUTLS +ACL +XZ +LZ4 +SECCOMP +BLKID +ELFUTILS +KMOD +IDN2 -IDN +PCRE2 default-hierarchy=hybrid)
[    4.295420] systemd[1]: Detected architecture x86-64.
[    4.320787] systemd[1]: Set hostname to <axdimm.ittc.ku.edu>.
[    4.531069] systemd[1]: Created slice system-modprobe.slice.
[    4.531481] systemd[1]: Created slice system-postfix.slice.
[    4.531716] systemd[1]: Created slice system-systemd\x2dfsck.slice.
[    4.531960] systemd[1]: Created slice User and Session Slice.
[    4.532004] systemd[1]: Started Forward Password Requests to Wall Directory Watch.
[    4.532196] systemd[1]: Set up automount Arbitrary Executable File Formats File System Automount Point.
[    4.532238] systemd[1]: Reached target Slices.
[    4.532298] systemd[1]: Listening on Device-mapper event daemon FIFOs.
[    4.532365] systemd[1]: Listening on LVM2 poll daemon socket.
[    4.535493] systemd[1]: Listening on RPCbind Server Activation Socket.
[    4.535683] systemd[1]: Listening on Syslog Socket.
[    4.535757] systemd[1]: Listening on fsck to fsckd communication Socket.
[    4.535802] systemd[1]: Listening on initctl Compatibility Named Pipe.
[    4.535949] systemd[1]: Listening on Journal Audit Socket.
[    4.536014] systemd[1]: Listening on Journal Socket (/dev/log).
[    4.536105] systemd[1]: Listening on Journal Socket.
[    4.536198] systemd[1]: Listening on udev Control Socket.
[    4.536259] systemd[1]: Listening on udev Kernel Socket.
[    4.537019] systemd[1]: Mounting Huge Pages File System...
[    4.537734] systemd[1]: Mounting POSIX Message Queue File System...
[    4.538526] systemd[1]: Mounting RPC Pipe File System...
[    4.539586] systemd[1]: Mounting Kernel Debug File System...
[    4.540662] systemd[1]: Mounting Kernel Trace File System...
[    4.542140] systemd[1]: Starting Journal Service...
[    4.543158] systemd[1]: Starting Availability of block devices...
[    4.544341] systemd[1]: Starting Set the console keyboard layout...
[    4.545597] systemd[1]: Starting Create list of static device nodes for the current kernel...
[    4.546974] systemd[1]: Starting Monitoring of LVM2 mirrors, snapshots etc. using dmeventd or progress polling...
[    4.547008] systemd[1]: Condition check resulted in Load Kernel Module drm being skipped.
[    4.548633] systemd[1]: Condition check resulted in Set Up Additional Binary Formats being skipped.
[    4.548653] systemd[1]: Condition check resulted in File System Check on Root Device being skipped.
[    4.552269] systemd[1]: Starting Load Kernel Modules...
[    4.553210] systemd[1]: Starting Remount Root and Kernel File Systems...
[    4.554762] systemd[1]: Starting udev Coldplug all Devices...
[    4.556479] systemd[1]: Mounted Huge Pages File System.
[    4.556641] systemd[1]: Mounted POSIX Message Queue File System.
[    4.556781] systemd[1]: Mounted Kernel Debug File System.
[    4.556916] systemd[1]: Mounted Kernel Trace File System.
[    4.557365] systemd[1]: Finished Availability of block devices.
[    4.557947] systemd[1]: Finished Create list of static device nodes for the current kernel.
[    4.559459] RPC: Registered named UNIX socket transport module.
[    4.559460] RPC: Registered udp transport module.
[    4.559460] RPC: Registered tcp transport module.
[    4.559460] RPC: Registered tcp NFSv4.1 backchannel transport module.
[    4.560405] systemd[1]: Mounted RPC Pipe File System.
[    4.562664] EXT4-fs (sda3): re-mounted. Opts: errors=remount-ro
[    4.563861] systemd[1]: Finished Remount Root and Kernel File Systems.
[    4.565579] systemd[1]: Condition check resulted in Rebuild Hardware Database being skipped.
[    4.565609] systemd[1]: Condition check resulted in Platform Persistent Storage Archival being skipped.
[    4.566337] systemd[1]: Starting Load/Save Random Seed...
[    4.567190] systemd[1]: Starting Create System Users...
[    4.572223] lp: driver loaded but no devices found
[    4.583900] systemd[1]: Finished Load/Save Random Seed.
[    4.583966] ppdev: user-space parallel port driver
[    4.592346] systemd[1]: Finished Create System Users.
[    4.593284] systemd[1]: Starting Create Static Device Nodes in /dev...
[    4.596882] IPMI message handler: version 39.2
[    4.598309] ipmi device interface
[    4.599870] knem 1.1.4.90mlnx1: initialized
[    4.600826] systemd[1]: Finished Load Kernel Modules.
[    4.602096] systemd[1]: Mounting FUSE Control File System...
[    4.603067] systemd[1]: Mounting Kernel Configuration File System...
[    4.604137] systemd[1]: Starting Apply Kernel Variables...
[    4.605663] systemd[1]: Mounted FUSE Control File System.
[    4.605826] systemd[1]: Mounted Kernel Configuration File System.
[    4.606630] systemd[1]: Finished Create Static Device Nodes in /dev.
[    4.607726] systemd[1]: Starting udev Kernel Device Manager...
[    4.609348] systemd[1]: Finished Set the console keyboard layout.
[    4.617721] systemd[1]: Finished Apply Kernel Variables.
[    4.635617] systemd[1]: Started Journal Service.
[    4.640282] systemd-journald[731]: Received client request to flush runtime journal.
[    4.954486] ipmi_si: IPMI System Interface driver
[    4.954607] ipmi_si dmi-ipmi-si.0: ipmi_platform: probing via SMBIOS
[    4.954610] ipmi_platform: ipmi_si: SMBIOS: io 0xca2 regsize 1 spacing 1 irq 0
[    4.954611] ipmi_si: Adding SMBIOS-specified kcs state machine
[    4.955366] ipmi_si IPI0001:00: ipmi_platform: probing via ACPI
[    4.955574] ipmi_si IPI0001:00: ipmi_platform: [io  0x0ca2] regsize 1 spacing 1 irq 0
[    4.955576] ipmi_si dmi-ipmi-si.0: Removing SMBIOS-specified kcs state machine in favor of ACPI
[    4.955577] ipmi_si: Adding ACPI-specified kcs state machine
[    4.956229] ipmi_si: Trying ACPI-specified kcs state machine at i/o address 0xca2, slave address 0x20, irq 0
[    5.050557] power_meter ACPI000D:00: Found ACPI power meter.
[    5.050857] power_meter ACPI000D:00: Ignoring unsafe software power cap!
[    5.051037] power_meter ACPI000D:00: hwmon_device_register() is deprecated. Please convert the driver to use hwmon_device_register_with_info().
[    5.088304] mei_me 0000:00:16.0: Device doesn't have valid ME Interface
[    5.168028] nd_pmem namespace0.0: unable to guarantee persistence of writes
[    5.181883] RAPL PMU: API unit is 2^-32 Joules, 2 fixed counters, 655360 ms ovfl timer
[    5.181886] RAPL PMU: hw unit of domain package 2^-14 Joules
[    5.181887] RAPL PMU: hw unit of domain dram 2^-16 Joules
[    5.316487] mlx5_core 0000:02:00.1 enp2s0f1: renamed from enp2s0f1np1
[    5.321164] memmap_init_zone_device initialised 262144 pages in 20ms
[    5.322746] pmem0: detected capacity change from 0 to 1073741824
[    5.337938] ipmi_si IPI0001:00: IPMI message handler: Found new BMC (man_id: 0x000157, prod_id: 0x0071, dev_id: 0x21)
[    5.339124] EDAC sbridge: Seeking for: PCI ID 8086:6fa0
[    5.339144] EDAC sbridge: Seeking for: PCI ID 8086:6fa0
[    5.339172] EDAC sbridge: Seeking for: PCI ID 8086:6f60
[    5.339179] EDAC sbridge: Seeking for: PCI ID 8086:6f60
[    5.339184] EDAC sbridge: Seeking for: PCI ID 8086:6fa8
[    5.339191] EDAC sbridge: Seeking for: PCI ID 8086:6fa8
[    5.339197] EDAC sbridge: Seeking for: PCI ID 8086:6f71
[    5.339202] EDAC sbridge: Seeking for: PCI ID 8086:6f71
[    5.339206] EDAC sbridge: Seeking for: PCI ID 8086:6faa
[    5.339211] EDAC sbridge: Seeking for: PCI ID 8086:6faa
[    5.339216] EDAC sbridge: Seeking for: PCI ID 8086:6fab
[    5.339221] EDAC sbridge: Seeking for: PCI ID 8086:6fab
[    5.339225] EDAC sbridge: Seeking for: PCI ID 8086:6fac
[    5.339233] EDAC sbridge: Seeking for: PCI ID 8086:6fad
[    5.339241] EDAC sbridge: Seeking for: PCI ID 8086:6f68
[    5.339247] EDAC sbridge: Seeking for: PCI ID 8086:6f68
[    5.339251] EDAC sbridge: Seeking for: PCI ID 8086:6f79
[    5.339256] EDAC sbridge: Seeking for: PCI ID 8086:6f79
[    5.339260] EDAC sbridge: Seeking for: PCI ID 8086:6f6a
[    5.339266] EDAC sbridge: Seeking for: PCI ID 8086:6f6a
[    5.339270] EDAC sbridge: Seeking for: PCI ID 8086:6f6b
[    5.339276] EDAC sbridge: Seeking for: PCI ID 8086:6f6b
[    5.339279] EDAC sbridge: Seeking for: PCI ID 8086:6f6c
[    5.339287] EDAC sbridge: Seeking for: PCI ID 8086:6f6d
[    5.339399] EDAC sbridge: Seeking for: PCI ID 8086:6ffc
[    5.339412] EDAC sbridge: Seeking for: PCI ID 8086:6ffc
[    5.339424] EDAC sbridge: Seeking for: PCI ID 8086:6ffd
[    5.339430] EDAC sbridge: Seeking for: PCI ID 8086:6ffd
[    5.339437] EDAC sbridge: Seeking for: PCI ID 8086:6faf
[    5.339455] EDAC sbridge: Seeking for: PCI ID 8086:6faf
[    5.339604] EDAC sbridge: CPU SrcID #0, Ha #0, Channel #0 has DIMMs, but ECC is disabled
[    5.339612] EDAC sbridge: Couldn't find mci handler
[    5.339613] EDAC sbridge: Couldn't find mci handler
[    5.339614] EDAC sbridge: Failed to register device with error -19.
[    5.367649] mlx5_core 0000:02:00.0 enp2s0f0: renamed from enp2s0f0np0
[    5.397010] ipmi_si IPI0001:00: IPMI kcs interface initialized
[    5.411307] Adding 524284k swap on /dev/sda2.  Priority:-2 extents:1 across:524284k SSFS
[    5.416250] EDAC sbridge: Seeking for: PCI ID 8086:6fa0
[    5.416271] EDAC sbridge: Seeking for: PCI ID 8086:6fa0
[    5.416308] EDAC sbridge: Seeking for: PCI ID 8086:6f60
[    5.416312] EDAC sbridge: Seeking for: PCI ID 8086:6f60
[    5.416316] EDAC sbridge: Seeking for: PCI ID 8086:6fa8
[    5.416321] EDAC sbridge: Seeking for: PCI ID 8086:6fa8
[    5.416325] EDAC sbridge: Seeking for: PCI ID 8086:6f71
[    5.416329] EDAC sbridge: Seeking for: PCI ID 8086:6f71
[    5.416334] EDAC sbridge: Seeking for: PCI ID 8086:6faa
[    5.416338] EDAC sbridge: Seeking for: PCI ID 8086:6faa
[    5.416342] EDAC sbridge: Seeking for: PCI ID 8086:6fab
[    5.416346] EDAC sbridge: Seeking for: PCI ID 8086:6fab
[    5.416351] EDAC sbridge: Seeking for: PCI ID 8086:6fac
[    5.416358] EDAC sbridge: Seeking for: PCI ID 8086:6fad
[    5.416365] EDAC sbridge: Seeking for: PCI ID 8086:6f68
[    5.416370] EDAC sbridge: Seeking for: PCI ID 8086:6f68
[    5.416374] EDAC sbridge: Seeking for: PCI ID 8086:6f79
[    5.416379] EDAC sbridge: Seeking for: PCI ID 8086:6f79
[    5.416382] EDAC sbridge: Seeking for: PCI ID 8086:6f6a
[    5.416387] EDAC sbridge: Seeking for: PCI ID 8086:6f6a
[    5.416391] EDAC sbridge: Seeking for: PCI ID 8086:6f6b
[    5.416396] EDAC sbridge: Seeking for: PCI ID 8086:6f6b
[    5.416399] EDAC sbridge: Seeking for: PCI ID 8086:6f6c
[    5.416407] EDAC sbridge: Seeking for: PCI ID 8086:6f6d
[    5.416414] EDAC sbridge: Seeking for: PCI ID 8086:6ffc
[    5.416417] EDAC sbridge: Seeking for: PCI ID 8086:6ffc
[    5.416423] EDAC sbridge: Seeking for: PCI ID 8086:6ffd
[    5.416426] EDAC sbridge: Seeking for: PCI ID 8086:6ffd
[    5.416432] EDAC sbridge: Seeking for: PCI ID 8086:6faf
[    5.416436] EDAC sbridge: Seeking for: PCI ID 8086:6faf
[    5.416463] EDAC sbridge: CPU SrcID #0, Ha #0, Channel #0 has DIMMs, but ECC is disabled
[    5.416467] EDAC sbridge: Couldn't find mci handler
[    5.416468] EDAC sbridge: Couldn't find mci handler
[    5.416469] EDAC sbridge: Failed to register device with error -19.
[    5.417775] ipmi_ssif: IPMI SSIF Interface driver
[    5.422398] intel_rapl_common: Found RAPL domain package
[    5.422403] intel_rapl_common: Found RAPL domain dram
[    5.422404] intel_rapl_common: DRAM domain energy unit 15300pj
[    5.424239] EXT4-fs (sda1): mounted filesystem with ordered data mode. Opts: (null)
[    5.424247] ext4 filesystem being mounted at /boot supports timestamps until 2038 (0x7fffffff)
[    5.572865] EDAC sbridge: Seeking for: PCI ID 8086:6fa0
[    5.572889] EDAC sbridge: Seeking for: PCI ID 8086:6fa0
[    5.572920] EDAC sbridge: Seeking for: PCI ID 8086:6f60
[    5.572924] EDAC sbridge: Seeking for: PCI ID 8086:6f60
[    5.572929] EDAC sbridge: Seeking for: PCI ID 8086:6fa8
[    5.572933] EDAC sbridge: Seeking for: PCI ID 8086:6fa8
[    5.572938] EDAC sbridge: Seeking for: PCI ID 8086:6f71
[    5.572942] EDAC sbridge: Seeking for: PCI ID 8086:6f71
[    5.572947] EDAC sbridge: Seeking for: PCI ID 8086:6faa
[    5.572952] EDAC sbridge: Seeking for: PCI ID 8086:6faa
[    5.572957] EDAC sbridge: Seeking for: PCI ID 8086:6fab
[    5.572964] EDAC sbridge: Seeking for: PCI ID 8086:6fab
[    5.572969] EDAC sbridge: Seeking for: PCI ID 8086:6fac
[    5.572978] EDAC sbridge: Seeking for: PCI ID 8086:6fad
[    5.572986] EDAC sbridge: Seeking for: PCI ID 8086:6f68
[    5.572992] EDAC sbridge: Seeking for: PCI ID 8086:6f68
[    5.572996] EDAC sbridge: Seeking for: PCI ID 8086:6f79
[    5.573003] EDAC sbridge: Seeking for: PCI ID 8086:6f79
[    5.573007] EDAC sbridge: Seeking for: PCI ID 8086:6f6a
[    5.573016] EDAC sbridge: Seeking for: PCI ID 8086:6f6a
[    5.573021] EDAC sbridge: Seeking for: PCI ID 8086:6f6b
[    5.573027] EDAC sbridge: Seeking for: PCI ID 8086:6f6b
[    5.573031] EDAC sbridge: Seeking for: PCI ID 8086:6f6c
[    5.573038] EDAC sbridge: Seeking for: PCI ID 8086:6f6d
[    5.573045] EDAC sbridge: Seeking for: PCI ID 8086:6ffc
[    5.573049] EDAC sbridge: Seeking for: PCI ID 8086:6ffc
[    5.573055] EDAC sbridge: Seeking for: PCI ID 8086:6ffd
[    5.573070] EDAC sbridge: Seeking for: PCI ID 8086:6ffd
[    5.573076] EDAC sbridge: Seeking for: PCI ID 8086:6faf
[    5.573082] EDAC sbridge: Seeking for: PCI ID 8086:6faf
[    5.573190] EDAC sbridge: CPU SrcID #0, Ha #0, Channel #0 has DIMMs, but ECC is disabled
[    5.573205] EDAC sbridge: Couldn't find mci handler
[    5.573206] EDAC sbridge: Couldn't find mci handler
[    5.573209] EDAC sbridge: Failed to register device with error -19.
[    5.680369] EDAC sbridge: Seeking for: PCI ID 8086:6fa0
[    5.680402] EDAC sbridge: Seeking for: PCI ID 8086:6fa0
[    5.680426] EDAC sbridge: Seeking for: PCI ID 8086:6f60
[    5.680430] EDAC sbridge: Seeking for: PCI ID 8086:6f60
[    5.680434] EDAC sbridge: Seeking for: PCI ID 8086:6fa8
[    5.680439] EDAC sbridge: Seeking for: PCI ID 8086:6fa8
[    5.680443] EDAC sbridge: Seeking for: PCI ID 8086:6f71
[    5.680447] EDAC sbridge: Seeking for: PCI ID 8086:6f71
[    5.680452] EDAC sbridge: Seeking for: PCI ID 8086:6faa
[    5.680456] EDAC sbridge: Seeking for: PCI ID 8086:6faa
[    5.680461] EDAC sbridge: Seeking for: PCI ID 8086:6fab
[    5.680465] EDAC sbridge: Seeking for: PCI ID 8086:6fab
[    5.680469] EDAC sbridge: Seeking for: PCI ID 8086:6fac
[    5.680476] EDAC sbridge: Seeking for: PCI ID 8086:6fad
[    5.680484] EDAC sbridge: Seeking for: PCI ID 8086:6f68
[    5.680489] EDAC sbridge: Seeking for: PCI ID 8086:6f68
[    5.680492] EDAC sbridge: Seeking for: PCI ID 8086:6f79
[    5.680498] EDAC sbridge: Seeking for: PCI ID 8086:6f79
[    5.680501] EDAC sbridge: Seeking for: PCI ID 8086:6f6a
[    5.680506] EDAC sbridge: Seeking for: PCI ID 8086:6f6a
[    5.680510] EDAC sbridge: Seeking for: PCI ID 8086:6f6b
[    5.680515] EDAC sbridge: Seeking for: PCI ID 8086:6f6b
[    5.680519] EDAC sbridge: Seeking for: PCI ID 8086:6f6c
[    5.680526] EDAC sbridge: Seeking for: PCI ID 8086:6f6d
[    5.680533] EDAC sbridge: Seeking for: PCI ID 8086:6ffc
[    5.680537] EDAC sbridge: Seeking for: PCI ID 8086:6ffc
[    5.680542] EDAC sbridge: Seeking for: PCI ID 8086:6ffd
[    5.680546] EDAC sbridge: Seeking for: PCI ID 8086:6ffd
[    5.680551] EDAC sbridge: Seeking for: PCI ID 8086:6faf
[    5.680556] EDAC sbridge: Seeking for: PCI ID 8086:6faf
[    5.680588] EDAC sbridge: CPU SrcID #0, Ha #0, Channel #0 has DIMMs, but ECC is disabled
[    5.680596] EDAC sbridge: Couldn't find mci handler
[    5.680597] EDAC sbridge: Couldn't find mci handler
[    5.680600] EDAC sbridge: Failed to register device with error -19.
[    5.759986] EDAC sbridge: Seeking for: PCI ID 8086:6fa0
[    5.760021] EDAC sbridge: Seeking for: PCI ID 8086:6fa0
[    5.760058] EDAC sbridge: Seeking for: PCI ID 8086:6f60
[    5.760063] EDAC sbridge: Seeking for: PCI ID 8086:6f60
[    5.760068] EDAC sbridge: Seeking for: PCI ID 8086:6fa8
[    5.760072] EDAC sbridge: Seeking for: PCI ID 8086:6fa8
[    5.760077] EDAC sbridge: Seeking for: PCI ID 8086:6f71
[    5.760081] EDAC sbridge: Seeking for: PCI ID 8086:6f71
[    5.760085] EDAC sbridge: Seeking for: PCI ID 8086:6faa
[    5.760095] EDAC sbridge: Seeking for: PCI ID 8086:6faa
[    5.760102] EDAC sbridge: Seeking for: PCI ID 8086:6fab
[    5.760107] EDAC sbridge: Seeking for: PCI ID 8086:6fab
[    5.760113] EDAC sbridge: Seeking for: PCI ID 8086:6fac
[    5.760125] EDAC sbridge: Seeking for: PCI ID 8086:6fad
[    5.760136] EDAC sbridge: Seeking for: PCI ID 8086:6f68
[    5.760144] EDAC sbridge: Seeking for: PCI ID 8086:6f68
[    5.760149] EDAC sbridge: Seeking for: PCI ID 8086:6f79
[    5.760156] EDAC sbridge: Seeking for: PCI ID 8086:6f79
[    5.760160] EDAC sbridge: Seeking for: PCI ID 8086:6f6a
[    5.760165] EDAC sbridge: Seeking for: PCI ID 8086:6f6a
[    5.760173] EDAC sbridge: Seeking for: PCI ID 8086:6f6b
[    5.760182] EDAC sbridge: Seeking for: PCI ID 8086:6f6b
[    5.760188] EDAC sbridge: Seeking for: PCI ID 8086:6f6c
[    5.760197] EDAC sbridge: Seeking for: PCI ID 8086:6f6d
[    5.760207] EDAC sbridge: Seeking for: PCI ID 8086:6ffc
[    5.760213] EDAC sbridge: Seeking for: PCI ID 8086:6ffc
[    5.760220] EDAC sbridge: Seeking for: PCI ID 8086:6ffd
[    5.760224] EDAC sbridge: Seeking for: PCI ID 8086:6ffd
[    5.760231] EDAC sbridge: Seeking for: PCI ID 8086:6faf
[    5.760236] EDAC sbridge: Seeking for: PCI ID 8086:6faf
[    5.760267] EDAC sbridge: CPU SrcID #0, Ha #0, Channel #0 has DIMMs, but ECC is disabled
[    5.760271] EDAC sbridge: Couldn't find mci handler
[    5.760272] EDAC sbridge: Couldn't find mci handler
[    5.760273] EDAC sbridge: Failed to register device with error -19.
[    5.836018] EDAC sbridge: Seeking for: PCI ID 8086:6fa0
[    5.836030] EDAC sbridge: Seeking for: PCI ID 8086:6fa0
[    5.836040] EDAC sbridge: Seeking for: PCI ID 8086:6f60
[    5.836045] EDAC sbridge: Seeking for: PCI ID 8086:6f60
[    5.836051] EDAC sbridge: Seeking for: PCI ID 8086:6fa8
[    5.836056] EDAC sbridge: Seeking for: PCI ID 8086:6fa8
[    5.836062] EDAC sbridge: Seeking for: PCI ID 8086:6f71
[    5.836067] EDAC sbridge: Seeking for: PCI ID 8086:6f71
[    5.836073] EDAC sbridge: Seeking for: PCI ID 8086:6faa
[    5.836078] EDAC sbridge: Seeking for: PCI ID 8086:6faa
[    5.836083] EDAC sbridge: Seeking for: PCI ID 8086:6fab
[    5.836089] EDAC sbridge: Seeking for: PCI ID 8086:6fab
[    5.836094] EDAC sbridge: Seeking for: PCI ID 8086:6fac
[    5.836103] EDAC sbridge: Seeking for: PCI ID 8086:6fad
[    5.836112] EDAC sbridge: Seeking for: PCI ID 8086:6f68
[    5.836118] EDAC sbridge: Seeking for: PCI ID 8086:6f68
[    5.836123] EDAC sbridge: Seeking for: PCI ID 8086:6f79
[    5.836129] EDAC sbridge: Seeking for: PCI ID 8086:6f79
[    5.836133] EDAC sbridge: Seeking for: PCI ID 8086:6f6a
[    5.836139] EDAC sbridge: Seeking for: PCI ID 8086:6f6a
[    5.836144] EDAC sbridge: Seeking for: PCI ID 8086:6f6b
[    5.836150] EDAC sbridge: Seeking for: PCI ID 8086:6f6b
[    5.836154] EDAC sbridge: Seeking for: PCI ID 8086:6f6c
[    5.836163] EDAC sbridge: Seeking for: PCI ID 8086:6f6d
[    5.836172] EDAC sbridge: Seeking for: PCI ID 8086:6ffc
[    5.836176] EDAC sbridge: Seeking for: PCI ID 8086:6ffc
[    5.836183] EDAC sbridge: Seeking for: PCI ID 8086:6ffd
[    5.836186] EDAC sbridge: Seeking for: PCI ID 8086:6ffd
[    5.836193] EDAC sbridge: Seeking for: PCI ID 8086:6faf
[    5.836198] EDAC sbridge: Seeking for: PCI ID 8086:6faf
[    5.836246] EDAC sbridge: CPU SrcID #0, Ha #0, Channel #0 has DIMMs, but ECC is disabled
[    5.836252] EDAC sbridge: Couldn't find mci handler
[    5.836253] EDAC sbridge: Couldn't find mci handler
[    5.836255] EDAC sbridge: Failed to register device with error -19.
[    5.891948] EDAC sbridge: Seeking for: PCI ID 8086:6fa0
[    5.891986] EDAC sbridge: Seeking for: PCI ID 8086:6fa0
[    5.892016] EDAC sbridge: Seeking for: PCI ID 8086:6f60
[    5.892020] EDAC sbridge: Seeking for: PCI ID 8086:6f60
[    5.892025] EDAC sbridge: Seeking for: PCI ID 8086:6fa8
[    5.892029] EDAC sbridge: Seeking for: PCI ID 8086:6fa8
[    5.892033] EDAC sbridge: Seeking for: PCI ID 8086:6f71
[    5.892038] EDAC sbridge: Seeking for: PCI ID 8086:6f71
[    5.892042] EDAC sbridge: Seeking for: PCI ID 8086:6faa
[    5.892047] EDAC sbridge: Seeking for: PCI ID 8086:6faa
[    5.892051] EDAC sbridge: Seeking for: PCI ID 8086:6fab
[    5.892056] EDAC sbridge: Seeking for: PCI ID 8086:6fab
[    5.892060] EDAC sbridge: Seeking for: PCI ID 8086:6fac
[    5.892068] EDAC sbridge: Seeking for: PCI ID 8086:6fad
[    5.892075] EDAC sbridge: Seeking for: PCI ID 8086:6f68
[    5.892080] EDAC sbridge: Seeking for: PCI ID 8086:6f68
[    5.892083] EDAC sbridge: Seeking for: PCI ID 8086:6f79
[    5.892089] EDAC sbridge: Seeking for: PCI ID 8086:6f79
[    5.892092] EDAC sbridge: Seeking for: PCI ID 8086:6f6a
[    5.892097] EDAC sbridge: Seeking for: PCI ID 8086:6f6a
[    5.892101] EDAC sbridge: Seeking for: PCI ID 8086:6f6b
[    5.892106] EDAC sbridge: Seeking for: PCI ID 8086:6f6b
[    5.892110] EDAC sbridge: Seeking for: PCI ID 8086:6f6c
[    5.892117] EDAC sbridge: Seeking for: PCI ID 8086:6f6d
[    5.892124] EDAC sbridge: Seeking for: PCI ID 8086:6ffc
[    5.892128] EDAC sbridge: Seeking for: PCI ID 8086:6ffc
[    5.892133] EDAC sbridge: Seeking for: PCI ID 8086:6ffd
[    5.892137] EDAC sbridge: Seeking for: PCI ID 8086:6ffd
[    5.892142] EDAC sbridge: Seeking for: PCI ID 8086:6faf
[    5.892147] EDAC sbridge: Seeking for: PCI ID 8086:6faf
[    5.892191] EDAC sbridge: CPU SrcID #0, Ha #0, Channel #0 has DIMMs, but ECC is disabled
[    5.892196] EDAC sbridge: Couldn't find mci handler
[    5.892197] EDAC sbridge: Couldn't find mci handler
[    5.892198] EDAC sbridge: Failed to register device with error -19.
[    5.967841] EDAC sbridge: Seeking for: PCI ID 8086:6fa0
[    5.967854] EDAC sbridge: Seeking for: PCI ID 8086:6fa0
[    5.967873] EDAC sbridge: Seeking for: PCI ID 8086:6f60
[    5.967877] EDAC sbridge: Seeking for: PCI ID 8086:6f60
[    5.967882] EDAC sbridge: Seeking for: PCI ID 8086:6fa8
[    5.967886] EDAC sbridge: Seeking for: PCI ID 8086:6fa8
[    5.967891] EDAC sbridge: Seeking for: PCI ID 8086:6f71
[    5.967895] EDAC sbridge: Seeking for: PCI ID 8086:6f71
[    5.967899] EDAC sbridge: Seeking for: PCI ID 8086:6faa
[    5.967903] EDAC sbridge: Seeking for: PCI ID 8086:6faa
[    5.967908] EDAC sbridge: Seeking for: PCI ID 8086:6fab
[    5.967912] EDAC sbridge: Seeking for: PCI ID 8086:6fab
[    5.967916] EDAC sbridge: Seeking for: PCI ID 8086:6fac
[    5.967924] EDAC sbridge: Seeking for: PCI ID 8086:6fad
[    5.967931] EDAC sbridge: Seeking for: PCI ID 8086:6f68
[    5.967937] EDAC sbridge: Seeking for: PCI ID 8086:6f68
[    5.967941] EDAC sbridge: Seeking for: PCI ID 8086:6f79
[    5.967946] EDAC sbridge: Seeking for: PCI ID 8086:6f79
[    5.967950] EDAC sbridge: Seeking for: PCI ID 8086:6f6a
[    5.967956] EDAC sbridge: Seeking for: PCI ID 8086:6f6a
[    5.967959] EDAC sbridge: Seeking for: PCI ID 8086:6f6b
[    5.967965] EDAC sbridge: Seeking for: PCI ID 8086:6f6b
[    5.967968] EDAC sbridge: Seeking for: PCI ID 8086:6f6c
[    5.967975] EDAC sbridge: Seeking for: PCI ID 8086:6f6d
[    5.967983] EDAC sbridge: Seeking for: PCI ID 8086:6ffc
[    5.967986] EDAC sbridge: Seeking for: PCI ID 8086:6ffc
[    5.967991] EDAC sbridge: Seeking for: PCI ID 8086:6ffd
[    5.967994] EDAC sbridge: Seeking for: PCI ID 8086:6ffd
[    5.968000] EDAC sbridge: Seeking for: PCI ID 8086:6faf
[    5.968004] EDAC sbridge: Seeking for: PCI ID 8086:6faf
[    5.968030] EDAC sbridge: CPU SrcID #0, Ha #0, Channel #0 has DIMMs, but ECC is disabled
[    5.968035] EDAC sbridge: Couldn't find mci handler
[    5.968036] EDAC sbridge: Couldn't find mci handler
[    5.968037] EDAC sbridge: Failed to register device with error -19.
[    6.032042] EDAC sbridge: Seeking for: PCI ID 8086:6fa0
[    6.032058] EDAC sbridge: Seeking for: PCI ID 8086:6fa0
[    6.032077] EDAC sbridge: Seeking for: PCI ID 8086:6f60
[    6.032081] EDAC sbridge: Seeking for: PCI ID 8086:6f60
[    6.032085] EDAC sbridge: Seeking for: PCI ID 8086:6fa8
[    6.032089] EDAC sbridge: Seeking for: PCI ID 8086:6fa8
[    6.032094] EDAC sbridge: Seeking for: PCI ID 8086:6f71
[    6.032098] EDAC sbridge: Seeking for: PCI ID 8086:6f71
[    6.032102] EDAC sbridge: Seeking for: PCI ID 8086:6faa
[    6.032106] EDAC sbridge: Seeking for: PCI ID 8086:6faa
[    6.032111] EDAC sbridge: Seeking for: PCI ID 8086:6fab
[    6.032115] EDAC sbridge: Seeking for: PCI ID 8086:6fab
[    6.032120] EDAC sbridge: Seeking for: PCI ID 8086:6fac
[    6.032127] EDAC sbridge: Seeking for: PCI ID 8086:6fad
[    6.032134] EDAC sbridge: Seeking for: PCI ID 8086:6f68
[    6.032139] EDAC sbridge: Seeking for: PCI ID 8086:6f68
[    6.032143] EDAC sbridge: Seeking for: PCI ID 8086:6f79
[    6.032148] EDAC sbridge: Seeking for: PCI ID 8086:6f79
[    6.032152] EDAC sbridge: Seeking for: PCI ID 8086:6f6a
[    6.032157] EDAC sbridge: Seeking for: PCI ID 8086:6f6a
[    6.032160] EDAC sbridge: Seeking for: PCI ID 8086:6f6b
[    6.032165] EDAC sbridge: Seeking for: PCI ID 8086:6f6b
[    6.032169] EDAC sbridge: Seeking for: PCI ID 8086:6f6c
[    6.032176] EDAC sbridge: Seeking for: PCI ID 8086:6f6d
[    6.032184] EDAC sbridge: Seeking for: PCI ID 8086:6ffc
[    6.032187] EDAC sbridge: Seeking for: PCI ID 8086:6ffc
[    6.032192] EDAC sbridge: Seeking for: PCI ID 8086:6ffd
[    6.032195] EDAC sbridge: Seeking for: PCI ID 8086:6ffd
[    6.032201] EDAC sbridge: Seeking for: PCI ID 8086:6faf
[    6.032205] EDAC sbridge: Seeking for: PCI ID 8086:6faf
[    6.032233] EDAC sbridge: CPU SrcID #0, Ha #0, Channel #0 has DIMMs, but ECC is disabled
[    6.032237] EDAC sbridge: Couldn't find mci handler
[    6.032238] EDAC sbridge: Couldn't find mci handler
[    6.032239] EDAC sbridge: Failed to register device with error -19.
[    6.084018] EDAC sbridge: Seeking for: PCI ID 8086:6fa0
[    6.084026] EDAC sbridge: Seeking for: PCI ID 8086:6fa0
[    6.084039] EDAC sbridge: Seeking for: PCI ID 8086:6f60
[    6.084043] EDAC sbridge: Seeking for: PCI ID 8086:6f60
[    6.084048] EDAC sbridge: Seeking for: PCI ID 8086:6fa8
[    6.084052] EDAC sbridge: Seeking for: PCI ID 8086:6fa8
[    6.084057] EDAC sbridge: Seeking for: PCI ID 8086:6f71
[    6.084061] EDAC sbridge: Seeking for: PCI ID 8086:6f71
[    6.084065] EDAC sbridge: Seeking for: PCI ID 8086:6faa
[    6.084069] EDAC sbridge: Seeking for: PCI ID 8086:6faa
[    6.084074] EDAC sbridge: Seeking for: PCI ID 8086:6fab
