[    0.000000] microcode: microcode updated early to revision 0xb000040, date = 2021-05-19
[    0.000000] Linux version 5.4.189kernel-module-force-unload (root@axdimm.ittc.ku.edu) (gcc version 9.3.0 (Ubuntu 9.3.0-10ubuntu2)) #2 SMP Sat Jun 18 03:10:44 CDT 2022 (Ubuntu 5.4.0-48.52-generic 5.4.60)
[    0.000000] Command line: BOOT_IMAGE=/vmlinuz-5.4.189kernel-module-force-unload root=UUID=97bb639d-d0e3-415b-bcde-fdf9da1fdb83 ro quiet splash nokaslr memmap=32G!1G vt.handoff=7
[    0.000000] KERNEL supported cpus:
[    0.000000]   Intel GenuineIntel
[    0.000000]   AMD AuthenticAMD
[    0.000000]   Hygon HygonGenuine
[    0.000000]   Centaur CentaurHauls
[    0.000000]   zhaoxin   Shanghai  
[    0.000000] x86/fpu: Supporting XSAVE feature 0x001: 'x87 floating point registers'
[    0.000000] x86/fpu: Supporting XSAVE feature 0x002: 'SSE registers'
[    0.000000] x86/fpu: Supporting XSAVE feature 0x004: 'AVX registers'
[    0.000000] x86/fpu: xstate_offset[2]:  576, xstate_sizes[2]:  256
[    0.000000] x86/fpu: Enabled xstate features 0x7, context size is 832 bytes, using 'standard' format.
[    0.000000] BIOS-provided physical RAM map:
[    0.000000] BIOS-e820: [mem 0x0000000000000000-0x0000000000099bff] usable
[    0.000000] BIOS-e820: [mem 0x0000000000099c00-0x000000000009ffff] reserved
[    0.000000] BIOS-e820: [mem 0x00000000000e0000-0x00000000000fffff] reserved
[    0.000000] BIOS-e820: [mem 0x0000000000100000-0x000000007902ffff] usable
[    0.000000] BIOS-e820: [mem 0x0000000079030000-0x00000000798bcfff] reserved
[    0.000000] BIOS-e820: [mem 0x00000000798bd000-0x0000000079de3fff] ACPI NVS
[    0.000000] BIOS-e820: [mem 0x0000000079de4000-0x000000008fffffff] reserved
[    0.000000] BIOS-e820: [mem 0x00000000fed1c000-0x00000000fed44fff] reserved
[    0.000000] BIOS-e820: [mem 0x00000000ff000000-0x00000000ffffffff] reserved
[    0.000000] BIOS-e820: [mem 0x0000000900000000-0x000000107fffffff] usable
[    0.000000] NX (Execute Disable) protection: active
[    0.000000] user-defined physical RAM map:
[    0.000000] user: [mem 0x0000000000000000-0x0000000000099bff] usable
[    0.000000] user: [mem 0x0000000000099c00-0x000000000009ffff] reserved
[    0.000000] user: [mem 0x00000000000e0000-0x00000000000fffff] reserved
[    0.000000] user: [mem 0x0000000000100000-0x000000003fffffff] usable
[    0.000000] user: [mem 0x0000000040000000-0x000000007902ffff] persistent (type 12)
[    0.000000] user: [mem 0x0000000079030000-0x00000000798bcfff] persistent (type 12)
[    0.000000] user: [mem 0x00000000798bd000-0x0000000079de3fff] persistent (type 12)
[    0.000000] user: [mem 0x0000000079de4000-0x000000008fffffff] persistent (type 12)
[    0.000000] user: [mem 0x0000000090000000-0x00000000fed1bfff] persistent (type 12)
[    0.000000] user: [mem 0x00000000fed1c000-0x00000000fed44fff] persistent (type 12)
[    0.000000] user: [mem 0x00000000fed45000-0x00000000feffffff] persistent (type 12)
[    0.000000] user: [mem 0x00000000ff000000-0x00000000ffffffff] persistent (type 12)
[    0.000000] user: [mem 0x0000000100000000-0x000000083fffffff] persistent (type 12)
[    0.000000] user: [mem 0x0000000900000000-0x000000107fffffff] usable
[    0.000000] SMBIOS 3.0 present.
[    0.000000] DMI: Default string Default string/Default string, BIOS 5.11 01/21/2022
[    0.000000] tsc: Fast TSC calibration using PIT
[    0.000000] tsc: Detected 2194.854 MHz processor
[    0.001172] e820: update [mem 0x00000000-0x00000fff] usable ==> reserved
[    0.001173] e820: remove [mem 0x000a0000-0x000fffff] usable
[    0.001179] last_pfn = 0x1080000 max_arch_pfn = 0x400000000
[    0.001184] MTRR default type: write-back
[    0.001185] MTRR fixed ranges enabled:
[    0.001186]   00000-9FFFF write-back
[    0.001187]   A0000-BFFFF uncachable
[    0.001188]   C0000-FFFFF write-protect
[    0.001189] MTRR variable ranges enabled:
[    0.001191]   0 base 000080000000 mask 3FFF80000000 uncachable
[    0.001192]   1 base 380000000000 mask 3FC000000000 uncachable
[    0.001193]   2 base 0000FA000000 mask 3FFFFF000000 write-through
[    0.001193]   3 base 383FFA000000 mask 3FFFFE000000 write-through
[    0.001194]   4 base 383FFC000000 mask 3FFFFE000000 write-through
[    0.001195]   5 base 383FFE000000 mask 3FFFFF000000 write-through
[    0.001196]   6 disabled
[    0.001196]   7 disabled
[    0.001197]   8 disabled
[    0.001197]   9 disabled
[    0.001906] x86/PAT: Configuration [0-7]: WB  WC  UC- UC  WB  WP  UC- WT  
[    0.002174] last_pfn = 0x40000 max_arch_pfn = 0x400000000
[    0.010964] found SMP MP-table at [mem 0x000fce20-0x000fce2f]
[    0.011044] check: Scanning 1 areas for low memory corruption
[    0.011050] Using GB pages for direct mapping
[    0.011269] RAMDISK: [mem 0x2d663000-0x32b28fff]
[    0.011276] ACPI: Early table checksum verification disabled
[    0.011281] ACPI: RSDP 0x00000000000F05B0 000024 (v02 ALASKA)
[    0.011285] ACPI: XSDT 0x00000000799250A0 0000BC (v01 ALASKA A M I    01072009 AMI  00010013)
[    0.011292] ACPI: FACP 0x00000000799586E0 00010C (v05 ALASKA A M I    01072009 AMI  00010013)
[    0.011298] ACPI: DSDT 0x00000000799251F0 0334EC (v02 ALASKA A M I    01072009 INTL 20091013)
[    0.011301] ACPI: FACS 0x0000000079DE2F80 000040
[    0.011303] ACPI: APIC 0x00000000799587F0 000288 (v03 ALASKA A M I    01072009 AMI  00010013)
[    0.011307] ACPI: FPDT 0x0000000079958A78 000044 (v01 ALASKA A M I    01072009 AMI  00010013)
[    0.011309] ACPI: FIDT 0x0000000079958AC0 00009C (v01 ALASKA A M I    01072009 AMI  00010013)
[    0.011312] ACPI: SPMI 0x0000000079958B60 000041 (v05 ALASKA A M I    00000000 AMI. 00000000)
[    0.011315] ACPI: MCFG 0x0000000079958BA8 00003C (v01 ALASKA A M I    01072009 MSFT 00000097)
[    0.011318] ACPI: UEFI 0x0000000079958BE8 000042 (v01 ALASKA A M I    01072009      00000000)
[    0.011321] ACPI: HPET 0x0000000079958C30 000038 (v01 ALASKA A M I    00000001 INTL 20091013)
[    0.011324] ACPI: MSCT 0x0000000079958C68 000090 (v01 ALASKA A M I    00000001 INTL 20091013)
[    0.011327] ACPI: SLIT 0x0000000079958CF8 00002D (v01 ALASKA A M I    00000001 INTL 20091013)
[    0.011330] ACPI: SRAT 0x0000000079958D28 001158 (v03 ALASKA A M I    00000001 INTL 20091013)
[    0.011333] ACPI: WDDT 0x0000000079959E80 000040 (v01 ALASKA A M I    00000000 INTL 20091013)
[    0.011335] ACPI: SSDT 0x0000000079959EC0 01700F (v02 ALASKA PmMgt    00000001 INTL 20120913)
[    0.011338] ACPI: NITR 0x0000000079970ED0 000071 (v02 ALASKA A M I    00000001 INTL 20091013)
[    0.011341] ACPI: SPCR 0x0000000079970F48 000050 (v01 A M I  APTIO V  01072009 AMI. 0005000B)
[    0.011344] ACPI: SSDT 0x0000000079970F98 002652 (v02 ALASKA SpsNm    00000002 INTL 20120913)
[    0.011347] ACPI: SSDT 0x00000000799735F0 000064 (v02 ALASKA SpsNvs   00000002 INTL 20120913)
[    0.011350] ACPI: PRAD 0x0000000079973658 000102 (v02 ALASKA A M I    00000002 INTL 20120913)
[    0.011353] ACPI: DMAR 0x0000000079973760 0000BC (v01 ALASKA A M I    00000001 INTL 20091013)
[    0.011356] ACPI: Reserving FACP table memory at [mem 0x799586e0-0x799587eb]
[    0.011357] ACPI: Reserving DSDT table memory at [mem 0x799251f0-0x799586db]
[    0.011358] ACPI: Reserving FACS table memory at [mem 0x79de2f80-0x79de2fbf]
[    0.011359] ACPI: Reserving APIC table memory at [mem 0x799587f0-0x79958a77]
[    0.011359] ACPI: Reserving FPDT table memory at [mem 0x79958a78-0x79958abb]
[    0.011360] ACPI: Reserving FIDT table memory at [mem 0x79958ac0-0x79958b5b]
[    0.011361] ACPI: Reserving SPMI table memory at [mem 0x79958b60-0x79958ba0]
[    0.011362] ACPI: Reserving MCFG table memory at [mem 0x79958ba8-0x79958be3]
[    0.011363] ACPI: Reserving UEFI table memory at [mem 0x79958be8-0x79958c29]
[    0.011363] ACPI: Reserving HPET table memory at [mem 0x79958c30-0x79958c67]
[    0.011364] ACPI: Reserving MSCT table memory at [mem 0x79958c68-0x79958cf7]
[    0.011365] ACPI: Reserving SLIT table memory at [mem 0x79958cf8-0x79958d24]
[    0.011366] ACPI: Reserving SRAT table memory at [mem 0x79958d28-0x79959e7f]
[    0.011366] ACPI: Reserving WDDT table memory at [mem 0x79959e80-0x79959ebf]
[    0.011367] ACPI: Reserving SSDT table memory at [mem 0x79959ec0-0x79970ece]
[    0.011368] ACPI: Reserving NITR table memory at [mem 0x79970ed0-0x79970f40]
[    0.011369] ACPI: Reserving SPCR table memory at [mem 0x79970f48-0x79970f97]
[    0.011369] ACPI: Reserving SSDT table memory at [mem 0x79970f98-0x799735e9]
[    0.011370] ACPI: Reserving SSDT table memory at [mem 0x799735f0-0x79973653]
[    0.011371] ACPI: Reserving PRAD table memory at [mem 0x79973658-0x79973759]
[    0.011372] ACPI: Reserving DMAR table memory at [mem 0x79973760-0x7997381b]
[    0.011383] ACPI: Local APIC address 0xfee00000
[    0.011416] SRAT: PXM 0 -> APIC 0x00 -> Node 0
[    0.011417] SRAT: PXM 0 -> APIC 0x02 -> Node 0
[    0.011418] SRAT: PXM 0 -> APIC 0x04 -> Node 0
[    0.011418] SRAT: PXM 0 -> APIC 0x06 -> Node 0
[    0.011419] SRAT: PXM 0 -> APIC 0x08 -> Node 0
[    0.011420] SRAT: PXM 0 -> APIC 0x10 -> Node 0
[    0.011420] SRAT: PXM 0 -> APIC 0x12 -> Node 0
[    0.011421] SRAT: PXM 0 -> APIC 0x14 -> Node 0
[    0.011421] SRAT: PXM 0 -> APIC 0x16 -> Node 0
[    0.011422] SRAT: PXM 0 -> APIC 0x18 -> Node 0
[    0.011422] SRAT: PXM 0 -> APIC 0x20 -> Node 0
[    0.011423] SRAT: PXM 0 -> APIC 0x22 -> Node 0
[    0.011424] SRAT: PXM 0 -> APIC 0x24 -> Node 0
[    0.011424] SRAT: PXM 0 -> APIC 0x26 -> Node 0
[    0.011425] SRAT: PXM 0 -> APIC 0x28 -> Node 0
[    0.011425] SRAT: PXM 0 -> APIC 0x30 -> Node 0
[    0.011426] SRAT: PXM 0 -> APIC 0x32 -> Node 0
[    0.011426] SRAT: PXM 0 -> APIC 0x34 -> Node 0
[    0.011427] SRAT: PXM 0 -> APIC 0x36 -> Node 0
[    0.011427] SRAT: PXM 0 -> APIC 0x38 -> Node 0
[    0.011428] SRAT: PXM 0 -> APIC 0x01 -> Node 0
[    0.011429] SRAT: PXM 0 -> APIC 0x03 -> Node 0
[    0.011429] SRAT: PXM 0 -> APIC 0x05 -> Node 0
[    0.011430] SRAT: PXM 0 -> APIC 0x07 -> Node 0
[    0.011430] SRAT: PXM 0 -> APIC 0x09 -> Node 0
[    0.011431] SRAT: PXM 0 -> APIC 0x11 -> Node 0
[    0.011431] SRAT: PXM 0 -> APIC 0x13 -> Node 0
[    0.011432] SRAT: PXM 0 -> APIC 0x15 -> Node 0
[    0.011433] SRAT: PXM 0 -> APIC 0x17 -> Node 0
[    0.011433] SRAT: PXM 0 -> APIC 0x19 -> Node 0
[    0.011434] SRAT: PXM 0 -> APIC 0x21 -> Node 0
[    0.011434] SRAT: PXM 0 -> APIC 0x23 -> Node 0
[    0.011435] SRAT: PXM 0 -> APIC 0x25 -> Node 0
[    0.011435] SRAT: PXM 0 -> APIC 0x27 -> Node 0
[    0.011436] SRAT: PXM 0 -> APIC 0x29 -> Node 0
[    0.011436] SRAT: PXM 0 -> APIC 0x31 -> Node 0
[    0.011437] SRAT: PXM 0 -> APIC 0x33 -> Node 0
[    0.011438] SRAT: PXM 0 -> APIC 0x35 -> Node 0
[    0.011438] SRAT: PXM 0 -> APIC 0x37 -> Node 0
[    0.011439] SRAT: PXM 0 -> APIC 0x39 -> Node 0
[    0.011447] ACPI: SRAT: Node 0 PXM 0 [mem 0x00000000-0x7fffffff]
[    0.011448] ACPI: SRAT: Node 0 PXM 0 [mem 0x100000000-0x107fffffff]
[    0.011454] NUMA: Initialized distance table, cnt=1
[    0.011457] NUMA: Node 0 [mem 0x00000000-0x7fffffff] + [mem 0x100000000-0x107fffffff] -> [mem 0x00000000-0x107fffffff]
[    0.011467] NODE_DATA(0) allocated [mem 0x107ffd4000-0x107fffefff]
[    0.011732] Zone ranges:
[    0.011733]   DMA      [mem 0x0000000000001000-0x0000000000ffffff]
[    0.011734]   DMA32    [mem 0x0000000001000000-0x00000000ffffffff]
[    0.011735]   Normal   [mem 0x0000000100000000-0x000000107fffffff]
[    0.011736]   Device   empty
[    0.011737] Movable zone start for each node
[    0.011741] Early memory node ranges
[    0.011742]   node   0: [mem 0x0000000000001000-0x0000000000098fff]
[    0.011743]   node   0: [mem 0x0000000000100000-0x000000003fffffff]
[    0.011744]   node   0: [mem 0x0000000900000000-0x000000107fffffff]
[    0.011840] Zeroed struct page in unavailable ranges: 104 pages
[    0.011841] Initmem setup node 0 [mem 0x0000000000001000-0x000000107fffffff]
[    0.011843] On node 0 totalpages: 8126360
[    0.011844]   DMA zone: 64 pages used for memmap
[    0.011844]   DMA zone: 21 pages reserved
[    0.011845]   DMA zone: 3992 pages, LIFO batch:0
[    0.011916]   DMA32 zone: 4032 pages used for memmap
[    0.011916]   DMA32 zone: 258048 pages, LIFO batch:63
[    0.019986]   Normal zone: 122880 pages used for memmap
[    0.019987]   Normal zone: 7864320 pages, LIFO batch:63
[    0.263706] ACPI: PM-Timer IO Port: 0x408
[    0.263710] ACPI: Local APIC address 0xfee00000
[    0.263724] ACPI: LAPIC_NMI (acpi_id[0x00] high edge lint[0x1])
[    0.263724] ACPI: LAPIC_NMI (acpi_id[0x02] high edge lint[0x1])
[    0.263725] ACPI: LAPIC_NMI (acpi_id[0x04] high edge lint[0x1])
[    0.263726] ACPI: LAPIC_NMI (acpi_id[0x06] high edge lint[0x1])
[    0.263726] ACPI: LAPIC_NMI (acpi_id[0x08] high edge lint[0x1])
[    0.263727] ACPI: LAPIC_NMI (acpi_id[0x10] high edge lint[0x1])
[    0.263728] ACPI: LAPIC_NMI (acpi_id[0x12] high edge lint[0x1])
[    0.263728] ACPI: LAPIC_NMI (acpi_id[0x14] high edge lint[0x1])
[    0.263729] ACPI: LAPIC_NMI (acpi_id[0x16] high edge lint[0x1])
[    0.263729] ACPI: LAPIC_NMI (acpi_id[0x18] high edge lint[0x1])
[    0.263730] ACPI: LAPIC_NMI (acpi_id[0x20] high edge lint[0x1])
[    0.263731] ACPI: LAPIC_NMI (acpi_id[0x22] high edge lint[0x1])
[    0.263731] ACPI: LAPIC_NMI (acpi_id[0x24] high edge lint[0x1])
[    0.263732] ACPI: LAPIC_NMI (acpi_id[0x26] high edge lint[0x1])
[    0.263732] ACPI: LAPIC_NMI (acpi_id[0x28] high edge lint[0x1])
[    0.263733] ACPI: LAPIC_NMI (acpi_id[0x30] high edge lint[0x1])
[    0.263734] ACPI: LAPIC_NMI (acpi_id[0x32] high edge lint[0x1])
[    0.263734] ACPI: LAPIC_NMI (acpi_id[0x34] high edge lint[0x1])
[    0.263735] ACPI: LAPIC_NMI (acpi_id[0x36] high edge lint[0x1])
[    0.263735] ACPI: LAPIC_NMI (acpi_id[0x38] high edge lint[0x1])
[    0.263736] ACPI: LAPIC_NMI (acpi_id[0x01] high edge lint[0x1])
[    0.263736] ACPI: LAPIC_NMI (acpi_id[0x03] high edge lint[0x1])
[    0.263737] ACPI: LAPIC_NMI (acpi_id[0x05] high edge lint[0x1])
[    0.263738] ACPI: LAPIC_NMI (acpi_id[0x07] high edge lint[0x1])
[    0.263738] ACPI: LAPIC_NMI (acpi_id[0x09] high edge lint[0x1])
[    0.263739] ACPI: LAPIC_NMI (acpi_id[0x11] high edge lint[0x1])
[    0.263739] ACPI: LAPIC_NMI (acpi_id[0x13] high edge lint[0x1])
[    0.263740] ACPI: LAPIC_NMI (acpi_id[0x15] high edge lint[0x1])
[    0.263741] ACPI: LAPIC_NMI (acpi_id[0x17] high edge lint[0x1])
[    0.263741] ACPI: LAPIC_NMI (acpi_id[0x19] high edge lint[0x1])
[    0.263742] ACPI: LAPIC_NMI (acpi_id[0x21] high edge lint[0x1])
[    0.263742] ACPI: LAPIC_NMI (acpi_id[0x23] high edge lint[0x1])
[    0.263743] ACPI: LAPIC_NMI (acpi_id[0x25] high edge lint[0x1])
[    0.263744] ACPI: LAPIC_NMI (acpi_id[0x27] high edge lint[0x1])
[    0.263744] ACPI: LAPIC_NMI (acpi_id[0x29] high edge lint[0x1])
[    0.263745] ACPI: LAPIC_NMI (acpi_id[0x31] high edge lint[0x1])
[    0.263745] ACPI: LAPIC_NMI (acpi_id[0x33] high edge lint[0x1])
[    0.263746] ACPI: LAPIC_NMI (acpi_id[0x35] high edge lint[0x1])
[    0.263746] ACPI: LAPIC_NMI (acpi_id[0x37] high edge lint[0x1])
[    0.263747] ACPI: LAPIC_NMI (acpi_id[0x39] high edge lint[0x1])
[    0.263759] IOAPIC[0]: apic_id 1, version 32, address 0xfec00000, GSI 0-23
[    0.263763] IOAPIC[1]: apic_id 2, version 32, address 0xfec01000, GSI 24-47
[    0.263766] ACPI: INT_SRC_OVR (bus 0 bus_irq 0 global_irq 2 dfl dfl)
[    0.263767] ACPI: INT_SRC_OVR (bus 0 bus_irq 9 global_irq 9 high level)
[    0.263769] ACPI: IRQ0 used by override.
[    0.263770] ACPI: IRQ9 used by override.
[    0.263772] Using ACPI (MADT) for SMP configuration information
[    0.263774] ACPI: HPET id: 0x8086a701 base: 0xfed00000
[    0.263779] ACPI: SPCR: SPCR table version 1
[    0.263781] ACPI: SPCR: console: uart,io,0x3f8,115200
[    0.263783] TSC deadline timer available
[    0.263784] smpboot: Allowing 40 CPUs, 0 hotplug CPUs
[    0.263801] PM: Registered nosave memory: [mem 0x00000000-0x00000fff]
[    0.263803] PM: Registered nosave memory: [mem 0x00099000-0x00099fff]
[    0.263803] PM: Registered nosave memory: [mem 0x0009a000-0x0009ffff]
[    0.263804] PM: Registered nosave memory: [mem 0x000a0000-0x000dffff]
[    0.263804] PM: Registered nosave memory: [mem 0x000e0000-0x000fffff]
[    0.263806] PM: Registered nosave memory: [mem 0x40000000-0x7902ffff]
[    0.263807] PM: Registered nosave memory: [mem 0x79030000-0x798bcfff]
[    0.263807] PM: Registered nosave memory: [mem 0x798bd000-0x79de3fff]
[    0.263808] PM: Registered nosave memory: [mem 0x79de4000-0x8fffffff]
[    0.263808] PM: Registered nosave memory: [mem 0x90000000-0xfed1bfff]
[    0.263809] PM: Registered nosave memory: [mem 0xfed1c000-0xfed44fff]
[    0.263809] PM: Registered nosave memory: [mem 0xfed45000-0xfeffffff]
[    0.263810] PM: Registered nosave memory: [mem 0xff000000-0xffffffff]
[    0.263811] PM: Registered nosave memory: [mem 0x100000000-0x83fffffff]
[    0.263811] PM: Registered nosave memory: [mem 0x840000000-0x8ffffffff]
[    0.263813] Cannot find an available gap in the 32-bit address range
[    0.263815] PCI devices with unassigned 32-bit BARs may not work!
[    0.263816] [mem 0x1080100000-0x10804fffff] available for PCI devices
[    0.263817] Booting paravirtualized kernel on bare hardware
[    0.263822] clocksource: refined-jiffies: mask: 0xffffffff max_cycles: 0xffffffff, max_idle_ns: 7645519600211568 ns
[    0.263828] setup_percpu: NR_CPUS:8192 nr_cpumask_bits:40 nr_cpu_ids:40 nr_node_ids:1
[    0.266698] percpu: Embedded 60 pages/cpu s208896 r8192 d28672 u262144
[    0.266706] pcpu-alloc: s208896 r8192 d28672 u262144 alloc=1*2097152
[    0.266708] pcpu-alloc: [0] 00 01 02 03 04 05 06 07 [0] 08 09 10 11 12 13 14 15 
[    0.266712] pcpu-alloc: [0] 16 17 18 19 20 21 22 23 [0] 24 25 26 27 28 29 30 31 
[    0.266716] pcpu-alloc: [0] 32 33 34 35 36 37 38 39 
[    0.266753] Built 1 zonelists, mobility grouping on.  Total pages: 7999363
[    0.266754] Policy zone: Normal
[    0.266755] Kernel command line: BOOT_IMAGE=/vmlinuz-5.4.189kernel-module-force-unload root=UUID=97bb639d-d0e3-415b-bcde-fdf9da1fdb83 ro quiet splash nokaslr memmap=32G!1G vt.handoff=7
[    0.266900] printk: log_buf_len individual max cpu contribution: 4096 bytes
[    0.266901] printk: log_buf_len total cpu_extra contributions: 159744 bytes
[    0.266901] printk: log_buf_len min size: 262144 bytes
[    0.267114] printk: log_buf_len: 524288 bytes
[    0.267116] printk: early log buf free: 243552(92%)
[    0.274385] Dentry cache hash table entries: 4194304 (order: 13, 33554432 bytes, linear)
[    0.278081] Inode-cache hash table entries: 2097152 (order: 12, 16777216 bytes, linear)
[    0.278573] mem auto-init: stack:off, heap alloc:on, heap free:off
[    0.293450] Calgary: detecting Calgary via BIOS EBDA area
[    0.293453] Calgary: Unable to locate Rio Grande table in EBDA - bailing!
[    0.517503] Memory: 31752376K/32505440K available (14339K kernel code, 2401K rwdata, 5016K rodata, 2748K init, 4952K bss, 753064K reserved, 0K cma-reserved)
[    0.517518] random: get_random_u64 called from __kmem_cache_create+0x42/0x550 with crng_init=0
[    0.517819] SLUB: HWalign=64, Order=0-3, MinObjects=0, CPUs=40, Nodes=1
[    0.517845] Kernel/User page tables isolation: enabled
[    0.517883] ftrace: allocating 44247 entries in 173 pages
[    0.537852] rcu: Hierarchical RCU implementation.
[    0.537853] rcu: 	RCU restricting CPUs from NR_CPUS=8192 to nr_cpu_ids=40.
[    0.537855] 	Tasks RCU enabled.
[    0.537856] rcu: RCU calculated value of scheduler-enlistment delay is 25 jiffies.
[    0.537856] rcu: Adjusting geometry for rcu_fanout_leaf=16, nr_cpu_ids=40
[    0.541390] NR_IRQS: 524544, nr_irqs: 1152, preallocated irqs: 16
[    0.541671] random: crng done (trusting CPU's manufacturer)
[    0.541727] vt handoff: transparent VT on vt#7
[    0.541734] Console: colour dummy device 80x25
[    0.541748] printk: console [tty0] enabled
[    0.541786] ACPI: Core revision 20190816
[    0.542111] clocksource: hpet: mask: 0xffffffff max_cycles: 0xffffffff, max_idle_ns: 133484882848 ns
[    0.542121] APIC: Switch to symmetric I/O mode setup
[    0.542123] DMAR: Host address width 46
[    0.542124] DMAR: DRHD base: 0x000000fbffc000 flags: 0x1
[    0.542129] DMAR: dmar0: reg_base_addr fbffc000 ver 1:0 cap 8d2078c106f0466 ecap f020df
[    0.542130] DMAR: RMRR base: 0x0000007ba94000 end: 0x0000007baa3fff
[    0.542131] DMAR: ATSR flags: 0x0
[    0.542132] DMAR: RHSA base: 0x000000fbffc000 proximity domain: 0x0
[    0.542135] DMAR-IR: IOAPIC id 1 under DRHD base  0xfbffc000 IOMMU 0
[    0.542136] DMAR-IR: IOAPIC id 2 under DRHD base  0xfbffc000 IOMMU 0
[    0.542136] DMAR-IR: HPET id 0 under DRHD base 0xfbffc000
[    0.542137] DMAR-IR: x2apic is disabled because BIOS sets x2apic opt out bit.
[    0.542138] DMAR-IR: Use 'intremap=no_x2apic_optout' to override the BIOS setting.
[    0.542914] DMAR-IR: Enabled IRQ remapping in xapic mode
[    0.542915] x2apic: IRQ remapping doesn't support X2APIC mode
[    0.542919] Switched APIC routing to physical flat.
[    0.543414] ..TIMER: vector=0x30 apic1=0 pin1=2 apic2=-1 pin2=-1
[    0.562125] clocksource: tsc-early: mask: 0xffffffffffffffff max_cycles: 0x1fa335a5ac3, max_idle_ns: 440795268671 ns
[    0.562128] Calibrating delay loop (skipped), value calculated using timer frequency.. 4389.70 BogoMIPS (lpj=8779416)
[    0.562130] pid_max: default: 40960 minimum: 320
[    0.562197] LSM: Security Framework initializing
[    0.562212] Yama: becoming mindful.
[    0.562544] AppArmor: AppArmor initialized
[    0.562822] Mount-cache hash table entries: 65536 (order: 7, 524288 bytes, linear)
[    0.563052] Mountpoint-cache hash table entries: 65536 (order: 7, 524288 bytes, linear)
[    0.563082] *** VALIDATE tmpfs ***
[    0.563320] *** VALIDATE proc ***
[    0.563438] *** VALIDATE cgroup1 ***
[    0.563439] *** VALIDATE cgroup2 ***
[    0.563535] mce: CPU0: Thermal monitoring enabled (TM1)
[    0.563599] process: using mwait in idle threads
[    0.563602] Last level iTLB entries: 4KB 64, 2MB 8, 4MB 8
[    0.563603] Last level dTLB entries: 4KB 64, 2MB 0, 4MB 0, 1GB 4
[    0.563606] Spectre V1 : Mitigation: usercopy/swapgs barriers and __user pointer sanitization
[    0.563607] Spectre V2 : Mitigation: Retpolines
[    0.563608] Spectre V2 : Spectre v2 / SpectreRSB mitigation: Filling RSB on context switch
[    0.563608] Spectre V2 : Enabling Restricted Speculation for firmware calls
[    0.563610] Spectre V2 : mitigation: Enabling conditional Indirect Branch Prediction Barrier
[    0.563611] Spectre V2 : User space: Mitigation: STIBP via seccomp and prctl
[    0.563612] Speculative Store Bypass: Mitigation: Speculative Store Bypass disabled via prctl and seccomp
[    0.563618] MDS: Mitigation: Clear CPU buffers
[    0.563619] TAA: Mitigation: Clear CPU buffers
[    0.563619] MMIO Stale Data: Mitigation: Clear CPU buffers
[    0.563916] Freeing SMP alternatives memory: 40K
[    0.566249] smpboot: CPU0: Intel(R) Xeon(R) CPU E5-2698 v4 @ 2.20GHz (family: 0x6, model: 0x4f, stepping: 0x1)
[    0.566384] Performance Events: PEBS fmt2+, Broadwell events, 16-deep LBR, full-width counters, Intel PMU driver.
[    0.566391] ... version:                3
[    0.566391] ... bit width:              48
[    0.566391] ... generic registers:      4
[    0.566392] ... value mask:             0000ffffffffffff
[    0.566393] ... max period:             00007fffffffffff
[    0.566393] ... fixed-purpose events:   3
[    0.566394] ... event mask:             000000070000000f
[    0.566454] rcu: Hierarchical SRCU implementation.
[    0.570416] NMI watchdog: Enabled. Permanently consumes one hw-PMU counter.
[    0.570830] smp: Bringing up secondary CPUs ...
[    0.570946] x86: Booting SMP configuration:
[    0.570947] .... node  #0, CPUs:        #1  #2  #3  #4  #5  #6  #7  #8  #9 #10 #11 #12 #13 #14 #15 #16 #17 #18 #19 #20
[    0.699166] MDS CPU bug present and SMT on, data leak possible. See https://www.kernel.org/doc/html/latest/admin-guide/hw-vuln/mds.html for more details.
[    0.699166] TAA CPU bug present and SMT on, data leak possible. See https://www.kernel.org/doc/html/latest/admin-guide/hw-vuln/tsx_async_abort.html for more details.
[    0.699166] MMIO Stale Data CPU bug present and SMT on, data leak possible. See https://www.kernel.org/doc/html/latest/admin-guide/hw-vuln/processor_mmio_stale_data.html for more details.
[    0.699166]  #21 #22 #23 #24 #25 #26 #27 #28 #29 #30 #31 #32 #33 #34 #35 #36 #37 #38 #39
[    0.743402] smp: Brought up 1 node, 40 CPUs
[    0.743402] smpboot: Max logical packages: 1
[    0.743402] smpboot: Total of 40 processors activated (175588.32 BogoMIPS)
[    0.746841] devtmpfs: initialized
[    0.746841] x86/mm: Memory block size: 2048MB
[    0.746841] clocksource: jiffies: mask: 0xffffffff max_cycles: 0xffffffff, max_idle_ns: 7645041785100000 ns
[    0.746841] futex hash table entries: 16384 (order: 8, 1048576 bytes, linear)
[    0.746841] pinctrl core: initialized pinctrl subsystem
[    0.746841] PM: RTC time: 18:00:31, date: 2022-07-06
[    0.746841] NET: Registered protocol family 16
[    0.746841] audit: initializing netlink subsys (disabled)
[    0.746841] audit: type=2000 audit(1657130431.204:1): state=initialized audit_enabled=0 res=1
[    0.746841] EISA bus registered
[    0.746841] cpuidle: using governor ladder
[    0.746841] cpuidle: using governor menu
[    0.746841] ACPI: bus type PCI registered
[    0.746841] acpiphp: ACPI Hot Plug PCI Controller Driver version: 0.5
[    0.746841] PCI: MMCONFIG for domain 0000 [bus 00-ff] at [mem 0x80000000-0x8fffffff] (base 0x80000000)
[    0.746841] PCI: not using MMCONFIG
[    0.746841] PCI: Using configuration type 1 for base access
[    0.747388] ENERGY_PERF_BIAS: Set to 'normal', was 'performance'
[    0.751804] HugeTLB registered 1.00 GiB page size, pre-allocated 0 pages
[    0.751804] HugeTLB registered 2.00 MiB page size, pre-allocated 0 pages
[    0.751804] ACPI: Added _OSI(Module Device)
[    0.751804] ACPI: Added _OSI(Processor Device)
[    0.751804] ACPI: Added _OSI(3.0 _SCP Extensions)
[    0.751804] ACPI: Added _OSI(Processor Aggregator Device)
[    0.751804] ACPI: Added _OSI(Linux-Dell-Video)
[    0.751804] ACPI: Added _OSI(Linux-Lenovo-NV-HDMI-Audio)
[    0.751804] ACPI: Added _OSI(Linux-HPI-Hybrid-Graphics)
[    0.824544] ACPI: 4 ACPI AML tables successfully acquired and loaded
[    0.830321] ACPI: [Firmware Bug]: BIOS _OSI(Linux) query ignored
[    0.846346] ACPI: Dynamic OEM Table Load:
[    0.899607] ACPI: Interpreter enabled
[    0.899625] ACPI: (supports S0 S4 S5)
[    0.899626] ACPI: Using IOAPIC for interrupt routing
[    0.899658] PCI: MMCONFIG for domain 0000 [bus 00-ff] at [mem 0x80000000-0x8fffffff] (base 0x80000000)
[    0.906769] [Firmware Info]: PCI: MMCONFIG at [mem 0x80000000-0x8fffffff] not reserved in ACPI motherboard resources
[    0.906770] PCI: not using MMCONFIG
[    0.906773] PCI: Using host bridge windows from ACPI; if necessary, use "pci=nocrs" and report a bug
[    0.907926] ACPI: Enabled 5 GPEs in block 00 to 3F
[    0.965191] ACPI: PCI Root Bridge [UNC0] (domain 0000 [bus ff])
[    0.965197] acpi PNP0A03:03: _OSC: OS supports [ASPM ClockPM Segments MSI HPX-Type3]
[    0.965321] acpi PNP0A03:03: _OSC: not requesting OS control; OS requires [ExtendedConfig ASPM ClockPM MSI]
[    0.965334] acpi PNP0A03:03: fail to add MMCONFIG information, can't access extended PCI configuration space under this bridge.
[    0.965370] PCI host bridge to bus 0000:ff
[    0.965372] pci_bus 0000:ff: root bus resource [bus ff]
[    0.965385] pci 0000:ff:0b.0: [8086:6f81] type 00 class 0x088000
[    0.965478] pci 0000:ff:0b.1: [8086:6f36] type 00 class 0x110100
[    0.965554] pci 0000:ff:0b.2: [8086:6f37] type 00 class 0x110100
[    0.965629] pci 0000:ff:0b.3: [8086:6f76] type 00 class 0x088000
[    0.965707] pci 0000:ff:0c.0: [8086:6fe0] type 00 class 0x088000
[    0.965781] pci 0000:ff:0c.1: [8086:6fe1] type 00 class 0x088000
[    0.965856] pci 0000:ff:0c.2: [8086:6fe2] type 00 class 0x088000
[    0.965934] pci 0000:ff:0c.3: [8086:6fe3] type 00 class 0x088000
[    0.966010] pci 0000:ff:0c.4: [8086:6fe4] type 00 class 0x088000
[    0.966084] pci 0000:ff:0c.5: [8086:6fe5] type 00 class 0x088000
[    0.966162] pci 0000:ff:0c.6: [8086:6fe6] type 00 class 0x088000
[    0.966236] pci 0000:ff:0c.7: [8086:6fe7] type 00 class 0x088000
[    0.966311] pci 0000:ff:0d.0: [8086:6fe8] type 00 class 0x088000
[    0.966385] pci 0000:ff:0d.1: [8086:6fe9] type 00 class 0x088000
[    0.966459] pci 0000:ff:0d.2: [8086:6fea] type 00 class 0x088000
[    0.966537] pci 0000:ff:0d.3: [8086:6feb] type 00 class 0x088000
[    0.966613] pci 0000:ff:0d.4: [8086:6fec] type 00 class 0x088000
[    0.966686] pci 0000:ff:0d.5: [8086:6fed] type 00 class 0x088000
[    0.966760] pci 0000:ff:0d.6: [8086:6fee] type 00 class 0x088000
[    0.966834] pci 0000:ff:0d.7: [8086:6fef] type 00 class 0x088000
[    0.966909] pci 0000:ff:0e.0: [8086:6ff0] type 00 class 0x088000
[    0.966984] pci 0000:ff:0e.1: [8086:6ff1] type 00 class 0x088000
[    0.967058] pci 0000:ff:0e.2: [8086:6ff2] type 00 class 0xffffff
[    0.967136] pci 0000:ff:0e.3: [8086:6ff3] type 00 class 0xffffff
[    0.967212] pci 0000:ff:0f.0: [8086:6ff8] type 00 class 0x088000
[    0.967287] pci 0000:ff:0f.1: [8086:6ff9] type 00 class 0x088000
[    0.967362] pci 0000:ff:0f.2: [8086:6ffa] type 00 class 0x088000
[    0.967436] pci 0000:ff:0f.3: [8086:6ffb] type 00 class 0x088000
[    0.967510] pci 0000:ff:0f.4: [8086:6ffc] type 00 class 0x088000
[    0.967586] pci 0000:ff:0f.5: [8086:6ffd] type 00 class 0x088000
[    0.967661] pci 0000:ff:0f.6: [8086:6ffe] type 00 class 0x088000
[    0.967743] pci 0000:ff:10.0: [8086:6f1d] type 00 class 0x088000
[    0.967817] pci 0000:ff:10.1: [8086:6f34] type 00 class 0x110100
[    0.967893] pci 0000:ff:10.5: [8086:6f1e] type 00 class 0x088000
[    0.967968] pci 0000:ff:10.6: [8086:6f7d] type 00 class 0x110100
[    0.968042] pci 0000:ff:10.7: [8086:6f1f] type 00 class 0x088000
[    0.968117] pci 0000:ff:12.0: [8086:6fa0] type 00 class 0x088000
[    0.968151] pci 0000:ff:12.1: [8086:6f30] type 00 class 0x110100
[    0.968230] pci 0000:ff:12.4: [8086:6f60] type 00 class 0x088000
[    0.968268] pci 0000:ff:12.5: [8086:6f38] type 00 class 0x110100
[    0.968348] pci 0000:ff:13.0: [8086:6fa8] type 00 class 0x088000
[    0.968443] pci 0000:ff:13.1: [8086:6f71] type 00 class 0x088000
[    0.968538] pci 0000:ff:13.2: [8086:6faa] type 00 class 0x088000
[    0.968631] pci 0000:ff:13.3: [8086:6fab] type 00 class 0x088000
[    0.968725] pci 0000:ff:13.6: [8086:6fae] type 00 class 0x088000
[    0.968805] pci 0000:ff:13.7: [8086:6faf] type 00 class 0x088000
[    0.968886] pci 0000:ff:14.0: [8086:6fb0] type 00 class 0x088000
[    0.968990] pci 0000:ff:14.1: [8086:6fb1] type 00 class 0x088000
[    0.969084] pci 0000:ff:14.2: [8086:6fb2] type 00 class 0x088000
[    0.969177] pci 0000:ff:14.3: [8086:6fb3] type 00 class 0x088000
[    0.969270] pci 0000:ff:14.4: [8086:6fbc] type 00 class 0x088000
[    0.969349] pci 0000:ff:14.5: [8086:6fbd] type 00 class 0x088000
[    0.969429] pci 0000:ff:14.6: [8086:6fbe] type 00 class 0x088000
[    0.969511] pci 0000:ff:14.7: [8086:6fbf] type 00 class 0x088000
[    0.969595] pci 0000:ff:16.0: [8086:6f68] type 00 class 0x088000
[    0.969693] pci 0000:ff:16.1: [8086:6f79] type 00 class 0x088000
[    0.969787] pci 0000:ff:16.2: [8086:6f6a] type 00 class 0x088000
[    0.969882] pci 0000:ff:16.3: [8086:6f6b] type 00 class 0x088000
[    0.969976] pci 0000:ff:16.6: [8086:6f6e] type 00 class 0x088000
[    0.970056] pci 0000:ff:16.7: [8086:6f6f] type 00 class 0x088000
[    0.970140] pci 0000:ff:17.0: [8086:6fd0] type 00 class 0x088000
[    0.970236] pci 0000:ff:17.1: [8086:6fd1] type 00 class 0x088000
[    0.970330] pci 0000:ff:17.2: [8086:6fd2] type 00 class 0x088000
[    0.970429] pci 0000:ff:17.3: [8086:6fd3] type 00 class 0x088000
[    0.970523] pci 0000:ff:17.4: [8086:6fb8] type 00 class 0x088000
[    0.970605] pci 0000:ff:17.5: [8086:6fb9] type 00 class 0x088000
[    0.970685] pci 0000:ff:17.6: [8086:6fba] type 00 class 0x088000
[    0.970767] pci 0000:ff:17.7: [8086:6fbb] type 00 class 0x088000
[    0.970856] pci 0000:ff:1e.0: [8086:6f98] type 00 class 0x088000
[    0.970932] pci 0000:ff:1e.1: [8086:6f99] type 00 class 0x088000
[    0.971008] pci 0000:ff:1e.2: [8086:6f9a] type 00 class 0x088000
[    0.971088] pci 0000:ff:1e.3: [8086:6fc0] type 00 class 0x088000
[    0.971125] pci 0000:ff:1e.4: [8086:6f9c] type 00 class 0x088000
[    0.971207] pci 0000:ff:1f.0: [8086:6f88] type 00 class 0x088000
[    0.971285] pci 0000:ff:1f.2: [8086:6f8a] type 00 class 0x088000
[    0.986718] ACPI: PCI Root Bridge [PCI0] (domain 0000 [bus 00-fe])
[    0.986721] acpi PNP0A08:00: _OSC: OS supports [ASPM ClockPM Segments MSI HPX-Type3]
[    0.986869] acpi PNP0A08:00: _OSC: not requesting OS control; OS requires [ExtendedConfig ASPM ClockPM MSI]
[    0.986876] acpi PNP0A08:00: fail to add MMCONFIG information, can't access extended PCI configuration space under this bridge.
[    0.987306] PCI host bridge to bus 0000:00
[    0.987308] pci_bus 0000:00: root bus resource [io  0x0000-0x0cf7 window]
[    0.987309] pci_bus 0000:00: root bus resource [io  0x1000-0xffff window]
[    0.987311] pci_bus 0000:00: root bus resource [mem 0x000a0000-0x000bffff window]
[    0.987312] pci_bus 0000:00: root bus resource [mem 0x90000000-0xfbffbfff window]
[    0.987313] pci_bus 0000:00: root bus resource [mem 0x380000000000-0x383fffffffff window]
[    0.987314] pci_bus 0000:00: root bus resource [bus 00-fe]
[    0.987324] pci 0000:00:00.0: [8086:6f00] type 00 class 0x060000
[    0.987531] pci 0000:00:01.0: [8086:6f02] type 01 class 0x060400
[    0.987615] pci 0000:00:01.0: PME# supported from D0 D3hot D3cold
[    0.987802] pci 0000:00:02.0: [8086:6f04] type 01 class 0x060400
[    0.987885] pci 0000:00:02.0: PME# supported from D0 D3hot D3cold
[    0.988067] pci 0000:00:03.0: [8086:6f08] type 01 class 0x060400
[    0.988150] pci 0000:00:03.0: PME# supported from D0 D3hot D3cold
[    0.988334] pci 0000:00:05.0: [8086:6f28] type 00 class 0x088000
[    0.988516] pci 0000:00:05.1: [8086:6f29] type 00 class 0x088000
[    0.988715] pci 0000:00:05.2: [8086:6f2a] type 00 class 0x088000
[    0.988895] pci 0000:00:05.4: [8086:6f2c] type 00 class 0x080020
[    0.988916] pci 0000:00:05.4: reg 0x10: [mem 0xfbd04000-0xfbd04fff]
[    0.989128] pci 0000:00:11.0: [8086:8d7c] type 00 class 0xff0000
[    0.989434] pci 0000:00:14.0: [8086:8d31] type 00 class 0x0c0330
[    0.989471] pci 0000:00:14.0: reg 0x10: [mem 0x383ffff00000-0x383ffff0ffff 64bit]
[    0.989574] pci 0000:00:14.0: PME# supported from D3hot D3cold
[    0.989712] pci 0000:00:16.0: [8086:8d3a] type 00 class 0x078000
[    0.989749] pci 0000:00:16.0: reg 0x10: [mem 0x383ffff13000-0x383ffff1300f 64bit]
[    0.989852] pci 0000:00:16.0: PME# supported from D0 D3hot D3cold
[    0.989987] pci 0000:00:16.1: [8086:8d3b] type 00 class 0x078000
[    0.990024] pci 0000:00:16.1: reg 0x10: [mem 0x383ffff12000-0x383ffff1200f 64bit]
[    0.990129] pci 0000:00:16.1: PME# supported from D0 D3hot D3cold
[    0.990281] pci 0000:00:1a.0: [8086:8d2d] type 00 class 0x0c0320
[    0.990314] pci 0000:00:1a.0: reg 0x10: [mem 0xfbd02000-0xfbd023ff]
[    0.990446] pci 0000:00:1a.0: PME# supported from D0 D3hot D3cold
[    0.990587] pci 0000:00:1c.0: [8086:8d10] type 01 class 0x060400
[    0.990699] pci 0000:00:1c.0: PME# supported from D0 D3hot D3cold
[    0.990856] pci 0000:00:1c.3: [8086:8d16] type 01 class 0x060400
[    0.990969] pci 0000:00:1c.3: PME# supported from D0 D3hot D3cold
[    0.991127] pci 0000:00:1d.0: [8086:8d26] type 00 class 0x0c0320
[    0.991160] pci 0000:00:1d.0: reg 0x10: [mem 0xfbd01000-0xfbd013ff]
[    0.991292] pci 0000:00:1d.0: PME# supported from D0 D3hot D3cold
[    0.991434] pci 0000:00:1f.0: [8086:8d44] type 00 class 0x060100
[    0.991726] pci 0000:00:1f.2: [8086:8d02] type 00 class 0x010601
[    0.991755] pci 0000:00:1f.2: reg 0x10: [io  0xf050-0xf057]
[    0.991770] pci 0000:00:1f.2: reg 0x14: [io  0xf040-0xf043]
[    0.991784] pci 0000:00:1f.2: reg 0x18: [io  0xf030-0xf037]
[    0.991799] pci 0000:00:1f.2: reg 0x1c: [io  0xf020-0xf023]
[    0.991814] pci 0000:00:1f.2: reg 0x20: [io  0xf000-0xf01f]
[    0.991829] pci 0000:00:1f.2: reg 0x24: [mem 0xfbd00000-0xfbd007ff]
[    0.991876] pci 0000:00:1f.2: PME# supported from D3hot
[    0.992009] pci 0000:00:1f.3: [8086:8d22] type 00 class 0x0c0500
[    0.992042] pci 0000:00:1f.3: reg 0x10: [mem 0x383ffff11000-0x383ffff110ff 64bit]
[    0.992086] pci 0000:00:1f.3: reg 0x20: [io  0x0580-0x059f]
[    0.992901] pci 0000:01:00.0: [8086:1521] type 00 class 0x020000
[    0.993177] pci 0000:01:00.0: reg 0x10: [mem 0xfbc20000-0xfbc3ffff]
[    0.993474] pci 0000:01:00.0: reg 0x18: [io  0xe020-0xe03f]
[    0.993623] pci 0000:01:00.0: reg 0x1c: [mem 0xfbc44000-0xfbc47fff]
[    0.995063] pci 0000:01:00.0: PME# supported from D0 D3hot D3cold
[    0.995653] pci 0000:01:00.1: [8086:1521] type 00 class 0x020000
[    0.995929] pci 0000:01:00.1: reg 0x10: [mem 0xfbc00000-0xfbc1ffff]
[    0.996225] pci 0000:01:00.1: reg 0x18: [io  0xe000-0xe01f]
[    0.996373] pci 0000:01:00.1: reg 0x1c: [mem 0xfbc40000-0xfbc43fff]
[    0.997814] pci 0000:01:00.1: PME# supported from D0 D3hot D3cold
[    0.998337] pci 0000:00:01.0: ASPM: current common clock configuration is broken, reconfiguring
[    1.010250] pci 0000:00:01.0: PCI bridge to [bus 01]
[    1.010253] pci 0000:00:01.0:   bridge window [io  0xe000-0xefff]
[    1.010257] pci 0000:00:01.0:   bridge window [mem 0xfbc00000-0xfbcfffff]
[    1.010842] pci 0000:02:00.0: [15b3:a2d6] type 00 class 0x020000
[    1.011005] pci 0000:02:00.0: reg 0x10: [mem 0x383ffc000000-0x383ffdffffff 64bit pref]
[    1.011116] pci 0000:02:00.0: reg 0x18: [mem 0x383ffe800000-0x383ffeffffff 64bit pref]
[    1.011317] pci 0000:02:00.0: reg 0x30: [mem 0xfbb00000-0xfbbfffff pref]
[    1.011364] pci 0000:02:00.0: enabling Extended Tags
[    1.011854] pci 0000:02:00.0: PME# supported from D3cold
[    1.011954] pci 0000:02:00.0: 63.008 Gb/s available PCIe bandwidth, limited by 8.0 GT/s PCIe x8 link at 0000:00:02.0 (capable of 252.048 Gb/s with 16.0 GT/s PCIe x16 link)
[    1.012088] pci 0000:02:00.1: [15b3:a2d6] type 00 class 0x020000
[    1.012246] pci 0000:02:00.1: reg 0x10: [mem 0x383ffa000000-0x383ffbffffff 64bit pref]
[    1.012356] pci 0000:02:00.1: reg 0x18: [mem 0x383ffe000000-0x383ffe7fffff 64bit pref]
[    1.012557] pci 0000:02:00.1: reg 0x30: [mem 0xfba00000-0xfbafffff pref]
[    1.012600] pci 0000:02:00.1: enabling Extended Tags
[    1.013087] pci 0000:02:00.1: PME# supported from D3cold
[    1.013280] pci 0000:02:00.2: [15b3:c2d3] type 00 class 0x080100
[    1.013402] pci 0000:02:00.2: reg 0x10: [mem 0xfb900000-0xfb9fffff]
[    1.013839] pci 0000:02:00.2: enabling Extended Tags
[    1.014222] pci 0000:02:00.2: PME# supported from D3cold
[    1.014517] pci 0000:00:02.0: PCI bridge to [bus 02]
[    1.014520] pci 0000:00:02.0:   bridge window [mem 0xfb900000-0xfbbfffff]
[    1.014523] pci 0000:00:02.0:   bridge window [mem 0x383ffa000000-0x383ffeffffff 64bit pref]
[    1.014771] pci 0000:00:03.0: PCI bridge to [bus 03]
[    1.014814] pci 0000:00:1c.0: PCI bridge to [bus 04]
[    1.014888] pci 0000:05:00.0: [102b:0522] type 00 class 0x030000
[    1.014927] pci 0000:05:00.0: reg 0x10: [mem 0xfa000000-0xfaffffff pref]
[    1.014949] pci 0000:05:00.0: reg 0x14: [mem 0xfb810000-0xfb813fff]
[    1.014971] pci 0000:05:00.0: reg 0x18: [mem 0xfb000000-0xfb7fffff]
[    1.015057] pci 0000:05:00.0: reg 0x30: [mem 0xfb800000-0xfb80ffff pref]
[    1.015207] pci 0000:05:00.0: disabling ASPM on pre-1.1 PCIe device.  You can enable it with 'pcie_aspm=force'
[    1.015221] pci 0000:00:1c.3: PCI bridge to [bus 05]
[    1.015225] pci 0000:00:1c.3:   bridge window [mem 0xfb000000-0xfb8fffff]
[    1.015230] pci 0000:00:1c.3:   bridge window [mem 0xfa000000-0xfaffffff 64bit pref]
[    1.015281] pci_bus 0000:00: on NUMA node 0
[    1.016417] ACPI: PCI Interrupt Link [LNKA] (IRQs 3 4 5 6 7 10 *11 12 14 15)
[    1.016493] ACPI: PCI Interrupt Link [LNKB] (IRQs 3 4 5 6 7 *10 11 12 14 15)
[    1.016567] ACPI: PCI Interrupt Link [LNKC] (IRQs 3 4 5 6 10 *11 12 14 15)
[    1.016641] ACPI: PCI Interrupt Link [LNKD] (IRQs 3 4 *5 6 10 11 12 14 15)
[    1.016714] ACPI: PCI Interrupt Link [LNKE] (IRQs 3 4 5 6 7 10 11 12 14 15) *0, disabled.
[    1.016788] ACPI: PCI Interrupt Link [LNKF] (IRQs 3 4 5 6 7 10 11 12 14 15) *0, disabled.
[    1.016864] ACPI: PCI Interrupt Link [LNKG] (IRQs 3 4 5 6 7 10 11 12 14 15) *0, disabled.
[    1.016937] ACPI: PCI Interrupt Link [LNKH] (IRQs 3 4 5 6 7 10 11 12 14 15) *0, disabled.
[    1.017263] iommu: Default domain type: Translated 
[    1.017263] SCSI subsystem initialized
[    1.017263] libata version 3.00 loaded.
[    1.017263] pci 0000:05:00.0: vgaarb: setting as boot VGA device
[    1.017263] pci 0000:05:00.0: vgaarb: VGA device added: decodes=io+mem,owns=io+mem,locks=none
[    1.017263] pci 0000:05:00.0: vgaarb: bridge control possible
[    1.017263] vgaarb: loaded
[    1.017263] ACPI: bus type USB registered
[    1.017263] usbcore: registered new interface driver usbfs
[    1.017263] usbcore: registered new interface driver hub
[    1.017263] usbcore: registered new device driver usb
[    1.017263] pps_core: LinuxPPS API ver. 1 registered
[    1.017263] pps_core: Software ver. 5.3.6 - Copyright 2005-2007 Rodolfo Giometti <giometti@linux.it>
[    1.017263] PTP clock support registered
[    1.017263] EDAC MC: Ver: 3.0.0
[    1.017263] PCI: Using ACPI for IRQ routing
[    1.017263] PCI: pci_cache_line_size set to 64 bytes
[    1.018323] e820: reserve RAM buffer [mem 0x00099c00-0x0009ffff]
[    1.018446] NetLabel: Initializing
[    1.018446] NetLabel:  domain hash size = 128
[    1.018447] NetLabel:  protocols = UNLABELED CIPSOv4 CALIPSO
[    1.018470] NetLabel:  unlabeled traffic allowed by default
[    1.019305] hpet0: at MMIO 0xfed00000, IRQs 2, 8, 0, 0, 0, 0, 0, 0
[    1.019309] hpet0: 8 comparators, 64-bit 14.318180 MHz counter
[    1.021392] clocksource: Switched to clocksource tsc-early
[    1.033036] *** VALIDATE bpf ***
[    1.033116] VFS: Disk quotas dquot_6.6.0
[    1.033144] VFS: Dquot-cache hash table entries: 512 (order 0, 4096 bytes)
[    1.033162] *** VALIDATE ramfs ***
[    1.033168] *** VALIDATE hugetlbfs ***
[    1.033292] AppArmor: AppArmor Filesystem Enabled
[    1.033311] pnp: PnP ACPI init
[    1.033791] pnp 00:00: Plug and Play ACPI device, IDs PNP0b00 (active)
[    1.033911] system 00:01: [io  0x0500-0x057f] has been reserved
[    1.033913] system 00:01: [io  0x0400-0x047f] has been reserved
[    1.033914] system 00:01: [io  0x0580-0x059f] has been reserved
[    1.033918] system 00:01: [io  0x0600-0x061f] has been reserved
[    1.033920] system 00:01: [io  0x0880-0x0883] has been reserved
[    1.033921] system 00:01: [io  0x0800-0x081f] has been reserved
[    1.033923] system 00:01: [mem 0xfed1c000-0xfed3ffff] has been reserved
[    1.033924] system 00:01: [mem 0xfed45000-0xfed8bfff] has been reserved
[    1.033925] system 00:01: [mem 0xff000000-0xffffffff] has been reserved
[    1.033926] system 00:01: [mem 0xfee00000-0xfeefffff] has been reserved
[    1.033928] system 00:01: [mem 0xfed12000-0xfed1200f] has been reserved
[    1.033929] system 00:01: [mem 0xfed12010-0xfed1201f] has been reserved
[    1.033930] system 00:01: [mem 0xfed1b000-0xfed1bfff] has been reserved
[    1.033934] system 00:01: Plug and Play ACPI device, IDs PNP0c02 (active)
[    1.034116] pnp 00:02: [dma 0 disabled]
[    1.034169] pnp 00:02: Plug and Play ACPI device, IDs PNP0501 (active)
[    1.034342] pnp 00:03: [dma 0 disabled]
[    1.034381] pnp 00:03: Plug and Play ACPI device, IDs PNP0501 (active)
[    1.035102] pnp: PnP ACPI: found 4 devices
[    1.036536] thermal_sys: Registered thermal governor 'fair_share'
[    1.036537] thermal_sys: Registered thermal governor 'bang_bang'
[    1.036538] thermal_sys: Registered thermal governor 'step_wise'
[    1.036538] thermal_sys: Registered thermal governor 'user_space'
[    1.036539] thermal_sys: Registered thermal governor 'power_allocator'
[    1.041028] clocksource: acpi_pm: mask: 0xffffff max_cycles: 0xffffff, max_idle_ns: 2085701024 ns
[    1.041088] pci 0000:00:01.0: PCI bridge to [bus 01]
[    1.041090] pci 0000:00:01.0:   bridge window [io  0xe000-0xefff]
[    1.041099] pci 0000:00:01.0:   bridge window [mem 0xfbc00000-0xfbcfffff]
[    1.041116] pci 0000:00:02.0: PCI bridge to [bus 02]
[    1.041125] pci 0000:00:02.0:   bridge window [mem 0xfb900000-0xfbbfffff]
[    1.041131] pci 0000:00:02.0:   bridge window [mem 0x383ffa000000-0x383ffeffffff 64bit pref]
[    1.041142] pci 0000:00:03.0: PCI bridge to [bus 03]
[    1.041166] pci 0000:00:1c.0: PCI bridge to [bus 04]
[    1.041194] pci 0000:00:1c.3: PCI bridge to [bus 05]
[    1.041203] pci 0000:00:1c.3:   bridge window [mem 0xfb000000-0xfb8fffff]
[    1.041210] pci 0000:00:1c.3:   bridge window [mem 0xfa000000-0xfaffffff 64bit pref]
[    1.041224] pci_bus 0000:00: resource 4 [io  0x0000-0x0cf7 window]
[    1.041225] pci_bus 0000:00: resource 5 [io  0x1000-0xffff window]
[    1.041226] pci_bus 0000:00: resource 6 [mem 0x000a0000-0x000bffff window]
[    1.041228] pci_bus 0000:00: resource 7 [mem 0x90000000-0xfbffbfff window]
[    1.041229] pci_bus 0000:00: resource 8 [mem 0x380000000000-0x383fffffffff window]
[    1.041230] pci_bus 0000:01: resource 0 [io  0xe000-0xefff]
[    1.041231] pci_bus 0000:01: resource 1 [mem 0xfbc00000-0xfbcfffff]
[    1.041232] pci_bus 0000:02: resource 1 [mem 0xfb900000-0xfbbfffff]
[    1.041233] pci_bus 0000:02: resource 2 [mem 0x383ffa000000-0x383ffeffffff 64bit pref]
[    1.041235] pci_bus 0000:05: resource 1 [mem 0xfb000000-0xfb8fffff]
[    1.041236] pci_bus 0000:05: resource 2 [mem 0xfa000000-0xfaffffff 64bit pref]
[    1.041448] NET: Registered protocol family 2
[    1.041667] IP idents hash table entries: 262144 (order: 9, 2097152 bytes, linear)
[    1.044003] tcp_listen_portaddr_hash hash table entries: 16384 (order: 6, 262144 bytes, linear)
[    1.044230] TCP established hash table entries: 262144 (order: 9, 2097152 bytes, linear)
[    1.044574] TCP bind hash table entries: 65536 (order: 8, 1048576 bytes, linear)
[    1.044659] TCP: Hash tables configured (established 262144 bind 65536)
[    1.044777] UDP hash table entries: 16384 (order: 7, 524288 bytes, linear)
[    1.044884] UDP-Lite hash table entries: 16384 (order: 7, 524288 bytes, linear)
[    1.045010] NET: Registered protocol family 1
[    1.045015] NET: Registered protocol family 44
[    1.045130] pci 0000:00:05.0: disabled boot interrupts on device [8086:6f28]
[    1.070306] pci 0000:00:1a.0: quirk_usb_early_handoff+0x0/0x670 took 24333 usecs
[    1.094291] pci 0000:00:1d.0: quirk_usb_early_handoff+0x0/0x670 took 23404 usecs
[    1.094329] pci 0000:01:00.0: CLS mismatch (64 != 32), using 64 bytes
[    1.094354] pci 0000:05:00.0: Video device with shadowed ROM at [mem 0x000c0000-0x000dffff]
[    1.094417] Trying to unpack rootfs image as initramfs...
[    1.332121] Freeing initrd memory: 86808K
[    1.354164] PCI-DMA: Using software bounce buffering for IO (SWIOTLB)
[    1.354168] software IO TLB: mapped [mem 0x3c000000-0x40000000] (64MB)
[    1.355899] check: Scanning for low memory corruption every 60 seconds
[    1.357245] Initialise system trusted keyrings
[    1.357259] Key type blacklist registered
[    1.357299] workingset: timestamp_bits=36 max_order=23 bucket_order=0
[    1.358776] zbud: loaded
[    1.359269] squashfs: version 4.0 (2009/01/31) Phillip Lougher
[    1.359442] fuse: init (API version 7.31)
[    1.359460] *** VALIDATE fuse ***
[    1.359462] *** VALIDATE fuse ***
[    1.359580] Platform Keyring initialized
[    1.364132] Key type asymmetric registered
[    1.364135] Asymmetric key parser 'x509' registered
[    1.364146] Block layer SCSI generic (bsg) driver version 0.4 loaded (major 244)
[    1.364197] io scheduler mq-deadline registered
[    1.365814] shpchp: Standard Hot Plug PCI Controller Driver version: 0.4
[    1.365911] vesafb: mode is 1024x768x32, linelength=4096, pages=0
[    1.365911] vesafb: scrolling: redraw
[    1.365913] vesafb: Truecolor: size=8:8:8:8, shift=24:16:8:0
[    1.365942] pmd_set_huge: Cannot satisfy [mem 0xfa000000-0xfa200000] with a huge-page mapping due to MTRR override.
[    1.365954] vesafb: framebuffer at 0xfa000000, mapped to 0x00000000ccc7b3d7, using 3072k, total 3072k
[    1.366000] fbcon: Deferring console take-over
[    1.366001] fb0: VESA VGA frame buffer device
[    1.366015] intel_idle: MWAIT substates: 0x2120
[    1.366015] intel_idle: v0.4.1 model 0x4F
[    1.367745] intel_idle: lapic_timer_reliable_states 0xffffffff
[    1.368270] input: Power Button as /devices/LNXSYSTM:00/LNXSYBUS:00/PNP0C0C:00/input/input0
[    1.368306] ACPI: Power Button [PWRB]
[    1.368342] input: Power Button as /devices/LNXSYSTM:00/LNXPWRBN:00/input/input1
[    1.368386] ACPI: Power Button [PWRF]
[    1.376808] Serial: 8250/16550 driver, 32 ports, IRQ sharing enabled
[    1.397367] 00:02: ttyS0 at I/O 0x3f8 (irq = 4, base_baud = 115200) is a 16550A
[    1.417968] 00:03: ttyS1 at I/O 0x2f8 (irq = 3, base_baud = 115200) is a 16550A
[    1.419627] Linux agpgart interface v0.103
[    1.562239] loop: module loaded
[    1.562729] tun: Universal TUN/TAP device driver, 1.6
[    1.562928] PPP generic driver version 2.4.2
[    1.563149] VFIO - User Level meta-driver version: 0.3
[    1.563268] ehci_hcd: USB 2.0 'Enhanced' Host Controller (EHCI) Driver
[    1.563272] ehci-pci: EHCI PCI platform driver
[    1.563506] ehci-pci 0000:00:1a.0: EHCI Host Controller
[    1.563514] ehci-pci 0000:00:1a.0: new USB bus registered, assigned bus number 1
[    1.563525] ehci-pci 0000:00:1a.0: debug port 2
[    1.567459] ehci-pci 0000:00:1a.0: cache line size of 64 is not supported
[    1.567476] ehci-pci 0000:00:1a.0: irq 18, io mem 0xfbd02000
[    1.582194] ehci-pci 0000:00:1a.0: USB 2.0 started, EHCI 1.00
[    1.582276] usb usb1: New USB device found, idVendor=1d6b, idProduct=0002, bcdDevice= 5.04
[    1.582279] usb usb1: New USB device strings: Mfr=3, Product=2, SerialNumber=1
[    1.582281] usb usb1: Product: EHCI Host Controller
[    1.582283] usb usb1: Manufacturer: Linux 5.4.189kernel-module-force-unload ehci_hcd
[    1.582285] usb usb1: SerialNumber: 0000:00:1a.0
[    1.582517] hub 1-0:1.0: USB hub found
[    1.582526] hub 1-0:1.0: 2 ports detected
[    1.582966] ehci-pci 0000:00:1d.0: EHCI Host Controller
[    1.582972] ehci-pci 0000:00:1d.0: new USB bus registered, assigned bus number 2
[    1.582990] ehci-pci 0000:00:1d.0: debug port 2
[    1.586899] ehci-pci 0000:00:1d.0: cache line size of 64 is not supported
[    1.586903] ehci-pci 0000:00:1d.0: irq 18, io mem 0xfbd01000
[    1.602195] ehci-pci 0000:00:1d.0: USB 2.0 started, EHCI 1.00
[    1.602263] usb usb2: New USB device found, idVendor=1d6b, idProduct=0002, bcdDevice= 5.04
[    1.602266] usb usb2: New USB device strings: Mfr=3, Product=2, SerialNumber=1
[    1.602268] usb usb2: Product: EHCI Host Controller
[    1.602270] usb usb2: Manufacturer: Linux 5.4.189kernel-module-force-unload ehci_hcd
[    1.602272] usb usb2: SerialNumber: 0000:00:1d.0
[    1.602487] hub 2-0:1.0: USB hub found
[    1.602495] hub 2-0:1.0: 2 ports detected
[    1.602783] ehci-platform: EHCI generic platform driver
[    1.602796] ohci_hcd: USB 1.1 'Open' Host Controller (OHCI) Driver
[    1.602801] ohci-pci: OHCI PCI platform driver
[    1.602826] ohci-platform: OHCI generic platform driver
[    1.602833] uhci_hcd: USB Universal Host Controller Interface driver
[    1.603052] xhci_hcd 0000:00:14.0: xHCI Host Controller
[    1.603060] xhci_hcd 0000:00:14.0: new USB bus registered, assigned bus number 3
[    1.604133] xhci_hcd 0000:00:14.0: hcc params 0x200077c1 hci version 0x100 quirks 0x0000000000009810
[    1.604140] xhci_hcd 0000:00:14.0: cache line size of 64 is not supported
[    1.604373] xhci_hcd 0000:00:14.0: xHCI Host Controller
[    1.604376] xhci_hcd 0000:00:14.0: new USB bus registered, assigned bus number 4
[    1.604379] xhci_hcd 0000:00:14.0: Host supports USB 3.0 SuperSpeed
[    1.604412] usb usb3: New USB device found, idVendor=1d6b, idProduct=0002, bcdDevice= 5.04
[    1.604413] usb usb3: New USB device strings: Mfr=3, Product=2, SerialNumber=1
[    1.604414] usb usb3: Product: xHCI Host Controller
[    1.604416] usb usb3: Manufacturer: Linux 5.4.189kernel-module-force-unload xhci-hcd
[    1.604416] usb usb3: SerialNumber: 0000:00:14.0
[    1.604556] hub 3-0:1.0: USB hub found
[    1.604574] hub 3-0:1.0: 15 ports detected
[    1.607691] usb usb4: New USB device found, idVendor=1d6b, idProduct=0003, bcdDevice= 5.04
[    1.607693] usb usb4: New USB device strings: Mfr=3, Product=2, SerialNumber=1
[    1.607694] usb usb4: Product: xHCI Host Controller
[    1.607695] usb usb4: Manufacturer: Linux 5.4.189kernel-module-force-unload xhci-hcd
[    1.607696] usb usb4: SerialNumber: 0000:00:14.0
[    1.607826] hub 4-0:1.0: USB hub found
[    1.607838] hub 4-0:1.0: 6 ports detected
[    1.609425] i8042: PNP: No PS/2 controller found.
[    1.609528] mousedev: PS/2 mouse device common for all mice
[    1.609646] rtc_cmos 00:00: RTC can wake from S4
[    1.609838] rtc_cmos 00:00: registered as rtc0
[    1.609854] rtc_cmos 00:00: alarms up to one month, y3k, 114 bytes nvram, hpet irqs
[    1.609860] i2c /dev entries driver
[    1.609909] device-mapper: uevent: version 1.0.3
[    1.609971] device-mapper: ioctl: 4.41.0-ioctl (2019-09-16) initialised: dm-devel@redhat.com
[    1.609994] platform eisa.0: Probing EISA bus 0
[    1.609996] platform eisa.0: EISA: Cannot allocate resource for mainboard
[    1.609998] platform eisa.0: Cannot allocate resource for EISA slot 1
[    1.609999] platform eisa.0: Cannot allocate resource for EISA slot 2
[    1.610000] platform eisa.0: Cannot allocate resource for EISA slot 3
[    1.610001] platform eisa.0: Cannot allocate resource for EISA slot 4
[    1.610002] platform eisa.0: Cannot allocate resource for EISA slot 5
[    1.610004] platform eisa.0: Cannot allocate resource for EISA slot 6
[    1.610005] platform eisa.0: Cannot allocate resource for EISA slot 7
[    1.610005] platform eisa.0: Cannot allocate resource for EISA slot 8
[    1.610007] platform eisa.0: EISA: Detected 0 cards
[    1.610018] intel_pstate: Intel P-state driver initializing
[    1.617786] ledtrig-cpu: registered to indicate activity on CPUs
[    1.617991] drop_monitor: Initializing network drop monitor service
[    1.618159] NET: Registered protocol family 10
[    1.625406] Segment Routing with IPv6
[    1.625425] NET: Registered protocol family 17
[    1.625492] Key type dns_resolver registered
[    1.630353] RAS: Correctable Errors collector initialized.
[    1.630382] microcode: sig=0x406f1, pf=0x1, revision=0xb000040
[    1.632355] microcode: Microcode Update Driver: v2.2.
[    1.634334] *** VALIDATE rdt ***
[    1.634358] resctrl: L3 allocation detected
[    1.634358] resctrl: L3DATA allocation detected
[    1.634359] resctrl: L3CODE allocation detected
[    1.634359] resctrl: L3 monitoring detected
[    1.634363] IPI shorthand broadcast: enabled
[    1.634370] sched_clock: Marking stable (1633822971, 505246)->(1869625415, -235297198)
[    1.634491] registered taskstats version 1
[    1.634501] Loading compiled-in X.509 certificates
[    1.635164] Loaded X.509 cert 'Build time autogenerated kernel key: a9993d45b65f0d146f444e483c70e48bd819de06'
[    1.635420] zswap: loaded using pool lzo/zbud
[    1.635556] Key type ._fscrypt registered
[    1.635557] Key type .fscrypt registered
[    1.641467] Key type big_key registered
[    1.644529] Key type encrypted registered
[    1.644532] AppArmor: AppArmor sha1 policy hashing enabled
[    1.644540] ima: No TPM chip found, activating TPM-bypass!
[    1.644546] ima: Allocated hash algorithm: sha1
[    1.644572] ima: No architecture policies found
[    1.644581] evm: Initialising EVM extended attributes:
[    1.644581] evm: security.selinux
[    1.644582] evm: security.SMACK64
[    1.644582] evm: security.SMACK64EXEC
[    1.644583] evm: security.SMACK64TRANSMUTE
[    1.644583] evm: security.SMACK64MMAP
[    1.644583] evm: security.apparmor
[    1.644584] evm: security.ima
[    1.644584] evm: security.capability
[    1.644585] evm: HMAC attrs: 0x1
[    1.645183] PM:   Magic number: 14:327:38
[    1.645195] bdi 7:3: hash matches
[    1.645494] rtc_cmos 00:00: setting system clock to 2022-07-06T18:00:32 UTC (1657130432)
[    1.648727] Freeing unused decrypted memory: 2040K
[    1.649596] Freeing unused kernel image memory: 2748K
[    1.686241] Write protecting the kernel read-only data: 22528k
[    1.687183] Freeing unused kernel image memory: 2008K
[    1.687621] Freeing unused kernel image memory: 1128K
[    1.694930] x86/mm: Checked W+X mappings: passed, no W+X pages found.
[    1.694931] x86/mm: Checking user space page tables
[    1.701835] x86/mm: Checked W+X mappings: passed, no W+X pages found.
[    1.701837] Run /init as init process
[    1.828537] mlx_compat: loading out-of-tree module taints kernel.
[    1.828538] mlx_compat: loading out-of-tree module taints kernel.
[    1.828594] mlx_compat: module verification failed: signature and/or required key missing - tainting kernel
[    1.828805] Compat-mlnx-ofed backport release: b1b2bdd
[    1.828806] Backport based on mlnx_ofed/mlnx-ofa_kernel-4.0.git b1b2bdd
[    1.828806] compat.git: mlnx_ofed/mlnx-ofa_kernel-4.0.git
[    1.830096] dca service started, version 1.12.1
[    1.831564] i801_smbus 0000:00:1f.3: SMBus using PCI interrupt
[    1.832944] ahci 0000:00:1f.2: version 3.0
[    1.833165] ahci 0000:00:1f.2: AHCI 0001.0300 32 slots 6 ports 6 Gbps 0x10 impl SATA mode
[    1.833166] ahci 0000:00:1f.2: flags: 64bit ncq pm led clo pio slum part ems apst 
[    1.833879] scsi host0: ahci
[    1.833963] igb: Intel(R) Gigabit Ethernet Network Driver - version 5.6.0-k
[    1.833964] igb: Copyright (c) 2007-2014 Intel Corporation.
[    1.836283] scsi host1: ahci
[    1.836417] scsi host2: ahci
[    1.836627] scsi host3: ahci
[    1.836819] scsi host4: ahci
[    1.836993] scsi host5: ahci
[    1.837073] ata1: DUMMY
[    1.837074] ata2: DUMMY
[    1.837075] ata3: DUMMY
[    1.837075] ata4: DUMMY
[    1.837077] ata5: SATA max UDMA/133 abar m2048@0xfbd00000 port 0xfbd00300 irq 33
[    1.837077] ata6: DUMMY
[    1.842141] usb 1-1: new high-speed USB device number 2 using ehci-pci
[    1.842713] cryptd: max_cpu_qlen set to 1000
[    1.843989] mlx5_core 0000:02:00.0: firmware version: 24.33.1048
[    1.844024] mlx5_core 0000:02:00.0: 63.008 Gb/s available PCIe bandwidth, limited by 8.0 GT/s PCIe x8 link at 0000:00:02.0 (capable of 252.048 Gb/s with 16.0 GT/s PCIe x16 link)
[    1.848363] AVX2 version of gcm_enc/dec engaged.
[    1.848364] AES CTR mode by8 optimization enabled
[    1.862192] usb 2-1: new high-speed USB device number 2 using ehci-pci
[    1.862206] usb 3-9: new high-speed USB device number 2 using xhci_hcd
[    1.870956] mlx5_core 0000:02:00.0: handle_hca_cap:704:(pid 253): log_max_qp value in current profile is 18, changing it to HCA capability limit (17)
[    1.915887] igb 0000:01:00.0: added PHC on eth0
[    1.915888] igb 0000:01:00.0: Intel(R) Gigabit Ethernet Network Connection
[    1.915889] igb 0000:01:00.0: eth0: (PCIe:5.0Gb/s:Width x4) a4:bf:01:6e:28:a6
[    1.916010] igb 0000:01:00.0: eth0: PBA No: 006100-000
[    1.916011] igb 0000:01:00.0: Using MSI-X interrupts. 8 rx queue(s), 8 tx queue(s)
[    1.979336] igb 0000:01:00.1: added PHC on eth1
[    1.979337] igb 0000:01:00.1: Intel(R) Gigabit Ethernet Network Connection
[    1.979338] igb 0000:01:00.1: eth1: (PCIe:5.0Gb/s:Width x4) a4:bf:01:6e:28:a7
[    1.979459] igb 0000:01:00.1: eth1: PBA No: 006100-000
[    1.979459] igb 0000:01:00.1: Using MSI-X interrupts. 8 rx queue(s), 8 tx queue(s)
[    2.006529] usb 1-1: New USB device found, idVendor=8087, idProduct=800a, bcdDevice= 0.05
[    2.006530] usb 1-1: New USB device strings: Mfr=0, Product=0, SerialNumber=0
[    2.006805] hub 1-1:1.0: USB hub found
[    2.006901] hub 1-1:1.0: 6 ports detected
[    2.014240] usb 3-9: New USB device found, idVendor=0409, idProduct=005a, bcdDevice= 1.00
[    2.014242] usb 3-9: New USB device strings: Mfr=0, Product=0, SerialNumber=0
[    2.014530] hub 3-9:1.0: USB hub found
[    2.014563] hub 3-9:1.0: 4 ports detected
[    2.022527] usb 2-1: New USB device found, idVendor=8087, idProduct=8002, bcdDevice= 0.05
[    2.022528] usb 2-1: New USB device strings: Mfr=0, Product=0, SerialNumber=0
[    2.022667] hub 2-1:1.0: USB hub found
[    2.022777] hub 2-1:1.0: 8 ports detected
[    2.114967] mlx5_core 0000:02:00.0: Rate limit: 127 rates are supported, range: 0Mbps to 97656Mbps
[    2.115453] mlx5_core 0000:02:00.0: E-Switch: total vports 34, per vport: max uc(128) max mc(2048)
[    2.119569] mlx5_core 0000:02:00.0: Port module event: module 0, Cable plugged
[    2.119915] mlx5_core 0000:02:00.0: mlx5_pcie_event:299:(pid 365): Detected insufficient power on the PCIe slot (27W).
[    2.139238] igb 0000:01:00.1 ens11f1: renamed from eth1
[    2.142178] usb 3-14: new full-speed USB device number 3 using xhci_hcd
[    2.153023] ata5: SATA link up 6.0 Gbps (SStatus 133 SControl 300)
[    2.153757] ata5.00: supports DRM functions and may not be fully accessible
[    2.153775] ata5.00: ATA-10: CT500MX500SSD1, M3CR033, max UDMA/133
[    2.153777] ata5.00: 976773168 sectors, multi 1: LBA48 NCQ (depth 32), AA
[    2.154339] ata5.00: supports DRM functions and may not be fully accessible
[    2.154819] ata5.00: configured for UDMA/133
[    2.155070] scsi 4:0:0:0: Direct-Access     ATA      CT500MX500SSD1   033  PQ: 0 ANSI: 5
[    2.155306] sd 4:0:0:0: Attached scsi generic sg0 type 0
[    2.155487] sd 4:0:0:0: [sda] 976773168 512-byte logical blocks: (500 GB/466 GiB)
[    2.155489] sd 4:0:0:0: [sda] 4096-byte physical blocks
[    2.155505] sd 4:0:0:0: [sda] Write Protect is off
[    2.155507] sd 4:0:0:0: [sda] Mode Sense: 00 3a 00 00
[    2.155530] sd 4:0:0:0: [sda] Write cache: enabled, read cache: enabled, doesn't support DPO or FUA
[    2.156110] mlx5_core 0000:02:00.1: firmware version: 24.33.1048
[    2.156145] mlx5_core 0000:02:00.1: 63.008 Gb/s available PCIe bandwidth, limited by 8.0 GT/s PCIe x8 link at 0000:00:02.0 (capable of 252.048 Gb/s with 16.0 GT/s PCIe x16 link)
[    2.165531] mlx5_core 0000:02:00.1: handle_hca_cap:704:(pid 253): log_max_qp value in current profile is 18, changing it to HCA capability limit (17)
[    2.174915]  sda: sda1 sda2 sda3
[    2.310595] usb 3-14: New USB device found, idVendor=046b, idProduct=ff10, bcdDevice= 1.00
[    2.310596] usb 3-14: New USB device strings: Mfr=1, Product=2, SerialNumber=3
[    2.310597] usb 3-14: Product: Virtual Keyboard and Mouse
[    2.310598] usb 3-14: Manufacturer: American Megatrends Inc.
[    2.310598] usb 3-14: SerialNumber: serial
[    2.314612] hidraw: raw HID events driver (C) Jiri Kosina
[    2.342498] sd 4:0:0:0: [sda] supports TCG Opal
[    2.342499] sd 4:0:0:0: [sda] Attached SCSI disk
[    2.344647] igb 0000:01:00.0 ens11f0: renamed from eth0
[    2.345250] usbcore: registered new interface driver usbhid
[    2.345251] usbhid: USB HID core driver
[    2.347206] input: American Megatrends Inc. Virtual Keyboard and Mouse as /devices/pci0000:00/0000:00:14.0/usb3/3-14/3-14:1.0/0003:046B:FF10.0001/input/input2
[    2.347270] hid-generic 0003:046B:FF10.0001: input,hidraw0: USB HID v1.10 Keyboard [American Megatrends Inc. Virtual Keyboard and Mouse] on usb-0000:00:14.0-14/input0
[    2.347369] input: American Megatrends Inc. Virtual Keyboard and Mouse as /devices/pci0000:00/0000:00:14.0/usb3/3-14/3-14:1.1/0003:046B:FF10.0002/input/input3
[    2.347428] hid-generic 0003:046B:FF10.0002: input,hidraw1: USB HID v1.10 Mouse [American Megatrends Inc. Virtual Keyboard and Mouse] on usb-0000:00:14.0-14/input1
[    2.358110] mgag200 0000:05:00.0: remove_conflicting_pci_framebuffers: bar 0: 0xfa000000 -> 0xfaffffff
[    2.358112] mgag200 0000:05:00.0: remove_conflicting_pci_framebuffers: bar 1: 0xfb810000 -> 0xfb813fff
[    2.358113] mgag200 0000:05:00.0: remove_conflicting_pci_framebuffers: bar 2: 0xfb000000 -> 0xfb7fffff
[    2.358114] checking generic (fa000000 300000) vs hw (fa000000 1000000)
[    2.358115] fb0: switching to mgag200drmfb from VESA VGA
[    2.358175] mgag200 0000:05:00.0: vgaarb: deactivate vga console
[    2.366533] tsc: Refined TSC clocksource calibration: 2194.917 MHz
[    2.366559] clocksource: tsc: mask: 0xffffffffffffffff max_cycles: 0x1fa37107ca2, max_idle_ns: 440795258165 ns
[    2.366664] clocksource: Switched to clocksource tsc
[    2.366708] [TTM] Zone  kernel: Available graphics memory: 15923574 KiB
[    2.366709] [TTM] Zone   dma32: Available graphics memory: 2097152 KiB
[    2.366709] [TTM] Initializing pool allocator
[    2.366713] [TTM] Initializing DMA pool allocator
[    2.374184] usb 3-9.4: new full-speed USB device number 4 using xhci_hcd
[    2.398414] mlx5_core 0000:02:00.1: Rate limit: 127 rates are supported, range: 0Mbps to 97656Mbps
[    2.398745] mlx5_core 0000:02:00.1: E-Switch: total vports 34, per vport: max uc(128) max mc(2048)
[    2.403270] mlx5_core 0000:02:00.1: Port module event: module 1, Cable unplugged
[    2.403440] mlx5_core 0000:02:00.1: mlx5_pcie_event:299:(pid 8): Detected insufficient power on the PCIe slot (27W).
[    2.439348] fbcon: mgag200drmfb (fb0) is primary device
[    2.439348] fbcon: Deferring console take-over
[    2.439350] mgag200 0000:05:00.0: fb0: mgag200drmfb frame buffer device
[    2.466138] [drm] Initialized mgag200 1.0.0 20110418 for 0000:05:00.0 on minor 0
[    2.471281] mlx5_core 0000:02:00.0: MLX5E: StrdRq(1) RqSz(8) StrdSz(2048) RxCqeCmprss(0)
[    2.474641] usb 3-9.4: New USB device found, idVendor=0557, idProduct=8021, bcdDevice= 1.00
[    2.474642] usb 3-9.4: New USB device strings: Mfr=0, Product=0, SerialNumber=0
[    2.476915] hub 3-9.4:1.0: USB hub found
[    2.477045] hub 3-9.4:1.0: 4 ports detected
[    2.706076] mlx5_core 0000:02:00.0: Supported tc offload range - chains: 1, prios: 16
[    2.706079] mlx5_core 0000:02:00.0: mlx5_post_action_init:41:(pid 436): firmware level support is missing
[    2.717829] mlx5_core 0000:02:00.1: MLX5E: StrdRq(1) RqSz(8) StrdSz(2048) RxCqeCmprss(0)
[    2.762149] usb 3-9.4.1: new low-speed USB device number 5 using xhci_hcd
[    2.886957] usb 3-9.4.1: New USB device found, idVendor=1c4f, idProduct=0002, bcdDevice= 3.30
[    2.886961] usb 3-9.4.1: New USB device strings: Mfr=1, Product=2, SerialNumber=0
[    2.886963] usb 3-9.4.1: Product: USB Keyboard
[    2.886965] usb 3-9.4.1: Manufacturer: SIGMACHIP
[    2.902778] input: SIGMACHIP USB Keyboard as /devices/pci0000:00/0000:00:14.0/usb3/3-9/3-9.4/3-9.4.1/3-9.4.1:1.0/0003:1C4F:0002.0003/input/input4
[    2.947701] mlx5_core 0000:02:00.1: Supported tc offload range - chains: 1, prios: 16
[    2.947705] mlx5_core 0000:02:00.1: mlx5_post_action_init:41:(pid 436): firmware level support is missing
[    2.960964] mlx5_core 0000:02:00.1 enp2s0f1np1: renamed from eth1
[    2.962278] hid-generic 0003:1C4F:0002.0003: input,hidraw2: USB HID v1.10 Keyboard [SIGMACHIP USB Keyboard] on usb-0000:00:14.0-9.4.1/input0
[    2.971690] input: SIGMACHIP USB Keyboard Consumer Control as /devices/pci0000:00/0000:00:14.0/usb3/3-9/3-9.4/3-9.4.1/3-9.4.1:1.1/0003:1C4F:0002.0004/input/input5
[    2.983127] mlx5_core 0000:02:00.0 enp2s0f0np0: renamed from eth0
[    3.030269] input: SIGMACHIP USB Keyboard System Control as /devices/pci0000:00/0000:00:14.0/usb3/3-9/3-9.4/3-9.4.1/3-9.4.1:1.1/0003:1C4F:0002.0004/input/input6
[    3.030321] hid-generic 0003:1C4F:0002.0004: input,hidraw3: USB HID v1.10 Device [SIGMACHIP USB Keyboard] on usb-0000:00:14.0-9.4.1/input1
[    3.038650] input: SIGMACHIP USB Keyboard as /devices/pci0000:00/0000:00:14.0/usb3/3-9/3-9.4/3-9.4.1/3-9.4.1:1.2/0003:1C4F:0002.0005/input/input7
[    3.038715] hid-generic 0003:1C4F:0002.0005: input,hidraw4: USB HID v1.10 Mouse [SIGMACHIP USB Keyboard] on usb-0000:00:14.0-9.4.1/input2
[    3.162129] raid6: avx2x4   gen() 30543 MB/s
[    3.210131] raid6: avx2x4   xor() 11445 MB/s
[    3.258134] raid6: avx2x2   gen() 26530 MB/s
[    3.306133] raid6: avx2x2   xor() 16056 MB/s
[    3.354132] raid6: avx2x1   gen() 22374 MB/s
[    3.402129] raid6: avx2x1   xor() 15140 MB/s
[    3.450131] raid6: sse2x4   gen() 16927 MB/s
[    3.498132] raid6: sse2x4   xor() 10085 MB/s
[    3.546133] raid6: sse2x2   gen() 13990 MB/s
[    3.594131] raid6: sse2x2   xor()  9069 MB/s
[    3.642129] raid6: sse2x1   gen() 12036 MB/s
[    3.690132] raid6: sse2x1   xor()  8300 MB/s
[    3.690132] raid6: using algorithm avx2x4 gen() 30543 MB/s
[    3.690132] raid6: .... xor() 11445 MB/s, rmw enabled
[    3.690133] raid6: using avx2x2 recovery algorithm
[    3.691014] xor: automatically using best checksumming function   avx       
[    3.691837] async_tx: api initialized (async)
[    3.781963] Btrfs loaded, crc32c=crc32c-intel
[    3.865896] EXT4-fs (sda3): mounted filesystem with ordered data mode. Opts: (null)
[    4.189741] systemd[1]: Inserted module 'autofs4'
[    4.207574] systemd[1]: systemd 245.4-4ubuntu3.17 running in system mode. (+PAM +AUDIT +SELINUX +IMA +APPARMOR +SMACK +SYSVINIT +UTMP +LIBCRYPTSETUP +GCRYPT +GNUTLS +ACL +XZ +LZ4 +SECCOMP +BLKID +ELFUTILS +KMOD +IDN2 -IDN +PCRE2 default-hierarchy=hybrid)
[    4.226317] systemd[1]: Detected architecture x86-64.
[    4.251205] systemd[1]: Set hostname to <axdimm.ittc.ku.edu>.
[    4.456927] systemd[1]: Created slice system-modprobe.slice.
[    4.457309] systemd[1]: Created slice system-postfix.slice.
[    4.457524] systemd[1]: Created slice system-systemd\x2dfsck.slice.
[    4.457779] systemd[1]: Created slice User and Session Slice.
[    4.457825] systemd[1]: Started Forward Password Requests to Wall Directory Watch.
[    4.458014] systemd[1]: Set up automount Arbitrary Executable File Formats File System Automount Point.
[    4.458058] systemd[1]: Reached target Slices.
[    4.458116] systemd[1]: Listening on Device-mapper event daemon FIFOs.
[    4.458207] systemd[1]: Listening on LVM2 poll daemon socket.
[    4.461359] systemd[1]: Listening on RPCbind Server Activation Socket.
[    4.461486] systemd[1]: Listening on Syslog Socket.
[    4.461558] systemd[1]: Listening on fsck to fsckd communication Socket.
[    4.461607] systemd[1]: Listening on initctl Compatibility Named Pipe.
[    4.461760] systemd[1]: Listening on Journal Audit Socket.
[    4.461824] systemd[1]: Listening on Journal Socket (/dev/log).
[    4.461901] systemd[1]: Listening on Journal Socket.
[    4.461987] systemd[1]: Listening on udev Control Socket.
[    4.462043] systemd[1]: Listening on udev Kernel Socket.
[    4.462902] systemd[1]: Mounting Huge Pages File System...
[    4.463578] systemd[1]: Mounting POSIX Message Queue File System...
[    4.464401] systemd[1]: Mounting RPC Pipe File System...
[    4.465380] systemd[1]: Mounting Kernel Debug File System...
[    4.466348] systemd[1]: Mounting Kernel Trace File System...
[    4.467762] systemd[1]: Starting Journal Service...
[    4.468976] systemd[1]: Starting Availability of block devices...
[    4.470213] systemd[1]: Starting Set the console keyboard layout...
[    4.471386] systemd[1]: Starting Create list of static device nodes for the current kernel...
[    4.472571] systemd[1]: Starting Monitoring of LVM2 mirrors, snapshots etc. using dmeventd or progress polling...
[    4.472610] systemd[1]: Condition check resulted in Load Kernel Module drm being skipped.
[    4.474208] systemd[1]: Condition check resulted in Set Up Additional Binary Formats being skipped.
[    4.474230] systemd[1]: Condition check resulted in File System Check on Root Device being skipped.
[    4.477639] systemd[1]: Starting Load Kernel Modules...
[    4.478498] systemd[1]: Starting Remount Root and Kernel File Systems...
[    4.479845] systemd[1]: Starting udev Coldplug all Devices...
[    4.481282] systemd[1]: Mounted Huge Pages File System.
[    4.481455] systemd[1]: Mounted POSIX Message Queue File System.
[    4.481567] systemd[1]: Mounted Kernel Debug File System.
[    4.481672] systemd[1]: Mounted Kernel Trace File System.
[    4.482097] systemd[1]: Finished Availability of block devices.
[    4.482621] systemd[1]: Finished Create list of static device nodes for the current kernel.
[    4.484892] RPC: Registered named UNIX socket transport module.
[    4.484893] RPC: Registered udp transport module.
[    4.484893] RPC: Registered tcp transport module.
[    4.484893] RPC: Registered tcp NFSv4.1 backchannel transport module.
[    4.485866] systemd[1]: Mounted RPC Pipe File System.
[    4.488434] EXT4-fs (sda3): re-mounted. Opts: errors=remount-ro
[    4.489531] systemd[1]: Finished Remount Root and Kernel File Systems.
[    4.491246] systemd[1]: Condition check resulted in Rebuild Hardware Database being skipped.
[    4.491273] systemd[1]: Condition check resulted in Platform Persistent Storage Archival being skipped.
[    4.491966] systemd[1]: Starting Load/Save Random Seed...
[    4.492780] systemd[1]: Starting Create System Users...
[    4.499422] lp: driver loaded but no devices found
[    4.502498] systemd[1]: Finished Load/Save Random Seed.
[    4.505520] ppdev: user-space parallel port driver
[    4.511224] systemd[1]: Finished Create System Users.
[    4.512194] systemd[1]: Starting Create Static Device Nodes in /dev...
[    4.517621] IPMI message handler: version 39.2
[    4.519079] ipmi device interface
[    4.521975] knem 1.1.4.90mlnx1: initialized
[    4.522880] systemd[1]: Finished Load Kernel Modules.
[    4.524115] systemd[1]: Mounting FUSE Control File System...
[    4.524972] systemd[1]: Mounting Kernel Configuration File System...
[    4.525783] systemd[1]: Starting Apply Kernel Variables...
[    4.527399] systemd[1]: Finished Create Static Device Nodes in /dev.
[    4.528046] systemd[1]: Mounted FUSE Control File System.
[    4.528183] systemd[1]: Mounted Kernel Configuration File System.
[    4.529188] systemd[1]: Starting udev Kernel Device Manager...
[    4.534073] systemd[1]: Finished Set the console keyboard layout.
[    4.539498] systemd[1]: Finished Apply Kernel Variables.
[    4.560379] systemd[1]: Started Journal Service.
[    4.565165] systemd-journald[729]: Received client request to flush runtime journal.
[    4.933461] ipmi_si: IPMI System Interface driver
[    4.933626] ipmi_si dmi-ipmi-si.0: ipmi_platform: probing via SMBIOS
[    4.933631] ipmi_platform: ipmi_si: SMBIOS: io 0xca2 regsize 1 spacing 1 irq 0
[    4.933632] ipmi_si: Adding SMBIOS-specified kcs state machine
[    4.934334] ipmi_si IPI0001:00: ipmi_platform: probing via ACPI
[    4.934941] ipmi_si IPI0001:00: ipmi_platform: [io  0x0ca2] regsize 1 spacing 1 irq 0
[    4.934943] ipmi_si dmi-ipmi-si.0: Removing SMBIOS-specified kcs state machine in favor of ACPI
[    4.934944] ipmi_si: Adding ACPI-specified kcs state machine
[    4.935406] ipmi_si: Trying ACPI-specified kcs state machine at i/o address 0xca2, slave address 0x20, irq 0
[    5.010995] power_meter ACPI000D:00: Found ACPI power meter.
[    5.011090] power_meter ACPI000D:00: Ignoring unsafe software power cap!
[    5.011124] power_meter ACPI000D:00: hwmon_device_register() is deprecated. Please convert the driver to use hwmon_device_register_with_info().
[    5.049574] mei_me 0000:00:16.0: Device doesn't have valid ME Interface
[    5.100768] nd_pmem namespace0.0: unable to guarantee persistence of writes
[    5.125897] RAPL PMU: API unit is 2^-32 Joules, 2 fixed counters, 655360 ms ovfl timer
[    5.125898] RAPL PMU: hw unit of domain package 2^-14 Joules
[    5.125899] RAPL PMU: hw unit of domain dram 2^-16 Joules
[    5.139184] ------------[ cut here ]------------
[    5.139193] Misaligned __add_pages start: 0x40000 end: #7902f
[    5.139777] WARNING: CPU: 29 PID: 824 at mm/memory_hotplug.c:276 __add_pages+0x100/0x130
[    5.139799] Modules linked in: mlx5_ib(OE+) rapl ib_uverbs(OE) dax_pmem_compat intel_cstate device_dax dax_pmem_core nd_pmem(+) nd_btt ib_core(OE) mei_me mei ipmi_si(+) acpi_power_meter mac_hid acpi_pad sch_fq_codel knem(OE) ipmi_devintf ipmi_msghandler msr parport_pc ppdev lp parport sunrpc ip_tables x_tables autofs4 btrfs zstd_compress raid10 raid456 async_raid6_recov async_memcpy async_pq async_xor async_tx xor raid6_pq libcrc32c raid1 raid0 multipath linear mgag200 drm_vram_helper ttm drm_kms_helper syscopyarea hid_generic sysfillrect sysimgblt usbhid fb_sys_fops hid crct10dif_pclmul crc32_pclmul mxm_wmi ghash_clmulni_intel aesni_intel crypto_simd cryptd glue_helper mlx5_core(OE) drm pci_hyperv_intf igb ahci mlxdevm(OE) auxiliary(OE) tls i2c_i801 libahci lpc_ich mlxfw(OE) dca psample i2c_algo_bit mlx_compat(OE) wmi
[    5.140259] CPU: 29 PID: 824 Comm: systemd-udevd Tainted: G           OE     5.4.189kernel-module-force-unload #2
[    5.140266] Hardware name: Default string Default string/Default string, BIOS 5.11 01/21/2022
[    5.140294] RIP: 0010:__add_pages+0x100/0x130
[    5.140313] Code: 31 c0 eb e2 80 3d 2f 2d d3 00 00 74 26 b8 ea ff ff ff eb dd 4c 89 f2 48 c7 c6 a8 01 44 82 48 c7 c7 88 54 38 82 e8 01 7c fa ff <0f> 0b b8 ea ff ff ff eb be 48 c7 c7 60 54 38 82 c6 05 f9 2c d3 00
[    5.140316] RSP: 0018:ffffc900012eb8d8 EFLAGS: 00010286
[    5.140323] RAX: 0000000000000000 RBX: 0000000000039030 RCX: 0000000000000006
[    5.140323] RDX: 0000000000000007 RSI: 0000000000000086 RDI: ffff88906095c8c0
[    5.140325] RBP: ffffc900012eb910 R08: 0000000000000448 R09: 0000000000000004
[    5.140326] R10: 0000000000000000 R11: 0000000000000001 R12: 0000000000039030
[    5.140326] R13: 0000000000000000 R14: 0000000000040000 R15: ffff889049b13af8
[    5.140356] FS:  00007fb4ba304880(0000) GS:ffff889060940000(0000) knlGS:0000000000000000
[    5.140357] CS:  0010 DS: 0000 ES: 0000 CR0: 0000000080050033
[    5.140358] CR2: 00007fb4b988a7e4 CR3: 0000001058704002 CR4: 00000000003606e0
[    5.140359] DR0: 0000000000000000 DR1: 0000000000000000 DR2: 0000000000000000
[    5.140360] DR3: 0000000000000000 DR6: 00000000fffe0ff0 DR7: 0000000000000400
[    5.140361] Call Trace:
[    5.140482]  add_pages+0x17/0x70
[    5.140490]  arch_add_memory+0x41/0x50
[    5.140545]  memremap_pages+0x412/0x570
[    5.140547]  devm_memremap_pages+0x23/0x60
[    5.140680]  pmem_attach_disk+0x4eb/0x630 [nd_pmem]
[    5.140734]  ? kobject_put+0xb7/0x1d0
[    5.140810]  ? put_device+0x13/0x20
[    5.140819]  nd_pmem_probe+0x89/0xb0 [nd_pmem]
[    5.140845]  nvdimm_bus_probe+0x72/0x1c0
[    5.140927]  really_probe+0x159/0x3d0
[    5.140942]  driver_probe_device+0xbc/0x100
[    5.140947]  device_driver_attach+0x5d/0x70
[    5.140949]  __driver_attach+0x8f/0x150
[    5.140951]  ? device_driver_attach+0x70/0x70
[    5.140957]  bus_for_each_dev+0x7e/0xc0
[    5.140959]  driver_attach+0x1e/0x20
[    5.140964]  bus_add_driver+0x152/0x1f0
[    5.140968]  driver_register+0x74/0xd0
[    5.140995]  ? 0xffffffffc09b2000
[    5.141000]  __nd_driver_register+0x32/0x80
[    5.141002]  nd_pmem_driver_init+0x23/0x1000 [nd_pmem]
[    5.141059]  do_one_initcall+0x4a/0x200
[    5.141087]  ? _cond_resched+0x19/0x30
[    5.141159]  ? kmem_cache_alloc_trace+0x177/0x240
[    5.141168]  do_init_module+0x52/0x240
[    5.141170]  load_module+0x256d/0x2790
[    5.141175]  __do_sys_finit_module+0xbe/0x120
[    5.141177]  ? __do_sys_finit_module+0xbe/0x120
[    5.141183]  __x64_sys_finit_module+0x1a/0x20
[    5.141213]  do_syscall_64+0x57/0x190
[    5.141218]  entry_SYSCALL_64_after_hwframe+0x44/0xa9
[    5.141221] RIP: 0033:0x7fb4ba92e73d
[    5.141231] Code: 00 c3 66 2e 0f 1f 84 00 00 00 00 00 90 f3 0f 1e fa 48 89 f8 48 89 f7 48 89 d6 48 89 ca 4d 89 c2 4d 89 c8 4c 8b 4c 24 08 0f 05 <48> 3d 01 f0 ff ff 73 01 c3 48 8b 0d 23 37 0d 00 f7 d8 64 89 01 48
[    5.141233] RSP: 002b:00007fff9f947758 EFLAGS: 00000246 ORIG_RAX: 0000000000000139
[    5.141236] RAX: ffffffffffffffda RBX: 000055d52795c120 RCX: 00007fb4ba92e73d
[    5.141237] RDX: 0000000000000000 RSI: 00007fb4ba80eded RDI: 0000000000000006
[    5.141238] RBP: 0000000000020000 R08: 0000000000000000 R09: 0000000000000000
[    5.141241] R10: 0000000000000006 R11: 0000000000000246 R12: 00007fb4ba80eded
[    5.141242] R13: 0000000000000000 R14: 000055d527b909b0 R15: 000055d52795c120
[    5.141245] ---[ end trace 40f00fd5e9bc4f63 ]---
[    5.141263] ------------[ cut here ]------------
[    5.141267] WARNING: CPU: 29 PID: 824 at arch/x86/mm/init_64.c:852 add_pages+0x5d/0x70
[    5.141268] Modules linked in: mlx5_ib(OE+) rapl ib_uverbs(OE) dax_pmem_compat intel_cstate device_dax dax_pmem_core nd_pmem(+) nd_btt ib_core(OE) mei_me mei ipmi_si(+) acpi_power_meter mac_hid acpi_pad sch_fq_codel knem(OE) ipmi_devintf ipmi_msghandler msr parport_pc ppdev lp parport sunrpc ip_tables x_tables autofs4 btrfs zstd_compress raid10 raid456 async_raid6_recov async_memcpy async_pq async_xor async_tx xor raid6_pq libcrc32c raid1 raid0 multipath linear mgag200 drm_vram_helper ttm drm_kms_helper syscopyarea hid_generic sysfillrect sysimgblt usbhid fb_sys_fops hid crct10dif_pclmul crc32_pclmul mxm_wmi ghash_clmulni_intel aesni_intel crypto_simd cryptd glue_helper mlx5_core(OE) drm pci_hyperv_intf igb ahci mlxdevm(OE) auxiliary(OE) tls i2c_i801 libahci lpc_ich mlxfw(OE) dca psample i2c_algo_bit mlx_compat(OE) wmi
[    5.141318] CPU: 29 PID: 824 Comm: systemd-udevd Tainted: G        W  OE     5.4.189kernel-module-force-unload #2
[    5.141322] Hardware name: Default string Default string/Default string, BIOS 5.11 01/21/2022
[    5.141325] RIP: 0010:add_pages+0x5d/0x70
[    5.141328] Code: 4a c4 01 76 20 48 89 15 49 4a c4 01 48 89 15 52 4a c4 01 48 c1 e2 0c 48 03 15 1f cc 3c 01 48 89 15 f8 24 c4 01 5b 41 5c 5d c3 <0f> 0b eb ba 66 66 2e 0f 1f 84 00 00 00 00 00 0f 1f 40 00 0f 1f 44
[    5.141329] RSP: 0018:ffffc900012eb920 EFLAGS: 00010282
[    5.141331] RAX: 00000000ffffffea RBX: 0000000000040000 RCX: 0000000000000006
[    5.141332] RDX: 0000000000000007 RSI: 0000000000000086 RDI: ffff88906095c8c0
[    5.141333] RBP: ffffc900012eb930 R08: 0000000000000448 R09: 0000000000000004
[    5.141334] R10: 0000000000000000 R11: 0000000000000001 R12: 0000000000039030
[    5.141335] R13: 0000000000000000 R14: ffffc900012eb978 R15: ffff889049b13af8
[    5.141336] FS:  00007fb4ba304880(0000) GS:ffff889060940000(0000) knlGS:0000000000000000
[    5.141337] CS:  0010 DS: 0000 ES: 0000 CR0: 0000000080050033
[    5.141338] CR2: 00007fb4b988a7e4 CR3: 0000001058704002 CR4: 00000000003606e0
[    5.141339] DR0: 0000000000000000 DR1: 0000000000000000 DR2: 0000000000000000
[    5.141340] DR3: 0000000000000000 DR6: 00000000fffe0ff0 DR7: 0000000000000400
[    5.141341] Call Trace:
[    5.141343]  arch_add_memory+0x41/0x50
[    5.141346]  memremap_pages+0x412/0x570
[    5.141348]  devm_memremap_pages+0x23/0x60
[    5.141351]  pmem_attach_disk+0x4eb/0x630 [nd_pmem]
[    5.141354]  ? kobject_put+0xb7/0x1d0
[    5.141356]  ? put_device+0x13/0x20
[    5.141359]  nd_pmem_probe+0x89/0xb0 [nd_pmem]
[    5.141361]  nvdimm_bus_probe+0x72/0x1c0
[    5.141364]  really_probe+0x159/0x3d0
[    5.141367]  driver_probe_device+0xbc/0x100
[    5.141369]  device_driver_attach+0x5d/0x70
[    5.141372]  __driver_attach+0x8f/0x150
[    5.141374]  ? device_driver_attach+0x70/0x70
[    5.141383]  bus_for_each_dev+0x7e/0xc0
[    5.141385]  driver_attach+0x1e/0x20
[    5.141387]  bus_add_driver+0x152/0x1f0
[    5.141390]  driver_register+0x74/0xd0
[    5.141392]  ? 0xffffffffc09b2000
[    5.141394]  __nd_driver_register+0x32/0x80
[    5.141396]  nd_pmem_driver_init+0x23/0x1000 [nd_pmem]
[    5.141401]  do_one_initcall+0x4a/0x200
[    5.141403]  ? _cond_resched+0x19/0x30
[    5.141405]  ? kmem_cache_alloc_trace+0x177/0x240
[    5.141407]  do_init_module+0x52/0x240
[    5.141409]  load_module+0x256d/0x2790
[    5.141413]  __do_sys_finit_module+0xbe/0x120
[    5.141414]  ? __do_sys_finit_module+0xbe/0x120
[    5.141417]  __x64_sys_finit_module+0x1a/0x20
[    5.141419]  do_syscall_64+0x57/0x190
[    5.141422]  entry_SYSCALL_64_after_hwframe+0x44/0xa9
[    5.141423] RIP: 0033:0x7fb4ba92e73d
[    5.141425] Code: 00 c3 66 2e 0f 1f 84 00 00 00 00 00 90 f3 0f 1e fa 48 89 f8 48 89 f7 48 89 d6 48 89 ca 4d 89 c2 4d 89 c8 4c 8b 4c 24 08 0f 05 <48> 3d 01 f0 ff ff 73 01 c3 48 8b 0d 23 37 0d 00 f7 d8 64 89 01 48
[    5.141426] RSP: 002b:00007fff9f947758 EFLAGS: 00000246 ORIG_RAX: 0000000000000139
[    5.141428] RAX: ffffffffffffffda RBX: 000055d52795c120 RCX: 00007fb4ba92e73d
[    5.141429] RDX: 0000000000000000 RSI: 00007fb4ba80eded RDI: 0000000000000006
[    5.141429] RBP: 0000000000020000 R08: 0000000000000000 R09: 0000000000000000
[    5.141430] R10: 0000000000000006 R11: 0000000000000246 R12: 00007fb4ba80eded
[    5.141431] R13: 0000000000000000 R14: 000055d527b909b0 R15: 000055d52795c120
[    5.141451] ---[ end trace 40f00fd5e9bc4f64 ]---
[    5.193884] nd_pmem: probe of namespace0.0 failed with error -22
[    5.194490] nd_pmem namespace1.0: unable to guarantee persistence of writes
[    5.226367] ------------[ cut here ]------------
[    5.226374] Misaligned __add_pages start: 0x79030 end: #798bc
[    5.226435] WARNING: CPU: 35 PID: 824 at mm/memory_hotplug.c:276 __add_pages+0x100/0x130
[    5.226436] Modules linked in: coretemp kvm_intel kvm input_leds joydev mlx5_ib(OE+) rapl ib_uverbs(OE) dax_pmem_compat intel_cstate device_dax dax_pmem_core nd_pmem(+) nd_btt ib_core(OE) mei_me mei ipmi_si(+) acpi_power_meter mac_hid acpi_pad sch_fq_codel knem(OE) ipmi_devintf ipmi_msghandler msr parport_pc ppdev lp parport sunrpc ip_tables x_tables autofs4 btrfs zstd_compress raid10 raid456 async_raid6_recov async_memcpy async_pq async_xor async_tx xor raid6_pq libcrc32c raid1 raid0 multipath linear mgag200 drm_vram_helper ttm drm_kms_helper syscopyarea hid_generic sysfillrect sysimgblt usbhid fb_sys_fops hid crct10dif_pclmul crc32_pclmul mxm_wmi ghash_clmulni_intel aesni_intel crypto_simd cryptd glue_helper mlx5_core(OE) drm pci_hyperv_intf igb ahci mlxdevm(OE) auxiliary(OE) tls i2c_i801 libahci lpc_ich mlxfw(OE) dca psample i2c_algo_bit mlx_compat(OE) wmi
[    5.226526] CPU: 35 PID: 824 Comm: systemd-udevd Tainted: G        W  OE     5.4.189kernel-module-force-unload #2
[    5.226529] Hardware name: Default string Default string/Default string, BIOS 5.11 01/21/2022
[    5.226532] RIP: 0010:__add_pages+0x100/0x130
[    5.226534] Code: 31 c0 eb e2 80 3d 2f 2d d3 00 00 74 26 b8 ea ff ff ff eb dd 4c 89 f2 48 c7 c6 a8 01 44 82 48 c7 c7 88 54 38 82 e8 01 7c fa ff <0f> 0b b8 ea ff ff ff eb be 48 c7 c7 60 54 38 82 c6 05 f9 2c d3 00
[    5.226537] RSP: 0000:ffffc900012eb8d8 EFLAGS: 00010286
[    5.226538] RAX: 0000000000000000 RBX: 000000000000088d RCX: 0000000000000006
[    5.226539] RDX: 0000000000000007 RSI: 0000000000000086 RDI: ffff889060adc8c0
[    5.226540] RBP: ffffc900012eb910 R08: 00000000000004c0 R09: 0000000000000004
[    5.226540] R10: 0000000000000000 R11: 0000000000000001 R12: 000000000000088d
[    5.226541] R13: 0000000000000000 R14: 0000000000079030 R15: ffff889049b102f8
[    5.226542] FS:  00007fb4ba304880(0000) GS:ffff889060ac0000(0000) knlGS:0000000000000000
[    5.226543] CS:  0010 DS: 0000 ES: 0000 CR0: 0000000080050033
[    5.226543] CR2: 00007fb4b9857fbb CR3: 0000001058704003 CR4: 00000000003606e0
[    5.226544] DR0: 0000000000000000 DR1: 0000000000000000 DR2: 0000000000000000
[    5.226545] DR3: 0000000000000000 DR6: 00000000fffe0ff0 DR7: 0000000000000400
[    5.226546] Call Trace:
[    5.226558]  add_pages+0x17/0x70
[    5.226559]  arch_add_memory+0x41/0x50
[    5.226565]  memremap_pages+0x412/0x570
[    5.226567]  devm_memremap_pages+0x23/0x60
[    5.226578]  pmem_attach_disk+0x4eb/0x630 [nd_pmem]
[    5.226617]  ? kobject_put+0xb7/0x1d0
[    5.226635]  ? put_device+0x13/0x20
[    5.226638]  nd_pmem_probe+0x89/0xb0 [nd_pmem]
[    5.226649]  nvdimm_bus_probe+0x72/0x1c0
[    5.226658]  really_probe+0x159/0x3d0
[    5.226663]  driver_probe_device+0xbc/0x100
[    5.226671]  device_driver_attach+0x5d/0x70
[    5.226674]  __driver_attach+0x8f/0x150
[    5.226676]  ? device_driver_attach+0x70/0x70
[    5.226678]  bus_for_each_dev+0x7e/0xc0
[    5.226681]  driver_attach+0x1e/0x20
[    5.226689]  bus_add_driver+0x152/0x1f0
[    5.226692]  driver_register+0x74/0xd0
[    5.226695]  ? 0xffffffffc09b2000
[    5.226702]  __nd_driver_register+0x32/0x80
[    5.226704]  nd_pmem_driver_init+0x23/0x1000 [nd_pmem]
[    5.226719]  do_one_initcall+0x4a/0x200
[    5.226724]  ? _cond_resched+0x19/0x30
[    5.226735]  ? kmem_cache_alloc_trace+0x177/0x240
[    5.226741]  do_init_module+0x52/0x240
[    5.226742]  load_module+0x256d/0x2790
[    5.226745]  __do_sys_finit_module+0xbe/0x120
[    5.226746]  ? __do_sys_finit_module+0xbe/0x120
[    5.226749]  __x64_sys_finit_module+0x1a/0x20
[    5.226751]  do_syscall_64+0x57/0x190
[    5.226757]  entry_SYSCALL_64_after_hwframe+0x44/0xa9
[    5.226759] RIP: 0033:0x7fb4ba92e73d
[    5.226763] Code: 00 c3 66 2e 0f 1f 84 00 00 00 00 00 90 f3 0f 1e fa 48 89 f8 48 89 f7 48 89 d6 48 89 ca 4d 89 c2 4d 89 c8 4c 8b 4c 24 08 0f 05 <48> 3d 01 f0 ff ff 73 01 c3 48 8b 0d 23 37 0d 00 f7 d8 64 89 01 48
[    5.226765] RSP: 002b:00007fff9f947758 EFLAGS: 00000246 ORIG_RAX: 0000000000000139
[    5.226767] RAX: ffffffffffffffda RBX: 000055d52795c120 RCX: 00007fb4ba92e73d
[    5.226767] RDX: 0000000000000000 RSI: 00007fb4ba80eded RDI: 0000000000000006
[    5.226768] RBP: 0000000000020000 R08: 0000000000000000 R09: 0000000000000000
[    5.226768] R10: 0000000000000006 R11: 0000000000000246 R12: 00007fb4ba80eded
[    5.226769] R13: 0000000000000000 R14: 000055d527b909b0 R15: 000055d52795c120
[    5.226770] ---[ end trace 40f00fd5e9bc4f65 ]---
[    5.234669] EDAC sbridge: Seeking for: PCI ID 8086:6fa0
[    5.234693] EDAC sbridge: Seeking for: PCI ID 8086:6fa0
[    5.234717] EDAC sbridge: Seeking for: PCI ID 8086:6f60
[    5.234724] EDAC sbridge: Seeking for: PCI ID 8086:6f60
[    5.234730] EDAC sbridge: Seeking for: PCI ID 8086:6fa8
[    5.234737] EDAC sbridge: Seeking for: PCI ID 8086:6fa8
[    5.234743] EDAC sbridge: Seeking for: PCI ID 8086:6f71
[    5.234749] EDAC sbridge: Seeking for: PCI ID 8086:6f71
[    5.234755] EDAC sbridge: Seeking for: PCI ID 8086:6faa
[    5.234764] EDAC sbridge: Seeking for: PCI ID 8086:6faa
[    5.234770] EDAC sbridge: Seeking for: PCI ID 8086:6fab
[    5.234776] EDAC sbridge: Seeking for: PCI ID 8086:6fab
[    5.234782] EDAC sbridge: Seeking for: PCI ID 8086:6fac
[    5.234791] EDAC sbridge: Seeking for: PCI ID 8086:6fad
[    5.234801] EDAC sbridge: Seeking for: PCI ID 8086:6f68
[    5.234808] EDAC sbridge: Seeking for: PCI ID 8086:6f68
[    5.234813] EDAC sbridge: Seeking for: PCI ID 8086:6f79
[    5.234821] EDAC sbridge: Seeking for: PCI ID 8086:6f79
[    5.234826] EDAC sbridge: Seeking for: PCI ID 8086:6f6a
[    5.234833] EDAC sbridge: Seeking for: PCI ID 8086:6f6a
[    5.234838] EDAC sbridge: Seeking for: PCI ID 8086:6f6b
[    5.234846] EDAC sbridge: Seeking for: PCI ID 8086:6f6b
[    5.234850] EDAC sbridge: Seeking for: PCI ID 8086:6f6c
[    5.234860] EDAC sbridge: Seeking for: PCI ID 8086:6f6d
[    5.234869] EDAC sbridge: Seeking for: PCI ID 8086:6ffc
[    5.234875] EDAC sbridge: Seeking for: PCI ID 8086:6ffc
[    5.234882] EDAC sbridge: Seeking for: PCI ID 8086:6ffd
[    5.234887] EDAC sbridge: Seeking for: PCI ID 8086:6ffd
[    5.234894] EDAC sbridge: Seeking for: PCI ID 8086:6faf
[    5.234901] EDAC sbridge: Seeking for: PCI ID 8086:6faf
[    5.234937] EDAC sbridge: CPU SrcID #0, Ha #0, Channel #0 has DIMMs, but ECC is disabled
[    5.234944] EDAC sbridge: Couldn't find mci handler
[    5.234945] EDAC sbridge: Couldn't find mci handler
[    5.234947] EDAC sbridge: Failed to register device with error -19.
[    5.238530] mlx5_core 0000:02:00.0 enp2s0f0: renamed from enp2s0f0np0
[    5.271024] mlx5_core 0000:02:00.1 enp2s0f1: renamed from enp2s0f1np1
[    5.272097] nd_pmem: probe of namespace1.0 failed with error -22
[    5.272210] nd_pmem namespace2.0: unable to guarantee persistence of writes
[    5.286424] ipmi_si IPI0001:00: IPMI message handler: Found new BMC (man_id: 0x000157, prod_id: 0x0071, dev_id: 0x21)
[    5.330975] EDAC sbridge: Seeking for: PCI ID 8086:6fa0
[    5.330989] EDAC sbridge: Seeking for: PCI ID 8086:6fa0
[    5.331003] EDAC sbridge: Seeking for: PCI ID 8086:6f60
[    5.331007] EDAC sbridge: Seeking for: PCI ID 8086:6f60
[    5.331012] EDAC sbridge: Seeking for: PCI ID 8086:6fa8
[    5.331016] EDAC sbridge: Seeking for: PCI ID 8086:6fa8
[    5.331021] EDAC sbridge: Seeking for: PCI ID 8086:6f71
[    5.331025] EDAC sbridge: Seeking for: PCI ID 8086:6f71
[    5.331029] EDAC sbridge: Seeking for: PCI ID 8086:6faa
[    5.331033] EDAC sbridge: Seeking for: PCI ID 8086:6faa
[    5.331037] EDAC sbridge: Seeking for: PCI ID 8086:6fab
[    5.331041] EDAC sbridge: Seeking for: PCI ID 8086:6fab
[    5.331046] EDAC sbridge: Seeking for: PCI ID 8086:6fac
[    5.331053] EDAC sbridge: Seeking for: PCI ID 8086:6fad
[    5.331061] EDAC sbridge: Seeking for: PCI ID 8086:6f68
[    5.331065] EDAC sbridge: Seeking for: PCI ID 8086:6f68
[    5.331069] EDAC sbridge: Seeking for: PCI ID 8086:6f79
[    5.331074] EDAC sbridge: Seeking for: PCI ID 8086:6f79
[    5.331078] EDAC sbridge: Seeking for: PCI ID 8086:6f6a
[    5.331083] EDAC sbridge: Seeking for: PCI ID 8086:6f6a
[    5.331088] EDAC sbridge: Seeking for: PCI ID 8086:6f6b
[    5.331093] EDAC sbridge: Seeking for: PCI ID 8086:6f6b
[    5.331096] EDAC sbridge: Seeking for: PCI ID 8086:6f6c
[    5.331103] EDAC sbridge: Seeking for: PCI ID 8086:6f6d
[    5.331111] EDAC sbridge: Seeking for: PCI ID 8086:6ffc
[    5.331115] EDAC sbridge: Seeking for: PCI ID 8086:6ffc
[    5.331121] EDAC sbridge: Seeking for: PCI ID 8086:6ffd
[    5.331124] EDAC sbridge: Seeking for: PCI ID 8086:6ffd
[    5.331130] EDAC sbridge: Seeking for: PCI ID 8086:6faf
[    5.331134] EDAC sbridge: Seeking for: PCI ID 8086:6faf
[    5.331166] EDAC sbridge: CPU SrcID #0, Ha #0, Channel #0 has DIMMs, but ECC is disabled
[    5.331171] EDAC sbridge: Couldn't find mci handler
[    5.331171] EDAC sbridge: Couldn't find mci handler
[    5.331173] EDAC sbridge: Failed to register device with error -19.
[    5.334699] intel_rapl_common: Found RAPL domain package
[    5.334705] intel_rapl_common: Found RAPL domain dram
[    5.334706] intel_rapl_common: DRAM domain energy unit 15300pj
[    5.342149] Adding 524284k swap on /dev/sda2.  Priority:-2 extents:1 across:524284k SSFS
[    5.342254] ------------[ cut here ]------------
[    5.342256] Misaligned __add_pages start: 0x798bd end: #79de3
[    5.342281] WARNING: CPU: 35 PID: 824 at mm/memory_hotplug.c:276 __add_pages+0x100/0x130
[    5.342282] Modules linked in: intel_rapl_msr intel_rapl_common sb_edac(-) x86_pkg_temp_thermal intel_powerclamp coretemp kvm_intel kvm input_leds joydev mlx5_ib(OE) rapl ib_uverbs(OE) dax_pmem_compat intel_cstate device_dax dax_pmem_core nd_pmem(+) nd_btt ib_core(OE) mei_me mei ipmi_si(+) acpi_power_meter mac_hid acpi_pad sch_fq_codel knem(OE) ipmi_devintf ipmi_msghandler msr parport_pc ppdev lp parport sunrpc ip_tables x_tables autofs4 btrfs zstd_compress raid10 raid456 async_raid6_recov async_memcpy async_pq async_xor async_tx xor raid6_pq libcrc32c raid1 raid0 multipath linear mgag200 drm_vram_helper ttm drm_kms_helper syscopyarea hid_generic sysfillrect sysimgblt usbhid fb_sys_fops hid crct10dif_pclmul crc32_pclmul mxm_wmi ghash_clmulni_intel aesni_intel crypto_simd cryptd glue_helper mlx5_core(OE) drm pci_hyperv_intf igb ahci mlxdevm(OE) auxiliary(OE) tls i2c_i801 libahci lpc_ich mlxfw(OE) dca psample i2c_algo_bit mlx_compat(OE) wmi
[    5.342317] CPU: 35 PID: 824 Comm: systemd-udevd Tainted: G        W  OE     5.4.189kernel-module-force-unload #2
[    5.342318] Hardware name: Default string Default string/Default string, BIOS 5.11 01/21/2022
[    5.342321] RIP: 0010:__add_pages+0x100/0x130
[    5.342322] Code: 31 c0 eb e2 80 3d 2f 2d d3 00 00 74 26 b8 ea ff ff ff eb dd 4c 89 f2 48 c7 c6 a8 01 44 82 48 c7 c7 88 54 38 82 e8 01 7c fa ff <0f> 0b b8 ea ff ff ff eb be 48 c7 c7 60 54 38 82 c6 05 f9 2c d3 00
[    5.342323] RSP: 0018:ffffc900012eb8d8 EFLAGS: 00010286
[    5.342325] RAX: 0000000000000000 RBX: 0000000000000527 RCX: 0000000000000006
[    5.342325] RDX: 0000000000000007 RSI: 0000000000000086 RDI: ffff889060adc8c0
[    5.342326] RBP: ffffc900012eb910 R08: 0000000000000549 R09: 0000000000000004
[    5.342327] R10: 0000000000000000 R11: 0000000000000001 R12: 0000000000000527
[    5.342327] R13: 0000000000000000 R14: 00000000000798bd R15: ffff889049b14ef8
[    5.342328] FS:  00007fb4ba304880(0000) GS:ffff889060ac0000(0000) knlGS:0000000000000000
[    5.342329] CS:  0010 DS: 0000 ES: 0000 CR0: 0000000080050033
[    5.342330] CR2: 00007f79aa27bab0 CR3: 0000001058704005 CR4: 00000000003606e0
[    5.342331] DR0: 0000000000000000 DR1: 0000000000000000 DR2: 0000000000000000
[    5.342331] DR3: 0000000000000000 DR6: 00000000fffe0ff0 DR7: 0000000000000400
[    5.342333] Call Trace:
[    5.342340]  add_pages+0x17/0x70
[    5.342342]  arch_add_memory+0x41/0x50
[    5.342347]  memremap_pages+0x412/0x570
[    5.342349]  devm_memremap_pages+0x23/0x60
[    5.342354]  pmem_attach_disk+0x4eb/0x630 [nd_pmem]
[    5.342359]  ? kobject_put+0xb7/0x1d0
[    5.342363]  ? put_device+0x13/0x20
[    5.342365]  nd_pmem_probe+0x89/0xb0 [nd_pmem]
[    5.342369]  nvdimm_bus_probe+0x72/0x1c0
[    5.342371]  really_probe+0x159/0x3d0
[    5.342373]  driver_probe_device+0xbc/0x100
[    5.342375]  device_driver_attach+0x5d/0x70
[    5.342377]  __driver_attach+0x8f/0x150
[    5.342379]  ? device_driver_attach+0x70/0x70
[    5.342380]  bus_for_each_dev+0x7e/0xc0
[    5.342382]  driver_attach+0x1e/0x20
[    5.342384]  bus_add_driver+0x152/0x1f0
[    5.342386]  driver_register+0x74/0xd0
[    5.342387]  ? 0xffffffffc09b2000
[    5.342389]  __nd_driver_register+0x32/0x80
[    5.342391]  nd_pmem_driver_init+0x23/0x1000 [nd_pmem]
[    5.342396]  do_one_initcall+0x4a/0x200
[    5.342400]  ? _cond_resched+0x19/0x30
[    5.342403]  ? kmem_cache_alloc_trace+0x177/0x240
[    5.342406]  do_init_module+0x52/0x240
[    5.342408]  load_module+0x256d/0x2790
[    5.342411]  __do_sys_finit_module+0xbe/0x120
[    5.342412]  ? __do_sys_finit_module+0xbe/0x120
[    5.342414]  __x64_sys_finit_module+0x1a/0x20
[    5.342416]  do_syscall_64+0x57/0x190
[    5.342419]  entry_SYSCALL_64_after_hwframe+0x44/0xa9
[    5.342419] RIP: 0033:0x7fb4ba92e73d
[    5.342421] Code: 00 c3 66 2e 0f 1f 84 00 00 00 00 00 90 f3 0f 1e fa 48 89 f8 48 89 f7 48 89 d6 48 89 ca 4d 89 c2 4d 89 c8 4c 8b 4c 24 08 0f 05 <48> 3d 01 f0 ff ff 73 01 c3 48 8b 0d 23 37 0d 00 f7 d8 64 89 01 48
[    5.342422] RSP: 002b:00007fff9f947758 EFLAGS: 00000246 ORIG_RAX: 0000000000000139
[    5.342423] RAX: ffffffffffffffda RBX: 000055d52795c120 RCX: 00007fb4ba92e73d
[    5.342424] RDX: 0000000000000000 RSI: 00007fb4ba80eded RDI: 0000000000000006
[    5.342424] RBP: 0000000000020000 R08: 0000000000000000 R09: 0000000000000000
[    5.342425] R10: 0000000000000006 R11: 0000000000000246 R12: 00007fb4ba80eded
[    5.342425] R13: 0000000000000000 R14: 000055d527b909b0 R15: 000055d52795c120
[    5.342427] ---[ end trace 40f00fd5e9bc4f66 ]---
[    5.343663] ipmi_si IPI0001:00: IPMI kcs interface initialized
[    5.346919] ipmi_ssif: IPMI SSIF Interface driver
[    5.354550] EXT4-fs (sda1): mounted filesystem with ordered data mode. Opts: (null)
[    5.354559] ext4 filesystem being mounted at /boot supports timestamps until 2038 (0x7fffffff)
[    5.391680] nd_pmem: probe of namespace2.0 failed with error -22
[    5.391737] nd_pmem namespace4.0: could not reserve region [mem 0x90000000-0xfed1bfff]
[    5.395149] nd_pmem namespace3.0: unable to guarantee persistence of writes
[    5.399084] EDAC sbridge: Seeking for: PCI ID 8086:6fa0
[    5.399100] EDAC sbridge: Seeking for: PCI ID 8086:6fa0
[    5.399118] EDAC sbridge: Seeking for: PCI ID 8086:6f60
[    5.399123] EDAC sbridge: Seeking for: PCI ID 8086:6f60
[    5.399127] EDAC sbridge: Seeking for: PCI ID 8086:6fa8
[    5.399131] EDAC sbridge: Seeking for: PCI ID 8086:6fa8
[    5.399136] EDAC sbridge: Seeking for: PCI ID 8086:6f71
