[    0.000000] microcode: microcode updated early to revision 0xb000040, date = 2021-05-19
[    0.000000] Linux version 5.4.189kernel-module-force-unload (root@axdimm.ittc.ku.edu) (gcc version 9.3.0 (Ubuntu 9.3.0-10ubuntu2)) #2 SMP Sat Jun 18 03:10:44 CDT 2022 (Ubuntu 5.4.0-48.52-generic 5.4.60)
[    0.000000] Command line: BOOT_IMAGE=/vmlinuz-5.4.189kernel-module-force-unload root=UUID=97bb639d-d0e3-415b-bcde-fdf9da1fdb83 ro quiet splash nokaslr memmap=1G!32G vt.handoff=7
[    0.000000] KERNEL supported cpus:
[    0.000000]   Intel GenuineIntel
[    0.000000]   AMD AuthenticAMD
[    0.000000]   Hygon HygonGenuine
[    0.000000]   Centaur CentaurHauls
[    0.000000]   zhaoxin   Shanghai  
[    0.000000] x86/fpu: Supporting XSAVE feature 0x001: 'x87 floating point registers'
[    0.000000] x86/fpu: Supporting XSAVE feature 0x002: 'SSE registers'
[    0.000000] x86/fpu: Supporting XSAVE feature 0x004: 'AVX registers'
[    0.000000] x86/fpu: xstate_offset[2]:  576, xstate_sizes[2]:  256
[    0.000000] x86/fpu: Enabled xstate features 0x7, context size is 832 bytes, using 'standard' format.
[    0.000000] BIOS-provided physical RAM map:
[    0.000000] BIOS-e820: [mem 0x0000000000000000-0x0000000000099bff] usable
[    0.000000] BIOS-e820: [mem 0x0000000000099c00-0x000000000009ffff] reserved
[    0.000000] BIOS-e820: [mem 0x00000000000e0000-0x00000000000fffff] reserved
[    0.000000] BIOS-e820: [mem 0x0000000000100000-0x000000007902ffff] usable
[    0.000000] BIOS-e820: [mem 0x0000000079030000-0x00000000798bcfff] reserved
[    0.000000] BIOS-e820: [mem 0x00000000798bd000-0x0000000079de3fff] ACPI NVS
[    0.000000] BIOS-e820: [mem 0x0000000079de4000-0x000000008fffffff] reserved
[    0.000000] BIOS-e820: [mem 0x00000000fed1c000-0x00000000fed44fff] reserved
[    0.000000] BIOS-e820: [mem 0x00000000ff000000-0x00000000ffffffff] reserved
[    0.000000] BIOS-e820: [mem 0x0000000900000000-0x000000107fffffff] usable
[    0.000000] NX (Execute Disable) protection: active
[    0.000000] user-defined physical RAM map:
[    0.000000] user: [mem 0x0000000000000000-0x0000000000099bff] usable
[    0.000000] user: [mem 0x0000000000099c00-0x000000000009ffff] reserved
[    0.000000] user: [mem 0x00000000000e0000-0x00000000000fffff] reserved
[    0.000000] user: [mem 0x0000000000100000-0x000000007902ffff] usable
[    0.000000] user: [mem 0x0000000079030000-0x00000000798bcfff] reserved
[    0.000000] user: [mem 0x00000000798bd000-0x0000000079de3fff] ACPI NVS
[    0.000000] user: [mem 0x0000000079de4000-0x000000008fffffff] reserved
[    0.000000] user: [mem 0x00000000fed1c000-0x00000000fed44fff] reserved
[    0.000000] user: [mem 0x00000000ff000000-0x00000000ffffffff] reserved
[    0.000000] user: [mem 0x0000000800000000-0x000000083fffffff] persistent (type 12)
[    0.000000] user: [mem 0x0000000900000000-0x000000107fffffff] usable
[    0.000000] SMBIOS 3.0 present.
[    0.000000] DMI: Default string Default string/Default string, BIOS 5.11 01/21/2022
[    0.000000] tsc: Fast TSC calibration using PIT
[    0.000000] tsc: Detected 2194.860 MHz processor
[    0.001172] e820: update [mem 0x00000000-0x00000fff] usable ==> reserved
[    0.001174] e820: remove [mem 0x000a0000-0x000fffff] usable
[    0.001179] last_pfn = 0x1080000 max_arch_pfn = 0x400000000
[    0.001184] MTRR default type: write-back
[    0.001185] MTRR fixed ranges enabled:
[    0.001186]   00000-9FFFF write-back
[    0.001187]   A0000-BFFFF uncachable
[    0.001188]   C0000-FFFFF write-protect
[    0.001189] MTRR variable ranges enabled:
[    0.001191]   0 base 000080000000 mask 3FFF80000000 uncachable
[    0.001192]   1 base 380000000000 mask 3FC000000000 uncachable
[    0.001193]   2 base 0000FA000000 mask 3FFFFF000000 write-through
[    0.001194]   3 base 383FFA000000 mask 3FFFFE000000 write-through
[    0.001195]   4 base 383FFC000000 mask 3FFFFE000000 write-through
[    0.001195]   5 base 383FFE000000 mask 3FFFFF000000 write-through
[    0.001196]   6 disabled
[    0.001197]   7 disabled
[    0.001197]   8 disabled
[    0.001197]   9 disabled
[    0.001907] x86/PAT: Configuration [0-7]: WB  WC  UC- UC  WB  WP  UC- WT  
[    0.002175] last_pfn = 0x79030 max_arch_pfn = 0x400000000
[    0.010969] found SMP MP-table at [mem 0x000fce20-0x000fce2f]
[    0.011050] check: Scanning 1 areas for low memory corruption
[    0.011056] Using GB pages for direct mapping
[    0.011324] RAMDISK: [mem 0x2d663000-0x32b28fff]
[    0.011331] ACPI: Early table checksum verification disabled
[    0.011336] ACPI: RSDP 0x00000000000F05B0 000024 (v02 ALASKA)
[    0.011339] ACPI: XSDT 0x00000000799250A0 0000BC (v01 ALASKA A M I    01072009 AMI  00010013)
[    0.011347] ACPI: FACP 0x00000000799586E0 00010C (v05 ALASKA A M I    01072009 AMI  00010013)
[    0.011353] ACPI: DSDT 0x00000000799251F0 0334EC (v02 ALASKA A M I    01072009 INTL 20091013)
[    0.011356] ACPI: FACS 0x0000000079DE2F80 000040
[    0.011359] ACPI: APIC 0x00000000799587F0 000288 (v03 ALASKA A M I    01072009 AMI  00010013)
[    0.011362] ACPI: FPDT 0x0000000079958A78 000044 (v01 ALASKA A M I    01072009 AMI  00010013)
[    0.011364] ACPI: FIDT 0x0000000079958AC0 00009C (v01 ALASKA A M I    01072009 AMI  00010013)
[    0.011367] ACPI: SPMI 0x0000000079958B60 000041 (v05 ALASKA A M I    00000000 AMI. 00000000)
[    0.011370] ACPI: MCFG 0x0000000079958BA8 00003C (v01 ALASKA A M I    01072009 MSFT 00000097)
[    0.011373] ACPI: UEFI 0x0000000079958BE8 000042 (v01 ALASKA A M I    01072009      00000000)
[    0.011376] ACPI: HPET 0x0000000079958C30 000038 (v01 ALASKA A M I    00000001 INTL 20091013)
[    0.011379] ACPI: MSCT 0x0000000079958C68 000090 (v01 ALASKA A M I    00000001 INTL 20091013)
[    0.011382] ACPI: SLIT 0x0000000079958CF8 00002D (v01 ALASKA A M I    00000001 INTL 20091013)
[    0.011385] ACPI: SRAT 0x0000000079958D28 001158 (v03 ALASKA A M I    00000001 INTL 20091013)
[    0.011388] ACPI: WDDT 0x0000000079959E80 000040 (v01 ALASKA A M I    00000000 INTL 20091013)
[    0.011391] ACPI: SSDT 0x0000000079959EC0 01700F (v02 ALASKA PmMgt    00000001 INTL 20120913)
[    0.011394] ACPI: NITR 0x0000000079970ED0 000071 (v02 ALASKA A M I    00000001 INTL 20091013)
[    0.011396] ACPI: SPCR 0x0000000079970F48 000050 (v01 A M I  APTIO V  01072009 AMI. 0005000B)
[    0.011399] ACPI: SSDT 0x0000000079970F98 002652 (v02 ALASKA SpsNm    00000002 INTL 20120913)
[    0.011403] ACPI: SSDT 0x00000000799735F0 000064 (v02 ALASKA SpsNvs   00000002 INTL 20120913)
[    0.011405] ACPI: PRAD 0x0000000079973658 000102 (v02 ALASKA A M I    00000002 INTL 20120913)
[    0.011408] ACPI: DMAR 0x0000000079973760 0000BC (v01 ALASKA A M I    00000001 INTL 20091013)
[    0.011411] ACPI: Reserving FACP table memory at [mem 0x799586e0-0x799587eb]
[    0.011412] ACPI: Reserving DSDT table memory at [mem 0x799251f0-0x799586db]
[    0.011413] ACPI: Reserving FACS table memory at [mem 0x79de2f80-0x79de2fbf]
[    0.011414] ACPI: Reserving APIC table memory at [mem 0x799587f0-0x79958a77]
[    0.011415] ACPI: Reserving FPDT table memory at [mem 0x79958a78-0x79958abb]
[    0.011415] ACPI: Reserving FIDT table memory at [mem 0x79958ac0-0x79958b5b]
[    0.011416] ACPI: Reserving SPMI table memory at [mem 0x79958b60-0x79958ba0]
[    0.011417] ACPI: Reserving MCFG table memory at [mem 0x79958ba8-0x79958be3]
[    0.011418] ACPI: Reserving UEFI table memory at [mem 0x79958be8-0x79958c29]
[    0.011418] ACPI: Reserving HPET table memory at [mem 0x79958c30-0x79958c67]
[    0.011419] ACPI: Reserving MSCT table memory at [mem 0x79958c68-0x79958cf7]
[    0.011420] ACPI: Reserving SLIT table memory at [mem 0x79958cf8-0x79958d24]
[    0.011421] ACPI: Reserving SRAT table memory at [mem 0x79958d28-0x79959e7f]
[    0.011422] ACPI: Reserving WDDT table memory at [mem 0x79959e80-0x79959ebf]
[    0.011422] ACPI: Reserving SSDT table memory at [mem 0x79959ec0-0x79970ece]
[    0.011423] ACPI: Reserving NITR table memory at [mem 0x79970ed0-0x79970f40]
[    0.011424] ACPI: Reserving SPCR table memory at [mem 0x79970f48-0x79970f97]
[    0.011425] ACPI: Reserving SSDT table memory at [mem 0x79970f98-0x799735e9]
[    0.011426] ACPI: Reserving SSDT table memory at [mem 0x799735f0-0x79973653]
[    0.011426] ACPI: Reserving PRAD table memory at [mem 0x79973658-0x79973759]
[    0.011427] ACPI: Reserving DMAR table memory at [mem 0x79973760-0x7997381b]
[    0.011439] ACPI: Local APIC address 0xfee00000
[    0.011472] SRAT: PXM 0 -> APIC 0x00 -> Node 0
[    0.011473] SRAT: PXM 0 -> APIC 0x02 -> Node 0
[    0.011473] SRAT: PXM 0 -> APIC 0x04 -> Node 0
[    0.011474] SRAT: PXM 0 -> APIC 0x06 -> Node 0
[    0.011474] SRAT: PXM 0 -> APIC 0x08 -> Node 0
[    0.011475] SRAT: PXM 0 -> APIC 0x10 -> Node 0
[    0.011476] SRAT: PXM 0 -> APIC 0x12 -> Node 0
[    0.011476] SRAT: PXM 0 -> APIC 0x14 -> Node 0
[    0.011477] SRAT: PXM 0 -> APIC 0x16 -> Node 0
[    0.011477] SRAT: PXM 0 -> APIC 0x18 -> Node 0
[    0.011478] SRAT: PXM 0 -> APIC 0x20 -> Node 0
[    0.011478] SRAT: PXM 0 -> APIC 0x22 -> Node 0
[    0.011479] SRAT: PXM 0 -> APIC 0x24 -> Node 0
[    0.011480] SRAT: PXM 0 -> APIC 0x26 -> Node 0
[    0.011480] SRAT: PXM 0 -> APIC 0x28 -> Node 0
[    0.011481] SRAT: PXM 0 -> APIC 0x30 -> Node 0
[    0.011481] SRAT: PXM 0 -> APIC 0x32 -> Node 0
[    0.011482] SRAT: PXM 0 -> APIC 0x34 -> Node 0
[    0.011482] SRAT: PXM 0 -> APIC 0x36 -> Node 0
[    0.011483] SRAT: PXM 0 -> APIC 0x38 -> Node 0
[    0.011484] SRAT: PXM 0 -> APIC 0x01 -> Node 0
[    0.011484] SRAT: PXM 0 -> APIC 0x03 -> Node 0
[    0.011485] SRAT: PXM 0 -> APIC 0x05 -> Node 0
[    0.011485] SRAT: PXM 0 -> APIC 0x07 -> Node 0
[    0.011486] SRAT: PXM 0 -> APIC 0x09 -> Node 0
[    0.011486] SRAT: PXM 0 -> APIC 0x11 -> Node 0
[    0.011487] SRAT: PXM 0 -> APIC 0x13 -> Node 0
[    0.011488] SRAT: PXM 0 -> APIC 0x15 -> Node 0
[    0.011488] SRAT: PXM 0 -> APIC 0x17 -> Node 0
[    0.011489] SRAT: PXM 0 -> APIC 0x19 -> Node 0
[    0.011489] SRAT: PXM 0 -> APIC 0x21 -> Node 0
[    0.011490] SRAT: PXM 0 -> APIC 0x23 -> Node 0
[    0.011490] SRAT: PXM 0 -> APIC 0x25 -> Node 0
[    0.011491] SRAT: PXM 0 -> APIC 0x27 -> Node 0
[    0.011491] SRAT: PXM 0 -> APIC 0x29 -> Node 0
[    0.011492] SRAT: PXM 0 -> APIC 0x31 -> Node 0
[    0.011493] SRAT: PXM 0 -> APIC 0x33 -> Node 0
[    0.011493] SRAT: PXM 0 -> APIC 0x35 -> Node 0
[    0.011494] SRAT: PXM 0 -> APIC 0x37 -> Node 0
[    0.011494] SRAT: PXM 0 -> APIC 0x39 -> Node 0
[    0.011502] ACPI: SRAT: Node 0 PXM 0 [mem 0x00000000-0x7fffffff]
[    0.011503] ACPI: SRAT: Node 0 PXM 0 [mem 0x100000000-0x107fffffff]
[    0.011510] NUMA: Initialized distance table, cnt=1
[    0.011512] NUMA: Node 0 [mem 0x00000000-0x7fffffff] + [mem 0x100000000-0x107fffffff] -> [mem 0x00000000-0x107fffffff]
[    0.011523] NODE_DATA(0) allocated [mem 0x107ffd2000-0x107fffcfff]
[    0.011785] Zone ranges:
[    0.011786]   DMA      [mem 0x0000000000001000-0x0000000000ffffff]
[    0.011787]   DMA32    [mem 0x0000000001000000-0x00000000ffffffff]
[    0.011789]   Normal   [mem 0x0000000100000000-0x000000107fffffff]
[    0.011790]   Device   empty
[    0.011791] Movable zone start for each node
[    0.011795] Early memory node ranges
[    0.011796]   node   0: [mem 0x0000000000001000-0x0000000000098fff]
[    0.011797]   node   0: [mem 0x0000000000100000-0x000000007902ffff]
[    0.011798]   node   0: [mem 0x0000000900000000-0x000000107fffffff]
[    0.012316] Zeroed struct page in unavailable ranges: 28728 pages
[    0.012317] Initmem setup node 0 [mem 0x0000000000001000-0x000000107fffffff]
[    0.012319] On node 0 totalpages: 8359880
[    0.012320]   DMA zone: 64 pages used for memmap
[    0.012320]   DMA zone: 21 pages reserved
[    0.012321]   DMA zone: 3992 pages, LIFO batch:0
[    0.012393]   DMA32 zone: 7681 pages used for memmap
[    0.012394]   DMA32 zone: 491568 pages, LIFO batch:63
[    0.023392]   Normal zone: 122880 pages used for memmap
[    0.023393]   Normal zone: 7864320 pages, LIFO batch:63
[    0.270000] ACPI: PM-Timer IO Port: 0x408
[    0.270006] ACPI: Local APIC address 0xfee00000
[    0.270019] ACPI: LAPIC_NMI (acpi_id[0x00] high edge lint[0x1])
[    0.270020] ACPI: LAPIC_NMI (acpi_id[0x02] high edge lint[0x1])
[    0.270020] ACPI: LAPIC_NMI (acpi_id[0x04] high edge lint[0x1])
[    0.270021] ACPI: LAPIC_NMI (acpi_id[0x06] high edge lint[0x1])
[    0.270022] ACPI: LAPIC_NMI (acpi_id[0x08] high edge lint[0x1])
[    0.270022] ACPI: LAPIC_NMI (acpi_id[0x10] high edge lint[0x1])
[    0.270023] ACPI: LAPIC_NMI (acpi_id[0x12] high edge lint[0x1])
[    0.270024] ACPI: LAPIC_NMI (acpi_id[0x14] high edge lint[0x1])
[    0.270024] ACPI: LAPIC_NMI (acpi_id[0x16] high edge lint[0x1])
[    0.270025] ACPI: LAPIC_NMI (acpi_id[0x18] high edge lint[0x1])
[    0.270025] ACPI: LAPIC_NMI (acpi_id[0x20] high edge lint[0x1])
[    0.270026] ACPI: LAPIC_NMI (acpi_id[0x22] high edge lint[0x1])
[    0.270026] ACPI: LAPIC_NMI (acpi_id[0x24] high edge lint[0x1])
[    0.270027] ACPI: LAPIC_NMI (acpi_id[0x26] high edge lint[0x1])
[    0.270028] ACPI: LAPIC_NMI (acpi_id[0x28] high edge lint[0x1])
[    0.270028] ACPI: LAPIC_NMI (acpi_id[0x30] high edge lint[0x1])
[    0.270029] ACPI: LAPIC_NMI (acpi_id[0x32] high edge lint[0x1])
[    0.270029] ACPI: LAPIC_NMI (acpi_id[0x34] high edge lint[0x1])
[    0.270030] ACPI: LAPIC_NMI (acpi_id[0x36] high edge lint[0x1])
[    0.270031] ACPI: LAPIC_NMI (acpi_id[0x38] high edge lint[0x1])
[    0.270031] ACPI: LAPIC_NMI (acpi_id[0x01] high edge lint[0x1])
[    0.270032] ACPI: LAPIC_NMI (acpi_id[0x03] high edge lint[0x1])
[    0.270032] ACPI: LAPIC_NMI (acpi_id[0x05] high edge lint[0x1])
[    0.270033] ACPI: LAPIC_NMI (acpi_id[0x07] high edge lint[0x1])
[    0.270034] ACPI: LAPIC_NMI (acpi_id[0x09] high edge lint[0x1])
[    0.270034] ACPI: LAPIC_NMI (acpi_id[0x11] high edge lint[0x1])
[    0.270035] ACPI: LAPIC_NMI (acpi_id[0x13] high edge lint[0x1])
[    0.270035] ACPI: LAPIC_NMI (acpi_id[0x15] high edge lint[0x1])
[    0.270036] ACPI: LAPIC_NMI (acpi_id[0x17] high edge lint[0x1])
[    0.270036] ACPI: LAPIC_NMI (acpi_id[0x19] high edge lint[0x1])
[    0.270037] ACPI: LAPIC_NMI (acpi_id[0x21] high edge lint[0x1])
[    0.270038] ACPI: LAPIC_NMI (acpi_id[0x23] high edge lint[0x1])
[    0.270038] ACPI: LAPIC_NMI (acpi_id[0x25] high edge lint[0x1])
[    0.270039] ACPI: LAPIC_NMI (acpi_id[0x27] high edge lint[0x1])
[    0.270039] ACPI: LAPIC_NMI (acpi_id[0x29] high edge lint[0x1])
[    0.270040] ACPI: LAPIC_NMI (acpi_id[0x31] high edge lint[0x1])
[    0.270041] ACPI: LAPIC_NMI (acpi_id[0x33] high edge lint[0x1])
[    0.270041] ACPI: LAPIC_NMI (acpi_id[0x35] high edge lint[0x1])
[    0.270042] ACPI: LAPIC_NMI (acpi_id[0x37] high edge lint[0x1])
[    0.270042] ACPI: LAPIC_NMI (acpi_id[0x39] high edge lint[0x1])
[    0.270054] IOAPIC[0]: apic_id 1, version 32, address 0xfec00000, GSI 0-23
[    0.270058] IOAPIC[1]: apic_id 2, version 32, address 0xfec01000, GSI 24-47
[    0.270061] ACPI: INT_SRC_OVR (bus 0 bus_irq 0 global_irq 2 dfl dfl)
[    0.270063] ACPI: INT_SRC_OVR (bus 0 bus_irq 9 global_irq 9 high level)
[    0.270064] ACPI: IRQ0 used by override.
[    0.270065] ACPI: IRQ9 used by override.
[    0.270068] Using ACPI (MADT) for SMP configuration information
[    0.270069] ACPI: HPET id: 0x8086a701 base: 0xfed00000
[    0.270074] ACPI: SPCR: SPCR table version 1
[    0.270076] ACPI: SPCR: console: uart,io,0x3f8,115200
[    0.270078] TSC deadline timer available
[    0.270079] smpboot: Allowing 40 CPUs, 0 hotplug CPUs
[    0.270096] PM: Registered nosave memory: [mem 0x00000000-0x00000fff]
[    0.270097] PM: Registered nosave memory: [mem 0x00099000-0x00099fff]
[    0.270098] PM: Registered nosave memory: [mem 0x0009a000-0x0009ffff]
[    0.270099] PM: Registered nosave memory: [mem 0x000a0000-0x000dffff]
[    0.270099] PM: Registered nosave memory: [mem 0x000e0000-0x000fffff]
[    0.270101] PM: Registered nosave memory: [mem 0x79030000-0x798bcfff]
[    0.270101] PM: Registered nosave memory: [mem 0x798bd000-0x79de3fff]
[    0.270102] PM: Registered nosave memory: [mem 0x79de4000-0x8fffffff]
[    0.270103] PM: Registered nosave memory: [mem 0x90000000-0xfed1bfff]
[    0.270103] PM: Registered nosave memory: [mem 0xfed1c000-0xfed44fff]
[    0.270104] PM: Registered nosave memory: [mem 0xfed45000-0xfeffffff]
[    0.270104] PM: Registered nosave memory: [mem 0xff000000-0xffffffff]
[    0.270105] PM: Registered nosave memory: [mem 0x100000000-0x7ffffffff]
[    0.270106] PM: Registered nosave memory: [mem 0x800000000-0x83fffffff]
[    0.270106] PM: Registered nosave memory: [mem 0x840000000-0x8ffffffff]
[    0.270109] [mem 0x90000000-0xfed1bfff] available for PCI devices
[    0.270110] Booting paravirtualized kernel on bare hardware
[    0.270115] clocksource: refined-jiffies: mask: 0xffffffff max_cycles: 0xffffffff, max_idle_ns: 7645519600211568 ns
[    0.270121] setup_percpu: NR_CPUS:8192 nr_cpumask_bits:40 nr_cpu_ids:40 nr_node_ids:1
[    0.273170] percpu: Embedded 60 pages/cpu s208896 r8192 d28672 u262144
[    0.273179] pcpu-alloc: s208896 r8192 d28672 u262144 alloc=1*2097152
[    0.273180] pcpu-alloc: [0] 00 01 02 03 04 05 06 07 [0] 08 09 10 11 12 13 14 15 
[    0.273185] pcpu-alloc: [0] 16 17 18 19 20 21 22 23 [0] 24 25 26 27 28 29 30 31 
[    0.273189] pcpu-alloc: [0] 32 33 34 35 36 37 38 39 
[    0.273226] Built 1 zonelists, mobility grouping on.  Total pages: 8229234
[    0.273227] Policy zone: Normal
[    0.273229] Kernel command line: BOOT_IMAGE=/vmlinuz-5.4.189kernel-module-force-unload root=UUID=97bb639d-d0e3-415b-bcde-fdf9da1fdb83 ro quiet splash nokaslr memmap=1G!32G vt.handoff=7
[    0.273373] printk: log_buf_len individual max cpu contribution: 4096 bytes
[    0.273374] printk: log_buf_len total cpu_extra contributions: 159744 bytes
[    0.273375] printk: log_buf_len min size: 262144 bytes
[    0.273585] printk: log_buf_len: 524288 bytes
[    0.273586] printk: early log buf free: 244020(93%)
[    0.280872] Dentry cache hash table entries: 4194304 (order: 13, 33554432 bytes, linear)
[    0.284570] Inode-cache hash table entries: 2097152 (order: 12, 16777216 bytes, linear)
[    0.285059] mem auto-init: stack:off, heap alloc:on, heap free:off
[    0.300193] Calgary: detecting Calgary via BIOS EBDA area
[    0.300197] Calgary: Unable to locate Rio Grande table in EBDA - bailing!
[    0.530714] Memory: 32670064K/33439520K available (14339K kernel code, 2401K rwdata, 5016K rodata, 2748K init, 4952K bss, 769456K reserved, 0K cma-reserved)
[    0.530728] random: get_random_u64 called from __kmem_cache_create+0x42/0x550 with crng_init=0
[    0.531026] SLUB: HWalign=64, Order=0-3, MinObjects=0, CPUs=40, Nodes=1
[    0.531051] Kernel/User page tables isolation: enabled
[    0.531087] ftrace: allocating 44247 entries in 173 pages
[    0.551040] rcu: Hierarchical RCU implementation.
[    0.551042] rcu: 	RCU restricting CPUs from NR_CPUS=8192 to nr_cpu_ids=40.
[    0.551043] 	Tasks RCU enabled.
[    0.551044] rcu: RCU calculated value of scheduler-enlistment delay is 25 jiffies.
[    0.551045] rcu: Adjusting geometry for rcu_fanout_leaf=16, nr_cpu_ids=40
[    0.554564] NR_IRQS: 524544, nr_irqs: 1152, preallocated irqs: 16
[    0.554844] random: crng done (trusting CPU's manufacturer)
[    0.554896] vt handoff: transparent VT on vt#7
[    0.554903] Console: colour dummy device 80x25
[    0.554915] printk: console [tty0] enabled
[    0.554951] ACPI: Core revision 20190816
[    0.555277] clocksource: hpet: mask: 0xffffffff max_cycles: 0xffffffff, max_idle_ns: 133484882848 ns
[    0.555287] APIC: Switch to symmetric I/O mode setup
[    0.555289] DMAR: Host address width 46
[    0.555290] DMAR: DRHD base: 0x000000fbffc000 flags: 0x1
[    0.555296] DMAR: dmar0: reg_base_addr fbffc000 ver 1:0 cap 8d2078c106f0466 ecap f020df
[    0.555297] DMAR: RMRR base: 0x0000007ba94000 end: 0x0000007baa3fff
[    0.555298] DMAR: ATSR flags: 0x0
[    0.555299] DMAR: RHSA base: 0x000000fbffc000 proximity domain: 0x0
[    0.555301] DMAR-IR: IOAPIC id 1 under DRHD base  0xfbffc000 IOMMU 0
[    0.555302] DMAR-IR: IOAPIC id 2 under DRHD base  0xfbffc000 IOMMU 0
[    0.555303] DMAR-IR: HPET id 0 under DRHD base 0xfbffc000
[    0.555303] DMAR-IR: x2apic is disabled because BIOS sets x2apic opt out bit.
[    0.555304] DMAR-IR: Use 'intremap=no_x2apic_optout' to override the BIOS setting.
[    0.556023] DMAR-IR: Enabled IRQ remapping in xapic mode
[    0.556024] x2apic: IRQ remapping doesn't support X2APIC mode
[    0.556028] Switched APIC routing to physical flat.
[    0.556523] ..TIMER: vector=0x30 apic1=0 pin1=2 apic2=-1 pin2=-1
[    0.575291] clocksource: tsc-early: mask: 0xffffffffffffffff max_cycles: 0x1fa33b4484d, max_idle_ns: 440795232480 ns
[    0.575294] Calibrating delay loop (skipped), value calculated using timer frequency.. 4389.72 BogoMIPS (lpj=8779440)
[    0.575296] pid_max: default: 40960 minimum: 320
[    0.575363] LSM: Security Framework initializing
[    0.575378] Yama: becoming mindful.
[    0.575695] AppArmor: AppArmor initialized
[    0.575947] Mount-cache hash table entries: 65536 (order: 7, 524288 bytes, linear)
[    0.576140] Mountpoint-cache hash table entries: 65536 (order: 7, 524288 bytes, linear)
[    0.576169] *** VALIDATE tmpfs ***
[    0.576402] *** VALIDATE proc ***
[    0.576512] *** VALIDATE cgroup1 ***
[    0.576513] *** VALIDATE cgroup2 ***
[    0.576608] mce: CPU0: Thermal monitoring enabled (TM1)
[    0.576672] process: using mwait in idle threads
[    0.576675] Last level iTLB entries: 4KB 64, 2MB 8, 4MB 8
[    0.576676] Last level dTLB entries: 4KB 64, 2MB 0, 4MB 0, 1GB 4
[    0.576679] Spectre V1 : Mitigation: usercopy/swapgs barriers and __user pointer sanitization
[    0.576681] Spectre V2 : Mitigation: Retpolines
[    0.576681] Spectre V2 : Spectre v2 / SpectreRSB mitigation: Filling RSB on context switch
[    0.576682] Spectre V2 : Enabling Restricted Speculation for firmware calls
[    0.576683] Spectre V2 : mitigation: Enabling conditional Indirect Branch Prediction Barrier
[    0.576684] Spectre V2 : User space: Mitigation: STIBP via seccomp and prctl
[    0.576686] Speculative Store Bypass: Mitigation: Speculative Store Bypass disabled via prctl and seccomp
[    0.576691] MDS: Mitigation: Clear CPU buffers
[    0.576692] TAA: Mitigation: Clear CPU buffers
[    0.576693] MMIO Stale Data: Mitigation: Clear CPU buffers
[    0.576990] Freeing SMP alternatives memory: 40K
[    0.579408] smpboot: CPU0: Intel(R) Xeon(R) CPU E5-2698 v4 @ 2.20GHz (family: 0x6, model: 0x4f, stepping: 0x1)
[    0.579540] Performance Events: PEBS fmt2+, Broadwell events, 16-deep LBR, full-width counters, Intel PMU driver.
[    0.579546] ... version:                3
[    0.579547] ... bit width:              48
[    0.579547] ... generic registers:      4
[    0.579548] ... value mask:             0000ffffffffffff
[    0.579549] ... max period:             00007fffffffffff
[    0.579549] ... fixed-purpose events:   3
[    0.579550] ... event mask:             000000070000000f
[    0.579608] rcu: Hierarchical SRCU implementation.
[    0.583366] NMI watchdog: Enabled. Permanently consumes one hw-PMU counter.
[    0.583758] smp: Bringing up secondary CPUs ...
[    0.583871] x86: Booting SMP configuration:
[    0.583872] .... node  #0, CPUs:        #1  #2  #3  #4  #5  #6  #7  #8  #9 #10 #11 #12 #13 #14 #15 #16 #17 #18 #19 #20
[    0.708365] MDS CPU bug present and SMT on, data leak possible. See https://www.kernel.org/doc/html/latest/admin-guide/hw-vuln/mds.html for more details.
[    0.708365] TAA CPU bug present and SMT on, data leak possible. See https://www.kernel.org/doc/html/latest/admin-guide/hw-vuln/tsx_async_abort.html for more details.
[    0.708365] MMIO Stale Data CPU bug present and SMT on, data leak possible. See https://www.kernel.org/doc/html/latest/admin-guide/hw-vuln/processor_mmio_stale_data.html for more details.
[    0.708365]  #21 #22 #23 #24 #25 #26 #27 #28 #29 #30 #31 #32 #33 #34 #35 #36 #37 #38 #39
[    0.752628] smp: Brought up 1 node, 40 CPUs
[    0.752628] smpboot: Max logical packages: 1
[    0.752628] smpboot: Total of 40 processors activated (175588.80 BogoMIPS)
[    0.756060] devtmpfs: initialized
[    0.756060] x86/mm: Memory block size: 2048MB
[    0.756060] PM: Registering ACPI NVS region [mem 0x798bd000-0x79de3fff] (5402624 bytes)
[    0.756060] clocksource: jiffies: mask: 0xffffffff max_cycles: 0xffffffff, max_idle_ns: 7645041785100000 ns
[    0.756060] futex hash table entries: 16384 (order: 8, 1048576 bytes, linear)
[    0.756060] pinctrl core: initialized pinctrl subsystem
[    0.756060] PM: RTC time: 02:48:16, date: 2022-07-06
[    0.756060] NET: Registered protocol family 16
[    0.756060] audit: initializing netlink subsys (disabled)
[    0.756060] audit: type=2000 audit(1657075696.200:1): state=initialized audit_enabled=0 res=1
[    0.756060] EISA bus registered
[    0.756060] cpuidle: using governor ladder
[    0.756060] cpuidle: using governor menu
[    0.756060] ACPI: bus type PCI registered
[    0.756060] acpiphp: ACPI Hot Plug PCI Controller Driver version: 0.5
[    0.756060] PCI: MMCONFIG for domain 0000 [bus 00-ff] at [mem 0x80000000-0x8fffffff] (base 0x80000000)
[    0.756060] PCI: MMCONFIG at [mem 0x80000000-0x8fffffff] reserved in E820
[    0.756060] PCI: Using configuration type 1 for base access
[    0.756569] ENERGY_PERF_BIAS: Set to 'normal', was 'performance'
[    0.760971] HugeTLB registered 1.00 GiB page size, pre-allocated 0 pages
[    0.760971] HugeTLB registered 2.00 MiB page size, pre-allocated 0 pages
[    0.760971] ACPI: Added _OSI(Module Device)
[    0.760971] ACPI: Added _OSI(Processor Device)
[    0.760971] ACPI: Added _OSI(3.0 _SCP Extensions)
[    0.760971] ACPI: Added _OSI(Processor Aggregator Device)
[    0.760971] ACPI: Added _OSI(Linux-Dell-Video)
[    0.760971] ACPI: Added _OSI(Linux-Lenovo-NV-HDMI-Audio)
[    0.760971] ACPI: Added _OSI(Linux-HPI-Hybrid-Graphics)
[    0.833791] ACPI: 4 ACPI AML tables successfully acquired and loaded
[    0.839567] ACPI: [Firmware Bug]: BIOS _OSI(Linux) query ignored
[    0.851512] ACPI: Dynamic OEM Table Load:
[    0.904463] ACPI: Interpreter enabled
[    0.904481] ACPI: (supports S0 S4 S5)
[    0.904482] ACPI: Using IOAPIC for interrupt routing
[    0.904513] PCI: Using host bridge windows from ACPI; if necessary, use "pci=nocrs" and report a bug
[    0.905666] ACPI: Enabled 5 GPEs in block 00 to 3F
[    0.962773] ACPI: PCI Root Bridge [UNC0] (domain 0000 [bus ff])
[    0.962778] acpi PNP0A03:03: _OSC: OS supports [ExtendedConfig ASPM ClockPM Segments MSI HPX-Type3]
[    0.966132] acpi PNP0A03:03: _OSC: platform does not support [SHPCHotplug LTR]
[    0.967737] acpi PNP0A03:03: _OSC: OS now controls [PCIeHotplug PME AER PCIeCapability]
[    0.967786] PCI host bridge to bus 0000:ff
[    0.967788] pci_bus 0000:ff: root bus resource [bus ff]
[    0.967802] pci 0000:ff:0b.0: [8086:6f81] type 00 class 0x088000
[    0.967895] pci 0000:ff:0b.1: [8086:6f36] type 00 class 0x110100
[    0.967972] pci 0000:ff:0b.2: [8086:6f37] type 00 class 0x110100
[    0.968047] pci 0000:ff:0b.3: [8086:6f76] type 00 class 0x088000
[    0.968125] pci 0000:ff:0c.0: [8086:6fe0] type 00 class 0x088000
[    0.968199] pci 0000:ff:0c.1: [8086:6fe1] type 00 class 0x088000
[    0.968273] pci 0000:ff:0c.2: [8086:6fe2] type 00 class 0x088000
[    0.968352] pci 0000:ff:0c.3: [8086:6fe3] type 00 class 0x088000
[    0.968428] pci 0000:ff:0c.4: [8086:6fe4] type 00 class 0x088000
[    0.968502] pci 0000:ff:0c.5: [8086:6fe5] type 00 class 0x088000
[    0.968576] pci 0000:ff:0c.6: [8086:6fe6] type 00 class 0x088000
[    0.968650] pci 0000:ff:0c.7: [8086:6fe7] type 00 class 0x088000
[    0.968725] pci 0000:ff:0d.0: [8086:6fe8] type 00 class 0x088000
[    0.968799] pci 0000:ff:0d.1: [8086:6fe9] type 00 class 0x088000
[    0.968873] pci 0000:ff:0d.2: [8086:6fea] type 00 class 0x088000
[    0.968951] pci 0000:ff:0d.3: [8086:6feb] type 00 class 0x088000
[    0.969026] pci 0000:ff:0d.4: [8086:6fec] type 00 class 0x088000
[    0.969100] pci 0000:ff:0d.5: [8086:6fed] type 00 class 0x088000
[    0.969174] pci 0000:ff:0d.6: [8086:6fee] type 00 class 0x088000
[    0.969248] pci 0000:ff:0d.7: [8086:6fef] type 00 class 0x088000
[    0.969322] pci 0000:ff:0e.0: [8086:6ff0] type 00 class 0x088000
[    0.969397] pci 0000:ff:0e.1: [8086:6ff1] type 00 class 0x088000
[    0.969472] pci 0000:ff:0e.2: [8086:6ff2] type 00 class 0xffffff
[    0.969550] pci 0000:ff:0e.3: [8086:6ff3] type 00 class 0xffffff
[    0.969627] pci 0000:ff:0f.0: [8086:6ff8] type 00 class 0x088000
[    0.969702] pci 0000:ff:0f.1: [8086:6ff9] type 00 class 0x088000
[    0.969776] pci 0000:ff:0f.2: [8086:6ffa] type 00 class 0x088000
[    0.969851] pci 0000:ff:0f.3: [8086:6ffb] type 00 class 0x088000
[    0.969925] pci 0000:ff:0f.4: [8086:6ffc] type 00 class 0x088000
[    0.970001] pci 0000:ff:0f.5: [8086:6ffd] type 00 class 0x088000
[    0.970076] pci 0000:ff:0f.6: [8086:6ffe] type 00 class 0x088000
[    0.970158] pci 0000:ff:10.0: [8086:6f1d] type 00 class 0x088000
[    0.970232] pci 0000:ff:10.1: [8086:6f34] type 00 class 0x110100
[    0.970309] pci 0000:ff:10.5: [8086:6f1e] type 00 class 0x088000
[    0.970384] pci 0000:ff:10.6: [8086:6f7d] type 00 class 0x110100
[    0.970457] pci 0000:ff:10.7: [8086:6f1f] type 00 class 0x088000
[    0.970532] pci 0000:ff:12.0: [8086:6fa0] type 00 class 0x088000
[    0.970567] pci 0000:ff:12.1: [8086:6f30] type 00 class 0x110100
[    0.970645] pci 0000:ff:12.4: [8086:6f60] type 00 class 0x088000
[    0.970684] pci 0000:ff:12.5: [8086:6f38] type 00 class 0x110100
[    0.970764] pci 0000:ff:13.0: [8086:6fa8] type 00 class 0x088000
[    0.970907] pci 0000:ff:13.1: [8086:6f71] type 00 class 0x088000
[    0.971007] pci 0000:ff:13.2: [8086:6faa] type 00 class 0x088000
[    0.971102] pci 0000:ff:13.3: [8086:6fab] type 00 class 0x088000
[    0.971199] pci 0000:ff:13.6: [8086:6fae] type 00 class 0x088000
[    0.971278] pci 0000:ff:13.7: [8086:6faf] type 00 class 0x088000
[    0.971361] pci 0000:ff:14.0: [8086:6fb0] type 00 class 0x088000
[    0.971469] pci 0000:ff:14.1: [8086:6fb1] type 00 class 0x088000
[    0.971567] pci 0000:ff:14.2: [8086:6fb2] type 00 class 0x088000
[    0.971663] pci 0000:ff:14.3: [8086:6fb3] type 00 class 0x088000
[    0.971758] pci 0000:ff:14.4: [8086:6fbc] type 00 class 0x088000
[    0.971838] pci 0000:ff:14.5: [8086:6fbd] type 00 class 0x088000
[    0.971918] pci 0000:ff:14.6: [8086:6fbe] type 00 class 0x088000
[    0.972001] pci 0000:ff:14.7: [8086:6fbf] type 00 class 0x088000
[    0.972083] pci 0000:ff:16.0: [8086:6f68] type 00 class 0x088000
[    0.972231] pci 0000:ff:16.1: [8086:6f79] type 00 class 0x088000
[    0.972328] pci 0000:ff:16.2: [8086:6f6a] type 00 class 0x088000
[    0.972426] pci 0000:ff:16.3: [8086:6f6b] type 00 class 0x088000
[    0.972523] pci 0000:ff:16.6: [8086:6f6e] type 00 class 0x088000
[    0.972603] pci 0000:ff:16.7: [8086:6f6f] type 00 class 0x088000
[    0.972685] pci 0000:ff:17.0: [8086:6fd0] type 00 class 0x088000
[    0.972829] pci 0000:ff:17.1: [8086:6fd1] type 00 class 0x088000
[    0.972927] pci 0000:ff:17.2: [8086:6fd2] type 00 class 0x088000
[    0.973031] pci 0000:ff:17.3: [8086:6fd3] type 00 class 0x088000
[    0.973128] pci 0000:ff:17.4: [8086:6fb8] type 00 class 0x088000
[    0.973208] pci 0000:ff:17.5: [8086:6fb9] type 00 class 0x088000
[    0.973289] pci 0000:ff:17.6: [8086:6fba] type 00 class 0x088000
[    0.973370] pci 0000:ff:17.7: [8086:6fbb] type 00 class 0x088000
[    0.973459] pci 0000:ff:1e.0: [8086:6f98] type 00 class 0x088000
[    0.973535] pci 0000:ff:1e.1: [8086:6f99] type 00 class 0x088000
[    0.973611] pci 0000:ff:1e.2: [8086:6f9a] type 00 class 0x088000
[    0.973691] pci 0000:ff:1e.3: [8086:6fc0] type 00 class 0x088000
[    0.973729] pci 0000:ff:1e.4: [8086:6f9c] type 00 class 0x088000
[    0.973812] pci 0000:ff:1f.0: [8086:6f88] type 00 class 0x088000
[    0.973890] pci 0000:ff:1f.2: [8086:6f8a] type 00 class 0x088000
[    0.989290] ACPI: PCI Root Bridge [PCI0] (domain 0000 [bus 00-fe])
[    0.989294] acpi PNP0A08:00: _OSC: OS supports [ExtendedConfig ASPM ClockPM Segments MSI HPX-Type3]
[    0.989804] acpi PNP0A08:00: _OSC: platform does not support [SHPCHotplug LTR]
[    0.990511] acpi PNP0A08:00: _OSC: OS now controls [PCIeHotplug PME AER PCIeCapability]
[    0.990947] PCI host bridge to bus 0000:00
[    0.990950] pci_bus 0000:00: root bus resource [io  0x0000-0x0cf7 window]
[    0.990951] pci_bus 0000:00: root bus resource [io  0x1000-0xffff window]
[    0.990952] pci_bus 0000:00: root bus resource [mem 0x000a0000-0x000bffff window]
[    0.990953] pci_bus 0000:00: root bus resource [mem 0x90000000-0xfbffbfff window]
[    0.990954] pci_bus 0000:00: root bus resource [mem 0x380000000000-0x383fffffffff window]
[    0.990956] pci_bus 0000:00: root bus resource [bus 00-fe]
[    0.990965] pci 0000:00:00.0: [8086:6f00] type 00 class 0x060000
[    0.991186] pci 0000:00:01.0: [8086:6f02] type 01 class 0x060400
[    0.991282] pci 0000:00:01.0: PME# supported from D0 D3hot D3cold
[    0.991485] pci 0000:00:02.0: [8086:6f04] type 01 class 0x060400
[    0.991580] pci 0000:00:02.0: PME# supported from D0 D3hot D3cold
[    0.991771] pci 0000:00:03.0: [8086:6f08] type 01 class 0x060400
[    0.991866] pci 0000:00:03.0: PME# supported from D0 D3hot D3cold
[    0.992058] pci 0000:00:05.0: [8086:6f28] type 00 class 0x088000
[    0.992244] pci 0000:00:05.1: [8086:6f29] type 00 class 0x088000
[    0.992454] pci 0000:00:05.2: [8086:6f2a] type 00 class 0x088000
[    0.992637] pci 0000:00:05.4: [8086:6f2c] type 00 class 0x080020
[    0.992658] pci 0000:00:05.4: reg 0x10: [mem 0xfbd04000-0xfbd04fff]
[    0.992876] pci 0000:00:11.0: [8086:8d7c] type 00 class 0xff0000
[    0.993187] pci 0000:00:14.0: [8086:8d31] type 00 class 0x0c0330
[    0.993223] pci 0000:00:14.0: reg 0x10: [mem 0x383ffff00000-0x383ffff0ffff 64bit]
[    0.993326] pci 0000:00:14.0: PME# supported from D3hot D3cold
[    0.993465] pci 0000:00:16.0: [8086:8d3a] type 00 class 0x078000
[    0.993502] pci 0000:00:16.0: reg 0x10: [mem 0x383ffff13000-0x383ffff1300f 64bit]
[    0.993605] pci 0000:00:16.0: PME# supported from D0 D3hot D3cold
[    0.993744] pci 0000:00:16.1: [8086:8d3b] type 00 class 0x078000
[    0.993781] pci 0000:00:16.1: reg 0x10: [mem 0x383ffff12000-0x383ffff1200f 64bit]
[    0.993884] pci 0000:00:16.1: PME# supported from D0 D3hot D3cold
[    0.994033] pci 0000:00:1a.0: [8086:8d2d] type 00 class 0x0c0320
[    0.994066] pci 0000:00:1a.0: reg 0x10: [mem 0xfbd02000-0xfbd023ff]
[    0.994197] pci 0000:00:1a.0: PME# supported from D0 D3hot D3cold
[    0.994337] pci 0000:00:1c.0: [8086:8d10] type 01 class 0x060400
[    0.994454] pci 0000:00:1c.0: PME# supported from D0 D3hot D3cold
[    0.994610] pci 0000:00:1c.3: [8086:8d16] type 01 class 0x060400
[    0.994727] pci 0000:00:1c.3: PME# supported from D0 D3hot D3cold
[    0.994888] pci 0000:00:1d.0: [8086:8d26] type 00 class 0x0c0320
[    0.994921] pci 0000:00:1d.0: reg 0x10: [mem 0xfbd01000-0xfbd013ff]
[    0.995052] pci 0000:00:1d.0: PME# supported from D0 D3hot D3cold
[    0.995194] pci 0000:00:1f.0: [8086:8d44] type 00 class 0x060100
[    0.995489] pci 0000:00:1f.2: [8086:8d02] type 00 class 0x010601
[    0.995517] pci 0000:00:1f.2: reg 0x10: [io  0xf050-0xf057]
[    0.995532] pci 0000:00:1f.2: reg 0x14: [io  0xf040-0xf043]
[    0.995547] pci 0000:00:1f.2: reg 0x18: [io  0xf030-0xf037]
[    0.995562] pci 0000:00:1f.2: reg 0x1c: [io  0xf020-0xf023]
[    0.995577] pci 0000:00:1f.2: reg 0x20: [io  0xf000-0xf01f]
[    0.995592] pci 0000:00:1f.2: reg 0x24: [mem 0xfbd00000-0xfbd007ff]
[    0.995638] pci 0000:00:1f.2: PME# supported from D3hot
[    0.995773] pci 0000:00:1f.3: [8086:8d22] type 00 class 0x0c0500
[    0.995806] pci 0000:00:1f.3: reg 0x10: [mem 0x383ffff11000-0x383ffff110ff 64bit]
[    0.995850] pci 0000:00:1f.3: reg 0x20: [io  0x0580-0x059f]
[    0.996645] pci 0000:01:00.0: [8086:1521] type 00 class 0x020000
[    0.996987] pci 0000:01:00.0: reg 0x10: [mem 0xfbc20000-0xfbc3ffff]
[    0.997284] pci 0000:01:00.0: reg 0x18: [io  0xe020-0xe03f]
[    0.997432] pci 0000:01:00.0: reg 0x1c: [mem 0xfbc44000-0xfbc47fff]
[    0.998951] pci 0000:01:00.0: PME# supported from D0 D3hot D3cold
[    0.999401] pci 0000:01:00.0: reg 0x184: [mem 0x00000000-0x00003fff 64bit pref]
[    0.999403] pci 0000:01:00.0: VF(n) BAR0 space: [mem 0x00000000-0x0001ffff 64bit pref] (contains BAR0 for 8 VFs)
[    0.999598] pci 0000:01:00.0: reg 0x190: [mem 0x00000000-0x00003fff 64bit pref]
[    0.999599] pci 0000:01:00.0: VF(n) BAR3 space: [mem 0x00000000-0x0001ffff 64bit pref] (contains BAR3 for 8 VFs)
[    1.000277] pci 0000:01:00.1: [8086:1521] type 00 class 0x020000
[    1.000618] pci 0000:01:00.1: reg 0x10: [mem 0xfbc00000-0xfbc1ffff]
[    1.000914] pci 0000:01:00.1: reg 0x18: [io  0xe000-0xe01f]
[    1.001062] pci 0000:01:00.1: reg 0x1c: [mem 0xfbc40000-0xfbc43fff]
[    1.002598] pci 0000:01:00.1: PME# supported from D0 D3hot D3cold
[    1.002922] pci 0000:01:00.1: reg 0x184: [mem 0x00000000-0x00003fff 64bit pref]
[    1.002923] pci 0000:01:00.1: VF(n) BAR0 space: [mem 0x00000000-0x0001ffff 64bit pref] (contains BAR0 for 8 VFs)
[    1.003098] pci 0000:01:00.1: reg 0x190: [mem 0x00000000-0x00003fff 64bit pref]
[    1.003099] pci 0000:01:00.1: VF(n) BAR3 space: [mem 0x00000000-0x0001ffff 64bit pref] (contains BAR3 for 8 VFs)
[    1.003570] pci 0000:00:01.0: ASPM: current common clock configuration is broken, reconfiguring
[    1.015456] pci 0000:00:01.0: PCI bridge to [bus 01]
[    1.015458] pci 0000:00:01.0:   bridge window [io  0xe000-0xefff]
[    1.015460] pci 0000:00:01.0:   bridge window [mem 0xfbc00000-0xfbcfffff]
[    1.015891] pci 0000:02:00.0: [15b3:a2d6] type 00 class 0x020000
[    1.016159] pci 0000:02:00.0: reg 0x10: [mem 0x383ffc000000-0x383ffdffffff 64bit pref]
[    1.016269] pci 0000:02:00.0: reg 0x18: [mem 0x383ffe800000-0x383ffeffffff 64bit pref]
[    1.016471] pci 0000:02:00.0: reg 0x30: [mem 0xfbb00000-0xfbbfffff pref]
[    1.016515] pci 0000:02:00.0: enabling Extended Tags
[    1.017325] pci 0000:02:00.0: PME# supported from D3cold
[    1.017607] pci 0000:02:00.0: reg 0x1a4: [mem 0x00000000-0x001fffff 64bit pref]
[    1.017608] pci 0000:02:00.0: VF(n) BAR0 space: [mem 0x00000000-0x01ffffff 64bit pref] (contains BAR0 for 16 VFs)
[    1.018667] pci 0000:02:00.0: 63.008 Gb/s available PCIe bandwidth, limited by 8.0 GT/s PCIe x8 link at 0000:00:02.0 (capable of 252.048 Gb/s with 16.0 GT/s PCIe x16 link)
[    1.018834] pci 0000:02:00.1: [15b3:a2d6] type 00 class 0x020000
[    1.019067] pci 0000:02:00.1: reg 0x10: [mem 0x383ffa000000-0x383ffbffffff 64bit pref]
[    1.019178] pci 0000:02:00.1: reg 0x18: [mem 0x383ffe000000-0x383ffe7fffff 64bit pref]
[    1.019378] pci 0000:02:00.1: reg 0x30: [mem 0xfba00000-0xfbafffff pref]
[    1.019422] pci 0000:02:00.1: enabling Extended Tags
[    1.020118] pci 0000:02:00.1: PME# supported from D3cold
[    1.020388] pci 0000:02:00.1: reg 0x1a4: [mem 0x00000000-0x001fffff 64bit pref]
[    1.020390] pci 0000:02:00.1: VF(n) BAR0 space: [mem 0x00000000-0x01ffffff 64bit pref] (contains BAR0 for 16 VFs)
[    1.021569] pci 0000:02:00.2: [15b3:c2d3] type 00 class 0x080100
[    1.021754] pci 0000:02:00.2: reg 0x10: [mem 0xfb900000-0xfb9fffff]
[    1.022200] pci 0000:02:00.2: enabling Extended Tags
[    1.022734] pci 0000:02:00.2: PME# supported from D3cold
[    1.023152] pci 0000:00:02.0: PCI bridge to [bus 02]
[    1.023155] pci 0000:00:02.0:   bridge window [mem 0xfb900000-0xfbbfffff]
[    1.023158] pci 0000:00:02.0:   bridge window [mem 0x383ffa000000-0x383ffeffffff 64bit pref]
[    1.023391] pci 0000:00:03.0: PCI bridge to [bus 03]
[    1.023436] pci 0000:00:1c.0: PCI bridge to [bus 04]
[    1.023509] pci 0000:05:00.0: [102b:0522] type 00 class 0x030000
[    1.023555] pci 0000:05:00.0: reg 0x10: [mem 0xfa000000-0xfaffffff pref]
[    1.023577] pci 0000:05:00.0: reg 0x14: [mem 0xfb810000-0xfb813fff]
[    1.023599] pci 0000:05:00.0: reg 0x18: [mem 0xfb000000-0xfb7fffff]
[    1.023685] pci 0000:05:00.0: reg 0x30: [mem 0xfb800000-0xfb80ffff pref]
[    1.023846] pci 0000:05:00.0: disabling ASPM on pre-1.1 PCIe device.  You can enable it with 'pcie_aspm=force'
[    1.023860] pci 0000:00:1c.3: PCI bridge to [bus 05]
[    1.023865] pci 0000:00:1c.3:   bridge window [mem 0xfb000000-0xfb8fffff]
[    1.023869] pci 0000:00:1c.3:   bridge window [mem 0xfa000000-0xfaffffff 64bit pref]
[    1.023920] pci_bus 0000:00: on NUMA node 0
[    1.025053] ACPI: PCI Interrupt Link [LNKA] (IRQs 3 4 5 6 7 10 *11 12 14 15)
[    1.025128] ACPI: PCI Interrupt Link [LNKB] (IRQs 3 4 5 6 7 *10 11 12 14 15)
[    1.025204] ACPI: PCI Interrupt Link [LNKC] (IRQs 3 4 5 6 10 *11 12 14 15)
[    1.025277] ACPI: PCI Interrupt Link [LNKD] (IRQs 3 4 *5 6 10 11 12 14 15)
[    1.025350] ACPI: PCI Interrupt Link [LNKE] (IRQs 3 4 5 6 7 10 11 12 14 15) *0, disabled.
[    1.025424] ACPI: PCI Interrupt Link [LNKF] (IRQs 3 4 5 6 7 10 11 12 14 15) *0, disabled.
[    1.025496] ACPI: PCI Interrupt Link [LNKG] (IRQs 3 4 5 6 7 10 11 12 14 15) *0, disabled.
[    1.025569] ACPI: PCI Interrupt Link [LNKH] (IRQs 3 4 5 6 7 10 11 12 14 15) *0, disabled.
[    1.025901] iommu: Default domain type: Translated 
[    1.025901] SCSI subsystem initialized
[    1.025901] libata version 3.00 loaded.
[    1.025901] pci 0000:05:00.0: vgaarb: setting as boot VGA device
[    1.025901] pci 0000:05:00.0: vgaarb: VGA device added: decodes=io+mem,owns=io+mem,locks=none
[    1.025901] pci 0000:05:00.0: vgaarb: bridge control possible
[    1.025901] vgaarb: loaded
[    1.025901] ACPI: bus type USB registered
[    1.025901] usbcore: registered new interface driver usbfs
[    1.025901] usbcore: registered new interface driver hub
[    1.025901] usbcore: registered new device driver usb
[    1.025901] pps_core: LinuxPPS API ver. 1 registered
[    1.025901] pps_core: Software ver. 5.3.6 - Copyright 2005-2007 Rodolfo Giometti <giometti@linux.it>
[    1.025901] PTP clock support registered
[    1.025901] EDAC MC: Ver: 3.0.0
[    1.025901] PCI: Using ACPI for IRQ routing
[    1.032710] PCI: pci_cache_line_size set to 64 bytes
[    1.032934] e820: reserve RAM buffer [mem 0x00099c00-0x0009ffff]
[    1.032935] e820: reserve RAM buffer [mem 0x79030000-0x7bffffff]
[    1.033050] NetLabel: Initializing
[    1.033050] NetLabel:  domain hash size = 128
[    1.033051] NetLabel:  protocols = UNLABELED CIPSOv4 CALIPSO
[    1.033070] NetLabel:  unlabeled traffic allowed by default
[    1.033086] hpet0: at MMIO 0xfed00000, IRQs 2, 8, 0, 0, 0, 0, 0, 0
[    1.033086] hpet0: 8 comparators, 64-bit 14.318180 MHz counter
[    1.036375] clocksource: Switched to clocksource tsc-early
[    1.050199] *** VALIDATE bpf ***
[    1.050278] VFS: Disk quotas dquot_6.6.0
[    1.050307] VFS: Dquot-cache hash table entries: 512 (order 0, 4096 bytes)
[    1.050325] *** VALIDATE ramfs ***
[    1.050331] *** VALIDATE hugetlbfs ***
[    1.050455] AppArmor: AppArmor Filesystem Enabled
[    1.050474] pnp: PnP ACPI init
[    1.050951] pnp 00:00: Plug and Play ACPI device, IDs PNP0b00 (active)
[    1.051074] system 00:01: [io  0x0500-0x057f] has been reserved
[    1.051075] system 00:01: [io  0x0400-0x047f] has been reserved
[    1.051077] system 00:01: [io  0x0580-0x059f] has been reserved
[    1.051081] system 00:01: [io  0x0600-0x061f] has been reserved
[    1.051082] system 00:01: [io  0x0880-0x0883] has been reserved
[    1.051083] system 00:01: [io  0x0800-0x081f] has been reserved
[    1.051085] system 00:01: [mem 0xfed1c000-0xfed3ffff] has been reserved
[    1.051086] system 00:01: [mem 0xfed45000-0xfed8bfff] has been reserved
[    1.051091] system 00:01: [mem 0xff000000-0xffffffff] has been reserved
[    1.051092] system 00:01: [mem 0xfee00000-0xfeefffff] has been reserved
[    1.051094] system 00:01: [mem 0xfed12000-0xfed1200f] has been reserved
[    1.051095] system 00:01: [mem 0xfed12010-0xfed1201f] has been reserved
[    1.051096] system 00:01: [mem 0xfed1b000-0xfed1bfff] has been reserved
[    1.051100] system 00:01: Plug and Play ACPI device, IDs PNP0c02 (active)
[    1.051282] pnp 00:02: [dma 0 disabled]
[    1.051336] pnp 00:02: Plug and Play ACPI device, IDs PNP0501 (active)
[    1.051507] pnp 00:03: [dma 0 disabled]
[    1.051546] pnp 00:03: Plug and Play ACPI device, IDs PNP0501 (active)
[    1.052265] pnp: PnP ACPI: found 4 devices
[    1.053686] thermal_sys: Registered thermal governor 'fair_share'
[    1.053687] thermal_sys: Registered thermal governor 'bang_bang'
[    1.053688] thermal_sys: Registered thermal governor 'step_wise'
[    1.053688] thermal_sys: Registered thermal governor 'user_space'
[    1.053689] thermal_sys: Registered thermal governor 'power_allocator'
[    1.058177] clocksource: acpi_pm: mask: 0xffffff max_cycles: 0xffffff, max_idle_ns: 2085701024 ns
[    1.058230] pci_bus 0000:00: max bus depth: 1 pci_try_num: 2
[    1.058241] pci 0000:00:01.0: BAR 15: assigned [mem 0x380000000000-0x3800000fffff 64bit pref]
[    1.058244] pci 0000:01:00.0: BAR 7: assigned [mem 0x380000000000-0x38000001ffff 64bit pref]
[    1.058287] pci 0000:01:00.0: BAR 10: assigned [mem 0x380000020000-0x38000003ffff 64bit pref]
[    1.058329] pci 0000:01:00.1: BAR 7: assigned [mem 0x380000040000-0x38000005ffff 64bit pref]
[    1.058351] pci 0000:01:00.1: BAR 10: assigned [mem 0x380000060000-0x38000007ffff 64bit pref]
[    1.058374] pci 0000:00:01.0: PCI bridge to [bus 01]
[    1.058376] pci 0000:00:01.0:   bridge window [io  0xe000-0xefff]
[    1.058385] pci 0000:00:01.0:   bridge window [mem 0xfbc00000-0xfbcfffff]
[    1.058391] pci 0000:00:01.0:   bridge window [mem 0x380000000000-0x3800000fffff 64bit pref]
[    1.058405] pci 0000:02:00.0: BAR 7: no space for [mem size 0x02000000 64bit pref]
[    1.058406] pci 0000:02:00.0: BAR 7: failed to assign [mem size 0x02000000 64bit pref]
[    1.058408] pci 0000:02:00.1: BAR 7: no space for [mem size 0x02000000 64bit pref]
[    1.058409] pci 0000:02:00.1: BAR 7: failed to assign [mem size 0x02000000 64bit pref]
[    1.058410] pci 0000:00:02.0: PCI bridge to [bus 02]
[    1.058419] pci 0000:00:02.0:   bridge window [mem 0xfb900000-0xfbbfffff]
[    1.058425] pci 0000:00:02.0:   bridge window [mem 0x383ffa000000-0x383ffeffffff 64bit pref]
[    1.058436] pci 0000:00:03.0: PCI bridge to [bus 03]
[    1.058461] pci 0000:00:1c.0: PCI bridge to [bus 04]
[    1.058488] pci 0000:00:1c.3: PCI bridge to [bus 05]
[    1.058498] pci 0000:00:1c.3:   bridge window [mem 0xfb000000-0xfb8fffff]
[    1.058505] pci 0000:00:1c.3:   bridge window [mem 0xfa000000-0xfaffffff 64bit pref]
[    1.058517] pci_bus 0000:00: No. 2 try to assign unassigned res
[    1.058518] release child resource [mem 0x383ffa000000-0x383ffbffffff 64bit pref]
[    1.058519] release child resource [mem 0x383ffc000000-0x383ffdffffff 64bit pref]
[    1.058520] release child resource [mem 0x383ffe000000-0x383ffe7fffff 64bit pref]
[    1.058520] release child resource [mem 0x383ffe800000-0x383ffeffffff 64bit pref]
[    1.058522] pci 0000:00:02.0: resource 15 [mem 0x383ffa000000-0x383ffeffffff 64bit pref] released
[    1.058523] pci 0000:00:02.0: PCI bridge to [bus 02]
[    1.058539] pci 0000:00:02.0: bridge window [mem 0x01000000-0x05ffffff 64bit pref] to [bus 02] add_size 4000000 add_align 1000000
[    1.058545] pci 0000:00:02.0: BAR 15: assigned [mem 0x380001000000-0x380009ffffff 64bit pref]
[    1.058546] pci 0000:00:01.0: PCI bridge to [bus 01]
[    1.058548] pci 0000:00:01.0:   bridge window [io  0xe000-0xefff]
[    1.058557] pci 0000:00:01.0:   bridge window [mem 0xfbc00000-0xfbcfffff]
[    1.058563] pci 0000:00:01.0:   bridge window [mem 0x380000000000-0x3800000fffff 64bit pref]
[    1.058578] pci 0000:02:00.0: BAR 0: assigned [mem 0x380002000000-0x380003ffffff 64bit pref]
[    1.058651] pci 0000:02:00.1: BAR 0: assigned [mem 0x380004000000-0x380005ffffff 64bit pref]
[    1.058723] pci 0000:02:00.0: BAR 2: assigned [mem 0x380001000000-0x3800017fffff 64bit pref]
[    1.058799] pci 0000:02:00.1: BAR 2: assigned [mem 0x380001800000-0x380001ffffff 64bit pref]
[    1.058875] pci 0000:02:00.0: BAR 7: assigned [mem 0x380006000000-0x380007ffffff 64bit pref]
[    1.058910] pci 0000:02:00.1: BAR 7: assigned [mem 0x380008000000-0x380009ffffff 64bit pref]
[    1.058944] pci 0000:00:02.0: PCI bridge to [bus 02]
[    1.058953] pci 0000:00:02.0:   bridge window [mem 0xfb900000-0xfbbfffff]
[    1.058959] pci 0000:00:02.0:   bridge window [mem 0x380001000000-0x380009ffffff 64bit pref]
[    1.058970] pci 0000:00:03.0: PCI bridge to [bus 03]
[    1.058994] pci 0000:00:1c.0: PCI bridge to [bus 04]
[    1.059021] pci 0000:00:1c.3: PCI bridge to [bus 05]
[    1.059031] pci 0000:00:1c.3:   bridge window [mem 0xfb000000-0xfb8fffff]
[    1.059038] pci 0000:00:1c.3:   bridge window [mem 0xfa000000-0xfaffffff 64bit pref]
[    1.059051] pci_bus 0000:00: resource 4 [io  0x0000-0x0cf7 window]
[    1.059052] pci_bus 0000:00: resource 5 [io  0x1000-0xffff window]
[    1.059053] pci_bus 0000:00: resource 6 [mem 0x000a0000-0x000bffff window]
[    1.059055] pci_bus 0000:00: resource 7 [mem 0x90000000-0xfbffbfff window]
[    1.059056] pci_bus 0000:00: resource 8 [mem 0x380000000000-0x383fffffffff window]
[    1.059057] pci_bus 0000:01: resource 0 [io  0xe000-0xefff]
[    1.059058] pci_bus 0000:01: resource 1 [mem 0xfbc00000-0xfbcfffff]
[    1.059059] pci_bus 0000:01: resource 2 [mem 0x380000000000-0x3800000fffff 64bit pref]
[    1.059060] pci_bus 0000:02: resource 1 [mem 0xfb900000-0xfbbfffff]
[    1.059061] pci_bus 0000:02: resource 2 [mem 0x380001000000-0x380009ffffff 64bit pref]
[    1.059063] pci_bus 0000:05: resource 1 [mem 0xfb000000-0xfb8fffff]
[    1.059064] pci_bus 0000:05: resource 2 [mem 0xfa000000-0xfaffffff 64bit pref]
[    1.059276] NET: Registered protocol family 2
[    1.059504] IP idents hash table entries: 262144 (order: 9, 2097152 bytes, linear)
[    1.061836] tcp_listen_portaddr_hash hash table entries: 16384 (order: 6, 262144 bytes, linear)
[    1.062068] TCP established hash table entries: 262144 (order: 9, 2097152 bytes, linear)
[    1.062412] TCP bind hash table entries: 65536 (order: 8, 1048576 bytes, linear)
[    1.062496] TCP: Hash tables configured (established 262144 bind 65536)
[    1.062619] UDP hash table entries: 16384 (order: 7, 524288 bytes, linear)
[    1.062726] UDP-Lite hash table entries: 16384 (order: 7, 524288 bytes, linear)
[    1.062854] NET: Registered protocol family 1
[    1.062858] NET: Registered protocol family 44
[    1.062974] pci 0000:00:05.0: disabled boot interrupts on device [8086:6f28]
[    1.087471] pci 0000:00:1a.0: quirk_usb_early_handoff+0x0/0x670 took 23668 usecs
[    1.111447] pci 0000:00:1d.0: quirk_usb_early_handoff+0x0/0x670 took 23398 usecs
[    1.111478] pci 0000:01:00.0: CLS mismatch (64 != 32), using 64 bytes
[    1.111495] pci 0000:05:00.0: Video device with shadowed ROM at [mem 0x000c0000-0x000dffff]
[    1.111535] Trying to unpack rootfs image as initramfs...
[    1.349503] Freeing initrd memory: 86808K
[    1.367344] PCI-DMA: Using software bounce buffering for IO (SWIOTLB)
[    1.367348] software IO TLB: mapped [mem 0x75030000-0x79030000] (64MB)
[    1.369278] check: Scanning for low memory corruption every 60 seconds
[    1.370639] Initialise system trusted keyrings
[    1.370654] Key type blacklist registered
[    1.370693] workingset: timestamp_bits=36 max_order=23 bucket_order=0
[    1.372161] zbud: loaded
[    1.372643] squashfs: version 4.0 (2009/01/31) Phillip Lougher
[    1.372825] fuse: init (API version 7.31)
[    1.372844] *** VALIDATE fuse ***
[    1.372845] *** VALIDATE fuse ***
[    1.372976] Platform Keyring initialized
[    1.377393] Key type asymmetric registered
[    1.377396] Asymmetric key parser 'x509' registered
[    1.377407] Block layer SCSI generic (bsg) driver version 0.4 loaded (major 244)
[    1.377457] io scheduler mq-deadline registered
[    1.378261] pcieport 0000:00:01.0: PME: Signaling with IRQ 25
[    1.378324] pcieport 0000:00:01.0: AER: enabled with IRQ 25
[    1.378623] pcieport 0000:00:02.0: PME: Signaling with IRQ 27
[    1.378677] pcieport 0000:00:02.0: AER: enabled with IRQ 27
[    1.378961] pcieport 0000:00:03.0: PME: Signaling with IRQ 29
[    1.379013] pcieport 0000:00:03.0: AER: enabled with IRQ 29
[    1.379237] pcieport 0000:00:1c.0: PME: Signaling with IRQ 30
[    1.379474] pcieport 0000:00:1c.3: PME: Signaling with IRQ 31
[    1.379566] shpchp: Standard Hot Plug PCI Controller Driver version: 0.4
[    1.379649] vesafb: mode is 1024x768x32, linelength=4096, pages=0
[    1.379650] vesafb: scrolling: redraw
[    1.379651] vesafb: Truecolor: size=8:8:8:8, shift=24:16:8:0
[    1.379679] pmd_set_huge: Cannot satisfy [mem 0xfa000000-0xfa200000] with a huge-page mapping due to MTRR override.
[    1.379690] vesafb: framebuffer at 0xfa000000, mapped to 0x00000000efde05be, using 3072k, total 3072k
[    1.379729] fbcon: Deferring console take-over
[    1.379730] fb0: VESA VGA frame buffer device
[    1.379745] intel_idle: MWAIT substates: 0x2120
[    1.379746] intel_idle: v0.4.1 model 0x4F
[    1.381430] intel_idle: lapic_timer_reliable_states 0xffffffff
[    1.381949] input: Power Button as /devices/LNXSYSTM:00/LNXSYBUS:00/PNP0C0C:00/input/input0
[    1.381977] ACPI: Power Button [PWRB]
[    1.382016] input: Power Button as /devices/LNXSYSTM:00/LNXPWRBN:00/input/input1
[    1.382138] ACPI: Power Button [PWRF]
[    1.391209] Serial: 8250/16550 driver, 32 ports, IRQ sharing enabled
[    1.411765] 00:02: ttyS0 at I/O 0x3f8 (irq = 4, base_baud = 115200) is a 16550A
[    1.432392] 00:03: ttyS1 at I/O 0x2f8 (irq = 3, base_baud = 115200) is a 16550A
[    1.434011] Linux agpgart interface v0.103
[    1.571398] loop: module loaded
[    1.571866] tun: Universal TUN/TAP device driver, 1.6
[    1.571955] PPP generic driver version 2.4.2
[    1.572011] VFIO - User Level meta-driver version: 0.3
[    1.572159] ehci_hcd: USB 2.0 'Enhanced' Host Controller (EHCI) Driver
[    1.572162] ehci-pci: EHCI PCI platform driver
[    1.572415] ehci-pci 0000:00:1a.0: EHCI Host Controller
[    1.572422] ehci-pci 0000:00:1a.0: new USB bus registered, assigned bus number 1
[    1.572434] ehci-pci 0000:00:1a.0: debug port 2
[    1.576346] ehci-pci 0000:00:1a.0: cache line size of 64 is not supported
[    1.576363] ehci-pci 0000:00:1a.0: irq 18, io mem 0xfbd02000
[    1.591344] ehci-pci 0000:00:1a.0: USB 2.0 started, EHCI 1.00
[    1.591395] usb usb1: New USB device found, idVendor=1d6b, idProduct=0002, bcdDevice= 5.04
[    1.591397] usb usb1: New USB device strings: Mfr=3, Product=2, SerialNumber=1
[    1.591398] usb usb1: Product: EHCI Host Controller
[    1.591399] usb usb1: Manufacturer: Linux 5.4.189kernel-module-force-unload ehci_hcd
[    1.591400] usb usb1: SerialNumber: 0000:00:1a.0
[    1.591554] hub 1-0:1.0: USB hub found
[    1.591560] hub 1-0:1.0: 2 ports detected
[    1.591933] ehci-pci 0000:00:1d.0: EHCI Host Controller
[    1.591939] ehci-pci 0000:00:1d.0: new USB bus registered, assigned bus number 2
[    1.591949] ehci-pci 0000:00:1d.0: debug port 2
[    1.595846] ehci-pci 0000:00:1d.0: cache line size of 64 is not supported
[    1.595851] ehci-pci 0000:00:1d.0: irq 18, io mem 0xfbd01000
[    1.611361] ehci-pci 0000:00:1d.0: USB 2.0 started, EHCI 1.00
[    1.611428] usb usb2: New USB device found, idVendor=1d6b, idProduct=0002, bcdDevice= 5.04
[    1.611430] usb usb2: New USB device strings: Mfr=3, Product=2, SerialNumber=1
[    1.611432] usb usb2: Product: EHCI Host Controller
[    1.611434] usb usb2: Manufacturer: Linux 5.4.189kernel-module-force-unload ehci_hcd
[    1.611436] usb usb2: SerialNumber: 0000:00:1d.0
[    1.611626] hub 2-0:1.0: USB hub found
[    1.611631] hub 2-0:1.0: 2 ports detected
[    1.611856] ehci-platform: EHCI generic platform driver
[    1.611869] ohci_hcd: USB 1.1 'Open' Host Controller (OHCI) Driver
[    1.611873] ohci-pci: OHCI PCI platform driver
[    1.611896] ohci-platform: OHCI generic platform driver
[    1.611903] uhci_hcd: USB Universal Host Controller Interface driver
[    1.612111] xhci_hcd 0000:00:14.0: xHCI Host Controller
[    1.612121] xhci_hcd 0000:00:14.0: new USB bus registered, assigned bus number 3
[    1.613189] xhci_hcd 0000:00:14.0: hcc params 0x200077c1 hci version 0x100 quirks 0x0000000000009810
[    1.613195] xhci_hcd 0000:00:14.0: cache line size of 64 is not supported
[    1.613436] xhci_hcd 0000:00:14.0: xHCI Host Controller
[    1.613439] xhci_hcd 0000:00:14.0: new USB bus registered, assigned bus number 4
[    1.613442] xhci_hcd 0000:00:14.0: Host supports USB 3.0 SuperSpeed
[    1.613474] usb usb3: New USB device found, idVendor=1d6b, idProduct=0002, bcdDevice= 5.04
[    1.613475] usb usb3: New USB device strings: Mfr=3, Product=2, SerialNumber=1
[    1.613476] usb usb3: Product: xHCI Host Controller
[    1.613477] usb usb3: Manufacturer: Linux 5.4.189kernel-module-force-unload xhci-hcd
[    1.613478] usb usb3: SerialNumber: 0000:00:14.0
[    1.613616] hub 3-0:1.0: USB hub found
[    1.613634] hub 3-0:1.0: 15 ports detected
[    1.616731] usb usb4: New USB device found, idVendor=1d6b, idProduct=0003, bcdDevice= 5.04
[    1.616733] usb usb4: New USB device strings: Mfr=3, Product=2, SerialNumber=1
[    1.616734] usb usb4: Product: xHCI Host Controller
[    1.616735] usb usb4: Manufacturer: Linux 5.4.189kernel-module-force-unload xhci-hcd
[    1.616736] usb usb4: SerialNumber: 0000:00:14.0
[    1.616864] hub 4-0:1.0: USB hub found
[    1.616884] hub 4-0:1.0: 6 ports detected
[    1.618477] i8042: PNP: No PS/2 controller found.
[    1.618577] mousedev: PS/2 mouse device common for all mice
[    1.618688] rtc_cmos 00:00: RTC can wake from S4
[    1.618874] rtc_cmos 00:00: registered as rtc0
[    1.618889] rtc_cmos 00:00: alarms up to one month, y3k, 114 bytes nvram, hpet irqs
[    1.618895] i2c /dev entries driver
[    1.618943] device-mapper: uevent: version 1.0.3
[    1.618999] device-mapper: ioctl: 4.41.0-ioctl (2019-09-16) initialised: dm-devel@redhat.com
[    1.619021] platform eisa.0: Probing EISA bus 0
[    1.619023] platform eisa.0: EISA: Cannot allocate resource for mainboard
[    1.619025] platform eisa.0: Cannot allocate resource for EISA slot 1
[    1.619026] platform eisa.0: Cannot allocate resource for EISA slot 2
[    1.619027] platform eisa.0: Cannot allocate resource for EISA slot 3
[    1.619028] platform eisa.0: Cannot allocate resource for EISA slot 4
[    1.619029] platform eisa.0: Cannot allocate resource for EISA slot 5
[    1.619030] platform eisa.0: Cannot allocate resource for EISA slot 6
[    1.619031] platform eisa.0: Cannot allocate resource for EISA slot 7
[    1.619032] platform eisa.0: Cannot allocate resource for EISA slot 8
[    1.619033] platform eisa.0: EISA: Detected 0 cards
[    1.619044] intel_pstate: Intel P-state driver initializing
[    1.626390] ledtrig-cpu: registered to indicate activity on CPUs
[    1.626581] drop_monitor: Initializing network drop monitor service
[    1.626730] NET: Registered protocol family 10
[    1.633762] Segment Routing with IPv6
[    1.633783] NET: Registered protocol family 17
[    1.633854] Key type dns_resolver registered
[    1.638612] RAS: Correctable Errors collector initialized.
[    1.638671] microcode: sig=0x406f1, pf=0x1, revision=0xb000040
[    1.640253] microcode: Microcode Update Driver: v2.2.
[    1.642609] *** VALIDATE rdt ***
[    1.642612] resctrl: L3 allocation detected
[    1.642613] resctrl: L3DATA allocation detected
[    1.642613] resctrl: L3CODE allocation detected
[    1.642613] resctrl: L3 monitoring detected
[    1.642617] IPI shorthand broadcast: enabled
[    1.642624] sched_clock: Marking stable (1642103265, 499066)->(1855922864, -213320533)
[    1.642773] registered taskstats version 1
[    1.642783] Loading compiled-in X.509 certificates
[    1.643534] Loaded X.509 cert 'Build time autogenerated kernel key: a9993d45b65f0d146f444e483c70e48bd819de06'
[    1.643803] zswap: loaded using pool lzo/zbud
[    1.643939] Key type ._fscrypt registered
[    1.643940] Key type .fscrypt registered
[    1.649369] Key type big_key registered
[    1.652065] Key type encrypted registered
[    1.652068] AppArmor: AppArmor sha1 policy hashing enabled
[    1.652075] ima: No TPM chip found, activating TPM-bypass!
[    1.652078] ima: Allocated hash algorithm: sha1
[    1.652088] ima: No architecture policies found
[    1.652095] evm: Initialising EVM extended attributes:
[    1.652096] evm: security.selinux
[    1.652096] evm: security.SMACK64
[    1.652097] evm: security.SMACK64EXEC
[    1.652097] evm: security.SMACK64TRANSMUTE
[    1.652097] evm: security.SMACK64MMAP
[    1.652098] evm: security.apparmor
[    1.652098] evm: security.ima
[    1.652098] evm: security.capability
[    1.652099] evm: HMAC attrs: 0x1
[    1.652682] PM:   Magic number: 14:452:813
[    1.652722] ehci-pci 0000:00:1a.0: hash matches
[    1.652829] acpi device:a2: hash matches
[    1.652872] acpi LNXCPU:8f: hash matches
[    1.652990] rtc_cmos 00:00: setting system clock to 2022-07-06T02:48:17 UTC (1657075697)
[    1.656264] Freeing unused decrypted memory: 2040K
[    1.657135] Freeing unused kernel image memory: 2748K
[    1.691396] Write protecting the kernel read-only data: 22528k
[    1.692354] Freeing unused kernel image memory: 2008K
[    1.692788] Freeing unused kernel image memory: 1128K
[    1.700003] x86/mm: Checked W+X mappings: passed, no W+X pages found.
[    1.700004] x86/mm: Checking user space page tables
[    1.707002] x86/mm: Checked W+X mappings: passed, no W+X pages found.
[    1.707004] Run /init as init process
[    1.831568] mlx_compat: loading out-of-tree module taints kernel.
[    1.831602] mlx_compat: module verification failed: signature and/or required key missing - tainting kernel
[    1.831814] Compat-mlnx-ofed backport release: b1b2bdd
[    1.831815] Backport based on mlnx_ofed/mlnx-ofa_kernel-4.0.git b1b2bdd
[    1.831815] compat.git: mlnx_ofed/mlnx-ofa_kernel-4.0.git
[    1.833280] dca service started, version 1.12.1
[    1.835184] i801_smbus 0000:00:1f.3: SMBus using PCI interrupt
[    1.837044] igb: Intel(R) Gigabit Ethernet Network Driver - version 5.6.0-k
[    1.837044] igb: Copyright (c) 2007-2014 Intel Corporation.
[    1.837387] ahci 0000:00:1f.2: version 3.0
[    1.837817] ahci 0000:00:1f.2: AHCI 0001.0300 32 slots 6 ports 6 Gbps 0x10 impl SATA mode
[    1.837820] ahci 0000:00:1f.2: flags: 64bit ncq pm led clo pio slum part ems apst 
[    1.841625] scsi host0: ahci
[    1.841958] scsi host1: ahci
[    1.842216] scsi host2: ahci
[    1.842890] scsi host3: ahci
[    1.843024] scsi host4: ahci
[    1.843236] scsi host5: ahci
[    1.843367] ata1: DUMMY
[    1.843368] ata2: DUMMY
[    1.843369] ata3: DUMMY
[    1.843369] ata4: DUMMY
[    1.843371] ata5: SATA max UDMA/133 abar m2048@0xfbd00000 port 0xfbd00300 irq 33
[    1.843372] ata6: DUMMY
[    1.844817] cryptd: max_cpu_qlen set to 1000
[    1.851524] AVX2 version of gcm_enc/dec engaged.
[    1.851525] AES CTR mode by8 optimization enabled
[    1.854080] usb 1-1: new high-speed USB device number 2 using ehci-pci
[    1.871450] usb 2-1: new high-speed USB device number 2 using ehci-pci
[    1.871505] usb 3-9: new high-speed USB device number 2 using xhci_hcd
[    1.874715] mlx5_core 0000:02:00.0: firmware version: 24.33.1048
[    1.874750] mlx5_core 0000:02:00.0: 63.008 Gb/s available PCIe bandwidth, limited by 8.0 GT/s PCIe x8 link at 0000:00:02.0 (capable of 252.048 Gb/s with 16.0 GT/s PCIe x16 link)
[    1.937666] igb 0000:01:00.0: added PHC on eth0
[    1.937667] igb 0000:01:00.0: Intel(R) Gigabit Ethernet Network Connection
[    1.937669] igb 0000:01:00.0: eth0: (PCIe:5.0Gb/s:Width x4) a4:bf:01:6e:28:a6
[    1.937790] igb 0000:01:00.0: eth0: PBA No: 006100-000
[    1.937791] igb 0000:01:00.0: Using MSI-X interrupts. 8 rx queue(s), 8 tx queue(s)
[    1.941770] mlx5_core 0000:02:00.0: handle_hca_cap:704:(pid 311): log_max_qp value in current profile is 18, changing it to HCA capability limit (17)
[    2.000171] igb 0000:01:00.1: added PHC on eth1
[    2.000172] igb 0000:01:00.1: Intel(R) Gigabit Ethernet Network Connection
[    2.000173] igb 0000:01:00.1: eth1: (PCIe:5.0Gb/s:Width x4) a4:bf:01:6e:28:a7
[    2.000294] igb 0000:01:00.1: eth1: PBA No: 006100-000
[    2.000295] igb 0000:01:00.1: Using MSI-X interrupts. 8 rx queue(s), 8 tx queue(s)
[    2.007679] usb 1-1: New USB device found, idVendor=8087, idProduct=800a, bcdDevice= 0.05
[    2.007681] usb 1-1: New USB device strings: Mfr=0, Product=0, SerialNumber=0
[    2.007934] hub 1-1:1.0: USB hub found
[    2.008040] hub 1-1:1.0: 6 ports detected
[    2.023418] usb 3-9: New USB device found, idVendor=0409, idProduct=005a, bcdDevice= 1.00
[    2.023419] usb 3-9: New USB device strings: Mfr=0, Product=0, SerialNumber=0
[    2.023752] hub 3-9:1.0: USB hub found
[    2.023781] hub 3-9:1.0: 4 ports detected
[    2.028379] igb 0000:01:00.1 ens11f1: renamed from eth1
[    2.031681] usb 2-1: New USB device found, idVendor=8087, idProduct=8002, bcdDevice= 0.05
[    2.031682] usb 2-1: New USB device strings: Mfr=0, Product=0, SerialNumber=0
[    2.031929] hub 2-1:1.0: USB hub found
[    2.032038] hub 2-1:1.0: 8 ports detected
[    2.151298] usb 3-14: new full-speed USB device number 3 using xhci_hcd
[    2.162117] ata5: SATA link up 6.0 Gbps (SStatus 133 SControl 300)
[    2.162809] ata5.00: supports DRM functions and may not be fully accessible
[    2.162828] ata5.00: ATA-10: CT500MX500SSD1, M3CR033, max UDMA/133
[    2.162829] ata5.00: 976773168 sectors, multi 1: LBA48 NCQ (depth 32), AA
[    2.163397] ata5.00: supports DRM functions and may not be fully accessible
[    2.163873] ata5.00: configured for UDMA/133
[    2.164088] scsi 4:0:0:0: Direct-Access     ATA      CT500MX500SSD1   033  PQ: 0 ANSI: 5
[    2.164305] sd 4:0:0:0: Attached scsi generic sg0 type 0
[    2.164331] sd 4:0:0:0: [sda] 976773168 512-byte logical blocks: (500 GB/466 GiB)
[    2.164333] sd 4:0:0:0: [sda] 4096-byte physical blocks
[    2.164338] sd 4:0:0:0: [sda] Write Protect is off
[    2.164339] sd 4:0:0:0: [sda] Mode Sense: 00 3a 00 00
[    2.164364] sd 4:0:0:0: [sda] Write cache: enabled, read cache: enabled, doesn't support DPO or FUA
[    2.183888]  sda: sda1 sda2 sda3
[    2.186480] mlx5_core 0000:02:00.0: Rate limit: 127 rates are supported, range: 0Mbps to 97656Mbps
[    2.187935] mlx5_core 0000:02:00.0: E-Switch: total vports 50, per vport: max uc(128) max mc(2048)
[    2.192252] mlx5_core 0000:02:00.0: Port module event: module 0, Cable plugged
[    2.192657] mlx5_core 0000:02:00.0: mlx5_pcie_event:299:(pid 8): Detected insufficient power on the PCIe slot (27W).
[    2.199534] sd 4:0:0:0: [sda] supports TCG Opal
[    2.199536] sd 4:0:0:0: [sda] Attached SCSI disk
[    2.201616] igb 0000:01:00.0 ens11f0: renamed from eth0
[    2.211946] mgag200 0000:05:00.0: remove_conflicting_pci_framebuffers: bar 0: 0xfa000000 -> 0xfaffffff
[    2.211947] mgag200 0000:05:00.0: remove_conflicting_pci_framebuffers: bar 1: 0xfb810000 -> 0xfb813fff
[    2.211948] mgag200 0000:05:00.0: remove_conflicting_pci_framebuffers: bar 2: 0xfb000000 -> 0xfb7fffff
[    2.211950] checking generic (fa000000 300000) vs hw (fa000000 1000000)
[    2.211951] fb0: switching to mgag200drmfb from VESA VGA
[    2.212007] mgag200 0000:05:00.0: vgaarb: deactivate vga console
[    2.220444] [TTM] Zone  kernel: Available graphics memory: 16382418 KiB
[    2.220444] [TTM] Zone   dma32: Available graphics memory: 2097152 KiB
[    2.220445] [TTM] Initializing pool allocator
[    2.220448] [TTM] Initializing DMA pool allocator
[    2.238875] mlx5_core 0000:02:00.1: firmware version: 24.33.1048
[    2.238911] mlx5_core 0000:02:00.1: 63.008 Gb/s available PCIe bandwidth, limited by 8.0 GT/s PCIe x8 link at 0000:00:02.0 (capable of 252.048 Gb/s with 16.0 GT/s PCIe x16 link)
[    2.248151] mlx5_core 0000:02:00.1: handle_hca_cap:704:(pid 311): log_max_qp value in current profile is 18, changing it to HCA capability limit (17)
[    2.300001] fbcon: mgag200drmfb (fb0) is primary device
[    2.300002] fbcon: Deferring console take-over
[    2.300003] mgag200 0000:05:00.0: fb0: mgag200drmfb frame buffer device
[    2.319343] [drm] Initialized mgag200 1.0.0 20110418 for 0000:05:00.0 on minor 0
[    2.319684] usb 3-14: New USB device found, idVendor=046b, idProduct=ff10, bcdDevice= 1.00
[    2.319686] usb 3-14: New USB device strings: Mfr=1, Product=2, SerialNumber=3
[    2.319687] usb 3-14: Product: Virtual Keyboard and Mouse
[    2.319688] usb 3-14: Manufacturer: American Megatrends Inc.
[    2.319689] usb 3-14: SerialNumber: serial
[    2.323994] hidraw: raw HID events driver (C) Jiri Kosina
[    2.326372] usbcore: registered new interface driver usbhid
[    2.326373] usbhid: USB HID core driver
[    2.328311] input: American Megatrends Inc. Virtual Keyboard and Mouse as /devices/pci0000:00/0000:00:14.0/usb3/3-14/3-14:1.0/0003:046B:FF10.0001/input/input2
[    2.328370] hid-generic 0003:046B:FF10.0001: input,hidraw0: USB HID v1.10 Keyboard [American Megatrends Inc. Virtual Keyboard and Mouse] on usb-0000:00:14.0-14/input0
[    2.328467] input: American Megatrends Inc. Virtual Keyboard and Mouse as /devices/pci0000:00/0000:00:14.0/usb3/3-14/3-14:1.1/0003:046B:FF10.0002/input/input3
[    2.328527] hid-generic 0003:046B:FF10.0002: input,hidraw1: USB HID v1.10 Mouse [American Megatrends Inc. Virtual Keyboard and Mouse] on usb-0000:00:14.0-14/input1
[    2.375307] tsc: Refined TSC clocksource calibration: 2194.918 MHz
[    2.375335] clocksource: tsc: mask: 0xffffffffffffffff max_cycles: 0x1fa37202099, max_idle_ns: 440795206796 ns
[    2.375419] clocksource: Switched to clocksource tsc
[    2.379338] usb 3-9.4: new full-speed USB device number 4 using xhci_hcd
[    2.479276] mlx5_core 0000:02:00.1: Rate limit: 127 rates are supported, range: 0Mbps to 97656Mbps
[    2.479797] usb 3-9.4: New USB device found, idVendor=0557, idProduct=8021, bcdDevice= 1.00
[    2.479798] usb 3-9.4: New USB device strings: Mfr=0, Product=0, SerialNumber=0
[    2.480752] mlx5_core 0000:02:00.1: E-Switch: total vports 50, per vport: max uc(128) max mc(2048)
[    2.482087] hub 3-9.4:1.0: USB hub found
[    2.482221] hub 3-9.4:1.0: 4 ports detected
[    2.484953] mlx5_core 0000:02:00.1: Port module event: module 1, Cable unplugged
[    2.485172] mlx5_core 0000:02:00.1: mlx5_pcie_event:299:(pid 8): Detected insufficient power on the PCIe slot (27W).
[    2.519444] mlx5_core 0000:02:00.0: MLX5E: StrdRq(1) RqSz(8) StrdSz(2048) RxCqeCmprss(0)
[    2.754228] mlx5_core 0000:02:00.0: Supported tc offload range - chains: 1, prios: 16
[    2.754233] mlx5_core 0000:02:00.0: mlx5_post_action_init:41:(pid 438): firmware level support is missing
[    2.765276] mlx5_core 0000:02:00.1: MLX5E: StrdRq(1) RqSz(8) StrdSz(2048) RxCqeCmprss(0)
[    2.767342] usb 3-9.4.1: new low-speed USB device number 5 using xhci_hcd
[    2.892130] usb 3-9.4.1: New USB device found, idVendor=1c4f, idProduct=0002, bcdDevice= 3.30
[    2.892133] usb 3-9.4.1: New USB device strings: Mfr=1, Product=2, SerialNumber=0
[    2.892135] usb 3-9.4.1: Product: USB Keyboard
[    2.892137] usb 3-9.4.1: Manufacturer: SIGMACHIP
[    2.907882] input: SIGMACHIP USB Keyboard as /devices/pci0000:00/0000:00:14.0/usb3/3-9/3-9.4/3-9.4.1/3-9.4.1:1.0/0003:1C4F:0002.0003/input/input4
[    2.967546] hid-generic 0003:1C4F:0002.0003: input,hidraw2: USB HID v1.10 Keyboard [SIGMACHIP USB Keyboard] on usb-0000:00:14.0-9.4.1/input0
[    2.975895] input: SIGMACHIP USB Keyboard Consumer Control as /devices/pci0000:00/0000:00:14.0/usb3/3-9/3-9.4/3-9.4.1/3-9.4.1:1.1/0003:1C4F:0002.0004/input/input5
[    2.993770] mlx5_core 0000:02:00.1: Supported tc offload range - chains: 1, prios: 16
[    2.993773] mlx5_core 0000:02:00.1: mlx5_post_action_init:41:(pid 438): firmware level support is missing
[    3.006617] mlx5_core 0000:02:00.1 enp2s0f1np1: renamed from eth1
[    3.035512] input: SIGMACHIP USB Keyboard System Control as /devices/pci0000:00/0000:00:14.0/usb3/3-9/3-9.4/3-9.4.1/3-9.4.1:1.1/0003:1C4F:0002.0004/input/input6
[    3.035618] hid-generic 0003:1C4F:0002.0004: input,hidraw3: USB HID v1.10 Device [SIGMACHIP USB Keyboard] on usb-0000:00:14.0-9.4.1/input1
[    3.039556] mlx5_core 0000:02:00.0 enp2s0f0np0: renamed from eth0
[    3.045279] input: SIGMACHIP USB Keyboard as /devices/pci0000:00/0000:00:14.0/usb3/3-9/3-9.4/3-9.4.1/3-9.4.1:1.2/0003:1C4F:0002.0005/input/input7
[    3.045454] hid-generic 0003:1C4F:0002.0005: input,hidraw4: USB HID v1.10 Mouse [SIGMACHIP USB Keyboard] on usb-0000:00:14.0-9.4.1/input2
[    3.191334] raid6: avx2x4   gen() 30516 MB/s
[    3.239320] raid6: avx2x4   xor() 11388 MB/s
[    3.287319] raid6: avx2x2   gen() 26543 MB/s
[    3.335333] raid6: avx2x2   xor() 16077 MB/s
[    3.383336] raid6: avx2x1   gen() 22634 MB/s
[    3.431321] raid6: avx2x1   xor() 15155 MB/s
[    3.479332] raid6: sse2x4   gen() 16924 MB/s
[    3.527333] raid6: sse2x4   xor() 10093 MB/s
[    3.575338] raid6: sse2x2   gen() 14119 MB/s
[    3.623321] raid6: sse2x2   xor()  9075 MB/s
[    3.671342] raid6: sse2x1   gen() 12085 MB/s
[    3.719322] raid6: sse2x1   xor()  8299 MB/s
[    3.719322] raid6: using algorithm avx2x4 gen() 30516 MB/s
[    3.719340] raid6: .... xor() 11388 MB/s, rmw enabled
[    3.719341] raid6: using avx2x2 recovery algorithm
[    3.720206] xor: automatically using best checksumming function   avx       
[    3.721090] async_tx: api initialized (async)
[    3.810721] Btrfs loaded, crc32c=crc32c-intel
[    3.895881] EXT4-fs (sda3): mounted filesystem with ordered data mode. Opts: (null)
[    4.224587] systemd[1]: Inserted module 'autofs4'
[    4.242825] systemd[1]: systemd 245.4-4ubuntu3.17 running in system mode. (+PAM +AUDIT +SELINUX +IMA +APPARMOR +SMACK +SYSVINIT +UTMP +LIBCRYPTSETUP +GCRYPT +GNUTLS +ACL +XZ +LZ4 +SECCOMP +BLKID +ELFUTILS +KMOD +IDN2 -IDN +PCRE2 default-hierarchy=hybrid)
[    4.263500] systemd[1]: Detected architecture x86-64.
[    4.279948] systemd[1]: Set hostname to <axdimm.ittc.ku.edu>.
[    4.488316] systemd[1]: Created slice system-modprobe.slice.
[    4.488721] systemd[1]: Created slice system-postfix.slice.
[    4.488936] systemd[1]: Created slice system-systemd\x2dfsck.slice.
[    4.489184] systemd[1]: Created slice User and Session Slice.
[    4.489229] systemd[1]: Started Forward Password Requests to Wall Directory Watch.
[    4.489419] systemd[1]: Set up automount Arbitrary Executable File Formats File System Automount Point.
[    4.489463] systemd[1]: Reached target Slices.
[    4.489521] systemd[1]: Listening on Device-mapper event daemon FIFOs.
[    4.489588] systemd[1]: Listening on LVM2 poll daemon socket.
[    4.492769] systemd[1]: Listening on RPCbind Server Activation Socket.
[    4.492907] systemd[1]: Listening on Syslog Socket.
[    4.492986] systemd[1]: Listening on fsck to fsckd communication Socket.
[    4.493034] systemd[1]: Listening on initctl Compatibility Named Pipe.
[    4.493178] systemd[1]: Listening on Journal Audit Socket.
[    4.493243] systemd[1]: Listening on Journal Socket (/dev/log).
[    4.493335] systemd[1]: Listening on Journal Socket.
[    4.493426] systemd[1]: Listening on udev Control Socket.
[    4.493487] systemd[1]: Listening on udev Kernel Socket.
[    4.494246] systemd[1]: Mounting Huge Pages File System...
[    4.494986] systemd[1]: Mounting POSIX Message Queue File System...
[    4.495882] systemd[1]: Mounting RPC Pipe File System...
[    4.496891] systemd[1]: Mounting Kernel Debug File System...
[    4.497814] systemd[1]: Mounting Kernel Trace File System...
[    4.499185] systemd[1]: Starting Journal Service...
[    4.500397] systemd[1]: Starting Availability of block devices...
[    4.501593] systemd[1]: Starting Set the console keyboard layout...
[    4.502716] systemd[1]: Starting Create list of static device nodes for the current kernel...
[    4.503750] systemd[1]: Starting Monitoring of LVM2 mirrors, snapshots etc. using dmeventd or progress polling...
[    4.503787] systemd[1]: Condition check resulted in Load Kernel Module drm being skipped.
[    4.504281] systemd[1]: Condition check resulted in Set Up Additional Binary Formats being skipped.
[    4.504311] systemd[1]: Condition check resulted in File System Check on Root Device being skipped.
[    4.508654] systemd[1]: Starting Load Kernel Modules...
[    4.509448] systemd[1]: Starting Remount Root and Kernel File Systems...
[    4.510502] systemd[1]: Starting udev Coldplug all Devices...
[    4.512130] systemd[1]: Mounted Huge Pages File System.
[    4.512287] systemd[1]: Mounted POSIX Message Queue File System.
[    4.512420] systemd[1]: Mounted Kernel Debug File System.
[    4.512544] systemd[1]: Mounted Kernel Trace File System.
[    4.512988] systemd[1]: Finished Availability of block devices.
[    4.513505] systemd[1]: Finished Create list of static device nodes for the current kernel.
[    4.517545] RPC: Registered named UNIX socket transport module.
[    4.517546] RPC: Registered udp transport module.
[    4.517546] RPC: Registered tcp transport module.
[    4.517547] RPC: Registered tcp NFSv4.1 backchannel transport module.
[    4.518786] systemd[1]: Mounted RPC Pipe File System.
[    4.519506] EXT4-fs (sda3): re-mounted. Opts: errors=remount-ro
[    4.520514] systemd[1]: Finished Remount Root and Kernel File Systems.
[    4.522855] systemd[1]: Condition check resulted in Rebuild Hardware Database being skipped.
[    4.522910] systemd[1]: Condition check resulted in Platform Persistent Storage Archival being skipped.
[    4.523670] systemd[1]: Starting Load/Save Random Seed...
[    4.524534] systemd[1]: Starting Create System Users...
[    4.530884] lp: driver loaded but no devices found
[    4.535450] ppdev: user-space parallel port driver
[    4.535940] systemd[1]: Finished Load/Save Random Seed.
[    4.544690] systemd[1]: Finished Create System Users.
[    4.545597] systemd[1]: Starting Create Static Device Nodes in /dev...
[    4.549589] IPMI message handler: version 39.2
[    4.551041] ipmi device interface
[    4.552591] knem 1.1.4.90mlnx1: initialized
[    4.553487] systemd[1]: Finished Load Kernel Modules.
[    4.554479] systemd[1]: Mounting FUSE Control File System...
[    4.555449] systemd[1]: Mounting Kernel Configuration File System...
[    4.556585] systemd[1]: Starting Apply Kernel Variables...
[    4.558852] systemd[1]: Finished Create Static Device Nodes in /dev.
[    4.559023] systemd[1]: Mounted FUSE Control File System.
[    4.559145] systemd[1]: Mounted Kernel Configuration File System.
[    4.560378] systemd[1]: Starting udev Kernel Device Manager...
[    4.566456] systemd[1]: Finished Set the console keyboard layout.
[    4.570395] systemd[1]: Finished Apply Kernel Variables.
[    4.595853] systemd[1]: Started Journal Service.
[    4.601516] systemd-journald[728]: Received client request to flush runtime journal.
[    4.907609] ipmi_si: IPMI System Interface driver
[    4.907648] ipmi_si dmi-ipmi-si.0: ipmi_platform: probing via SMBIOS
[    4.907651] ipmi_platform: ipmi_si: SMBIOS: io 0xca2 regsize 1 spacing 1 irq 0
[    4.907652] ipmi_si: Adding SMBIOS-specified kcs state machine
[    4.907821] ipmi_si IPI0001:00: ipmi_platform: probing via ACPI
[    4.908026] ipmi_si IPI0001:00: ipmi_platform: [io  0x0ca2] regsize 1 spacing 1 irq 0
[    4.908029] ipmi_si dmi-ipmi-si.0: Removing SMBIOS-specified kcs state machine in favor of ACPI
[    4.908030] ipmi_si: Adding ACPI-specified kcs state machine
[    4.908203] ipmi_si: Trying ACPI-specified kcs state machine at i/o address 0xca2, slave address 0x20, irq 0
[    5.008176] power_meter ACPI000D:00: Found ACPI power meter.
[    5.008690] power_meter ACPI000D:00: Ignoring unsafe software power cap!
[    5.008746] power_meter ACPI000D:00: hwmon_device_register() is deprecated. Please convert the driver to use hwmon_device_register_with_info().
[    5.024310] mei_me 0000:00:16.0: Device doesn't have valid ME Interface
[    5.063527] nd_pmem namespace0.0: unable to guarantee persistence of writes
[    5.117119] memmap_init_zone_device initialised 262144 pages in 16ms
[    5.117724] RAPL PMU: API unit is 2^-32 Joules, 2 fixed counters, 655360 ms ovfl timer
[    5.117726] RAPL PMU: hw unit of domain package 2^-14 Joules
[    5.117727] RAPL PMU: hw unit of domain dram 2^-16 Joules
[    5.120824] pmem0: detected capacity change from 0 to 1073741824
[    5.220790] mlx5_core 0000:02:00.1 enp2s0f1: renamed from enp2s0f1np1
[    5.232469] EDAC sbridge: Seeking for: PCI ID 8086:6fa0
[    5.232574] EDAC sbridge: Seeking for: PCI ID 8086:6fa0
[    5.232695] EDAC sbridge: Seeking for: PCI ID 8086:6f60
[    5.232710] EDAC sbridge: Seeking for: PCI ID 8086:6f60
[    5.232717] EDAC sbridge: Seeking for: PCI ID 8086:6fa8
[    5.232734] EDAC sbridge: Seeking for: PCI ID 8086:6fa8
[    5.232740] EDAC sbridge: Seeking for: PCI ID 8086:6f71
[    5.232750] EDAC sbridge: Seeking for: PCI ID 8086:6f71
[    5.232756] EDAC sbridge: Seeking for: PCI ID 8086:6faa
[    5.232766] EDAC sbridge: Seeking for: PCI ID 8086:6faa
[    5.232773] EDAC sbridge: Seeking for: PCI ID 8086:6fab
[    5.232787] EDAC sbridge: Seeking for: PCI ID 8086:6fab
[    5.232792] EDAC sbridge: Seeking for: PCI ID 8086:6fac
[    5.232799] EDAC sbridge: Seeking for: PCI ID 8086:6fad
[    5.232809] EDAC sbridge: Seeking for: PCI ID 8086:6f68
[    5.232817] EDAC sbridge: Seeking for: PCI ID 8086:6f68
[    5.232822] EDAC sbridge: Seeking for: PCI ID 8086:6f79
[    5.232832] EDAC sbridge: Seeking for: PCI ID 8086:6f79
[    5.232836] EDAC sbridge: Seeking for: PCI ID 8086:6f6a
[    5.232843] EDAC sbridge: Seeking for: PCI ID 8086:6f6a
[    5.232846] EDAC sbridge: Seeking for: PCI ID 8086:6f6b
[    5.232854] EDAC sbridge: Seeking for: PCI ID 8086:6f6b
[    5.232859] EDAC sbridge: Seeking for: PCI ID 8086:6f6c
[    5.232868] EDAC sbridge: Seeking for: PCI ID 8086:6f6d
[    5.232876] EDAC sbridge: Seeking for: PCI ID 8086:6ffc
[    5.232884] EDAC sbridge: Seeking for: PCI ID 8086:6ffc
[    5.232891] EDAC sbridge: Seeking for: PCI ID 8086:6ffd
[    5.232896] EDAC sbridge: Seeking for: PCI ID 8086:6ffd
[    5.232901] EDAC sbridge: Seeking for: PCI ID 8086:6faf
[    5.232907] EDAC sbridge: Seeking for: PCI ID 8086:6faf
[    5.232935] EDAC sbridge: CPU SrcID #0, Ha #0, Channel #0 has DIMMs, but ECC is disabled
[    5.232939] EDAC sbridge: Couldn't find mci handler
[    5.232940] EDAC sbridge: Couldn't find mci handler
[    5.232941] EDAC sbridge: Failed to register device with error -19.
[    5.259583] ipmi_si IPI0001:00: IPMI message handler: Found new BMC (man_id: 0x000157, prod_id: 0x0071, dev_id: 0x21)
[    5.259749] mlx5_core 0000:02:00.0 enp2s0f0: renamed from enp2s0f0np0
[    5.296020] EDAC sbridge: Seeking for: PCI ID 8086:6fa0
[    5.296042] EDAC sbridge: Seeking for: PCI ID 8086:6fa0
[    5.296068] EDAC sbridge: Seeking for: PCI ID 8086:6f60
[    5.296074] EDAC sbridge: Seeking for: PCI ID 8086:6f60
[    5.296080] EDAC sbridge: Seeking for: PCI ID 8086:6fa8
[    5.296085] EDAC sbridge: Seeking for: PCI ID 8086:6fa8
[    5.296091] EDAC sbridge: Seeking for: PCI ID 8086:6f71
[    5.296096] EDAC sbridge: Seeking for: PCI ID 8086:6f71
[    5.296102] EDAC sbridge: Seeking for: PCI ID 8086:6faa
[    5.296107] EDAC sbridge: Seeking for: PCI ID 8086:6faa
[    5.296113] EDAC sbridge: Seeking for: PCI ID 8086:6fab
[    5.296118] EDAC sbridge: Seeking for: PCI ID 8086:6fab
[    5.296124] EDAC sbridge: Seeking for: PCI ID 8086:6fac
[    5.296133] EDAC sbridge: Seeking for: PCI ID 8086:6fad
[    5.296142] EDAC sbridge: Seeking for: PCI ID 8086:6f68
[    5.296148] EDAC sbridge: Seeking for: PCI ID 8086:6f68
[    5.296153] EDAC sbridge: Seeking for: PCI ID 8086:6f79
[    5.296159] EDAC sbridge: Seeking for: PCI ID 8086:6f79
[    5.296164] EDAC sbridge: Seeking for: PCI ID 8086:6f6a
[    5.296170] EDAC sbridge: Seeking for: PCI ID 8086:6f6a
[    5.296174] EDAC sbridge: Seeking for: PCI ID 8086:6f6b
[    5.296181] EDAC sbridge: Seeking for: PCI ID 8086:6f6b
[    5.296185] EDAC sbridge: Seeking for: PCI ID 8086:6f6c
[    5.296194] EDAC sbridge: Seeking for: PCI ID 8086:6f6d
[    5.296203] EDAC sbridge: Seeking for: PCI ID 8086:6ffc
[    5.296207] EDAC sbridge: Seeking for: PCI ID 8086:6ffc
[    5.296213] EDAC sbridge: Seeking for: PCI ID 8086:6ffd
[    5.296217] EDAC sbridge: Seeking for: PCI ID 8086:6ffd
[    5.296225] EDAC sbridge: Seeking for: PCI ID 8086:6faf
[    5.296230] EDAC sbridge: Seeking for: PCI ID 8086:6faf
[    5.296261] EDAC sbridge: CPU SrcID #0, Ha #0, Channel #0 has DIMMs, but ECC is disabled
[    5.296266] EDAC sbridge: Couldn't find mci handler
[    5.296267] EDAC sbridge: Couldn't find mci handler
[    5.296268] EDAC sbridge: Failed to register device with error -19.
[    5.301631] intel_rapl_common: Found RAPL domain package
[    5.301637] intel_rapl_common: Found RAPL domain dram
[    5.301638] intel_rapl_common: DRAM domain energy unit 15300pj
[    5.320686] ipmi_si IPI0001:00: IPMI kcs interface initialized
[    5.322881] ipmi_ssif: IPMI SSIF Interface driver
[    5.331439] Adding 524284k swap on /dev/sda2.  Priority:-2 extents:1 across:524284k SSFS
[    5.356930] EDAC sbridge: Seeking for: PCI ID 8086:6fa0
[    5.357116] EDAC sbridge: Seeking for: PCI ID 8086:6fa0
[    5.357321] EDAC sbridge: Seeking for: PCI ID 8086:6f60
[    5.357328] EDAC sbridge: Seeking for: PCI ID 8086:6f60
[    5.357333] EDAC sbridge: Seeking for: PCI ID 8086:6fa8
[    5.357342] EDAC sbridge: Seeking for: PCI ID 8086:6fa8
[    5.357347] EDAC sbridge: Seeking for: PCI ID 8086:6f71
[    5.357352] EDAC sbridge: Seeking for: PCI ID 8086:6f71
[    5.357357] EDAC sbridge: Seeking for: PCI ID 8086:6faa
[    5.357363] EDAC sbridge: Seeking for: PCI ID 8086:6faa
[    5.357368] EDAC sbridge: Seeking for: PCI ID 8086:6fab
[    5.357375] EDAC sbridge: Seeking for: PCI ID 8086:6fab
[    5.357379] EDAC sbridge: Seeking for: PCI ID 8086:6fac
[    5.357388] EDAC sbridge: Seeking for: PCI ID 8086:6fad
[    5.357396] EDAC sbridge: Seeking for: PCI ID 8086:6f68
[    5.357406] EDAC sbridge: Seeking for: PCI ID 8086:6f68
[    5.357410] EDAC sbridge: Seeking for: PCI ID 8086:6f79
[    5.357420] EDAC sbridge: Seeking for: PCI ID 8086:6f79
[    5.357424] EDAC sbridge: Seeking for: PCI ID 8086:6f6a
[    5.357433] EDAC sbridge: Seeking for: PCI ID 8086:6f6a
[    5.357436] EDAC sbridge: Seeking for: PCI ID 8086:6f6b
[    5.357447] EDAC sbridge: Seeking for: PCI ID 8086:6f6b
[    5.357450] EDAC sbridge: Seeking for: PCI ID 8086:6f6c
[    5.357458] EDAC sbridge: Seeking for: PCI ID 8086:6f6d
[    5.357466] EDAC sbridge: Seeking for: PCI ID 8086:6ffc
[    5.357473] EDAC sbridge: Seeking for: PCI ID 8086:6ffc
[    5.357479] EDAC sbridge: Seeking for: PCI ID 8086:6ffd
[    5.357485] EDAC sbridge: Seeking for: PCI ID 8086:6ffd
[    5.357491] EDAC sbridge: Seeking for: PCI ID 8086:6faf
[    5.357497] EDAC sbridge: Seeking for: PCI ID 8086:6faf
[    5.357582] EDAC sbridge: CPU SrcID #0, Ha #0, Channel #0 has DIMMs, but ECC is disabled
[    5.357592] EDAC sbridge: Couldn't find mci handler
[    5.357594] EDAC sbridge: Couldn't find mci handler
[    5.357597] EDAC sbridge: Failed to register device with error -19.
[    5.359068] EXT4-fs (sda1): mounted filesystem with ordered data mode. Opts: (null)
[    5.359080] ext4 filesystem being mounted at /boot supports timestamps until 2038 (0x7fffffff)
[    5.443883] EDAC sbridge: Seeking for: PCI ID 8086:6fa0
[    5.443923] EDAC sbridge: Seeking for: PCI ID 8086:6fa0
[    5.443962] EDAC sbridge: Seeking for: PCI ID 8086:6f60
[    5.443967] EDAC sbridge: Seeking for: PCI ID 8086:6f60
[    5.443972] EDAC sbridge: Seeking for: PCI ID 8086:6fa8
[    5.443976] EDAC sbridge: Seeking for: PCI ID 8086:6fa8
[    5.443980] EDAC sbridge: Seeking for: PCI ID 8086:6f71
[    5.443985] EDAC sbridge: Seeking for: PCI ID 8086:6f71
[    5.443990] EDAC sbridge: Seeking for: PCI ID 8086:6faa
[    5.443995] EDAC sbridge: Seeking for: PCI ID 8086:6faa
[    5.443999] EDAC sbridge: Seeking for: PCI ID 8086:6fab
[    5.444003] EDAC sbridge: Seeking for: PCI ID 8086:6fab
[    5.444009] EDAC sbridge: Seeking for: PCI ID 8086:6fac
[    5.444016] EDAC sbridge: Seeking for: PCI ID 8086:6fad
[    5.444024] EDAC sbridge: Seeking for: PCI ID 8086:6f68
[    5.444029] EDAC sbridge: Seeking for: PCI ID 8086:6f68
[    5.444032] EDAC sbridge: Seeking for: PCI ID 8086:6f79
[    5.444037] EDAC sbridge: Seeking for: PCI ID 8086:6f79
[    5.444041] EDAC sbridge: Seeking for: PCI ID 8086:6f6a
[    5.444046] EDAC sbridge: Seeking for: PCI ID 8086:6f6a
[    5.444049] EDAC sbridge: Seeking for: PCI ID 8086:6f6b
[    5.444054] EDAC sbridge: Seeking for: PCI ID 8086:6f6b
[    5.444058] EDAC sbridge: Seeking for: PCI ID 8086:6f6c
[    5.444065] EDAC sbridge: Seeking for: PCI ID 8086:6f6d
[    5.444072] EDAC sbridge: Seeking for: PCI ID 8086:6ffc
[    5.444076] EDAC sbridge: Seeking for: PCI ID 8086:6ffc
[    5.444082] EDAC sbridge: Seeking for: PCI ID 8086:6ffd
[    5.444086] EDAC sbridge: Seeking for: PCI ID 8086:6ffd
[    5.444091] EDAC sbridge: Seeking for: PCI ID 8086:6faf
[    5.444096] EDAC sbridge: Seeking for: PCI ID 8086:6faf
[    5.444131] EDAC sbridge: CPU SrcID #0, Ha #0, Channel #0 has DIMMs, but ECC is disabled
[    5.444135] EDAC sbridge: Couldn't find mci handler
[    5.444136] EDAC sbridge: Couldn't find mci handler
[    5.444137] EDAC sbridge: Failed to register device with error -19.
[    5.520737] EDAC sbridge: Seeking for: PCI ID 8086:6fa0
[    5.520793] EDAC sbridge: Seeking for: PCI ID 8086:6fa0
[    5.520877] EDAC sbridge: Seeking for: PCI ID 8086:6f60
[    5.520884] EDAC sbridge: Seeking for: PCI ID 8086:6f60
[    5.520891] EDAC sbridge: Seeking for: PCI ID 8086:6fa8
[    5.520898] EDAC sbridge: Seeking for: PCI ID 8086:6fa8
[    5.520904] EDAC sbridge: Seeking for: PCI ID 8086:6f71
[    5.520910] EDAC sbridge: Seeking for: PCI ID 8086:6f71
[    5.520917] EDAC sbridge: Seeking for: PCI ID 8086:6faa
[    5.520922] EDAC sbridge: Seeking for: PCI ID 8086:6faa
[    5.520928] EDAC sbridge: Seeking for: PCI ID 8086:6fab
[    5.520934] EDAC sbridge: Seeking for: PCI ID 8086:6fab
[    5.520939] EDAC sbridge: Seeking for: PCI ID 8086:6fac
[    5.520948] EDAC sbridge: Seeking for: PCI ID 8086:6fad
[    5.520957] EDAC sbridge: Seeking for: PCI ID 8086:6f68
[    5.520963] EDAC sbridge: Seeking for: PCI ID 8086:6f68
[    5.520968] EDAC sbridge: Seeking for: PCI ID 8086:6f79
[    5.520974] EDAC sbridge: Seeking for: PCI ID 8086:6f79
[    5.520978] EDAC sbridge: Seeking for: PCI ID 8086:6f6a
[    5.520984] EDAC sbridge: Seeking for: PCI ID 8086:6f6a
[    5.520988] EDAC sbridge: Seeking for: PCI ID 8086:6f6b
[    5.520995] EDAC sbridge: Seeking for: PCI ID 8086:6f6b
[    5.520999] EDAC sbridge: Seeking for: PCI ID 8086:6f6c
[    5.521008] EDAC sbridge: Seeking for: PCI ID 8086:6f6d
[    5.521016] EDAC sbridge: Seeking for: PCI ID 8086:6ffc
[    5.521020] EDAC sbridge: Seeking for: PCI ID 8086:6ffc
[    5.521027] EDAC sbridge: Seeking for: PCI ID 8086:6ffd
[    5.521031] EDAC sbridge: Seeking for: PCI ID 8086:6ffd
[    5.521037] EDAC sbridge: Seeking for: PCI ID 8086:6faf
[    5.521042] EDAC sbridge: Seeking for: PCI ID 8086:6faf
[    5.521078] EDAC sbridge: CPU SrcID #0, Ha #0, Channel #0 has DIMMs, but ECC is disabled
[    5.521084] EDAC sbridge: Couldn't find mci handler
[    5.521085] EDAC sbridge: Couldn't find mci handler
[    5.521087] EDAC sbridge: Failed to register device with error -19.
[    5.628137] EDAC sbridge: Seeking for: PCI ID 8086:6fa0
[    5.628154] EDAC sbridge: Seeking for: PCI ID 8086:6fa0
[    5.628173] EDAC sbridge: Seeking for: PCI ID 8086:6f60
[    5.628178] EDAC sbridge: Seeking for: PCI ID 8086:6f60
[    5.628182] EDAC sbridge: Seeking for: PCI ID 8086:6fa8
[    5.628186] EDAC sbridge: Seeking for: PCI ID 8086:6fa8
[    5.628191] EDAC sbridge: Seeking for: PCI ID 8086:6f71
[    5.628195] EDAC sbridge: Seeking for: PCI ID 8086:6f71
[    5.628199] EDAC sbridge: Seeking for: PCI ID 8086:6faa
[    5.628203] EDAC sbridge: Seeking for: PCI ID 8086:6faa
[    5.628208] EDAC sbridge: Seeking for: PCI ID 8086:6fab
[    5.628213] EDAC sbridge: Seeking for: PCI ID 8086:6fab
[    5.628217] EDAC sbridge: Seeking for: PCI ID 8086:6fac
[    5.628224] EDAC sbridge: Seeking for: PCI ID 8086:6fad
[    5.628232] EDAC sbridge: Seeking for: PCI ID 8086:6f68
[    5.628236] EDAC sbridge: Seeking for: PCI ID 8086:6f68
[    5.628240] EDAC sbridge: Seeking for: PCI ID 8086:6f79
[    5.628245] EDAC sbridge: Seeking for: PCI ID 8086:6f79
[    5.628249] EDAC sbridge: Seeking for: PCI ID 8086:6f6a
[    5.628254] EDAC sbridge: Seeking for: PCI ID 8086:6f6a
[    5.628257] EDAC sbridge: Seeking for: PCI ID 8086:6f6b
[    5.628263] EDAC sbridge: Seeking for: PCI ID 8086:6f6b
[    5.628266] EDAC sbridge: Seeking for: PCI ID 8086:6f6c
[    5.628273] EDAC sbridge: Seeking for: PCI ID 8086:6f6d
[    5.628281] EDAC sbridge: Seeking for: PCI ID 8086:6ffc
[    5.628284] EDAC sbridge: Seeking for: PCI ID 8086:6ffc
[    5.628289] EDAC sbridge: Seeking for: PCI ID 8086:6ffd
[    5.628292] EDAC sbridge: Seeking for: PCI ID 8086:6ffd
[    5.628298] EDAC sbridge: Seeking for: PCI ID 8086:6faf
[    5.628302] EDAC sbridge: Seeking for: PCI ID 8086:6faf
[    5.628331] EDAC sbridge: CPU SrcID #0, Ha #0, Channel #0 has DIMMs, but ECC is disabled
[    5.628337] EDAC sbridge: Couldn't find mci handler
[    5.628338] EDAC sbridge: Couldn't find mci handler
[    5.628339] EDAC sbridge: Failed to register device with error -19.
[    5.696138] EDAC sbridge: Seeking for: PCI ID 8086:6fa0
[    5.696157] EDAC sbridge: Seeking for: PCI ID 8086:6fa0
[    5.696175] EDAC sbridge: Seeking for: PCI ID 8086:6f60
[    5.696179] EDAC sbridge: Seeking for: PCI ID 8086:6f60
[    5.696184] EDAC sbridge: Seeking for: PCI ID 8086:6fa8
[    5.696188] EDAC sbridge: Seeking for: PCI ID 8086:6fa8
[    5.696192] EDAC sbridge: Seeking for: PCI ID 8086:6f71
[    5.696196] EDAC sbridge: Seeking for: PCI ID 8086:6f71
[    5.696201] EDAC sbridge: Seeking for: PCI ID 8086:6faa
[    5.696205] EDAC sbridge: Seeking for: PCI ID 8086:6faa
[    5.696210] EDAC sbridge: Seeking for: PCI ID 8086:6fab
[    5.696214] EDAC sbridge: Seeking for: PCI ID 8086:6fab
[    5.696218] EDAC sbridge: Seeking for: PCI ID 8086:6fac
[    5.696226] EDAC sbridge: Seeking for: PCI ID 8086:6fad
[    5.696233] EDAC sbridge: Seeking for: PCI ID 8086:6f68
[    5.696238] EDAC sbridge: Seeking for: PCI ID 8086:6f68
[    5.696242] EDAC sbridge: Seeking for: PCI ID 8086:6f79
[    5.696250] EDAC sbridge: Seeking for: PCI ID 8086:6f79
[    5.696253] EDAC sbridge: Seeking for: PCI ID 8086:6f6a
[    5.696261] EDAC sbridge: Seeking for: PCI ID 8086:6f6a
[    5.696264] EDAC sbridge: Seeking for: PCI ID 8086:6f6b
[    5.696269] EDAC sbridge: Seeking for: PCI ID 8086:6f6b
[    5.696273] EDAC sbridge: Seeking for: PCI ID 8086:6f6c
[    5.696280] EDAC sbridge: Seeking for: PCI ID 8086:6f6d
[    5.696288] EDAC sbridge: Seeking for: PCI ID 8086:6ffc
[    5.696291] EDAC sbridge: Seeking for: PCI ID 8086:6ffc
[    5.696296] EDAC sbridge: Seeking for: PCI ID 8086:6ffd
[    5.696299] EDAC sbridge: Seeking for: PCI ID 8086:6ffd
[    5.696305] EDAC sbridge: Seeking for: PCI ID 8086:6faf
[    5.696309] EDAC sbridge: Seeking for: PCI ID 8086:6faf
[    5.696337] EDAC sbridge: CPU SrcID #0, Ha #0, Channel #0 has DIMMs, but ECC is disabled
[    5.696342] EDAC sbridge: Couldn't find mci handler
[    5.696343] EDAC sbridge: Couldn't find mci handler
[    5.696344] EDAC sbridge: Failed to register device with error -19.
[    5.768135] EDAC sbridge: Seeking for: PCI ID 8086:6fa0
[    5.768144] EDAC sbridge: Seeking for: PCI ID 8086:6fa0
[    5.768151] EDAC sbridge: Seeking for: PCI ID 8086:6f60
[    5.768155] EDAC sbridge: Seeking for: PCI ID 8086:6f60
[    5.768160] EDAC sbridge: Seeking for: PCI ID 8086:6fa8
[    5.768163] EDAC sbridge: Seeking for: PCI ID 8086:6fa8
[    5.768168] EDAC sbridge: Seeking for: PCI ID 8086:6f71
[    5.768172] EDAC sbridge: Seeking for: PCI ID 8086:6f71
[    5.768176] EDAC sbridge: Seeking for: PCI ID 8086:6faa
[    5.768180] EDAC sbridge: Seeking for: PCI ID 8086:6faa
[    5.768185] EDAC sbridge: Seeking for: PCI ID 8086:6fab
[    5.768188] EDAC sbridge: Seeking for: PCI ID 8086:6fab
[    5.768193] EDAC sbridge: Seeking for: PCI ID 8086:6fac
[    5.768200] EDAC sbridge: Seeking for: PCI ID 8086:6fad
[    5.768207] EDAC sbridge: Seeking for: PCI ID 8086:6f68
[    5.768212] EDAC sbridge: Seeking for: PCI ID 8086:6f68
[    5.768215] EDAC sbridge: Seeking for: PCI ID 8086:6f79
[    5.768220] EDAC sbridge: Seeking for: PCI ID 8086:6f79
[    5.768224] EDAC sbridge: Seeking for: PCI ID 8086:6f6a
[    5.768229] EDAC sbridge: Seeking for: PCI ID 8086:6f6a
[    5.768232] EDAC sbridge: Seeking for: PCI ID 8086:6f6b
[    5.768237] EDAC sbridge: Seeking for: PCI ID 8086:6f6b
[    5.768241] EDAC sbridge: Seeking for: PCI ID 8086:6f6c
[    5.768248] EDAC sbridge: Seeking for: PCI ID 8086:6f6d
[    5.768255] EDAC sbridge: Seeking for: PCI ID 8086:6ffc
[    5.768258] EDAC sbridge: Seeking for: PCI ID 8086:6ffc
[    5.768263] EDAC sbridge: Seeking for: PCI ID 8086:6ffd
[    5.768267] EDAC sbridge: Seeking for: PCI ID 8086:6ffd
[    5.768272] EDAC sbridge: Seeking for: PCI ID 8086:6faf
[    5.768276] EDAC sbridge: Seeking for: PCI ID 8086:6faf
[    5.768306] EDAC sbridge: CPU SrcID #0, Ha #0, Channel #0 has DIMMs, but ECC is disabled
[    5.768311] EDAC sbridge: Couldn't find mci handler
[    5.768312] EDAC sbridge: Couldn't find mci handler
[    5.768313] EDAC sbridge: Failed to register device with error -19.
[    5.824038] EDAC sbridge: Seeking for: PCI ID 8086:6fa0
[    5.824056] EDAC sbridge: Seeking for: PCI ID 8086:6fa0
[    5.824075] EDAC sbridge: Seeking for: PCI ID 8086:6f60
[    5.824079] EDAC sbridge: Seeking for: PCI ID 8086:6f60
[    5.824083] EDAC sbridge: Seeking for: PCI ID 8086:6fa8
[    5.824087] EDAC sbridge: Seeking for: PCI ID 8086:6fa8
[    5.824092] EDAC sbridge: Seeking for: PCI ID 8086:6f71
[    5.824096] EDAC sbridge: Seeking for: PCI ID 8086:6f71
[    5.824100] EDAC sbridge: Seeking for: PCI ID 8086:6faa
[    5.824105] EDAC sbridge: Seeking for: PCI ID 8086:6faa
[    5.824109] EDAC sbridge: Seeking for: PCI ID 8086:6fab
[    5.824113] EDAC sbridge: Seeking for: PCI ID 8086:6fab
[    5.824118] EDAC sbridge: Seeking for: PCI ID 8086:6fac
[    5.824125] EDAC sbridge: Seeking for: PCI ID 8086:6fad
[    5.824132] EDAC sbridge: Seeking for: PCI ID 8086:6f68
[    5.824137] EDAC sbridge: Seeking for: PCI ID 8086:6f68
[    5.824141] EDAC sbridge: Seeking for: PCI ID 8086:6f79
[    5.824146] EDAC sbridge: Seeking for: PCI ID 8086:6f79
[    5.824149] EDAC sbridge: Seeking for: PCI ID 8086:6f6a
[    5.824154] EDAC sbridge: Seeking for: PCI ID 8086:6f6a
[    5.824158] EDAC sbridge: Seeking for: PCI ID 8086:6f6b
[    5.824163] EDAC sbridge: Seeking for: PCI ID 8086:6f6b
[    5.824166] EDAC sbridge: Seeking for: PCI ID 8086:6f6c
[    5.824173] EDAC sbridge: Seeking for: PCI ID 8086:6f6d
[    5.824193] EDAC sbridge: Seeking for: PCI ID 8086:6ffc
[    5.824197] EDAC sbridge: Seeking for: PCI ID 8086:6ffc
[    5.824205] EDAC sbridge: Seeking for: PCI ID 8086:6ffd
[    5.824211] EDAC sbridge: Seeking for: PCI ID 8086:6ffd
[    5.824219] EDAC sbridge: Seeking for: PCI ID 8086:6faf
[    5.824224] EDAC sbridge: Seeking for: PCI ID 8086:6faf
[    5.824263] EDAC sbridge: CPU SrcID #0, Ha #0, Channel #0 has DIMMs, but ECC is disabled
[    5.824269] EDAC sbridge: Couldn't find mci handler
[    5.824270] EDAC sbridge: Couldn't find mci handler
[    5.824271] EDAC sbridge: Failed to register device with error -19.
[    5.888348] EDAC sbridge: Seeking for: PCI ID 8086:6fa0
[    5.888363] EDAC sbridge: Seeking for: PCI ID 8086:6fa0
[    5.888382] EDAC sbridge: Seeking for: PCI ID 8086:6f60
[    5.888387] EDAC sbridge: Seeking for: PCI ID 8086:6f60
[    5.888391] EDAC sbridge: Seeking for: PCI ID 8086:6fa8
[    5.888395] EDAC sbridge: Seeking for: PCI ID 8086:6fa8
[    5.888400] EDAC sbridge: Seeking for: PCI ID 8086:6f71
[    5.888404] EDAC sbridge: Seeking for: PCI ID 8086:6f71
[    5.888409] EDAC sbridge: Seeking for: PCI ID 8086:6faa
[    5.888413] EDAC sbridge: Seeking for: PCI ID 8086:6faa
