[    0.000000] Command line: BOOT_IMAGE=/vmlinuz-5.4.189kernel-module-force-unload root=UUID=97bb639d-d0e3-415b-bcde-fdf9da1fdb83 ro quiet splash nokaslr memmap=1G!4G vt.handoff=7
[    0.000000] KERNEL supported cpus:
[    0.000000]   Intel GenuineIntel
[    0.000000]   AMD AuthenticAMD
[    0.000000]   Hygon HygonGenuine
[    0.000000]   Centaur CentaurHauls
[    0.000000]   zhaoxin   Shanghai  
[    0.000000] x86/fpu: Supporting XSAVE feature 0x001: 'x87 floating point registers'
[    0.000000] x86/fpu: Supporting XSAVE feature 0x002: 'SSE registers'
[    0.000000] x86/fpu: Supporting XSAVE feature 0x004: 'AVX registers'
[    0.000000] x86/fpu: xstate_offset[2]:  576, xstate_sizes[2]:  256
[    0.000000] x86/fpu: Enabled xstate features 0x7, context size is 832 bytes, using 'standard' format.
[    0.000000] BIOS-provided physical RAM map:
[    0.000000] BIOS-e820: [mem 0x0000000000000000-0x0000000000099bff] usable
[    0.000000] BIOS-e820: [mem 0x0000000000099c00-0x000000000009ffff] reserved
[    0.000000] BIOS-e820: [mem 0x00000000000e0000-0x00000000000fffff] reserved
[    0.000000] BIOS-e820: [mem 0x0000000000100000-0x000000007902ffff] usable
[    0.000000] BIOS-e820: [mem 0x0000000079030000-0x00000000798bcfff] reserved
[    0.000000] BIOS-e820: [mem 0x00000000798bd000-0x0000000079de3fff] ACPI NVS
[    0.000000] BIOS-e820: [mem 0x0000000079de4000-0x000000008fffffff] reserved
[    0.000000] BIOS-e820: [mem 0x00000000fed1c000-0x00000000fed44fff] reserved
[    0.000000] BIOS-e820: [mem 0x00000000ff000000-0x00000000ffffffff] reserved
[    0.000000] BIOS-e820: [mem 0x0000000900000000-0x000000107fffffff] usable
[    0.000000] NX (Execute Disable) protection: active
[    0.000000] user-defined physical RAM map:
[    0.000000] user: [mem 0x0000000000000000-0x0000000000099bff] usable
[    0.000000] user: [mem 0x0000000000099c00-0x000000000009ffff] reserved
[    0.000000] user: [mem 0x00000000000e0000-0x00000000000fffff] reserved
[    0.000000] user: [mem 0x0000000000100000-0x000000007902ffff] usable
[    0.000000] user: [mem 0x0000000079030000-0x00000000798bcfff] reserved
[    0.000000] user: [mem 0x00000000798bd000-0x0000000079de3fff] ACPI NVS
[    0.000000] user: [mem 0x0000000079de4000-0x000000008fffffff] reserved
[    0.000000] user: [mem 0x00000000fed1c000-0x00000000fed44fff] reserved
[    0.000000] user: [mem 0x00000000ff000000-0x00000000ffffffff] reserved
[    0.000000] user: [mem 0x0000000100000000-0x000000013fffffff] persistent (type 12)
[    0.000000] user: [mem 0x0000000900000000-0x000000107fffffff] usable
[    0.000000] SMBIOS 3.0 present.
[    0.000000] DMI: Default string Default string/Default string, BIOS 5.11 01/21/2022
[    0.000000] tsc: Fast TSC calibration using PIT
[    0.000000] tsc: Detected 2194.903 MHz processor
[    0.001172] e820: update [mem 0x00000000-0x00000fff] usable ==> reserved
[    0.001174] e820: remove [mem 0x000a0000-0x000fffff] usable
[    0.001179] last_pfn = 0x1080000 max_arch_pfn = 0x400000000
[    0.001184] MTRR default type: write-back
[    0.001185] MTRR fixed ranges enabled:
[    0.001186]   00000-9FFFF write-back
[    0.001187]   A0000-BFFFF uncachable
[    0.001188]   C0000-FFFFF write-protect
[    0.001189] MTRR variable ranges enabled:
[    0.001191]   0 base 000080000000 mask 3FFF80000000 uncachable
[    0.001192]   1 base 380000000000 mask 3FC000000000 uncachable
[    0.001193]   2 base 0000FA000000 mask 3FFFFF000000 write-through
[    0.001194]   3 base 383FFA000000 mask 3FFFFE000000 write-through
[    0.001195]   4 base 383FFC000000 mask 3FFFFE000000 write-through
[    0.001195]   5 base 383FFE000000 mask 3FFFFF000000 write-through
[    0.001196]   6 disabled
[    0.001197]   7 disabled
[    0.001197]   8 disabled
[    0.001197]   9 disabled
[    0.001907] x86/PAT: Configuration [0-7]: WB  WC  UC- UC  WB  WP  UC- WT  
[    0.002173] last_pfn = 0x79030 max_arch_pfn = 0x400000000
[    0.010966] found SMP MP-table at [mem 0x000fce20-0x000fce2f]
[    0.011045] check: Scanning 1 areas for low memory corruption
[    0.011050] Using GB pages for direct mapping
[    0.011320] RAMDISK: [mem 0x2d663000-0x32b28fff]
[    0.011327] ACPI: Early table checksum verification disabled
[    0.011332] ACPI: RSDP 0x00000000000F05B0 000024 (v02 ALASKA)
[    0.011336] ACPI: XSDT 0x00000000799250A0 0000BC (v01 ALASKA A M I    01072009 AMI  00010013)
[    0.011343] ACPI: FACP 0x00000000799586E0 00010C (v05 ALASKA A M I    01072009 AMI  00010013)
[    0.011349] ACPI: DSDT 0x00000000799251F0 0334EC (v02 ALASKA A M I    01072009 INTL 20091013)
[    0.011352] ACPI: FACS 0x0000000079DE2F80 000040
[    0.011355] ACPI: APIC 0x00000000799587F0 000288 (v03 ALASKA A M I    01072009 AMI  00010013)
[    0.011358] ACPI: FPDT 0x0000000079958A78 000044 (v01 ALASKA A M I    01072009 AMI  00010013)
[    0.011361] ACPI: FIDT 0x0000000079958AC0 00009C (v01 ALASKA A M I    01072009 AMI  00010013)
[    0.011364] ACPI: SPMI 0x0000000079958B60 000041 (v05 ALASKA A M I    00000000 AMI. 00000000)
[    0.011366] ACPI: MCFG 0x0000000079958BA8 00003C (v01 ALASKA A M I    01072009 MSFT 00000097)
[    0.011369] ACPI: UEFI 0x0000000079958BE8 000042 (v01 ALASKA A M I    01072009      00000000)
[    0.011372] ACPI: HPET 0x0000000079958C30 000038 (v01 ALASKA A M I    00000001 INTL 20091013)
[    0.011375] ACPI: MSCT 0x0000000079958C68 000090 (v01 ALASKA A M I    00000001 INTL 20091013)
[    0.011378] ACPI: SLIT 0x0000000079958CF8 00002D (v01 ALASKA A M I    00000001 INTL 20091013)
[    0.011381] ACPI: SRAT 0x0000000079958D28 001158 (v03 ALASKA A M I    00000001 INTL 20091013)
[    0.011384] ACPI: WDDT 0x0000000079959E80 000040 (v01 ALASKA A M I    00000000 INTL 20091013)
[    0.011386] ACPI: SSDT 0x0000000079959EC0 01700F (v02 ALASKA PmMgt    00000001 INTL 20120913)
[    0.011389] ACPI: NITR 0x0000000079970ED0 000071 (v02 ALASKA A M I    00000001 INTL 20091013)
[    0.011392] ACPI: SPCR 0x0000000079970F48 000050 (v01 A M I  APTIO V  01072009 AMI. 0005000B)
[    0.011395] ACPI: SSDT 0x0000000079970F98 002652 (v02 ALASKA SpsNm    00000002 INTL 20120913)
[    0.011398] ACPI: SSDT 0x00000000799735F0 000064 (v02 ALASKA SpsNvs   00000002 INTL 20120913)
[    0.011401] ACPI: PRAD 0x0000000079973658 000102 (v02 ALASKA A M I    00000002 INTL 20120913)
[    0.011404] ACPI: DMAR 0x0000000079973760 0000BC (v01 ALASKA A M I    00000001 INTL 20091013)
[    0.011407] ACPI: Reserving FACP table memory at [mem 0x799586e0-0x799587eb]
[    0.011408] ACPI: Reserving DSDT table memory at [mem 0x799251f0-0x799586db]
[    0.011409] ACPI: Reserving FACS table memory at [mem 0x79de2f80-0x79de2fbf]
[    0.011410] ACPI: Reserving APIC table memory at [mem 0x799587f0-0x79958a77]
[    0.011410] ACPI: Reserving FPDT table memory at [mem 0x79958a78-0x79958abb]
[    0.011411] ACPI: Reserving FIDT table memory at [mem 0x79958ac0-0x79958b5b]
[    0.011412] ACPI: Reserving SPMI table memory at [mem 0x79958b60-0x79958ba0]
[    0.011413] ACPI: Reserving MCFG table memory at [mem 0x79958ba8-0x79958be3]
[    0.011414] ACPI: Reserving UEFI table memory at [mem 0x79958be8-0x79958c29]
[    0.011414] ACPI: Reserving HPET table memory at [mem 0x79958c30-0x79958c67]
[    0.011415] ACPI: Reserving MSCT table memory at [mem 0x79958c68-0x79958cf7]
[    0.011416] ACPI: Reserving SLIT table memory at [mem 0x79958cf8-0x79958d24]
[    0.011417] ACPI: Reserving SRAT table memory at [mem 0x79958d28-0x79959e7f]
[    0.011418] ACPI: Reserving WDDT table memory at [mem 0x79959e80-0x79959ebf]
[    0.011418] ACPI: Reserving SSDT table memory at [mem 0x79959ec0-0x79970ece]
[    0.011419] ACPI: Reserving NITR table memory at [mem 0x79970ed0-0x79970f40]
[    0.011420] ACPI: Reserving SPCR table memory at [mem 0x79970f48-0x79970f97]
[    0.011421] ACPI: Reserving SSDT table memory at [mem 0x79970f98-0x799735e9]
[    0.011422] ACPI: Reserving SSDT table memory at [mem 0x799735f0-0x79973653]
[    0.011422] ACPI: Reserving PRAD table memory at [mem 0x79973658-0x79973759]
[    0.011423] ACPI: Reserving DMAR table memory at [mem 0x79973760-0x7997381b]
[    0.011435] ACPI: Local APIC address 0xfee00000
[    0.011468] SRAT: PXM 0 -> APIC 0x00 -> Node 0
[    0.011469] SRAT: PXM 0 -> APIC 0x02 -> Node 0
[    0.011469] SRAT: PXM 0 -> APIC 0x04 -> Node 0
[    0.011470] SRAT: PXM 0 -> APIC 0x06 -> Node 0
[    0.011471] SRAT: PXM 0 -> APIC 0x08 -> Node 0
[    0.011471] SRAT: PXM 0 -> APIC 0x10 -> Node 0
[    0.011472] SRAT: PXM 0 -> APIC 0x12 -> Node 0
[    0.011472] SRAT: PXM 0 -> APIC 0x14 -> Node 0
[    0.011473] SRAT: PXM 0 -> APIC 0x16 -> Node 0
[    0.011474] SRAT: PXM 0 -> APIC 0x18 -> Node 0
[    0.011474] SRAT: PXM 0 -> APIC 0x20 -> Node 0
[    0.011475] SRAT: PXM 0 -> APIC 0x22 -> Node 0
[    0.011475] SRAT: PXM 0 -> APIC 0x24 -> Node 0
[    0.011476] SRAT: PXM 0 -> APIC 0x26 -> Node 0
[    0.011476] SRAT: PXM 0 -> APIC 0x28 -> Node 0
[    0.011477] SRAT: PXM 0 -> APIC 0x30 -> Node 0
[    0.011477] SRAT: PXM 0 -> APIC 0x32 -> Node 0
[    0.011478] SRAT: PXM 0 -> APIC 0x34 -> Node 0
[    0.011479] SRAT: PXM 0 -> APIC 0x36 -> Node 0
[    0.011479] SRAT: PXM 0 -> APIC 0x38 -> Node 0
[    0.011480] SRAT: PXM 0 -> APIC 0x01 -> Node 0
[    0.011480] SRAT: PXM 0 -> APIC 0x03 -> Node 0
[    0.011481] SRAT: PXM 0 -> APIC 0x05 -> Node 0
[    0.011481] SRAT: PXM 0 -> APIC 0x07 -> Node 0
[    0.011482] SRAT: PXM 0 -> APIC 0x09 -> Node 0
[    0.011483] SRAT: PXM 0 -> APIC 0x11 -> Node 0
[    0.011483] SRAT: PXM 0 -> APIC 0x13 -> Node 0
[    0.011484] SRAT: PXM 0 -> APIC 0x15 -> Node 0
[    0.011484] SRAT: PXM 0 -> APIC 0x17 -> Node 0
[    0.011485] SRAT: PXM 0 -> APIC 0x19 -> Node 0
[    0.011485] SRAT: PXM 0 -> APIC 0x21 -> Node 0
[    0.011486] SRAT: PXM 0 -> APIC 0x23 -> Node 0
[    0.011486] SRAT: PXM 0 -> APIC 0x25 -> Node 0
[    0.011487] SRAT: PXM 0 -> APIC 0x27 -> Node 0
[    0.011488] SRAT: PXM 0 -> APIC 0x29 -> Node 0
[    0.011488] SRAT: PXM 0 -> APIC 0x31 -> Node 0
[    0.011489] SRAT: PXM 0 -> APIC 0x33 -> Node 0
[    0.011489] SRAT: PXM 0 -> APIC 0x35 -> Node 0
[    0.011490] SRAT: PXM 0 -> APIC 0x37 -> Node 0
[    0.011490] SRAT: PXM 0 -> APIC 0x39 -> Node 0
[    0.011498] ACPI: SRAT: Node 0 PXM 0 [mem 0x00000000-0x7fffffff]
[    0.011499] ACPI: SRAT: Node 0 PXM 0 [mem 0x100000000-0x107fffffff]
[    0.011506] NUMA: Initialized distance table, cnt=1
[    0.011509] NUMA: Node 0 [mem 0x00000000-0x7fffffff] + [mem 0x100000000-0x107fffffff] -> [mem 0x00000000-0x107fffffff]
[    0.011520] NODE_DATA(0) allocated [mem 0x107ffd2000-0x107fffcfff]
[    0.011782] Zone ranges:
[    0.011783]   DMA      [mem 0x0000000000001000-0x0000000000ffffff]
[    0.011784]   DMA32    [mem 0x0000000001000000-0x00000000ffffffff]
[    0.011785]   Normal   [mem 0x0000000100000000-0x000000107fffffff]
[    0.011786]   Device   empty
[    0.011787] Movable zone start for each node
[    0.011791] Early memory node ranges
[    0.011792]   node   0: [mem 0x0000000000001000-0x0000000000098fff]
[    0.011793]   node   0: [mem 0x0000000000100000-0x000000007902ffff]
[    0.011794]   node   0: [mem 0x0000000900000000-0x000000107fffffff]
[    0.012312] Zeroed struct page in unavailable ranges: 28728 pages
[    0.012313] Initmem setup node 0 [mem 0x0000000000001000-0x000000107fffffff]
[    0.012315] On node 0 totalpages: 8359880
[    0.012316]   DMA zone: 64 pages used for memmap
[    0.012317]   DMA zone: 21 pages reserved
[    0.012318]   DMA zone: 3992 pages, LIFO batch:0
[    0.012389]   DMA32 zone: 7681 pages used for memmap
[    0.012390]   DMA32 zone: 491568 pages, LIFO batch:63
[    0.023427]   Normal zone: 122880 pages used for memmap
[    0.023428]   Normal zone: 7864320 pages, LIFO batch:63
[    0.270028] ACPI: PM-Timer IO Port: 0x408
[    0.270033] ACPI: Local APIC address 0xfee00000
[    0.270046] ACPI: LAPIC_NMI (acpi_id[0x00] high edge lint[0x1])
[    0.270047] ACPI: LAPIC_NMI (acpi_id[0x02] high edge lint[0x1])
[    0.270048] ACPI: LAPIC_NMI (acpi_id[0x04] high edge lint[0x1])
[    0.270048] ACPI: LAPIC_NMI (acpi_id[0x06] high edge lint[0x1])
[    0.270049] ACPI: LAPIC_NMI (acpi_id[0x08] high edge lint[0x1])
[    0.270049] ACPI: LAPIC_NMI (acpi_id[0x10] high edge lint[0x1])
[    0.270050] ACPI: LAPIC_NMI (acpi_id[0x12] high edge lint[0x1])
[    0.270051] ACPI: LAPIC_NMI (acpi_id[0x14] high edge lint[0x1])
[    0.270051] ACPI: LAPIC_NMI (acpi_id[0x16] high edge lint[0x1])
[    0.270052] ACPI: LAPIC_NMI (acpi_id[0x18] high edge lint[0x1])
[    0.270052] ACPI: LAPIC_NMI (acpi_id[0x20] high edge lint[0x1])
[    0.270053] ACPI: LAPIC_NMI (acpi_id[0x22] high edge lint[0x1])
[    0.270054] ACPI: LAPIC_NMI (acpi_id[0x24] high edge lint[0x1])
[    0.270054] ACPI: LAPIC_NMI (acpi_id[0x26] high edge lint[0x1])
[    0.270055] ACPI: LAPIC_NMI (acpi_id[0x28] high edge lint[0x1])
[    0.270055] ACPI: LAPIC_NMI (acpi_id[0x30] high edge lint[0x1])
[    0.270056] ACPI: LAPIC_NMI (acpi_id[0x32] high edge lint[0x1])
[    0.270056] ACPI: LAPIC_NMI (acpi_id[0x34] high edge lint[0x1])
[    0.270057] ACPI: LAPIC_NMI (acpi_id[0x36] high edge lint[0x1])
[    0.270058] ACPI: LAPIC_NMI (acpi_id[0x38] high edge lint[0x1])
[    0.270058] ACPI: LAPIC_NMI (acpi_id[0x01] high edge lint[0x1])
[    0.270059] ACPI: LAPIC_NMI (acpi_id[0x03] high edge lint[0x1])
[    0.270059] ACPI: LAPIC_NMI (acpi_id[0x05] high edge lint[0x1])
[    0.270060] ACPI: LAPIC_NMI (acpi_id[0x07] high edge lint[0x1])
[    0.270061] ACPI: LAPIC_NMI (acpi_id[0x09] high edge lint[0x1])
[    0.270061] ACPI: LAPIC_NMI (acpi_id[0x11] high edge lint[0x1])
[    0.270062] ACPI: LAPIC_NMI (acpi_id[0x13] high edge lint[0x1])
[    0.270062] ACPI: LAPIC_NMI (acpi_id[0x15] high edge lint[0x1])
[    0.270063] ACPI: LAPIC_NMI (acpi_id[0x17] high edge lint[0x1])
[    0.270064] ACPI: LAPIC_NMI (acpi_id[0x19] high edge lint[0x1])
[    0.270064] ACPI: LAPIC_NMI (acpi_id[0x21] high edge lint[0x1])
[    0.270065] ACPI: LAPIC_NMI (acpi_id[0x23] high edge lint[0x1])
[    0.270065] ACPI: LAPIC_NMI (acpi_id[0x25] high edge lint[0x1])
[    0.270066] ACPI: LAPIC_NMI (acpi_id[0x27] high edge lint[0x1])
[    0.270066] ACPI: LAPIC_NMI (acpi_id[0x29] high edge lint[0x1])
[    0.270067] ACPI: LAPIC_NMI (acpi_id[0x31] high edge lint[0x1])
[    0.270068] ACPI: LAPIC_NMI (acpi_id[0x33] high edge lint[0x1])
[    0.270068] ACPI: LAPIC_NMI (acpi_id[0x35] high edge lint[0x1])
[    0.270069] ACPI: LAPIC_NMI (acpi_id[0x37] high edge lint[0x1])
[    0.270069] ACPI: LAPIC_NMI (acpi_id[0x39] high edge lint[0x1])
[    0.270082] IOAPIC[0]: apic_id 1, version 32, address 0xfec00000, GSI 0-23
[    0.270086] IOAPIC[1]: apic_id 2, version 32, address 0xfec01000, GSI 24-47
[    0.270089] ACPI: INT_SRC_OVR (bus 0 bus_irq 0 global_irq 2 dfl dfl)
[    0.270090] ACPI: INT_SRC_OVR (bus 0 bus_irq 9 global_irq 9 high level)
[    0.270092] ACPI: IRQ0 used by override.
[    0.270093] ACPI: IRQ9 used by override.
[    0.270095] Using ACPI (MADT) for SMP configuration information
[    0.270097] ACPI: HPET id: 0x8086a701 base: 0xfed00000
[    0.270102] ACPI: SPCR: SPCR table version 1
[    0.270103] ACPI: SPCR: console: uart,io,0x3f8,115200
[    0.270105] TSC deadline timer available
[    0.270107] smpboot: Allowing 40 CPUs, 0 hotplug CPUs
[    0.270123] PM: Registered nosave memory: [mem 0x00000000-0x00000fff]
[    0.270125] PM: Registered nosave memory: [mem 0x00099000-0x00099fff]
[    0.270126] PM: Registered nosave memory: [mem 0x0009a000-0x0009ffff]
[    0.270126] PM: Registered nosave memory: [mem 0x000a0000-0x000dffff]
[    0.270127] PM: Registered nosave memory: [mem 0x000e0000-0x000fffff]
[    0.270128] PM: Registered nosave memory: [mem 0x79030000-0x798bcfff]
[    0.270129] PM: Registered nosave memory: [mem 0x798bd000-0x79de3fff]
[    0.270129] PM: Registered nosave memory: [mem 0x79de4000-0x8fffffff]
[    0.270130] PM: Registered nosave memory: [mem 0x90000000-0xfed1bfff]
[    0.270131] PM: Registered nosave memory: [mem 0xfed1c000-0xfed44fff]
[    0.270131] PM: Registered nosave memory: [mem 0xfed45000-0xfeffffff]
[    0.270132] PM: Registered nosave memory: [mem 0xff000000-0xffffffff]
[    0.270132] PM: Registered nosave memory: [mem 0x100000000-0x13fffffff]
[    0.270133] PM: Registered nosave memory: [mem 0x140000000-0x8ffffffff]
[    0.270135] [mem 0x90000000-0xfed1bfff] available for PCI devices
[    0.270137] Booting paravirtualized kernel on bare hardware
[    0.270141] clocksource: refined-jiffies: mask: 0xffffffff max_cycles: 0xffffffff, max_idle_ns: 7645519600211568 ns
[    0.270148] setup_percpu: NR_CPUS:8192 nr_cpumask_bits:40 nr_cpu_ids:40 nr_node_ids:1
[    0.273196] percpu: Embedded 60 pages/cpu s208896 r8192 d28672 u262144
[    0.273204] pcpu-alloc: s208896 r8192 d28672 u262144 alloc=1*2097152
[    0.273205] pcpu-alloc: [0] 00 01 02 03 04 05 06 07 [0] 08 09 10 11 12 13 14 15 
[    0.273210] pcpu-alloc: [0] 16 17 18 19 20 21 22 23 [0] 24 25 26 27 28 29 30 31 
[    0.273214] pcpu-alloc: [0] 32 33 34 35 36 37 38 39 
[    0.273252] Built 1 zonelists, mobility grouping on.  Total pages: 8229234
[    0.273253] Policy zone: Normal
[    0.273255] Kernel command line: BOOT_IMAGE=/vmlinuz-5.4.189kernel-module-force-unload root=UUID=97bb639d-d0e3-415b-bcde-fdf9da1fdb83 ro quiet splash nokaslr memmap=1G!4G vt.handoff=7
[    0.273400] printk: log_buf_len individual max cpu contribution: 4096 bytes
[    0.273401] printk: log_buf_len total cpu_extra contributions: 159744 bytes
[    0.273401] printk: log_buf_len min size: 262144 bytes
[    0.273611] printk: log_buf_len: 524288 bytes
[    0.273612] printk: early log buf free: 244100(93%)
[    0.280906] Dentry cache hash table entries: 4194304 (order: 13, 33554432 bytes, linear)
[    0.284607] Inode-cache hash table entries: 2097152 (order: 12, 16777216 bytes, linear)
[    0.285096] mem auto-init: stack:off, heap alloc:on, heap free:off
[    0.300228] Calgary: detecting Calgary via BIOS EBDA area
[    0.300231] Calgary: Unable to locate Rio Grande table in EBDA - bailing!
[    0.530705] Memory: 32670064K/33439520K available (14339K kernel code, 2401K rwdata, 5016K rodata, 2748K init, 4952K bss, 769456K reserved, 0K cma-reserved)
[    0.530719] random: get_random_u64 called from __kmem_cache_create+0x42/0x550 with crng_init=0
[    0.531017] SLUB: HWalign=64, Order=0-3, MinObjects=0, CPUs=40, Nodes=1
[    0.531041] Kernel/User page tables isolation: enabled
[    0.531078] ftrace: allocating 44247 entries in 173 pages
[    0.551051] rcu: Hierarchical RCU implementation.
[    0.551052] rcu: 	RCU restricting CPUs from NR_CPUS=8192 to nr_cpu_ids=40.
[    0.551054] 	Tasks RCU enabled.
[    0.551055] rcu: RCU calculated value of scheduler-enlistment delay is 25 jiffies.
[    0.551056] rcu: Adjusting geometry for rcu_fanout_leaf=16, nr_cpu_ids=40
[    0.554570] NR_IRQS: 524544, nr_irqs: 1152, preallocated irqs: 16
[    0.554851] random: crng done (trusting CPU's manufacturer)
[    0.554904] vt handoff: transparent VT on vt#7
[    0.554911] Console: colour dummy device 80x25
[    0.554922] printk: console [tty0] enabled
[    0.554959] ACPI: Core revision 20190816
[    0.555284] clocksource: hpet: mask: 0xffffffff max_cycles: 0xffffffff, max_idle_ns: 133484882848 ns
[    0.555295] APIC: Switch to symmetric I/O mode setup
[    0.555296] DMAR: Host address width 46
[    0.555298] DMAR: DRHD base: 0x000000fbffc000 flags: 0x1
[    0.555303] DMAR: dmar0: reg_base_addr fbffc000 ver 1:0 cap 8d2078c106f0466 ecap f020df
[    0.555304] DMAR: RMRR base: 0x0000007ba94000 end: 0x0000007baa3fff
[    0.555305] DMAR: ATSR flags: 0x0
[    0.555306] DMAR: RHSA base: 0x000000fbffc000 proximity domain: 0x0
[    0.555309] DMAR-IR: IOAPIC id 1 under DRHD base  0xfbffc000 IOMMU 0
[    0.555309] DMAR-IR: IOAPIC id 2 under DRHD base  0xfbffc000 IOMMU 0
[    0.555310] DMAR-IR: HPET id 0 under DRHD base 0xfbffc000
[    0.555311] DMAR-IR: x2apic is disabled because BIOS sets x2apic opt out bit.
[    0.555312] DMAR-IR: Use 'intremap=no_x2apic_optout' to override the BIOS setting.
[    0.556031] DMAR-IR: Enabled IRQ remapping in xapic mode
[    0.556032] x2apic: IRQ remapping doesn't support X2APIC mode
[    0.556036] Switched APIC routing to physical flat.
[    0.556532] ..TIMER: vector=0x30 apic1=0 pin1=2 apic2=-1 pin2=-1
[    0.575298] clocksource: tsc-early: mask: 0xffffffffffffffff max_cycles: 0x1fa36414070, max_idle_ns: 440795290854 ns
[    0.575301] Calibrating delay loop (skipped), value calculated using timer frequency.. 4389.80 BogoMIPS (lpj=8779612)
[    0.575303] pid_max: default: 40960 minimum: 320
[    0.575371] LSM: Security Framework initializing
[    0.575385] Yama: becoming mindful.
[    0.575701] AppArmor: AppArmor initialized
[    0.575953] Mount-cache hash table entries: 65536 (order: 7, 524288 bytes, linear)
[    0.576145] Mountpoint-cache hash table entries: 65536 (order: 7, 524288 bytes, linear)
[    0.576174] *** VALIDATE tmpfs ***
[    0.576409] *** VALIDATE proc ***
[    0.576519] *** VALIDATE cgroup1 ***
[    0.576521] *** VALIDATE cgroup2 ***
[    0.576615] mce: CPU0: Thermal monitoring enabled (TM1)
[    0.576678] process: using mwait in idle threads
[    0.576682] Last level iTLB entries: 4KB 64, 2MB 8, 4MB 8
[    0.576683] Last level dTLB entries: 4KB 64, 2MB 0, 4MB 0, 1GB 4
[    0.576685] Spectre V1 : Mitigation: usercopy/swapgs barriers and __user pointer sanitization
[    0.576687] Spectre V2 : Mitigation: Retpolines
[    0.576688] Spectre V2 : Spectre v2 / SpectreRSB mitigation: Filling RSB on context switch
[    0.576688] Spectre V2 : Enabling Restricted Speculation for firmware calls
[    0.576690] Spectre V2 : mitigation: Enabling conditional Indirect Branch Prediction Barrier
[    0.576691] Spectre V2 : User space: Mitigation: STIBP via seccomp and prctl
[    0.576692] Speculative Store Bypass: Mitigation: Speculative Store Bypass disabled via prctl and seccomp
[    0.576698] MDS: Mitigation: Clear CPU buffers
[    0.576698] TAA: Mitigation: Clear CPU buffers
[    0.576699] MMIO Stale Data: Mitigation: Clear CPU buffers
[    0.576996] Freeing SMP alternatives memory: 40K
[    0.579416] smpboot: CPU0: Intel(R) Xeon(R) CPU E5-2698 v4 @ 2.20GHz (family: 0x6, model: 0x4f, stepping: 0x1)
[    0.579548] Performance Events: PEBS fmt2+, Broadwell events, 16-deep LBR, full-width counters, Intel PMU driver.
[    0.579555] ... version:                3
[    0.579556] ... bit width:              48
[    0.579556] ... generic registers:      4
[    0.579557] ... value mask:             0000ffffffffffff
[    0.579557] ... max period:             00007fffffffffff
[    0.579558] ... fixed-purpose events:   3
[    0.579558] ... event mask:             000000070000000f
[    0.579616] rcu: Hierarchical SRCU implementation.
[    0.583370] NMI watchdog: Enabled. Permanently consumes one hw-PMU counter.
[    0.583764] smp: Bringing up secondary CPUs ...
[    0.583876] x86: Booting SMP configuration:
[    0.583877] .... node  #0, CPUs:        #1  #2  #3  #4  #5  #6  #7  #8  #9 #10 #11 #12 #13 #14 #15 #16 #17 #18 #19 #20
[    0.712317] MDS CPU bug present and SMT on, data leak possible. See https://www.kernel.org/doc/html/latest/admin-guide/hw-vuln/mds.html for more details.
[    0.712317] TAA CPU bug present and SMT on, data leak possible. See https://www.kernel.org/doc/html/latest/admin-guide/hw-vuln/tsx_async_abort.html for more details.
[    0.712317] MMIO Stale Data CPU bug present and SMT on, data leak possible. See https://www.kernel.org/doc/html/latest/admin-guide/hw-vuln/processor_mmio_stale_data.html for more details.
[    0.712317]  #21 #22 #23 #24 #25 #26 #27 #28 #29 #30 #31 #32 #33 #34 #35 #36 #37 #38 #39
[    0.756539] smp: Brought up 1 node, 40 CPUs
[    0.756539] smpboot: Max logical packages: 1
[    0.756539] smpboot: Total of 40 processors activated (175592.24 BogoMIPS)
[    0.760073] devtmpfs: initialized
[    0.760073] x86/mm: Memory block size: 2048MB
[    0.760073] PM: Registering ACPI NVS region [mem 0x798bd000-0x79de3fff] (5402624 bytes)
[    0.760073] clocksource: jiffies: mask: 0xffffffff max_cycles: 0xffffffff, max_idle_ns: 7645041785100000 ns
[    0.760073] futex hash table entries: 16384 (order: 8, 1048576 bytes, linear)
[    0.760073] pinctrl core: initialized pinctrl subsystem
[    0.760073] PM: RTC time: 03:17:00, date: 2022-07-06
[    0.760073] NET: Registered protocol family 16
[    0.760073] audit: initializing netlink subsys (disabled)
[    0.760073] audit: type=2000 audit(1657077420.204:1): state=initialized audit_enabled=0 res=1
[    0.760073] EISA bus registered
[    0.760073] cpuidle: using governor ladder
[    0.760073] cpuidle: using governor menu
[    0.760073] ACPI: bus type PCI registered
[    0.760073] acpiphp: ACPI Hot Plug PCI Controller Driver version: 0.5
[    0.760073] PCI: MMCONFIG for domain 0000 [bus 00-ff] at [mem 0x80000000-0x8fffffff] (base 0x80000000)
[    0.760073] PCI: MMCONFIG at [mem 0x80000000-0x8fffffff] reserved in E820
[    0.760073] PCI: Using configuration type 1 for base access
[    0.760575] ENERGY_PERF_BIAS: Set to 'normal', was 'performance'
[    0.764976] HugeTLB registered 1.00 GiB page size, pre-allocated 0 pages
[    0.764976] HugeTLB registered 2.00 MiB page size, pre-allocated 0 pages
[    0.764976] ACPI: Added _OSI(Module Device)
[    0.764976] ACPI: Added _OSI(Processor Device)
[    0.764976] ACPI: Added _OSI(3.0 _SCP Extensions)
[    0.764976] ACPI: Added _OSI(Processor Aggregator Device)
[    0.764976] ACPI: Added _OSI(Linux-Dell-Video)
[    0.764976] ACPI: Added _OSI(Linux-Lenovo-NV-HDMI-Audio)
[    0.764976] ACPI: Added _OSI(Linux-HPI-Hybrid-Graphics)
[    0.837757] ACPI: 4 ACPI AML tables successfully acquired and loaded
[    0.843537] ACPI: [Firmware Bug]: BIOS _OSI(Linux) query ignored
[    0.855519] ACPI: Dynamic OEM Table Load:
[    0.908446] ACPI: Interpreter enabled
[    0.908463] ACPI: (supports S0 S4 S5)
[    0.908465] ACPI: Using IOAPIC for interrupt routing
[    0.908497] PCI: Using host bridge windows from ACPI; if necessary, use "pci=nocrs" and report a bug
[    0.909647] ACPI: Enabled 5 GPEs in block 00 to 3F
[    0.966927] ACPI: PCI Root Bridge [UNC0] (domain 0000 [bus ff])
[    0.966933] acpi PNP0A03:03: _OSC: OS supports [ExtendedConfig ASPM ClockPM Segments MSI HPX-Type3]
[    0.970282] acpi PNP0A03:03: _OSC: platform does not support [SHPCHotplug LTR]
[    0.971888] acpi PNP0A03:03: _OSC: OS now controls [PCIeHotplug PME AER PCIeCapability]
[    0.971938] PCI host bridge to bus 0000:ff
[    0.971940] pci_bus 0000:ff: root bus resource [bus ff]
[    0.971954] pci 0000:ff:0b.0: [8086:6f81] type 00 class 0x088000
[    0.972047] pci 0000:ff:0b.1: [8086:6f36] type 00 class 0x110100
[    0.972123] pci 0000:ff:0b.2: [8086:6f37] type 00 class 0x110100
[    0.972198] pci 0000:ff:0b.3: [8086:6f76] type 00 class 0x088000
[    0.972276] pci 0000:ff:0c.0: [8086:6fe0] type 00 class 0x088000
[    0.972350] pci 0000:ff:0c.1: [8086:6fe1] type 00 class 0x088000
[    0.972426] pci 0000:ff:0c.2: [8086:6fe2] type 00 class 0x088000
[    0.972504] pci 0000:ff:0c.3: [8086:6fe3] type 00 class 0x088000
[    0.972580] pci 0000:ff:0c.4: [8086:6fe4] type 00 class 0x088000
[    0.972653] pci 0000:ff:0c.5: [8086:6fe5] type 00 class 0x088000
[    0.972727] pci 0000:ff:0c.6: [8086:6fe6] type 00 class 0x088000
[    0.972801] pci 0000:ff:0c.7: [8086:6fe7] type 00 class 0x088000
[    0.972877] pci 0000:ff:0d.0: [8086:6fe8] type 00 class 0x088000
[    0.972950] pci 0000:ff:0d.1: [8086:6fe9] type 00 class 0x088000
[    0.973024] pci 0000:ff:0d.2: [8086:6fea] type 00 class 0x088000
[    0.973102] pci 0000:ff:0d.3: [8086:6feb] type 00 class 0x088000
[    0.973178] pci 0000:ff:0d.4: [8086:6fec] type 00 class 0x088000
[    0.973251] pci 0000:ff:0d.5: [8086:6fed] type 00 class 0x088000
[    0.973326] pci 0000:ff:0d.6: [8086:6fee] type 00 class 0x088000
[    0.973399] pci 0000:ff:0d.7: [8086:6fef] type 00 class 0x088000
[    0.973474] pci 0000:ff:0e.0: [8086:6ff0] type 00 class 0x088000
[    0.973549] pci 0000:ff:0e.1: [8086:6ff1] type 00 class 0x088000
[    0.973624] pci 0000:ff:0e.2: [8086:6ff2] type 00 class 0xffffff
[    0.973702] pci 0000:ff:0e.3: [8086:6ff3] type 00 class 0xffffff
[    0.973779] pci 0000:ff:0f.0: [8086:6ff8] type 00 class 0x088000
[    0.973855] pci 0000:ff:0f.1: [8086:6ff9] type 00 class 0x088000
[    0.973929] pci 0000:ff:0f.2: [8086:6ffa] type 00 class 0x088000
[    0.974003] pci 0000:ff:0f.3: [8086:6ffb] type 00 class 0x088000
[    0.974078] pci 0000:ff:0f.4: [8086:6ffc] type 00 class 0x088000
[    0.974154] pci 0000:ff:0f.5: [8086:6ffd] type 00 class 0x088000
[    0.974229] pci 0000:ff:0f.6: [8086:6ffe] type 00 class 0x088000
[    0.974310] pci 0000:ff:10.0: [8086:6f1d] type 00 class 0x088000
[    0.974385] pci 0000:ff:10.1: [8086:6f34] type 00 class 0x110100
[    0.974461] pci 0000:ff:10.5: [8086:6f1e] type 00 class 0x088000
[    0.974536] pci 0000:ff:10.6: [8086:6f7d] type 00 class 0x110100
[    0.974610] pci 0000:ff:10.7: [8086:6f1f] type 00 class 0x088000
[    0.974684] pci 0000:ff:12.0: [8086:6fa0] type 00 class 0x088000
[    0.974719] pci 0000:ff:12.1: [8086:6f30] type 00 class 0x110100
[    0.974797] pci 0000:ff:12.4: [8086:6f60] type 00 class 0x088000
[    0.974835] pci 0000:ff:12.5: [8086:6f38] type 00 class 0x110100
[    0.974916] pci 0000:ff:13.0: [8086:6fa8] type 00 class 0x088000
[    0.975060] pci 0000:ff:13.1: [8086:6f71] type 00 class 0x088000
[    0.975157] pci 0000:ff:13.2: [8086:6faa] type 00 class 0x088000
[    0.975253] pci 0000:ff:13.3: [8086:6fab] type 00 class 0x088000
[    0.975353] pci 0000:ff:13.6: [8086:6fae] type 00 class 0x088000
[    0.975435] pci 0000:ff:13.7: [8086:6faf] type 00 class 0x088000
[    0.975516] pci 0000:ff:14.0: [8086:6fb0] type 00 class 0x088000
[    0.975624] pci 0000:ff:14.1: [8086:6fb1] type 00 class 0x088000
[    0.975722] pci 0000:ff:14.2: [8086:6fb2] type 00 class 0x088000
[    0.975818] pci 0000:ff:14.3: [8086:6fb3] type 00 class 0x088000
[    0.975913] pci 0000:ff:14.4: [8086:6fbc] type 00 class 0x088000
[    0.975993] pci 0000:ff:14.5: [8086:6fbd] type 00 class 0x088000
[    0.976073] pci 0000:ff:14.6: [8086:6fbe] type 00 class 0x088000
[    0.976155] pci 0000:ff:14.7: [8086:6fbf] type 00 class 0x088000
[    0.976237] pci 0000:ff:16.0: [8086:6f68] type 00 class 0x088000
[    0.976384] pci 0000:ff:16.1: [8086:6f79] type 00 class 0x088000
[    0.976483] pci 0000:ff:16.2: [8086:6f6a] type 00 class 0x088000
[    0.976581] pci 0000:ff:16.3: [8086:6f6b] type 00 class 0x088000
[    0.976677] pci 0000:ff:16.6: [8086:6f6e] type 00 class 0x088000
[    0.976758] pci 0000:ff:16.7: [8086:6f6f] type 00 class 0x088000
[    0.976839] pci 0000:ff:17.0: [8086:6fd0] type 00 class 0x088000
[    0.976983] pci 0000:ff:17.1: [8086:6fd1] type 00 class 0x088000
[    0.977081] pci 0000:ff:17.2: [8086:6fd2] type 00 class 0x088000
[    0.977184] pci 0000:ff:17.3: [8086:6fd3] type 00 class 0x088000
[    0.977280] pci 0000:ff:17.4: [8086:6fb8] type 00 class 0x088000
[    0.977361] pci 0000:ff:17.5: [8086:6fb9] type 00 class 0x088000
[    0.977443] pci 0000:ff:17.6: [8086:6fba] type 00 class 0x088000
[    0.977524] pci 0000:ff:17.7: [8086:6fbb] type 00 class 0x088000
[    0.977615] pci 0000:ff:1e.0: [8086:6f98] type 00 class 0x088000
[    0.977691] pci 0000:ff:1e.1: [8086:6f99] type 00 class 0x088000
[    0.977767] pci 0000:ff:1e.2: [8086:6f9a] type 00 class 0x088000
[    0.977846] pci 0000:ff:1e.3: [8086:6fc0] type 00 class 0x088000
[    0.977883] pci 0000:ff:1e.4: [8086:6f9c] type 00 class 0x088000
[    0.977966] pci 0000:ff:1f.0: [8086:6f88] type 00 class 0x088000
[    0.978044] pci 0000:ff:1f.2: [8086:6f8a] type 00 class 0x088000
[    0.993439] ACPI: PCI Root Bridge [PCI0] (domain 0000 [bus 00-fe])
[    0.993443] acpi PNP0A08:00: _OSC: OS supports [ExtendedConfig ASPM ClockPM Segments MSI HPX-Type3]
[    0.993953] acpi PNP0A08:00: _OSC: platform does not support [SHPCHotplug LTR]
[    0.994661] acpi PNP0A08:00: _OSC: OS now controls [PCIeHotplug PME AER PCIeCapability]
[    0.995097] PCI host bridge to bus 0000:00
[    0.995100] pci_bus 0000:00: root bus resource [io  0x0000-0x0cf7 window]
[    0.995101] pci_bus 0000:00: root bus resource [io  0x1000-0xffff window]
[    0.995102] pci_bus 0000:00: root bus resource [mem 0x000a0000-0x000bffff window]
[    0.995103] pci_bus 0000:00: root bus resource [mem 0x90000000-0xfbffbfff window]
[    0.995104] pci_bus 0000:00: root bus resource [mem 0x380000000000-0x383fffffffff window]
[    0.995105] pci_bus 0000:00: root bus resource [bus 00-fe]
[    0.995115] pci 0000:00:00.0: [8086:6f00] type 00 class 0x060000
[    0.995340] pci 0000:00:01.0: [8086:6f02] type 01 class 0x060400
[    0.995436] pci 0000:00:01.0: PME# supported from D0 D3hot D3cold
[    0.995637] pci 0000:00:02.0: [8086:6f04] type 01 class 0x060400
[    0.995731] pci 0000:00:02.0: PME# supported from D0 D3hot D3cold
[    0.995922] pci 0000:00:03.0: [8086:6f08] type 01 class 0x060400
[    0.996017] pci 0000:00:03.0: PME# supported from D0 D3hot D3cold
[    0.996209] pci 0000:00:05.0: [8086:6f28] type 00 class 0x088000
[    0.996395] pci 0000:00:05.1: [8086:6f29] type 00 class 0x088000
[    0.996606] pci 0000:00:05.2: [8086:6f2a] type 00 class 0x088000
[    0.996787] pci 0000:00:05.4: [8086:6f2c] type 00 class 0x080020
[    0.996809] pci 0000:00:05.4: reg 0x10: [mem 0xfbd04000-0xfbd04fff]
[    0.997026] pci 0000:00:11.0: [8086:8d7c] type 00 class 0xff0000
[    0.997337] pci 0000:00:14.0: [8086:8d31] type 00 class 0x0c0330
[    0.997374] pci 0000:00:14.0: reg 0x10: [mem 0x383ffff00000-0x383ffff0ffff 64bit]
[    0.997477] pci 0000:00:14.0: PME# supported from D3hot D3cold
[    0.997616] pci 0000:00:16.0: [8086:8d3a] type 00 class 0x078000
[    0.997652] pci 0000:00:16.0: reg 0x10: [mem 0x383ffff13000-0x383ffff1300f 64bit]
[    0.997756] pci 0000:00:16.0: PME# supported from D0 D3hot D3cold
[    0.997895] pci 0000:00:16.1: [8086:8d3b] type 00 class 0x078000
[    0.997931] pci 0000:00:16.1: reg 0x10: [mem 0x383ffff12000-0x383ffff1200f 64bit]
[    0.998034] pci 0000:00:16.1: PME# supported from D0 D3hot D3cold
[    0.998183] pci 0000:00:1a.0: [8086:8d2d] type 00 class 0x0c0320
[    0.998216] pci 0000:00:1a.0: reg 0x10: [mem 0xfbd02000-0xfbd023ff]
[    0.998347] pci 0000:00:1a.0: PME# supported from D0 D3hot D3cold
[    0.998487] pci 0000:00:1c.0: [8086:8d10] type 01 class 0x060400
[    0.998604] pci 0000:00:1c.0: PME# supported from D0 D3hot D3cold
[    0.998759] pci 0000:00:1c.3: [8086:8d16] type 01 class 0x060400
[    0.998877] pci 0000:00:1c.3: PME# supported from D0 D3hot D3cold
[    0.999038] pci 0000:00:1d.0: [8086:8d26] type 00 class 0x0c0320
[    0.999071] pci 0000:00:1d.0: reg 0x10: [mem 0xfbd01000-0xfbd013ff]
[    0.999203] pci 0000:00:1d.0: PME# supported from D0 D3hot D3cold
[    0.999349] pci 0000:00:1f.0: [8086:8d44] type 00 class 0x060100
[    0.999642] pci 0000:00:1f.2: [8086:8d02] type 00 class 0x010601
[    0.999671] pci 0000:00:1f.2: reg 0x10: [io  0xf050-0xf057]
[    0.999686] pci 0000:00:1f.2: reg 0x14: [io  0xf040-0xf043]
[    0.999700] pci 0000:00:1f.2: reg 0x18: [io  0xf030-0xf037]
[    0.999715] pci 0000:00:1f.2: reg 0x1c: [io  0xf020-0xf023]
[    0.999730] pci 0000:00:1f.2: reg 0x20: [io  0xf000-0xf01f]
[    0.999745] pci 0000:00:1f.2: reg 0x24: [mem 0xfbd00000-0xfbd007ff]
[    0.999791] pci 0000:00:1f.2: PME# supported from D3hot
[    0.999926] pci 0000:00:1f.3: [8086:8d22] type 00 class 0x0c0500
[    0.999960] pci 0000:00:1f.3: reg 0x10: [mem 0x383ffff11000-0x383ffff110ff 64bit]
[    1.000003] pci 0000:00:1f.3: reg 0x20: [io  0x0580-0x059f]
[    1.000799] pci 0000:01:00.0: [8086:1521] type 00 class 0x020000
[    1.001161] pci 0000:01:00.0: reg 0x10: [mem 0xfbc20000-0xfbc3ffff]
[    1.001457] pci 0000:01:00.0: reg 0x18: [io  0xe020-0xe03f]
[    1.001606] pci 0000:01:00.0: reg 0x1c: [mem 0xfbc44000-0xfbc47fff]
[    1.003122] pci 0000:01:00.0: PME# supported from D0 D3hot D3cold
[    1.003501] pci 0000:01:00.0: reg 0x184: [mem 0x00000000-0x00003fff 64bit pref]
[    1.003503] pci 0000:01:00.0: VF(n) BAR0 space: [mem 0x00000000-0x0001ffff 64bit pref] (contains BAR0 for 8 VFs)
[    1.003678] pci 0000:01:00.0: reg 0x190: [mem 0x00000000-0x00003fff 64bit pref]
[    1.003679] pci 0000:01:00.0: VF(n) BAR3 space: [mem 0x00000000-0x0001ffff 64bit pref] (contains BAR3 for 8 VFs)
[    1.004357] pci 0000:01:00.1: [8086:1521] type 00 class 0x020000
[    1.004698] pci 0000:01:00.1: reg 0x10: [mem 0xfbc00000-0xfbc1ffff]
[    1.004994] pci 0000:01:00.1: reg 0x18: [io  0xe000-0xe01f]
[    1.005143] pci 0000:01:00.1: reg 0x1c: [mem 0xfbc40000-0xfbc43fff]
[    1.006659] pci 0000:01:00.1: PME# supported from D0 D3hot D3cold
[    1.006964] pci 0000:01:00.1: reg 0x184: [mem 0x00000000-0x00003fff 64bit pref]
[    1.006965] pci 0000:01:00.1: VF(n) BAR0 space: [mem 0x00000000-0x0001ffff 64bit pref] (contains BAR0 for 8 VFs)
[    1.007139] pci 0000:01:00.1: reg 0x190: [mem 0x00000000-0x00003fff 64bit pref]
[    1.007140] pci 0000:01:00.1: VF(n) BAR3 space: [mem 0x00000000-0x0001ffff 64bit pref] (contains BAR3 for 8 VFs)
[    1.007708] pci 0000:00:01.0: ASPM: current common clock configuration is broken, reconfiguring
[    1.019450] pci 0000:00:01.0: PCI bridge to [bus 01]
[    1.019454] pci 0000:00:01.0:   bridge window [io  0xe000-0xefff]
[    1.019457] pci 0000:00:01.0:   bridge window [mem 0xfbc00000-0xfbcfffff]
[    1.019921] pci 0000:02:00.0: [15b3:a2d6] type 00 class 0x020000
[    1.020186] pci 0000:02:00.0: reg 0x10: [mem 0x383ffc000000-0x383ffdffffff 64bit pref]
[    1.020294] pci 0000:02:00.0: reg 0x18: [mem 0x383ffe800000-0x383ffeffffff 64bit pref]
[    1.020496] pci 0000:02:00.0: reg 0x30: [mem 0xfbb00000-0xfbbfffff pref]
[    1.020540] pci 0000:02:00.0: enabling Extended Tags
[    1.021350] pci 0000:02:00.0: PME# supported from D3cold
[    1.021633] pci 0000:02:00.0: reg 0x1a4: [mem 0x00000000-0x001fffff 64bit pref]
[    1.021634] pci 0000:02:00.0: VF(n) BAR0 space: [mem 0x00000000-0x01ffffff 64bit pref] (contains BAR0 for 16 VFs)
[    1.022695] pci 0000:02:00.0: 63.008 Gb/s available PCIe bandwidth, limited by 8.0 GT/s PCIe x8 link at 0000:00:02.0 (capable of 252.048 Gb/s with 16.0 GT/s PCIe x16 link)
[    1.022861] pci 0000:02:00.1: [15b3:a2d6] type 00 class 0x020000
[    1.023097] pci 0000:02:00.1: reg 0x10: [mem 0x383ffa000000-0x383ffbffffff 64bit pref]
[    1.023210] pci 0000:02:00.1: reg 0x18: [mem 0x383ffe000000-0x383ffe7fffff 64bit pref]
[    1.023415] pci 0000:02:00.1: reg 0x30: [mem 0xfba00000-0xfbafffff pref]
[    1.023460] pci 0000:02:00.1: enabling Extended Tags
[    1.024159] pci 0000:02:00.1: PME# supported from D3cold
[    1.024429] pci 0000:02:00.1: reg 0x1a4: [mem 0x00000000-0x001fffff 64bit pref]
[    1.024430] pci 0000:02:00.1: VF(n) BAR0 space: [mem 0x00000000-0x01ffffff 64bit pref] (contains BAR0 for 16 VFs)
[    1.025611] pci 0000:02:00.2: [15b3:c2d3] type 00 class 0x080100
[    1.025793] pci 0000:02:00.2: reg 0x10: [mem 0xfb900000-0xfb9fffff]
[    1.026234] pci 0000:02:00.2: enabling Extended Tags
[    1.026771] pci 0000:02:00.2: PME# supported from D3cold
[    1.027199] pci 0000:00:02.0: PCI bridge to [bus 02]
[    1.027203] pci 0000:00:02.0:   bridge window [mem 0xfb900000-0xfbbfffff]
[    1.027206] pci 0000:00:02.0:   bridge window [mem 0x383ffa000000-0x383ffeffffff 64bit pref]
[    1.027439] pci 0000:00:03.0: PCI bridge to [bus 03]
[    1.027484] pci 0000:00:1c.0: PCI bridge to [bus 04]
[    1.027557] pci 0000:05:00.0: [102b:0522] type 00 class 0x030000
[    1.027603] pci 0000:05:00.0: reg 0x10: [mem 0xfa000000-0xfaffffff pref]
[    1.027625] pci 0000:05:00.0: reg 0x14: [mem 0xfb810000-0xfb813fff]
[    1.027647] pci 0000:05:00.0: reg 0x18: [mem 0xfb000000-0xfb7fffff]
[    1.027734] pci 0000:05:00.0: reg 0x30: [mem 0xfb800000-0xfb80ffff pref]
[    1.027895] pci 0000:05:00.0: disabling ASPM on pre-1.1 PCIe device.  You can enable it with 'pcie_aspm=force'
[    1.027910] pci 0000:00:1c.3: PCI bridge to [bus 05]
[    1.027914] pci 0000:00:1c.3:   bridge window [mem 0xfb000000-0xfb8fffff]
[    1.027918] pci 0000:00:1c.3:   bridge window [mem 0xfa000000-0xfaffffff 64bit pref]
[    1.027969] pci_bus 0000:00: on NUMA node 0
[    1.029101] ACPI: PCI Interrupt Link [LNKA] (IRQs 3 4 5 6 7 10 *11 12 14 15)
[    1.029176] ACPI: PCI Interrupt Link [LNKB] (IRQs 3 4 5 6 7 *10 11 12 14 15)
[    1.029251] ACPI: PCI Interrupt Link [LNKC] (IRQs 3 4 5 6 10 *11 12 14 15)
[    1.029324] ACPI: PCI Interrupt Link [LNKD] (IRQs 3 4 *5 6 10 11 12 14 15)
[    1.029396] ACPI: PCI Interrupt Link [LNKE] (IRQs 3 4 5 6 7 10 11 12 14 15) *0, disabled.
[    1.029468] ACPI: PCI Interrupt Link [LNKF] (IRQs 3 4 5 6 7 10 11 12 14 15) *0, disabled.
[    1.029540] ACPI: PCI Interrupt Link [LNKG] (IRQs 3 4 5 6 7 10 11 12 14 15) *0, disabled.
[    1.029613] ACPI: PCI Interrupt Link [LNKH] (IRQs 3 4 5 6 7 10 11 12 14 15) *0, disabled.
[    1.029946] iommu: Default domain type: Translated 
[    1.029946] SCSI subsystem initialized
[    1.029946] libata version 3.00 loaded.
[    1.029946] pci 0000:05:00.0: vgaarb: setting as boot VGA device
[    1.029946] pci 0000:05:00.0: vgaarb: VGA device added: decodes=io+mem,owns=io+mem,locks=none
[    1.029946] pci 0000:05:00.0: vgaarb: bridge control possible
[    1.029946] vgaarb: loaded
[    1.029946] ACPI: bus type USB registered
[    1.029946] usbcore: registered new interface driver usbfs
[    1.029946] usbcore: registered new interface driver hub
[    1.029946] usbcore: registered new device driver usb
[    1.029946] pps_core: LinuxPPS API ver. 1 registered
[    1.029946] pps_core: Software ver. 5.3.6 - Copyright 2005-2007 Rodolfo Giometti <giometti@linux.it>
[    1.029946] PTP clock support registered
[    1.029946] EDAC MC: Ver: 3.0.0
[    1.029946] PCI: Using ACPI for IRQ routing
[    1.036775] PCI: pci_cache_line_size set to 64 bytes
[    1.037000] e820: reserve RAM buffer [mem 0x00099c00-0x0009ffff]
[    1.037001] e820: reserve RAM buffer [mem 0x79030000-0x7bffffff]
[    1.037117] NetLabel: Initializing
[    1.037117] NetLabel:  domain hash size = 128
[    1.037118] NetLabel:  protocols = UNLABELED CIPSOv4 CALIPSO
[    1.037137] NetLabel:  unlabeled traffic allowed by default
[    1.037153] hpet0: at MMIO 0xfed00000, IRQs 2, 8, 0, 0, 0, 0, 0, 0
[    1.037153] hpet0: 8 comparators, 64-bit 14.318180 MHz counter
[    1.040380] clocksource: Switched to clocksource tsc-early
[    1.054166] *** VALIDATE bpf ***
[    1.054245] VFS: Disk quotas dquot_6.6.0
[    1.054274] VFS: Dquot-cache hash table entries: 512 (order 0, 4096 bytes)
[    1.054292] *** VALIDATE ramfs ***
[    1.054298] *** VALIDATE hugetlbfs ***
[    1.054419] AppArmor: AppArmor Filesystem Enabled
[    1.054439] pnp: PnP ACPI init
[    1.054924] pnp 00:00: Plug and Play ACPI device, IDs PNP0b00 (active)
[    1.055047] system 00:01: [io  0x0500-0x057f] has been reserved
[    1.055049] system 00:01: [io  0x0400-0x047f] has been reserved
[    1.055050] system 00:01: [io  0x0580-0x059f] has been reserved
[    1.055054] system 00:01: [io  0x0600-0x061f] has been reserved
[    1.055055] system 00:01: [io  0x0880-0x0883] has been reserved
[    1.055056] system 00:01: [io  0x0800-0x081f] has been reserved
[    1.055058] system 00:01: [mem 0xfed1c000-0xfed3ffff] has been reserved
[    1.055059] system 00:01: [mem 0xfed45000-0xfed8bfff] has been reserved
[    1.055064] system 00:01: [mem 0xff000000-0xffffffff] has been reserved
[    1.055065] system 00:01: [mem 0xfee00000-0xfeefffff] has been reserved
[    1.055066] system 00:01: [mem 0xfed12000-0xfed1200f] has been reserved
[    1.055068] system 00:01: [mem 0xfed12010-0xfed1201f] has been reserved
[    1.055069] system 00:01: [mem 0xfed1b000-0xfed1bfff] has been reserved
[    1.055073] system 00:01: Plug and Play ACPI device, IDs PNP0c02 (active)
[    1.055255] pnp 00:02: [dma 0 disabled]
[    1.055307] pnp 00:02: Plug and Play ACPI device, IDs PNP0501 (active)
[    1.055480] pnp 00:03: [dma 0 disabled]
[    1.055520] pnp 00:03: Plug and Play ACPI device, IDs PNP0501 (active)
[    1.056246] pnp: PnP ACPI: found 4 devices
[    1.057662] thermal_sys: Registered thermal governor 'fair_share'
[    1.057663] thermal_sys: Registered thermal governor 'bang_bang'
[    1.057663] thermal_sys: Registered thermal governor 'step_wise'
[    1.057664] thermal_sys: Registered thermal governor 'user_space'
[    1.057665] thermal_sys: Registered thermal governor 'power_allocator'
[    1.062153] clocksource: acpi_pm: mask: 0xffffff max_cycles: 0xffffff, max_idle_ns: 2085701024 ns
[    1.062205] pci_bus 0000:00: max bus depth: 1 pci_try_num: 2
[    1.062216] pci 0000:00:01.0: BAR 15: assigned [mem 0x380000000000-0x3800000fffff 64bit pref]
[    1.062219] pci 0000:01:00.0: BAR 7: assigned [mem 0x380000000000-0x38000001ffff 64bit pref]
[    1.062262] pci 0000:01:00.0: BAR 10: assigned [mem 0x380000020000-0x38000003ffff 64bit pref]
[    1.062305] pci 0000:01:00.1: BAR 7: assigned [mem 0x380000040000-0x38000005ffff 64bit pref]
[    1.062327] pci 0000:01:00.1: BAR 10: assigned [mem 0x380000060000-0x38000007ffff 64bit pref]
[    1.062349] pci 0000:00:01.0: PCI bridge to [bus 01]
[    1.062351] pci 0000:00:01.0:   bridge window [io  0xe000-0xefff]
[    1.062360] pci 0000:00:01.0:   bridge window [mem 0xfbc00000-0xfbcfffff]
[    1.062366] pci 0000:00:01.0:   bridge window [mem 0x380000000000-0x3800000fffff 64bit pref]
[    1.062380] pci 0000:02:00.0: BAR 7: no space for [mem size 0x02000000 64bit pref]
[    1.062381] pci 0000:02:00.0: BAR 7: failed to assign [mem size 0x02000000 64bit pref]
[    1.062383] pci 0000:02:00.1: BAR 7: no space for [mem size 0x02000000 64bit pref]
[    1.062384] pci 0000:02:00.1: BAR 7: failed to assign [mem size 0x02000000 64bit pref]
[    1.062385] pci 0000:00:02.0: PCI bridge to [bus 02]
[    1.062394] pci 0000:00:02.0:   bridge window [mem 0xfb900000-0xfbbfffff]
[    1.062400] pci 0000:00:02.0:   bridge window [mem 0x383ffa000000-0x383ffeffffff 64bit pref]
[    1.062411] pci 0000:00:03.0: PCI bridge to [bus 03]
[    1.062436] pci 0000:00:1c.0: PCI bridge to [bus 04]
[    1.062463] pci 0000:00:1c.3: PCI bridge to [bus 05]
[    1.062473] pci 0000:00:1c.3:   bridge window [mem 0xfb000000-0xfb8fffff]
[    1.062480] pci 0000:00:1c.3:   bridge window [mem 0xfa000000-0xfaffffff 64bit pref]
[    1.062493] pci_bus 0000:00: No. 2 try to assign unassigned res
[    1.062494] release child resource [mem 0x383ffa000000-0x383ffbffffff 64bit pref]
[    1.062495] release child resource [mem 0x383ffc000000-0x383ffdffffff 64bit pref]
[    1.062495] release child resource [mem 0x383ffe000000-0x383ffe7fffff 64bit pref]
[    1.062496] release child resource [mem 0x383ffe800000-0x383ffeffffff 64bit pref]
[    1.062497] pci 0000:00:02.0: resource 15 [mem 0x383ffa000000-0x383ffeffffff 64bit pref] released
[    1.062498] pci 0000:00:02.0: PCI bridge to [bus 02]
[    1.062515] pci 0000:00:02.0: bridge window [mem 0x01000000-0x05ffffff 64bit pref] to [bus 02] add_size 4000000 add_align 1000000
[    1.062520] pci 0000:00:02.0: BAR 15: assigned [mem 0x380001000000-0x380009ffffff 64bit pref]
[    1.062522] pci 0000:00:01.0: PCI bridge to [bus 01]
[    1.062523] pci 0000:00:01.0:   bridge window [io  0xe000-0xefff]
[    1.062532] pci 0000:00:01.0:   bridge window [mem 0xfbc00000-0xfbcfffff]
[    1.062538] pci 0000:00:01.0:   bridge window [mem 0x380000000000-0x3800000fffff 64bit pref]
[    1.062553] pci 0000:02:00.0: BAR 0: assigned [mem 0x380002000000-0x380003ffffff 64bit pref]
[    1.062625] pci 0000:02:00.1: BAR 0: assigned [mem 0x380004000000-0x380005ffffff 64bit pref]
[    1.062694] pci 0000:02:00.0: BAR 2: assigned [mem 0x380001000000-0x3800017fffff 64bit pref]
[    1.062768] pci 0000:02:00.1: BAR 2: assigned [mem 0x380001800000-0x380001ffffff 64bit pref]
[    1.062845] pci 0000:02:00.0: BAR 7: assigned [mem 0x380006000000-0x380007ffffff 64bit pref]
[    1.062880] pci 0000:02:00.1: BAR 7: assigned [mem 0x380008000000-0x380009ffffff 64bit pref]
[    1.062913] pci 0000:00:02.0: PCI bridge to [bus 02]
[    1.062922] pci 0000:00:02.0:   bridge window [mem 0xfb900000-0xfbbfffff]
[    1.062928] pci 0000:00:02.0:   bridge window [mem 0x380001000000-0x380009ffffff 64bit pref]
[    1.062939] pci 0000:00:03.0: PCI bridge to [bus 03]
[    1.062964] pci 0000:00:1c.0: PCI bridge to [bus 04]
[    1.062991] pci 0000:00:1c.3: PCI bridge to [bus 05]
[    1.063001] pci 0000:00:1c.3:   bridge window [mem 0xfb000000-0xfb8fffff]
[    1.063008] pci 0000:00:1c.3:   bridge window [mem 0xfa000000-0xfaffffff 64bit pref]
[    1.063021] pci_bus 0000:00: resource 4 [io  0x0000-0x0cf7 window]
[    1.063022] pci_bus 0000:00: resource 5 [io  0x1000-0xffff window]
[    1.063023] pci_bus 0000:00: resource 6 [mem 0x000a0000-0x000bffff window]
[    1.063024] pci_bus 0000:00: resource 7 [mem 0x90000000-0xfbffbfff window]
[    1.063025] pci_bus 0000:00: resource 8 [mem 0x380000000000-0x383fffffffff window]
[    1.063027] pci_bus 0000:01: resource 0 [io  0xe000-0xefff]
[    1.063028] pci_bus 0000:01: resource 1 [mem 0xfbc00000-0xfbcfffff]
[    1.063029] pci_bus 0000:01: resource 2 [mem 0x380000000000-0x3800000fffff 64bit pref]
[    1.063030] pci_bus 0000:02: resource 1 [mem 0xfb900000-0xfbbfffff]
[    1.063031] pci_bus 0000:02: resource 2 [mem 0x380001000000-0x380009ffffff 64bit pref]
[    1.063032] pci_bus 0000:05: resource 1 [mem 0xfb000000-0xfb8fffff]
[    1.063033] pci_bus 0000:05: resource 2 [mem 0xfa000000-0xfaffffff 64bit pref]
[    1.063245] NET: Registered protocol family 2
[    1.063472] IP idents hash table entries: 262144 (order: 9, 2097152 bytes, linear)
[    1.065803] tcp_listen_portaddr_hash hash table entries: 16384 (order: 6, 262144 bytes, linear)
[    1.066035] TCP established hash table entries: 262144 (order: 9, 2097152 bytes, linear)
[    1.066379] TCP bind hash table entries: 65536 (order: 8, 1048576 bytes, linear)
[    1.066464] TCP: Hash tables configured (established 262144 bind 65536)
[    1.066587] UDP hash table entries: 16384 (order: 7, 524288 bytes, linear)
[    1.066694] UDP-Lite hash table entries: 16384 (order: 7, 524288 bytes, linear)
[    1.066821] NET: Registered protocol family 1
[    1.066826] NET: Registered protocol family 44
[    1.066941] pci 0000:00:05.0: disabled boot interrupts on device [8086:6f28]
[    1.091493] pci 0000:00:1a.0: quirk_usb_early_handoff+0x0/0x670 took 23725 usecs
[    1.115465] pci 0000:00:1d.0: quirk_usb_early_handoff+0x0/0x670 took 23395 usecs
[    1.115502] pci 0000:01:00.0: CLS mismatch (64 != 32), using 64 bytes
[    1.115528] pci 0000:05:00.0: Video device with shadowed ROM at [mem 0x000c0000-0x000dffff]
[    1.115591] Trying to unpack rootfs image as initramfs...
[    1.353580] Freeing initrd memory: 86808K
[    1.375338] PCI-DMA: Using software bounce buffering for IO (SWIOTLB)
[    1.375341] software IO TLB: mapped [mem 0x75030000-0x79030000] (64MB)
[    1.377153] check: Scanning for low memory corruption every 60 seconds
[    1.378495] Initialise system trusted keyrings
[    1.378507] Key type blacklist registered
[    1.378548] workingset: timestamp_bits=36 max_order=23 bucket_order=0
[    1.380022] zbud: loaded
[    1.380517] squashfs: version 4.0 (2009/01/31) Phillip Lougher
[    1.380693] fuse: init (API version 7.31)
[    1.380711] *** VALIDATE fuse ***
[    1.380713] *** VALIDATE fuse ***
[    1.380831] Platform Keyring initialized
[    1.385659] Key type asymmetric registered
[    1.385662] Asymmetric key parser 'x509' registered
[    1.385703] Block layer SCSI generic (bsg) driver version 0.4 loaded (major 244)
[    1.386067] io scheduler mq-deadline registered
[    1.386896] pcieport 0000:00:01.0: PME: Signaling with IRQ 25
[    1.386961] pcieport 0000:00:01.0: AER: enabled with IRQ 25
[    1.387260] pcieport 0000:00:02.0: PME: Signaling with IRQ 27
[    1.387320] pcieport 0000:00:02.0: AER: enabled with IRQ 27
[    1.387616] pcieport 0000:00:03.0: PME: Signaling with IRQ 29
[    1.387671] pcieport 0000:00:03.0: AER: enabled with IRQ 29
[    1.387894] pcieport 0000:00:1c.0: PME: Signaling with IRQ 30
[    1.388113] pcieport 0000:00:1c.3: PME: Signaling with IRQ 31
[    1.388203] shpchp: Standard Hot Plug PCI Controller Driver version: 0.4
[    1.388312] vesafb: mode is 1024x768x32, linelength=4096, pages=0
[    1.388313] vesafb: scrolling: redraw
[    1.388314] vesafb: Truecolor: size=8:8:8:8, shift=24:16:8:0
[    1.388340] pmd_set_huge: Cannot satisfy [mem 0xfa000000-0xfa200000] with a huge-page mapping due to MTRR override.
[    1.388351] vesafb: framebuffer at 0xfa000000, mapped to 0x000000002c3e1b69, using 3072k, total 3072k
[    1.388427] fbcon: Deferring console take-over
[    1.388428] fb0: VESA VGA frame buffer device
[    1.388443] intel_idle: MWAIT substates: 0x2120
[    1.388444] intel_idle: v0.4.1 model 0x4F
[    1.390105] intel_idle: lapic_timer_reliable_states 0xffffffff
[    1.390630] input: Power Button as /devices/LNXSYSTM:00/LNXSYBUS:00/PNP0C0C:00/input/input0
[    1.390657] ACPI: Power Button [PWRB]
[    1.390695] input: Power Button as /devices/LNXSYSTM:00/LNXPWRBN:00/input/input1
[    1.390787] ACPI: Power Button [PWRF]
[    1.398895] Serial: 8250/16550 driver, 32 ports, IRQ sharing enabled
[    1.419451] 00:02: ttyS0 at I/O 0x3f8 (irq = 4, base_baud = 115200) is a 16550A
[    1.440047] 00:03: ttyS1 at I/O 0x2f8 (irq = 3, base_baud = 115200) is a 16550A
[    1.441667] Linux agpgart interface v0.103
[    1.587421] loop: module loaded
[    1.587901] tun: Universal TUN/TAP device driver, 1.6
[    1.587932] PPP generic driver version 2.4.2
[    1.587983] VFIO - User Level meta-driver version: 0.3
[    1.588078] ehci_hcd: USB 2.0 'Enhanced' Host Controller (EHCI) Driver
[    1.588082] ehci-pci: EHCI PCI platform driver
[    1.588312] ehci-pci 0000:00:1a.0: EHCI Host Controller
[    1.588319] ehci-pci 0000:00:1a.0: new USB bus registered, assigned bus number 1
[    1.588331] ehci-pci 0000:00:1a.0: debug port 2
[    1.592239] ehci-pci 0000:00:1a.0: cache line size of 64 is not supported
[    1.592254] ehci-pci 0000:00:1a.0: irq 18, io mem 0xfbd02000
[    1.607352] ehci-pci 0000:00:1a.0: USB 2.0 started, EHCI 1.00
[    1.607423] usb usb1: New USB device found, idVendor=1d6b, idProduct=0002, bcdDevice= 5.04
[    1.607425] usb usb1: New USB device strings: Mfr=3, Product=2, SerialNumber=1
[    1.607426] usb usb1: Product: EHCI Host Controller
[    1.607427] usb usb1: Manufacturer: Linux 5.4.189kernel-module-force-unload ehci_hcd
[    1.607428] usb usb1: SerialNumber: 0000:00:1a.0
[    1.607561] hub 1-0:1.0: USB hub found
[    1.607567] hub 1-0:1.0: 2 ports detected
[    1.607889] ehci-pci 0000:00:1d.0: EHCI Host Controller
[    1.607897] ehci-pci 0000:00:1d.0: new USB bus registered, assigned bus number 2
[    1.607908] ehci-pci 0000:00:1d.0: debug port 2
[    1.611801] ehci-pci 0000:00:1d.0: cache line size of 64 is not supported
[    1.611805] ehci-pci 0000:00:1d.0: irq 18, io mem 0xfbd01000
[    1.627378] ehci-pci 0000:00:1d.0: USB 2.0 started, EHCI 1.00
[    1.627420] usb usb2: New USB device found, idVendor=1d6b, idProduct=0002, bcdDevice= 5.04
[    1.627421] usb usb2: New USB device strings: Mfr=3, Product=2, SerialNumber=1
[    1.627422] usb usb2: Product: EHCI Host Controller
[    1.627423] usb usb2: Manufacturer: Linux 5.4.189kernel-module-force-unload ehci_hcd
[    1.627424] usb usb2: SerialNumber: 0000:00:1d.0
[    1.627560] hub 2-0:1.0: USB hub found
[    1.627564] hub 2-0:1.0: 2 ports detected
[    1.627782] ehci-platform: EHCI generic platform driver
[    1.627794] ohci_hcd: USB 1.1 'Open' Host Controller (OHCI) Driver
[    1.627798] ohci-pci: OHCI PCI platform driver
[    1.627825] ohci-platform: OHCI generic platform driver
[    1.627832] uhci_hcd: USB Universal Host Controller Interface driver
[    1.628026] xhci_hcd 0000:00:14.0: xHCI Host Controller
[    1.628032] xhci_hcd 0000:00:14.0: new USB bus registered, assigned bus number 3
[    1.629099] xhci_hcd 0000:00:14.0: hcc params 0x200077c1 hci version 0x100 quirks 0x0000000000009810
[    1.629105] xhci_hcd 0000:00:14.0: cache line size of 64 is not supported
[    1.629332] xhci_hcd 0000:00:14.0: xHCI Host Controller
[    1.629335] xhci_hcd 0000:00:14.0: new USB bus registered, assigned bus number 4
[    1.629337] xhci_hcd 0000:00:14.0: Host supports USB 3.0 SuperSpeed
[    1.629367] usb usb3: New USB device found, idVendor=1d6b, idProduct=0002, bcdDevice= 5.04
[    1.629368] usb usb3: New USB device strings: Mfr=3, Product=2, SerialNumber=1
[    1.629369] usb usb3: Product: xHCI Host Controller
[    1.629370] usb usb3: Manufacturer: Linux 5.4.189kernel-module-force-unload xhci-hcd
[    1.629371] usb usb3: SerialNumber: 0000:00:14.0
[    1.629498] hub 3-0:1.0: USB hub found
[    1.629517] hub 3-0:1.0: 15 ports detected
[    1.632593] usb usb4: New USB device found, idVendor=1d6b, idProduct=0003, bcdDevice= 5.04
[    1.632595] usb usb4: New USB device strings: Mfr=3, Product=2, SerialNumber=1
[    1.632596] usb usb4: Product: xHCI Host Controller
[    1.632597] usb usb4: Manufacturer: Linux 5.4.189kernel-module-force-unload xhci-hcd
[    1.632598] usb usb4: SerialNumber: 0000:00:14.0
[    1.632725] hub 4-0:1.0: USB hub found
[    1.632737] hub 4-0:1.0: 6 ports detected
[    1.634330] i8042: PNP: No PS/2 controller found.
[    1.634428] mousedev: PS/2 mouse device common for all mice
[    1.634542] rtc_cmos 00:00: RTC can wake from S4
[    1.634738] rtc_cmos 00:00: registered as rtc0
[    1.634755] rtc_cmos 00:00: alarms up to one month, y3k, 114 bytes nvram, hpet irqs
[    1.634762] i2c /dev entries driver
[    1.634810] device-mapper: uevent: version 1.0.3
[    1.634867] device-mapper: ioctl: 4.41.0-ioctl (2019-09-16) initialised: dm-devel@redhat.com
[    1.634892] platform eisa.0: Probing EISA bus 0
[    1.634894] platform eisa.0: EISA: Cannot allocate resource for mainboard
[    1.634895] platform eisa.0: Cannot allocate resource for EISA slot 1
[    1.634897] platform eisa.0: Cannot allocate resource for EISA slot 2
[    1.634898] platform eisa.0: Cannot allocate resource for EISA slot 3
[    1.634899] platform eisa.0: Cannot allocate resource for EISA slot 4
[    1.634900] platform eisa.0: Cannot allocate resource for EISA slot 5
[    1.634901] platform eisa.0: Cannot allocate resource for EISA slot 6
[    1.634901] platform eisa.0: Cannot allocate resource for EISA slot 7
[    1.634902] platform eisa.0: Cannot allocate resource for EISA slot 8
[    1.634904] platform eisa.0: EISA: Detected 0 cards
[    1.634914] intel_pstate: Intel P-state driver initializing
[    1.642353] ledtrig-cpu: registered to indicate activity on CPUs
[    1.642507] drop_monitor: Initializing network drop monitor service
[    1.642667] NET: Registered protocol family 10
[    1.649644] Segment Routing with IPv6
[    1.649662] NET: Registered protocol family 17
[    1.649700] Key type dns_resolver registered
[    1.654285] RAS: Correctable Errors collector initialized.
[    1.654345] microcode: sig=0x406f1, pf=0x1, revision=0xb000040
[    1.655879] microcode: Microcode Update Driver: v2.2.
[    1.657825] *** VALIDATE rdt ***
[    1.657829] resctrl: L3 allocation detected
[    1.657829] resctrl: L3DATA allocation detected
[    1.657829] resctrl: L3CODE allocation detected
[    1.657830] resctrl: L3 monitoring detected
[    1.657834] IPI shorthand broadcast: enabled
[    1.657841] sched_clock: Marking stable (1657320033, 499078)->(1874722763, -216903652)
[    1.657973] registered taskstats version 1
[    1.657983] Loading compiled-in X.509 certificates
[    1.658656] Loaded X.509 cert 'Build time autogenerated kernel key: a9993d45b65f0d146f444e483c70e48bd819de06'
[    1.658911] zswap: loaded using pool lzo/zbud
[    1.659031] Key type ._fscrypt registered
[    1.659032] Key type .fscrypt registered
[    1.664727] Key type big_key registered
[    1.667239] Key type encrypted registered
[    1.667242] AppArmor: AppArmor sha1 policy hashing enabled
[    1.667248] ima: No TPM chip found, activating TPM-bypass!
[    1.667251] ima: Allocated hash algorithm: sha1
[    1.667260] ima: No architecture policies found
[    1.667270] evm: Initialising EVM extended attributes:
[    1.667271] evm: security.selinux
[    1.667271] evm: security.SMACK64
[    1.667272] evm: security.SMACK64EXEC
[    1.667272] evm: security.SMACK64TRANSMUTE
[    1.667272] evm: security.SMACK64MMAP
[    1.667273] evm: security.apparmor
[    1.667273] evm: security.ima
[    1.667273] evm: security.capability
[    1.667274] evm: HMAC attrs: 0x1
[    1.667923] PM:   Magic number: 14:490:259
[    1.667929] usb usb3-port15: hash matches
[    1.667997] acpi device:1cd: hash matches
[    1.668074] acpi device:98: hash matches
[    1.668082] acpi device:6b: hash matches
[    1.668228] rtc_cmos 00:00: setting system clock to 2022-07-06T03:17:02 UTC (1657077422)
[    1.671697] Freeing unused decrypted memory: 2040K
[    1.672569] Freeing unused kernel image memory: 2748K
[    1.691420] Write protecting the kernel read-only data: 22528k
[    1.692352] Freeing unused kernel image memory: 2008K
[    1.692785] Freeing unused kernel image memory: 1128K
[    1.700074] x86/mm: Checked W+X mappings: passed, no W+X pages found.
[    1.700075] x86/mm: Checking user space page tables
[    1.707006] x86/mm: Checked W+X mappings: passed, no W+X pages found.
[    1.707008] Run /init as init process
[    1.830815] mlx_compat: loading out-of-tree module taints kernel.
[    1.830859] mlx_compat: module verification failed: signature and/or required key missing - tainting kernel
[    1.831079] Compat-mlnx-ofed backport release: b1b2bdd
[    1.831079] Backport based on mlnx_ofed/mlnx-ofa_kernel-4.0.git b1b2bdd
[    1.831080] compat.git: mlnx_ofed/mlnx-ofa_kernel-4.0.git
[    1.832496] dca service started, version 1.12.1
[    1.835030] i801_smbus 0000:00:1f.3: SMBus using PCI interrupt
[    1.836496] igb: Intel(R) Gigabit Ethernet Network Driver - version 5.6.0-k
[    1.836497] igb: Copyright (c) 2007-2014 Intel Corporation.
[    1.841168] ahci 0000:00:1f.2: version 3.0
[    1.841444] ahci 0000:00:1f.2: AHCI 0001.0300 32 slots 6 ports 6 Gbps 0x10 impl SATA mode
[    1.841447] ahci 0000:00:1f.2: flags: 64bit ncq pm led clo pio slum part ems apst 
[    1.843295] cryptd: max_cpu_qlen set to 1000
[    1.843377] scsi host0: ahci
[    1.847444] scsi host1: ahci
[    1.853666] AVX2 version of gcm_enc/dec engaged.
[    1.853667] AES CTR mode by8 optimization enabled
[    1.871321] usb 1-1: new high-speed USB device number 2 using ehci-pci
[    1.874326] scsi host2: ahci
[    1.875276] mlx5_core 0000:02:00.0: firmware version: 24.33.1048
[    1.875316] mlx5_core 0000:02:00.0: 63.008 Gb/s available PCIe bandwidth, limited by 8.0 GT/s PCIe x8 link at 0000:00:02.0 (capable of 252.048 Gb/s with 16.0 GT/s PCIe x16 link)
[    1.881719] scsi host3: ahci
[    1.881997] scsi host4: ahci
[    1.882161] scsi host5: ahci
[    1.882205] ata1: DUMMY
[    1.882206] ata2: DUMMY
[    1.882206] ata3: DUMMY
[    1.882207] ata4: DUMMY
[    1.882225] ata5: SATA max UDMA/133 abar m2048@0xfbd00000 port 0xfbd00300 irq 42
[    1.882225] ata6: DUMMY
[    1.887364] usb 2-1: new high-speed USB device number 2 using ehci-pci
[    1.899025] mlx5_core 0000:02:00.0: handle_hca_cap:704:(pid 7): log_max_qp value in current profile is 18, changing it to HCA capability limit (17)
[    1.899311] usb 3-9: new high-speed USB device number 2 using xhci_hcd
[    1.900261] mgag200 0000:05:00.0: remove_conflicting_pci_framebuffers: bar 0: 0xfa000000 -> 0xfaffffff
[    1.900263] mgag200 0000:05:00.0: remove_conflicting_pci_framebuffers: bar 1: 0xfb810000 -> 0xfb813fff
[    1.900265] mgag200 0000:05:00.0: remove_conflicting_pci_framebuffers: bar 2: 0xfb000000 -> 0xfb7fffff
[    1.900268] checking generic (fa000000 300000) vs hw (fa000000 1000000)
[    1.900269] fb0: switching to mgag200drmfb from VESA VGA
[    1.900366] mgag200 0000:05:00.0: vgaarb: deactivate vga console
[    1.908599] [TTM] Zone  kernel: Available graphics memory: 16382418 KiB
[    1.908600] [TTM] Zone   dma32: Available graphics memory: 2097152 KiB
[    1.908601] [TTM] Initializing pool allocator
[    1.908604] [TTM] Initializing DMA pool allocator
[    1.932792] igb 0000:01:00.0: added PHC on eth0
[    1.932793] igb 0000:01:00.0: Intel(R) Gigabit Ethernet Network Connection
[    1.932794] igb 0000:01:00.0: eth0: (PCIe:5.0Gb/s:Width x4) a4:bf:01:6e:28:a6
[    1.932936] igb 0000:01:00.0: eth0: PBA No: 006100-000
[    1.932936] igb 0000:01:00.0: Using MSI-X interrupts. 8 rx queue(s), 8 tx queue(s)
[    1.976067] fbcon: mgag200drmfb (fb0) is primary device
[    1.976068] fbcon: Deferring console take-over
[    1.976087] mgag200 0000:05:00.0: fb0: mgag200drmfb frame buffer device
[    2.024200] igb 0000:01:00.1: added PHC on eth1
[    2.024201] igb 0000:01:00.1: Intel(R) Gigabit Ethernet Network Connection
[    2.024202] igb 0000:01:00.1: eth1: (PCIe:5.0Gb/s:Width x4) a4:bf:01:6e:28:a7
[    2.024323] igb 0000:01:00.1: eth1: PBA No: 006100-000
[    2.024324] igb 0000:01:00.1: Using MSI-X interrupts. 8 rx queue(s), 8 tx queue(s)
[    2.035674] usb 1-1: New USB device found, idVendor=8087, idProduct=800a, bcdDevice= 0.05
[    2.035676] usb 1-1: New USB device strings: Mfr=0, Product=0, SerialNumber=0
[    2.035958] hub 1-1:1.0: USB hub found
[    2.036045] hub 1-1:1.0: 6 ports detected
[    2.047672] usb 2-1: New USB device found, idVendor=8087, idProduct=8002, bcdDevice= 0.05
[    2.047673] usb 2-1: New USB device strings: Mfr=0, Product=0, SerialNumber=0
[    2.047953] hub 2-1:1.0: USB hub found
[    2.048045] hub 2-1:1.0: 8 ports detected
[    2.055411] usb 3-9: New USB device found, idVendor=0409, idProduct=005a, bcdDevice= 1.00
[    2.055413] usb 3-9: New USB device strings: Mfr=0, Product=0, SerialNumber=0
[    2.055757] hub 3-9:1.0: USB hub found
[    2.055810] hub 3-9:1.0: 4 ports detected
[    2.153663] mlx5_core 0000:02:00.0: Rate limit: 127 rates are supported, range: 0Mbps to 97656Mbps
[    2.155182] mlx5_core 0000:02:00.0: E-Switch: total vports 50, per vport: max uc(128) max mc(2048)
[    2.157110] igb 0000:01:00.1 ens11f1: renamed from eth1
[    2.159314] [drm] Initialized mgag200 1.0.0 20110418 for 0000:05:00.0 on minor 0
[    2.160099] mlx5_core 0000:02:00.0: Port module event: module 0, Cable plugged
[    2.160383] mlx5_core 0000:02:00.0: mlx5_pcie_event:299:(pid 319): Detected insufficient power on the PCIe slot (27W).
[    2.183358] usb 3-14: new full-speed USB device number 3 using xhci_hcd
[    2.195987] mlx5_core 0000:02:00.1: firmware version: 24.33.1048
[    2.196022] mlx5_core 0000:02:00.1: 63.008 Gb/s available PCIe bandwidth, limited by 8.0 GT/s PCIe x8 link at 0000:00:02.0 (capable of 252.048 Gb/s with 16.0 GT/s PCIe x16 link)
[    2.198166] ata5: SATA link up 6.0 Gbps (SStatus 133 SControl 300)
[    2.198898] ata5.00: supports DRM functions and may not be fully accessible
[    2.198917] ata5.00: ATA-10: CT500MX500SSD1, M3CR033, max UDMA/133
[    2.198918] ata5.00: 976773168 sectors, multi 1: LBA48 NCQ (depth 32), AA
[    2.199477] ata5.00: supports DRM functions and may not be fully accessible
[    2.199953] ata5.00: configured for UDMA/133
[    2.200201] scsi 4:0:0:0: Direct-Access     ATA      CT500MX500SSD1   033  PQ: 0 ANSI: 5
[    2.200562] sd 4:0:0:0: Attached scsi generic sg0 type 0
[    2.200579] sd 4:0:0:0: [sda] 976773168 512-byte logical blocks: (500 GB/466 GiB)
[    2.200581] sd 4:0:0:0: [sda] 4096-byte physical blocks
[    2.200587] sd 4:0:0:0: [sda] Write Protect is off
[    2.200588] sd 4:0:0:0: [sda] Mode Sense: 00 3a 00 00
[    2.200597] sd 4:0:0:0: [sda] Write cache: enabled, read cache: enabled, doesn't support DPO or FUA
[    2.205566] mlx5_core 0000:02:00.1: handle_hca_cap:704:(pid 7): log_max_qp value in current profile is 18, changing it to HCA capability limit (17)
[    2.332656]  sda: sda1 sda2 sda3
[    2.351925] usb 3-14: New USB device found, idVendor=046b, idProduct=ff10, bcdDevice= 1.00
[    2.351926] usb 3-14: New USB device strings: Mfr=1, Product=2, SerialNumber=3
[    2.351927] usb 3-14: Product: Virtual Keyboard and Mouse
[    2.351928] usb 3-14: Manufacturer: American Megatrends Inc.
[    2.351928] usb 3-14: SerialNumber: serial
[    2.356146] hidraw: raw HID events driver (C) Jiri Kosina
[    2.407371] tsc: Refined TSC clocksource calibration: 2194.917 MHz
[    2.407382] clocksource: tsc: mask: 0xffffffffffffffff max_cycles: 0x1fa37107ca2, max_idle_ns: 440795258165 ns
[    2.407482] clocksource: Switched to clocksource tsc
[    2.411309] usb 3-9.4: new full-speed USB device number 4 using xhci_hcd
[    2.437446] mlx5_core 0000:02:00.1: Rate limit: 127 rates are supported, range: 0Mbps to 97656Mbps
[    2.438872] mlx5_core 0000:02:00.1: E-Switch: total vports 50, per vport: max uc(128) max mc(2048)
[    2.439511] sd 4:0:0:0: [sda] supports TCG Opal
[    2.439512] sd 4:0:0:0: [sda] Attached SCSI disk
[    2.442239] usbcore: registered new interface driver usbhid
[    2.442240] usbhid: USB HID core driver
[    2.442435] igb 0000:01:00.0 ens11f0: renamed from eth0
[    2.444046] mlx5_core 0000:02:00.1: Port module event: module 1, Cable unplugged
[    2.444214] input: American Megatrends Inc. Virtual Keyboard and Mouse as /devices/pci0000:00/0000:00:14.0/usb3/3-14/3-14:1.0/0003:046B:FF10.0001/input/input2
[    2.444225] mlx5_core 0000:02:00.1: mlx5_pcie_event:299:(pid 519): Detected insufficient power on the PCIe slot (27W).
[    2.444277] hid-generic 0003:046B:FF10.0001: input,hidraw0: USB HID v1.10 Keyboard [American Megatrends Inc. Virtual Keyboard and Mouse] on usb-0000:00:14.0-14/input0
[    2.444373] input: American Megatrends Inc. Virtual Keyboard and Mouse as /devices/pci0000:00/0000:00:14.0/usb3/3-14/3-14:1.1/0003:046B:FF10.0002/input/input3
[    2.444436] hid-generic 0003:046B:FF10.0002: input,hidraw1: USB HID v1.10 Mouse [American Megatrends Inc. Virtual Keyboard and Mouse] on usb-0000:00:14.0-14/input1
[    2.478652] mlx5_core 0000:02:00.0: MLX5E: StrdRq(1) RqSz(8) StrdSz(2048) RxCqeCmprss(0)
[    2.511763] usb 3-9.4: New USB device found, idVendor=0557, idProduct=8021, bcdDevice= 1.00
[    2.511764] usb 3-9.4: New USB device strings: Mfr=0, Product=0, SerialNumber=0
[    2.514026] hub 3-9.4:1.0: USB hub found
[    2.514150] hub 3-9.4:1.0: 4 ports detected
[    2.714383] mlx5_core 0000:02:00.0: Supported tc offload range - chains: 1, prios: 16
[    2.714388] mlx5_core 0000:02:00.0: mlx5_post_action_init:41:(pid 452): firmware level support is missing
[    2.725131] mlx5_core 0000:02:00.1: MLX5E: StrdRq(1) RqSz(8) StrdSz(2048) RxCqeCmprss(0)
[    2.799314] usb 3-9.4.1: new low-speed USB device number 5 using xhci_hcd
[    2.924593] usb 3-9.4.1: New USB device found, idVendor=1c4f, idProduct=0002, bcdDevice= 3.30
[    2.924594] usb 3-9.4.1: New USB device strings: Mfr=1, Product=2, SerialNumber=0
[    2.924595] usb 3-9.4.1: Product: USB Keyboard
[    2.924595] usb 3-9.4.1: Manufacturer: SIGMACHIP
[    2.940286] input: SIGMACHIP USB Keyboard as /devices/pci0000:00/0000:00:14.0/usb3/3-9/3-9.4/3-9.4.1/3-9.4.1:1.0/0003:1C4F:0002.0003/input/input4
[    2.952289] mlx5_core 0000:02:00.1: Supported tc offload range - chains: 1, prios: 16
[    2.952291] mlx5_core 0000:02:00.1: mlx5_post_action_init:41:(pid 452): firmware level support is missing
[    2.964665] mlx5_core 0000:02:00.1 enp2s0f1np1: renamed from eth1
[    2.992046] mlx5_core 0000:02:00.0 enp2s0f0np0: renamed from eth0
[    3.003459] hid-generic 0003:1C4F:0002.0003: input,hidraw2: USB HID v1.10 Keyboard [SIGMACHIP USB Keyboard] on usb-0000:00:14.0-9.4.1/input0
[    3.011562] input: SIGMACHIP USB Keyboard Consumer Control as /devices/pci0000:00/0000:00:14.0/usb3/3-9/3-9.4/3-9.4.1/3-9.4.1:1.1/0003:1C4F:0002.0004/input/input5
[    3.071500] input: SIGMACHIP USB Keyboard System Control as /devices/pci0000:00/0000:00:14.0/usb3/3-9/3-9.4/3-9.4.1/3-9.4.1:1.1/0003:1C4F:0002.0004/input/input6
[    3.071648] hid-generic 0003:1C4F:0002.0004: input,hidraw3: USB HID v1.10 Device [SIGMACHIP USB Keyboard] on usb-0000:00:14.0-9.4.1/input1
[    3.079806] input: SIGMACHIP USB Keyboard as /devices/pci0000:00/0000:00:14.0/usb3/3-9/3-9.4/3-9.4.1/3-9.4.1:1.2/0003:1C4F:0002.0005/input/input7
[    3.079911] hid-generic 0003:1C4F:0002.0005: input,hidraw4: USB HID v1.10 Mouse [SIGMACHIP USB Keyboard] on usb-0000:00:14.0-9.4.1/input2
[    3.195303] raid6: avx2x4   gen() 30970 MB/s
[    3.243304] raid6: avx2x4   xor() 11377 MB/s
[    3.291303] raid6: avx2x2   gen() 26923 MB/s
[    3.339308] raid6: avx2x2   xor() 16116 MB/s
[    3.387304] raid6: avx2x1   gen() 22370 MB/s
[    3.435305] raid6: avx2x1   xor() 15179 MB/s
[    3.483304] raid6: sse2x4   gen() 17030 MB/s
[    3.531302] raid6: sse2x4   xor() 10117 MB/s
[    3.579304] raid6: sse2x2   gen() 14045 MB/s
[    3.627302] raid6: sse2x2   xor()  9085 MB/s
[    3.675305] raid6: sse2x1   gen() 12081 MB/s
[    3.723304] raid6: sse2x1   xor()  8318 MB/s
[    3.723305] raid6: using algorithm avx2x4 gen() 30970 MB/s
[    3.723305] raid6: .... xor() 11377 MB/s, rmw enabled
[    3.723306] raid6: using avx2x2 recovery algorithm
[    3.724198] xor: automatically using best checksumming function   avx       
[    3.725016] async_tx: api initialized (async)
[    3.814335] Btrfs loaded, crc32c=crc32c-intel
[    3.899888] EXT4-fs (sda3): mounted filesystem with ordered data mode. Opts: (null)
[    4.220836] systemd[1]: Inserted module 'autofs4'
[    4.239001] systemd[1]: systemd 245.4-4ubuntu3.17 running in system mode. (+PAM +AUDIT +SELINUX +IMA +APPARMOR +SMACK +SYSVINIT +UTMP +LIBCRYPTSETUP +GCRYPT +GNUTLS +ACL +XZ +LZ4 +SECCOMP +BLKID +ELFUTILS +KMOD +IDN2 -IDN +PCRE2 default-hierarchy=hybrid)
[    4.259490] systemd[1]: Detected architecture x86-64.
[    4.276985] systemd[1]: Set hostname to <axdimm.ittc.ku.edu>.
[    4.490241] systemd[1]: Created slice system-modprobe.slice.
[    4.490603] systemd[1]: Created slice system-postfix.slice.
[    4.490819] systemd[1]: Created slice system-systemd\x2dfsck.slice.
[    4.491066] systemd[1]: Created slice User and Session Slice.
[    4.491110] systemd[1]: Started Forward Password Requests to Wall Directory Watch.
[    4.491290] systemd[1]: Set up automount Arbitrary Executable File Formats File System Automount Point.
[    4.491358] systemd[1]: Reached target Slices.
[    4.491418] systemd[1]: Listening on Device-mapper event daemon FIFOs.
[    4.491485] systemd[1]: Listening on LVM2 poll daemon socket.
[    4.494428] systemd[1]: Listening on RPCbind Server Activation Socket.
[    4.494546] systemd[1]: Listening on Syslog Socket.
[    4.494620] systemd[1]: Listening on fsck to fsckd communication Socket.
[    4.494665] systemd[1]: Listening on initctl Compatibility Named Pipe.
[    4.494805] systemd[1]: Listening on Journal Audit Socket.
[    4.494873] systemd[1]: Listening on Journal Socket (/dev/log).
[    4.494950] systemd[1]: Listening on Journal Socket.
[    4.495036] systemd[1]: Listening on udev Control Socket.
[    4.495092] systemd[1]: Listening on udev Kernel Socket.
[    4.495929] systemd[1]: Mounting Huge Pages File System...
[    4.496654] systemd[1]: Mounting POSIX Message Queue File System...
[    4.497468] systemd[1]: Mounting RPC Pipe File System...
[    4.498539] systemd[1]: Mounting Kernel Debug File System...
[    4.499472] systemd[1]: Mounting Kernel Trace File System...
[    4.500893] systemd[1]: Starting Journal Service...
[    4.501921] systemd[1]: Starting Availability of block devices...
[    4.503124] systemd[1]: Starting Set the console keyboard layout...
[    4.504218] systemd[1]: Starting Create list of static device nodes for the current kernel...
[    4.505500] systemd[1]: Starting Monitoring of LVM2 mirrors, snapshots etc. using dmeventd or progress polling...
[    4.505542] systemd[1]: Condition check resulted in Load Kernel Module drm being skipped.
[    4.506134] systemd[1]: Condition check resulted in Set Up Additional Binary Formats being skipped.
[    4.506172] systemd[1]: Condition check resulted in File System Check on Root Device being skipped.
[    4.510298] systemd[1]: Starting Load Kernel Modules...
[    4.511116] systemd[1]: Starting Remount Root and Kernel File Systems...
[    4.512183] systemd[1]: Starting udev Coldplug all Devices...
[    4.513729] systemd[1]: Mounted Huge Pages File System.
[    4.513894] systemd[1]: Mounted POSIX Message Queue File System.
[    4.514011] systemd[1]: Mounted Kernel Debug File System.
[    4.514143] systemd[1]: Mounted Kernel Trace File System.
[    4.514589] systemd[1]: Finished Availability of block devices.
[    4.515128] systemd[1]: Finished Create list of static device nodes for the current kernel.
[    4.519294] RPC: Registered named UNIX socket transport module.
[    4.519295] RPC: Registered udp transport module.
[    4.519295] RPC: Registered tcp transport module.
[    4.519296] RPC: Registered tcp NFSv4.1 backchannel transport module.
[    4.520547] systemd[1]: Mounted RPC Pipe File System.
[    4.520974] EXT4-fs (sda3): re-mounted. Opts: errors=remount-ro
[    4.521893] systemd[1]: Finished Remount Root and Kernel File Systems.
[    4.524404] systemd[1]: Condition check resulted in Rebuild Hardware Database being skipped.
[    4.524430] systemd[1]: Condition check resulted in Platform Persistent Storage Archival being skipped.
[    4.525153] systemd[1]: Starting Load/Save Random Seed...
[    4.525960] systemd[1]: Starting Create System Users...
[    4.532601] lp: driver loaded but no devices found
[    4.537437] ppdev: user-space parallel port driver
[    4.537616] systemd[1]: Finished Load/Save Random Seed.
[    4.546121] systemd[1]: Finished Create System Users.
[    4.547058] systemd[1]: Starting Create Static Device Nodes in /dev...
[    4.550164] IPMI message handler: version 39.2
[    4.551560] ipmi device interface
[    4.553180] knem 1.1.4.90mlnx1: initialized
[    4.554097] systemd[1]: Finished Load Kernel Modules.
[    4.555434] systemd[1]: Mounting FUSE Control File System...
[    4.556464] systemd[1]: Mounting Kernel Configuration File System...
[    4.557664] systemd[1]: Starting Apply Kernel Variables...
[    4.560153] systemd[1]: Finished Create Static Device Nodes in /dev.
[    4.560384] systemd[1]: Mounted FUSE Control File System.
[    4.560519] systemd[1]: Mounted Kernel Configuration File System.
[    4.561491] systemd[1]: Starting udev Kernel Device Manager...
[    4.565912] systemd[1]: Finished Set the console keyboard layout.
[    4.571214] systemd[1]: Finished Apply Kernel Variables.
[    4.589110] systemd[1]: Finished Monitoring of LVM2 mirrors, snapshots etc. using dmeventd or progress polling.
[    4.589254] systemd[1]: Reached target Local File Systems (Pre).
[    4.612129] systemd[1]: Started Journal Service.
[    4.617643] systemd-journald[731]: Received client request to flush runtime journal.
[    4.911502] ipmi_si: IPMI System Interface driver
[    4.911679] ipmi_si dmi-ipmi-si.0: ipmi_platform: probing via SMBIOS
[    4.911684] ipmi_platform: ipmi_si: SMBIOS: io 0xca2 regsize 1 spacing 1 irq 0
[    4.911685] ipmi_si: Adding SMBIOS-specified kcs state machine
[    4.912308] ipmi_si IPI0001:00: ipmi_platform: probing via ACPI
[    4.912554] ipmi_si IPI0001:00: ipmi_platform: [io  0x0ca2] regsize 1 spacing 1 irq 0
[    4.912556] ipmi_si dmi-ipmi-si.0: Removing SMBIOS-specified kcs state machine in favor of ACPI
[    4.912557] ipmi_si: Adding ACPI-specified kcs state machine
[    4.913084] ipmi_si: Trying ACPI-specified kcs state machine at i/o address 0xca2, slave address 0x20, irq 0
[    5.000194] power_meter ACPI000D:00: Found ACPI power meter.
[    5.000509] power_meter ACPI000D:00: Ignoring unsafe software power cap!
[    5.000737] power_meter ACPI000D:00: hwmon_device_register() is deprecated. Please convert the driver to use hwmon_device_register_with_info().
[    5.036947] mei_me 0000:00:16.0: Device doesn't have valid ME Interface
[    5.099648] nd_pmem namespace0.0: unable to guarantee persistence of writes
[    5.102898] RAPL PMU: API unit is 2^-32 Joules, 2 fixed counters, 655360 ms ovfl timer
[    5.102900] RAPL PMU: hw unit of domain package 2^-14 Joules
[    5.102900] RAPL PMU: hw unit of domain dram 2^-16 Joules
[    5.238537] mlx5_core 0000:02:00.0 enp2s0f0: renamed from enp2s0f0np0
[    5.256298] memmap_init_zone_device initialised 262144 pages in 28ms
[    5.258123] pmem0: detected capacity change from 0 to 1073741824
[    5.268327] EDAC sbridge: Seeking for: PCI ID 8086:6fa0
[    5.268347] EDAC sbridge: Seeking for: PCI ID 8086:6fa0
[    5.268365] EDAC sbridge: Seeking for: PCI ID 8086:6f60
[    5.268370] EDAC sbridge: Seeking for: PCI ID 8086:6f60
[    5.268375] EDAC sbridge: Seeking for: PCI ID 8086:6fa8
[    5.268380] EDAC sbridge: Seeking for: PCI ID 8086:6fa8
[    5.268384] EDAC sbridge: Seeking for: PCI ID 8086:6f71
[    5.268389] EDAC sbridge: Seeking for: PCI ID 8086:6f71
[    5.268394] EDAC sbridge: Seeking for: PCI ID 8086:6faa
[    5.268399] EDAC sbridge: Seeking for: PCI ID 8086:6faa
[    5.268403] EDAC sbridge: Seeking for: PCI ID 8086:6fab
[    5.268408] EDAC sbridge: Seeking for: PCI ID 8086:6fab
[    5.268412] EDAC sbridge: Seeking for: PCI ID 8086:6fac
[    5.268420] EDAC sbridge: Seeking for: PCI ID 8086:6fad
[    5.268427] EDAC sbridge: Seeking for: PCI ID 8086:6f68
[    5.268433] EDAC sbridge: Seeking for: PCI ID 8086:6f68
[    5.268436] EDAC sbridge: Seeking for: PCI ID 8086:6f79
[    5.268442] EDAC sbridge: Seeking for: PCI ID 8086:6f79
[    5.268446] EDAC sbridge: Seeking for: PCI ID 8086:6f6a
[    5.268453] EDAC sbridge: Seeking for: PCI ID 8086:6f6a
[    5.268457] EDAC sbridge: Seeking for: PCI ID 8086:6f6b
[    5.268463] EDAC sbridge: Seeking for: PCI ID 8086:6f6b
[    5.268466] EDAC sbridge: Seeking for: PCI ID 8086:6f6c
[    5.268473] EDAC sbridge: Seeking for: PCI ID 8086:6f6d
[    5.268480] EDAC sbridge: Seeking for: PCI ID 8086:6ffc
[    5.268485] EDAC sbridge: Seeking for: PCI ID 8086:6ffc
[    5.268490] EDAC sbridge: Seeking for: PCI ID 8086:6ffd
[    5.268494] EDAC sbridge: Seeking for: PCI ID 8086:6ffd
[    5.268499] EDAC sbridge: Seeking for: PCI ID 8086:6faf
[    5.268504] EDAC sbridge: Seeking for: PCI ID 8086:6faf
[    5.268529] EDAC sbridge: CPU SrcID #0, Ha #0, Channel #0 has DIMMs, but ECC is disabled
[    5.268533] EDAC sbridge: Couldn't find mci handler
[    5.268534] EDAC sbridge: Couldn't find mci handler
[    5.268536] EDAC sbridge: Failed to register device with error -19.
[    5.272825] ipmi_si IPI0001:00: IPMI message handler: Found new BMC (man_id: 0x000157, prod_id: 0x0071, dev_id: 0x21)
[    5.291687] mlx5_core 0000:02:00.1 enp2s0f1: renamed from enp2s0f1np1
[    5.330369] ipmi_si IPI0001:00: IPMI kcs interface initialized
[    5.343963] EDAC sbridge: Seeking for: PCI ID 8086:6fa0
[    5.343976] EDAC sbridge: Seeking for: PCI ID 8086:6fa0
[    5.343990] EDAC sbridge: Seeking for: PCI ID 8086:6f60
[    5.343994] EDAC sbridge: Seeking for: PCI ID 8086:6f60
[    5.343999] EDAC sbridge: Seeking for: PCI ID 8086:6fa8
[    5.344003] EDAC sbridge: Seeking for: PCI ID 8086:6fa8
[    5.344007] EDAC sbridge: Seeking for: PCI ID 8086:6f71
[    5.344011] EDAC sbridge: Seeking for: PCI ID 8086:6f71
[    5.344016] EDAC sbridge: Seeking for: PCI ID 8086:6faa
[    5.344019] EDAC sbridge: Seeking for: PCI ID 8086:6faa
[    5.344024] EDAC sbridge: Seeking for: PCI ID 8086:6fab
[    5.344028] EDAC sbridge: Seeking for: PCI ID 8086:6fab
[    5.344032] EDAC sbridge: Seeking for: PCI ID 8086:6fac
[    5.344039] EDAC sbridge: Seeking for: PCI ID 8086:6fad
[    5.344047] EDAC sbridge: Seeking for: PCI ID 8086:6f68
[    5.344051] EDAC sbridge: Seeking for: PCI ID 8086:6f68
[    5.344055] EDAC sbridge: Seeking for: PCI ID 8086:6f79
[    5.344060] EDAC sbridge: Seeking for: PCI ID 8086:6f79
[    5.344063] EDAC sbridge: Seeking for: PCI ID 8086:6f6a
[    5.344068] EDAC sbridge: Seeking for: PCI ID 8086:6f6a
[    5.344072] EDAC sbridge: Seeking for: PCI ID 8086:6f6b
[    5.344077] EDAC sbridge: Seeking for: PCI ID 8086:6f6b
[    5.344080] EDAC sbridge: Seeking for: PCI ID 8086:6f6c
[    5.344087] EDAC sbridge: Seeking for: PCI ID 8086:6f6d
[    5.344095] EDAC sbridge: Seeking for: PCI ID 8086:6ffc
[    5.344098] EDAC sbridge: Seeking for: PCI ID 8086:6ffc
[    5.344103] EDAC sbridge: Seeking for: PCI ID 8086:6ffd
[    5.344106] EDAC sbridge: Seeking for: PCI ID 8086:6ffd
[    5.344112] EDAC sbridge: Seeking for: PCI ID 8086:6faf
[    5.344116] EDAC sbridge: Seeking for: PCI ID 8086:6faf
[    5.344151] EDAC sbridge: CPU SrcID #0, Ha #0, Channel #0 has DIMMs, but ECC is disabled
[    5.344156] EDAC sbridge: Couldn't find mci handler
[    5.344157] EDAC sbridge: Couldn't find mci handler
[    5.344158] EDAC sbridge: Failed to register device with error -19.
[    5.345963] ipmi_ssif: IPMI SSIF Interface driver
[    5.348112] intel_rapl_common: Found RAPL domain package
[    5.348117] intel_rapl_common: Found RAPL domain dram
[    5.348118] intel_rapl_common: DRAM domain energy unit 15300pj
[    5.355330] Adding 524284k swap on /dev/sda2.  Priority:-2 extents:1 across:524284k SSFS
[    5.368103] EXT4-fs (sda1): mounted filesystem with ordered data mode. Opts: (null)
[    5.368110] ext4 filesystem being mounted at /boot supports timestamps until 2038 (0x7fffffff)
[    5.428024] EDAC sbridge: Seeking for: PCI ID 8086:6fa0
[    5.428041] EDAC sbridge: Seeking for: PCI ID 8086:6fa0
[    5.428059] EDAC sbridge: Seeking for: PCI ID 8086:6f60
[    5.428063] EDAC sbridge: Seeking for: PCI ID 8086:6f60
[    5.428068] EDAC sbridge: Seeking for: PCI ID 8086:6fa8
[    5.428072] EDAC sbridge: Seeking for: PCI ID 8086:6fa8
[    5.428077] EDAC sbridge: Seeking for: PCI ID 8086:6f71
[    5.428081] EDAC sbridge: Seeking for: PCI ID 8086:6f71
[    5.428085] EDAC sbridge: Seeking for: PCI ID 8086:6faa
[    5.428090] EDAC sbridge: Seeking for: PCI ID 8086:6faa
[    5.428094] EDAC sbridge: Seeking for: PCI ID 8086:6fab
[    5.428098] EDAC sbridge: Seeking for: PCI ID 8086:6fab
[    5.428103] EDAC sbridge: Seeking for: PCI ID 8086:6fac
[    5.428110] EDAC sbridge: Seeking for: PCI ID 8086:6fad
[    5.428118] EDAC sbridge: Seeking for: PCI ID 8086:6f68
[    5.428123] EDAC sbridge: Seeking for: PCI ID 8086:6f68
[    5.428127] EDAC sbridge: Seeking for: PCI ID 8086:6f79
[    5.428132] EDAC sbridge: Seeking for: PCI ID 8086:6f79
[    5.428135] EDAC sbridge: Seeking for: PCI ID 8086:6f6a
[    5.428141] EDAC sbridge: Seeking for: PCI ID 8086:6f6a
[    5.428144] EDAC sbridge: Seeking for: PCI ID 8086:6f6b
[    5.428149] EDAC sbridge: Seeking for: PCI ID 8086:6f6b
[    5.428153] EDAC sbridge: Seeking for: PCI ID 8086:6f6c
[    5.428160] EDAC sbridge: Seeking for: PCI ID 8086:6f6d
[    5.428168] EDAC sbridge: Seeking for: PCI ID 8086:6ffc
[    5.428171] EDAC sbridge: Seeking for: PCI ID 8086:6ffc
[    5.428177] EDAC sbridge: Seeking for: PCI ID 8086:6ffd
[    5.428180] EDAC sbridge: Seeking for: PCI ID 8086:6ffd
[    5.428185] EDAC sbridge: Seeking for: PCI ID 8086:6faf
[    5.428190] EDAC sbridge: Seeking for: PCI ID 8086:6faf
[    5.428219] EDAC sbridge: CPU SrcID #0, Ha #0, Channel #0 has DIMMs, but ECC is disabled
[    5.428224] EDAC sbridge: Couldn't find mci handler
[    5.428224] EDAC sbridge: Couldn't find mci handler
[    5.428225] EDAC sbridge: Failed to register device with error -19.
[    5.495237] EDAC sbridge: Seeking for: PCI ID 8086:6fa0
[    5.495258] EDAC sbridge: Seeking for: PCI ID 8086:6fa0
[    5.495288] EDAC sbridge: Seeking for: PCI ID 8086:6f60
[    5.495293] EDAC sbridge: Seeking for: PCI ID 8086:6f60
[    5.495298] EDAC sbridge: Seeking for: PCI ID 8086:6fa8
[    5.495439] EDAC sbridge: Seeking for: PCI ID 8086:6fa8
[    5.495445] EDAC sbridge: Seeking for: PCI ID 8086:6f71
[    5.495456] EDAC sbridge: Seeking for: PCI ID 8086:6f71
[    5.495461] EDAC sbridge: Seeking for: PCI ID 8086:6faa
[    5.495471] EDAC sbridge: Seeking for: PCI ID 8086:6faa
[    5.495477] EDAC sbridge: Seeking for: PCI ID 8086:6fab
[    5.495482] EDAC sbridge: Seeking for: PCI ID 8086:6fab
[    5.495487] EDAC sbridge: Seeking for: PCI ID 8086:6fac
[    5.495496] EDAC sbridge: Seeking for: PCI ID 8086:6fad
[    5.495505] EDAC sbridge: Seeking for: PCI ID 8086:6f68
[    5.495513] EDAC sbridge: Seeking for: PCI ID 8086:6f68
[    5.495517] EDAC sbridge: Seeking for: PCI ID 8086:6f79
[    5.495527] EDAC sbridge: Seeking for: PCI ID 8086:6f79
[    5.495531] EDAC sbridge: Seeking for: PCI ID 8086:6f6a
[    5.495539] EDAC sbridge: Seeking for: PCI ID 8086:6f6a
[    5.495543] EDAC sbridge: Seeking for: PCI ID 8086:6f6b
[    5.495552] EDAC sbridge: Seeking for: PCI ID 8086:6f6b
[    5.495557] EDAC sbridge: Seeking for: PCI ID 8086:6f6c
[    5.495566] EDAC sbridge: Seeking for: PCI ID 8086:6f6d
[    5.495575] EDAC sbridge: Seeking for: PCI ID 8086:6ffc
[    5.495581] EDAC sbridge: Seeking for: PCI ID 8086:6ffc
[    5.495588] EDAC sbridge: Seeking for: PCI ID 8086:6ffd
[    5.495593] EDAC sbridge: Seeking for: PCI ID 8086:6ffd
[    5.495599] EDAC sbridge: Seeking for: PCI ID 8086:6faf
[    5.495606] EDAC sbridge: Seeking for: PCI ID 8086:6faf
[    5.495673] EDAC sbridge: CPU SrcID #0, Ha #0, Channel #0 has DIMMs, but ECC is disabled
[    5.495683] EDAC sbridge: Couldn't find mci handler
[    5.495684] EDAC sbridge: Couldn't find mci handler
[    5.495686] EDAC sbridge: Failed to register device with error -19.
[    5.601259] EDAC sbridge: Seeking for: PCI ID 8086:6fa0
[    5.601351] EDAC sbridge: Seeking for: PCI ID 8086:6fa0
[    5.601449] EDAC sbridge: Seeking for: PCI ID 8086:6f60
[    5.601462] EDAC sbridge: Seeking for: PCI ID 8086:6f60
[    5.601468] EDAC sbridge: Seeking for: PCI ID 8086:6fa8
[    5.601476] EDAC sbridge: Seeking for: PCI ID 8086:6fa8
[    5.601481] EDAC sbridge: Seeking for: PCI ID 8086:6f71
[    5.601488] EDAC sbridge: Seeking for: PCI ID 8086:6f71
[    5.601494] EDAC sbridge: Seeking for: PCI ID 8086:6faa
[    5.601502] EDAC sbridge: Seeking for: PCI ID 8086:6faa
[    5.601508] EDAC sbridge: Seeking for: PCI ID 8086:6fab
[    5.601513] EDAC sbridge: Seeking for: PCI ID 8086:6fab
[    5.601518] EDAC sbridge: Seeking for: PCI ID 8086:6fac
[    5.601527] EDAC sbridge: Seeking for: PCI ID 8086:6fad
[    5.601536] EDAC sbridge: Seeking for: PCI ID 8086:6f68
[    5.601542] EDAC sbridge: Seeking for: PCI ID 8086:6f68
[    5.601546] EDAC sbridge: Seeking for: PCI ID 8086:6f79
[    5.601553] EDAC sbridge: Seeking for: PCI ID 8086:6f79
[    5.601558] EDAC sbridge: Seeking for: PCI ID 8086:6f6a
[    5.601564] EDAC sbridge: Seeking for: PCI ID 8086:6f6a
[    5.601568] EDAC sbridge: Seeking for: PCI ID 8086:6f6b
[    5.601579] EDAC sbridge: Seeking for: PCI ID 8086:6f6b
[    5.601583] EDAC sbridge: Seeking for: PCI ID 8086:6f6c
[    5.601592] EDAC sbridge: Seeking for: PCI ID 8086:6f6d
[    5.601601] EDAC sbridge: Seeking for: PCI ID 8086:6ffc
[    5.601609] EDAC sbridge: Seeking for: PCI ID 8086:6ffc
[    5.601615] EDAC sbridge: Seeking for: PCI ID 8086:6ffd
[    5.601623] EDAC sbridge: Seeking for: PCI ID 8086:6ffd
[    5.601631] EDAC sbridge: Seeking for: PCI ID 8086:6faf
[    5.601639] EDAC sbridge: Seeking for: PCI ID 8086:6faf
[    5.601703] EDAC sbridge: CPU SrcID #0, Ha #0, Channel #0 has DIMMs, but ECC is disabled
[    5.601713] EDAC sbridge: Couldn't find mci handler
[    5.601714] EDAC sbridge: Couldn't find mci handler
[    5.601718] EDAC sbridge: Failed to register device with error -19.
[    5.688272] EDAC sbridge: Seeking for: PCI ID 8086:6fa0
[    5.688299] EDAC sbridge: Seeking for: PCI ID 8086:6fa0
[    5.688343] EDAC sbridge: Seeking for: PCI ID 8086:6f60
[    5.688347] EDAC sbridge: Seeking for: PCI ID 8086:6f60
[    5.688351] EDAC sbridge: Seeking for: PCI ID 8086:6fa8
[    5.688356] EDAC sbridge: Seeking for: PCI ID 8086:6fa8
[    5.688360] EDAC sbridge: Seeking for: PCI ID 8086:6f71
[    5.688365] EDAC sbridge: Seeking for: PCI ID 8086:6f71
[    5.688369] EDAC sbridge: Seeking for: PCI ID 8086:6faa
[    5.688373] EDAC sbridge: Seeking for: PCI ID 8086:6faa
[    5.688378] EDAC sbridge: Seeking for: PCI ID 8086:6fab
[    5.688382] EDAC sbridge: Seeking for: PCI ID 8086:6fab
[    5.688386] EDAC sbridge: Seeking for: PCI ID 8086:6fac
[    5.688394] EDAC sbridge: Seeking for: PCI ID 8086:6fad
[    5.688401] EDAC sbridge: Seeking for: PCI ID 8086:6f68
[    5.688406] EDAC sbridge: Seeking for: PCI ID 8086:6f68
[    5.688410] EDAC sbridge: Seeking for: PCI ID 8086:6f79
[    5.688415] EDAC sbridge: Seeking for: PCI ID 8086:6f79
[    5.688419] EDAC sbridge: Seeking for: PCI ID 8086:6f6a
[    5.688425] EDAC sbridge: Seeking for: PCI ID 8086:6f6a
[    5.688428] EDAC sbridge: Seeking for: PCI ID 8086:6f6b
[    5.688434] EDAC sbridge: Seeking for: PCI ID 8086:6f6b
[    5.688437] EDAC sbridge: Seeking for: PCI ID 8086:6f6c
[    5.688445] EDAC sbridge: Seeking for: PCI ID 8086:6f6d
[    5.688452] EDAC sbridge: Seeking for: PCI ID 8086:6ffc
[    5.688456] EDAC sbridge: Seeking for: PCI ID 8086:6ffc
[    5.688462] EDAC sbridge: Seeking for: PCI ID 8086:6ffd
[    5.688466] EDAC sbridge: Seeking for: PCI ID 8086:6ffd
[    5.688471] EDAC sbridge: Seeking for: PCI ID 8086:6faf
[    5.688476] EDAC sbridge: Seeking for: PCI ID 8086:6faf
[    5.688527] EDAC sbridge: CPU SrcID #0, Ha #0, Channel #0 has DIMMs, but ECC is disabled
[    5.688533] EDAC sbridge: Couldn't find mci handler
[    5.688533] EDAC sbridge: Couldn't find mci handler
[    5.688535] EDAC sbridge: Failed to register device with error -19.
[    5.768206] EDAC sbridge: Seeking for: PCI ID 8086:6fa0
[    5.768221] EDAC sbridge: Seeking for: PCI ID 8086:6fa0
[    5.768238] EDAC sbridge: Seeking for: PCI ID 8086:6f60
[    5.768242] EDAC sbridge: Seeking for: PCI ID 8086:6f60
[    5.768247] EDAC sbridge: Seeking for: PCI ID 8086:6fa8
[    5.768251] EDAC sbridge: Seeking for: PCI ID 8086:6fa8
[    5.768255] EDAC sbridge: Seeking for: PCI ID 8086:6f71
[    5.768259] EDAC sbridge: Seeking for: PCI ID 8086:6f71
[    5.768264] EDAC sbridge: Seeking for: PCI ID 8086:6faa
[    5.768268] EDAC sbridge: Seeking for: PCI ID 8086:6faa
[    5.768272] EDAC sbridge: Seeking for: PCI ID 8086:6fab
[    5.768276] EDAC sbridge: Seeking for: PCI ID 8086:6fab
[    5.768281] EDAC sbridge: Seeking for: PCI ID 8086:6fac
[    5.768288] EDAC sbridge: Seeking for: PCI ID 8086:6fad
[    5.768295] EDAC sbridge: Seeking for: PCI ID 8086:6f68
[    5.768300] EDAC sbridge: Seeking for: PCI ID 8086:6f68
[    5.768304] EDAC sbridge: Seeking for: PCI ID 8086:6f79
[    5.768309] EDAC sbridge: Seeking for: PCI ID 8086:6f79
[    5.768313] EDAC sbridge: Seeking for: PCI ID 8086:6f6a
[    5.768318] EDAC sbridge: Seeking for: PCI ID 8086:6f6a
[    5.768321] EDAC sbridge: Seeking for: PCI ID 8086:6f6b
[    5.768326] EDAC sbridge: Seeking for: PCI ID 8086:6f6b
[    5.768330] EDAC sbridge: Seeking for: PCI ID 8086:6f6c
[    5.768337] EDAC sbridge: Seeking for: PCI ID 8086:6f6d
[    5.768344] EDAC sbridge: Seeking for: PCI ID 8086:6ffc
[    5.768347] EDAC sbridge: Seeking for: PCI ID 8086:6ffc
[    5.768353] EDAC sbridge: Seeking for: PCI ID 8086:6ffd
[    5.768356] EDAC sbridge: Seeking for: PCI ID 8086:6ffd
[    5.768361] EDAC sbridge: Seeking for: PCI ID 8086:6faf
[    5.768365] EDAC sbridge: Seeking for: PCI ID 8086:6faf
[    5.768392] EDAC sbridge: CPU SrcID #0, Ha #0, Channel #0 has DIMMs, but ECC is disabled
[    5.768397] EDAC sbridge: Couldn't find mci handler
[    5.768398] EDAC sbridge: Couldn't find mci handler
[    5.768399] EDAC sbridge: Failed to register device with error -19.
[    5.832080] EDAC sbridge: Seeking for: PCI ID 8086:6fa0
[    5.832094] EDAC sbridge: Seeking for: PCI ID 8086:6fa0
[    5.832112] EDAC sbridge: Seeking for: PCI ID 8086:6f60
[    5.832116] EDAC sbridge: Seeking for: PCI ID 8086:6f60
[    5.832121] EDAC sbridge: Seeking for: PCI ID 8086:6fa8
[    5.832125] EDAC sbridge: Seeking for: PCI ID 8086:6fa8
[    5.832130] EDAC sbridge: Seeking for: PCI ID 8086:6f71
[    5.832134] EDAC sbridge: Seeking for: PCI ID 8086:6f71
[    5.832138] EDAC sbridge: Seeking for: PCI ID 8086:6faa
[    5.832142] EDAC sbridge: Seeking for: PCI ID 8086:6faa
[    5.832147] EDAC sbridge: Seeking for: PCI ID 8086:6fab
[    5.832151] EDAC sbridge: Seeking for: PCI ID 8086:6fab
[    5.832155] EDAC sbridge: Seeking for: PCI ID 8086:6fac
[    5.832163] EDAC sbridge: Seeking for: PCI ID 8086:6fad
[    5.832170] EDAC sbridge: Seeking for: PCI ID 8086:6f68
[    5.832175] EDAC sbridge: Seeking for: PCI ID 8086:6f68
[    5.832179] EDAC sbridge: Seeking for: PCI ID 8086:6f79
[    5.832184] EDAC sbridge: Seeking for: PCI ID 8086:6f79
[    5.832188] EDAC sbridge: Seeking for: PCI ID 8086:6f6a
[    5.832193] EDAC sbridge: Seeking for: PCI ID 8086:6f6a
[    5.832196] EDAC sbridge: Seeking for: PCI ID 8086:6f6b
[    5.832201] EDAC sbridge: Seeking for: PCI ID 8086:6f6b
[    5.832205] EDAC sbridge: Seeking for: PCI ID 8086:6f6c
[    5.832212] EDAC sbridge: Seeking for: PCI ID 8086:6f6d
[    5.832232] EDAC sbridge: Seeking for: PCI ID 8086:6ffc
[    5.832238] EDAC sbridge: Seeking for: PCI ID 8086:6ffc
[    5.832246] EDAC sbridge: Seeking for: PCI ID 8086:6ffd
[    5.832251] EDAC sbridge: Seeking for: PCI ID 8086:6ffd
[    5.832257] EDAC sbridge: Seeking for: PCI ID 8086:6faf
[    5.832262] EDAC sbridge: Seeking for: PCI ID 8086:6faf
[    5.832309] EDAC sbridge: CPU SrcID #0, Ha #0, Channel #0 has DIMMs, but ECC is disabled
[    5.832318] EDAC sbridge: Couldn't find mci handler
[    5.832319] EDAC sbridge: Couldn't find mci handler
[    5.832320] EDAC sbridge: Failed to register device with error -19.
[    5.896404] EDAC sbridge: Seeking for: PCI ID 8086:6fa0
[    5.896423] EDAC sbridge: Seeking for: PCI ID 8086:6fa0
[    5.896443] EDAC sbridge: Seeking for: PCI ID 8086:6f60
[    5.896447] EDAC sbridge: Seeking for: PCI ID 8086:6f60
[    5.896452] EDAC sbridge: Seeking for: PCI ID 8086:6fa8
[    5.896456] EDAC sbridge: Seeking for: PCI ID 8086:6fa8
[    5.896461] EDAC sbridge: Seeking for: PCI ID 8086:6f71
[    5.896466] EDAC sbridge: Seeking for: PCI ID 8086:6f71
[    5.896470] EDAC sbridge: Seeking for: PCI ID 8086:6faa
[    5.896475] EDAC sbridge: Seeking for: PCI ID 8086:6faa
[    5.896479] EDAC sbridge: Seeking for: PCI ID 8086:6fab
[    5.896485] EDAC sbridge: Seeking for: PCI ID 8086:6fab
[    5.896489] EDAC sbridge: Seeking for: PCI ID 8086:6fac
[    5.896497] EDAC sbridge: Seeking for: PCI ID 8086:6fad
[    5.896504] EDAC sbridge: Seeking for: PCI ID 8086:6f68
[    5.896510] EDAC sbridge: Seeking for: PCI ID 8086:6f68
[    5.896514] EDAC sbridge: Seeking for: PCI ID 8086:6f79
[    5.896521] EDAC sbridge: Seeking for: PCI ID 8086:6f79
[    5.896524] EDAC sbridge: Seeking for: PCI ID 8086:6f6a
[    5.896540] EDAC sbridge: Seeking for: PCI ID 8086:6f6a
[    5.896544] EDAC sbridge: Seeking for: PCI ID 8086:6f6b
[    5.896553] EDAC sbridge: Seeking for: PCI ID 8086:6f6b
[    5.896560] EDAC sbridge: Seeking for: PCI ID 8086:6f6c
[    5.896567] EDAC sbridge: Seeking for: PCI ID 8086:6f6d
[    5.896576] EDAC sbridge: Seeking for: PCI ID 8086:6ffc
[    5.896580] EDAC sbridge: Seeking for: PCI ID 8086:6ffc
[    5.896586] EDAC sbridge: Seeking for: PCI ID 8086:6ffd
[    5.896590] EDAC sbridge: Seeking for: PCI ID 8086:6ffd
[    5.896596] EDAC sbridge: Seeking for: PCI ID 8086:6faf
[    5.896601] EDAC sbridge: Seeking for: PCI ID 8086:6faf
[    5.896647] EDAC sbridge: CPU SrcID #0, Ha #0, Channel #0 has DIMMs, but ECC is disabled
[    5.896654] EDAC sbridge: Couldn't find mci handler
[    5.896655] EDAC sbridge: Couldn't find mci handler
[    5.896657] EDAC sbridge: Failed to register device with error -19.
[    5.963842] EDAC sbridge: Seeking for: PCI ID 8086:6fa0
[    5.963863] EDAC sbridge: Seeking for: PCI ID 8086:6fa0
[    5.963879] EDAC sbridge: Seeking for: PCI ID 8086:6f60
[    5.963883] EDAC sbridge: Seeking for: PCI ID 8086:6f60
[    5.963888] EDAC sbridge: Seeking for: PCI ID 8086:6fa8
[    5.963892] EDAC sbridge: Seeking for: PCI ID 8086:6fa8
[    5.963897] EDAC sbridge: Seeking for: PCI ID 8086:6f71
[    5.963901] EDAC sbridge: Seeking for: PCI ID 8086:6f71
[    5.963906] EDAC sbridge: Seeking for: PCI ID 8086:6faa
[    5.963910] EDAC sbridge: Seeking for: PCI ID 8086:6faa
[    5.963914] EDAC sbridge: Seeking for: PCI ID 8086:6fab
[    5.963919] EDAC sbridge: Seeking for: PCI ID 8086:6fab
